Archive member included because of file (symbol)

C:\Users\12878930\Documents\autumn-embedded-project\Library\libOS.a(OS.o)
                              ./Sources/main.o (OS_Init)
C:\Users\12878930\Documents\autumn-embedded-project\Library\libAnalog.a(analog.o)
                              ./Sources/main.o (Analog_Init)
C:\Users\12878930\Documents\autumn-embedded-project\Library\libAnalog.a(SPI.o)
                              C:\Users\12878930\Documents\autumn-embedded-project\Library\libAnalog.a(analog.o) (SPI_Init)
c:/software/freescale/kds_3.0.0/toolchain/bin/../lib/gcc/arm-none-eabi/4.8.4/../../../../arm-none-eabi/lib/armv7e-m/fpu\libm.a(lib_a-w_sqrt.o)
                              ./Sources/calculation.o (sqrt)
c:/software/freescale/kds_3.0.0/toolchain/bin/../lib/gcc/arm-none-eabi/4.8.4/../../../../arm-none-eabi/lib/armv7e-m/fpu\libm.a(lib_a-e_sqrt.o)
                              c:/software/freescale/kds_3.0.0/toolchain/bin/../lib/gcc/arm-none-eabi/4.8.4/../../../../arm-none-eabi/lib/armv7e-m/fpu\libm.a(lib_a-w_sqrt.o) (__ieee754_sqrt)
c:/software/freescale/kds_3.0.0/toolchain/bin/../lib/gcc/arm-none-eabi/4.8.4/../../../../arm-none-eabi/lib/armv7e-m/fpu\libm.a(lib_a-s_fpclassify.o)
                              c:/software/freescale/kds_3.0.0/toolchain/bin/../lib/gcc/arm-none-eabi/4.8.4/../../../../arm-none-eabi/lib/armv7e-m/fpu\libm.a(lib_a-w_sqrt.o) (__fpclassifyd)
c:/software/freescale/kds_3.0.0/toolchain/bin/../lib/gcc/arm-none-eabi/4.8.4/../../../../arm-none-eabi/lib/armv7e-m/fpu\libm.a(lib_a-s_lib_ver.o)
                              c:/software/freescale/kds_3.0.0/toolchain/bin/../lib/gcc/arm-none-eabi/4.8.4/../../../../arm-none-eabi/lib/armv7e-m/fpu\libm.a(lib_a-w_sqrt.o) (__fdlib_version)
c:/software/freescale/kds_3.0.0/toolchain/bin/../lib/gcc/arm-none-eabi/4.8.4/../../../../arm-none-eabi/lib/armv7e-m/fpu\libm.a(lib_a-s_matherr.o)
                              c:/software/freescale/kds_3.0.0/toolchain/bin/../lib/gcc/arm-none-eabi/4.8.4/../../../../arm-none-eabi/lib/armv7e-m/fpu\libm.a(lib_a-w_sqrt.o) (matherr)
c:/software/freescale/kds_3.0.0/toolchain/bin/../lib/gcc/arm-none-eabi/4.8.4/armv7e-m/fpu\libgcc.a(_arm_addsubdf3.o)
                              c:/software/freescale/kds_3.0.0/toolchain/bin/../lib/gcc/arm-none-eabi/4.8.4/../../../../arm-none-eabi/lib/armv7e-m/fpu\libm.a(lib_a-e_sqrt.o) (__aeabi_dsub)
c:/software/freescale/kds_3.0.0/toolchain/bin/../lib/gcc/arm-none-eabi/4.8.4/armv7e-m/fpu\libgcc.a(_arm_muldivdf3.o)
                              ./Sources/calculation.o (__aeabi_dmul)
c:/software/freescale/kds_3.0.0/toolchain/bin/../lib/gcc/arm-none-eabi/4.8.4/armv7e-m/fpu\libgcc.a(_arm_cmpdf2.o)
                              ./Sources/main.o (__aeabi_dcmplt)
c:/software/freescale/kds_3.0.0/toolchain/bin/../lib/gcc/arm-none-eabi/4.8.4/armv7e-m/fpu\libgcc.a(_arm_truncdfsf2.o)
                              ./Sources/calculation.o (__aeabi_d2f)
c:/software/freescale/kds_3.0.0/toolchain/bin/../lib/gcc/arm-none-eabi/4.8.4/../../../../arm-none-eabi/lib/armv7e-m/fpu\libg_s.a(lib_a-errno.o)
                              c:/software/freescale/kds_3.0.0/toolchain/bin/../lib/gcc/arm-none-eabi/4.8.4/../../../../arm-none-eabi/lib/armv7e-m/fpu\libm.a(lib_a-w_sqrt.o) (__errno)
c:/software/freescale/kds_3.0.0/toolchain/bin/../lib/gcc/arm-none-eabi/4.8.4/../../../../arm-none-eabi/lib/armv7e-m/fpu\libg_s.a(lib_a-exit.o)
                              c:/software/freescale/kds_3.0.0/toolchain/bin/../lib/gcc/arm-none-eabi/4.8.4/../../../../arm-none-eabi/lib/armv7e-m/fpu/crt0.o (exit)
c:/software/freescale/kds_3.0.0/toolchain/bin/../lib/gcc/arm-none-eabi/4.8.4/../../../../arm-none-eabi/lib/armv7e-m/fpu\libg_s.a(lib_a-impure.o)
                              c:/software/freescale/kds_3.0.0/toolchain/bin/../lib/gcc/arm-none-eabi/4.8.4/../../../../arm-none-eabi/lib/armv7e-m/fpu\libg_s.a(lib_a-exit.o) (_global_impure_ptr)
c:/software/freescale/kds_3.0.0/toolchain/bin/../lib/gcc/arm-none-eabi/4.8.4/../../../../arm-none-eabi/lib/armv7e-m/fpu\libg_s.a(lib_a-init.o)
                              c:/software/freescale/kds_3.0.0/toolchain/bin/../lib/gcc/arm-none-eabi/4.8.4/../../../../arm-none-eabi/lib/armv7e-m/fpu/crt0.o (__libc_init_array)
c:/software/freescale/kds_3.0.0/toolchain/bin/../lib/gcc/arm-none-eabi/4.8.4/../../../../arm-none-eabi/lib/armv7e-m/fpu\libg_s.a(lib_a-memset.o)
                              c:/software/freescale/kds_3.0.0/toolchain/bin/../lib/gcc/arm-none-eabi/4.8.4/../../../../arm-none-eabi/lib/armv7e-m/fpu/crt0.o (memset)
c:/software/freescale/kds_3.0.0/toolchain/bin/../lib/gcc/arm-none-eabi/4.8.4/../../../../arm-none-eabi/lib/armv7e-m/fpu\libnosys.a(_exit.o)
                              c:/software/freescale/kds_3.0.0/toolchain/bin/../lib/gcc/arm-none-eabi/4.8.4/../../../../arm-none-eabi/lib/armv7e-m/fpu\libg_s.a(lib_a-exit.o) (_exit)

Allocating common symbols
Common symbol       size              file

PacketHandlerSemaphore
                    0x4               ./Sources/main.o
[...]
Memory Configuration

Name             Origin             Length             Attributes
m_interrupts     0x00000000         0x000001e8         xr
m_text           0x00000410         0x0007fbf0         xr
m_data           0x1fff0000         0x00010000         rw
m_data_20000000  0x20000000         0x00010000         rw
m_cfmprotrom     0x00000400         0x00000010         xr
*default*        0x00000000         0xffffffff

Linker script and memory map

LOAD c:/software/freescale/kds_3.0.0/toolchain/bin/../lib/gcc/arm-none-eabi/4.8.4/armv7e-m/fpu/crti.o
LOAD c:/software/freescale/kds_3.0.0/toolchain/bin/../lib/gcc/arm-none-eabi/4.8.4/armv7e-m/fpu/crtbegin.o
LOAD c:/software/freescale/kds_3.0.0/toolchain/bin/../lib/gcc/arm-none-eabi/4.8.4/../../../../arm-none-eabi/lib/armv7e-m/fpu/crt0.o
LOAD ./Sources/FIFO.o
LOAD ./Sources/FTM.o
LOAD ./Sources/Flash.o
LOAD ./Sources/LEDs.o
LOAD ./Sources/PIT.o
LOAD ./Sources/RTC.o
LOAD ./Sources/UART.o
LOAD ./Sources/calculation.o
LOAD ./Sources/main.o
LOAD ./Sources/packet.o
LOAD ./Project_Settings/Startup_Code/startup.o
LOAD ./Generated_Code/Cpu.o
LOAD ./Generated_Code/Vectors.o
LOAD C:\Users\12878930\Documents\autumn-embedded-project\Library\libOS.a
LOAD C:\Users\12878930\Documents\autumn-embedded-project\Library\libAnalog.a
LOAD c:/software/freescale/kds_3.0.0/toolchain/bin/../lib/gcc/arm-none-eabi/4.8.4/../../../../arm-none-eabi/lib/armv7e-m/fpu\libstdc++_s.a
LOAD c:/software/freescale/kds_3.0.0/toolchain/bin/../lib/gcc/arm-none-eabi/4.8.4/../../../../arm-none-eabi/lib/armv7e-m/fpu\libm.a
START GROUP
LOAD c:/software/freescale/kds_3.0.0/toolchain/bin/../lib/gcc/arm-none-eabi/4.8.4/armv7e-m/fpu\libgcc.a
LOAD c:/software/freescale/kds_3.0.0/toolchain/bin/../lib/gcc/arm-none-eabi/4.8.4/../../../../arm-none-eabi/lib/armv7e-m/fpu\libg_s.a
LOAD c:/software/freescale/kds_3.0.0/toolchain/bin/../lib/gcc/arm-none-eabi/4.8.4/../../../../arm-none-eabi/lib/armv7e-m/fpu\libc_s.a
END GROUP
START GROUP
LOAD c:/software/freescale/kds_3.0.0/toolchain/bin/../lib/gcc/arm-none-eabi/4.8.4/armv7e-m/fpu\libgcc.a
LOAD c:/software/freescale/kds_3.0.0/toolchain/bin/../lib/gcc/arm-none-eabi/4.8.4/../../../../arm-none-eabi/lib/armv7e-m/fpu\libc_s.a
LOAD c:/software/freescale/kds_3.0.0/toolchain/bin/../lib/gcc/arm-none-eabi/4.8.4/../../../../arm-none-eabi/lib/armv7e-m/fpu\libnosys.a
END GROUP
START GROUP
LOAD c:/software/freescale/kds_3.0.0/toolchain/bin/../lib/gcc/arm-none-eabi/4.8.4/armv7e-m/fpu\libgcc.a
LOAD c:/software/freescale/kds_3.0.0/toolchain/bin/../lib/gcc/arm-none-eabi/4.8.4/../../../../arm-none-eabi/lib/armv7e-m/fpu\libc_s.a
LOAD c:/software/freescale/kds_3.0.0/toolchain/bin/../lib/gcc/arm-none-eabi/4.8.4/../../../../arm-none-eabi/lib/armv7e-m/fpu\libnosys.a
END GROUP
LOAD c:/software/freescale/kds_3.0.0/toolchain/bin/../lib/gcc/arm-none-eabi/4.8.4/armv7e-m/fpu/crtend.o
LOAD c:/software/freescale/kds_3.0.0/toolchain/bin/../lib/gcc/arm-none-eabi/4.8.4/armv7e-m/fpu/crtn.o
                0x20000000                _estack = 0x20000000
                0x20000000                __SP_INIT = _estack
                0x20000000                __stack = _estack
                0x00000000                __heap_size = 0x0
                0x00000400                __stack_size = 0x400

.interrupts     0x00000000      0x1e8
                0x00000000                __vector_table = .
                0x00000000                . = ALIGN (0x4)
 *(.vectortable)
 .vectortable   0x00000000      0x1e8 ./Generated_Code/Vectors.o
                0x00000000                __vect_table
                0x000001e8                . = ALIGN (0x4)

.cfmprotect     0x00000400       0x10
                0x00000400                . = ALIGN (0x4)
 *(.cfmconfig)
 .cfmconfig     0x00000400       0x10 ./Generated_Code/Cpu.o
                0x00000400                _cfm
                0x00000410                . = ALIGN (0x4)

.text           0x00000410     0x3f4c
                0x00000410                . = ALIGN (0x4)
 *(.text)
 .text          0x00000410       0x54 c:/software/freescale/kds_3.0.0/toolchain/bin/../lib/gcc/arm-none-eabi/4.8.4/armv7e-m/fpu/crtbegin.o
 .text          0x00000464       0x74 c:/software/freescale/kds_3.0.0/toolchain/bin/../lib/gcc/arm-none-eabi/4.8.4/../../../../arm-none-eabi/lib/armv7e-m/fpu/crt0.o
                0x00000464                _start
                0x00000464                _mainCRTStartup
 .text          0x000004d8      0x370 c:/software/freescale/kds_3.0.0/toolchain/bin/../lib/gcc/arm-none-eabi/4.8.4/armv7e-m/fpu\libgcc.a(_arm_addsubdf3.o)
                0x000004d8                __aeabi_drsub
                0x000004e0                __aeabi_dsub
                0x000004e0                __subdf3
                0x000004e4                __aeabi_dadd
                0x000004e4                __adddf3
                0x0000075c                __floatunsidf
                0x0000075c                __aeabi_ui2d
                0x0000077c                __floatsidf
                0x0000077c                __aeabi_i2d
                0x000007a0                __aeabi_f2d
                0x000007a0                __extendsfdf2
                0x000007dc                __floatundidf
                0x000007dc                __aeabi_ul2d
                0x000007ec                __floatdidf
                0x000007ec                __aeabi_l2d
 .text          0x00000848      0x424 c:/software/freescale/kds_3.0.0/toolchain/bin/../lib/gcc/arm-none-eabi/4.8.4/armv7e-m/fpu\libgcc.a(_arm_muldivdf3.o)
                0x00000848                __aeabi_dmul
                0x00000848                __muldf3
                0x00000a9c                __divdf3
                0x00000a9c                __aeabi_ddiv
 .text          0x00000c6c      0x110 c:/software/freescale/kds_3.0.0/toolchain/bin/../lib/gcc/arm-none-eabi/4.8.4/armv7e-m/fpu\libgcc.a(_arm_cmpdf2.o)
                0x00000c6c                __gtdf2
                0x00000c6c                __gedf2
                0x00000c74                __ltdf2
                0x00000c74                __ledf2
                0x00000c7c                __nedf2
                0x00000c7c                __eqdf2
                0x00000c7c                __cmpdf2
                0x00000cf8                __aeabi_cdrcmple
                0x00000d08                __aeabi_cdcmpeq
                0x00000d08                __aeabi_cdcmple
                0x00000d18                __aeabi_dcmpeq
                0x00000d2c                __aeabi_dcmplt
                0x00000d40                __aeabi_dcmple
                0x00000d54                __aeabi_dcmpge
                0x00000d68                __aeabi_dcmpgt
 .text          0x00000d7c       0xa0 c:/software/freescale/kds_3.0.0/toolchain/bin/../lib/gcc/arm-none-eabi/4.8.4/armv7e-m/fpu\libgcc.a(_arm_truncdfsf2.o)
                0x00000d7c                __truncdfsf2
                0x00000d7c                __aeabi_d2f
 *(.text*)
 .text.FIFO_Init
                0x00000e1c       0x48 ./Sources/FIFO.o
                0x00000e1c                FIFO_Init
 .text.FIFO_Put
                0x00000e64       0x78 ./Sources/FIFO.o
                0x00000e64                FIFO_Put
 .text.FIFO_Get
                0x00000edc       0x78 ./Sources/FIFO.o
                0x00000edc                FIFO_Get
 .text.FTM0_ISR
                0x00000f54       0x80 ./Sources/FTM.o
                0x00000f54                FTM0_ISR
 .text.Flash_Init
                0x00000fd4       0x24 ./Sources/Flash.o
                0x00000fd4                Flash_Init
 .text.Flash_AllocateVar
                0x00000ff8      0x13c ./Sources/Flash.o
                0x00000ff8                Flash_AllocateVar
 .text.Flash_Write32
                0x00001134       0x58 ./Sources/Flash.o
                0x00001134                Flash_Write32
 .text.Flash_Write16
                0x0000118c       0x60 ./Sources/Flash.o
                0x0000118c                Flash_Write16
 .text.Flash_Write8
                0x000011ec       0x74 ./Sources/Flash.o
                0x000011ec                Flash_Write8
 .text.Flash_Erase
                0x00001260       0x14 ./Sources/Flash.o
                0x00001260                Flash_Erase
 .text.LaunchCommand
                0x00001274       0xb4 ./Sources/Flash.o
 .text.WritePhrase
                0x00001328       0x70 ./Sources/Flash.o
 .text.EraseSector
                0x00001398       0x38 ./Sources/Flash.o
 .text.ModifyPhrase
                0x000013d0       0x38 ./Sources/Flash.o
 .text.LEDs_Init
                0x00001408       0x6c ./Sources/LEDs.o
                0x00001408                LEDs_Init
 .text.LEDs_On  0x00001474       0x24 ./Sources/LEDs.o
                0x00001474                LEDs_On
 .text.PIT_Init
                0x00001498       0xd0 ./Sources/PIT.o
                0x00001498                PIT_Init
 .text.PIT_Set  0x00001568       0x84 ./Sources/PIT.o
                0x00001568                PIT_Set
 .text.PIT_Enable
                0x000015ec       0xa4 ./Sources/PIT.o
                0x000015ec                PIT_Enable
 .text.PIT0_ISR
                0x00001690       0x48 ./Sources/PIT.o
                0x00001690                PIT0_ISR
 .text.PIT0Thread
                0x000016d8       0x38 ./Sources/PIT.o
                0x000016d8                PIT0Thread
 .text.RTC_Set  0x00001710       0x5c ./Sources/RTC.o
                0x00001710                RTC_Set
 .text.RTC_ISR  0x0000176c       0x34 ./Sources/RTC.o
                0x0000176c                RTC_ISR
 .text.UART_Init
                0x000017a0      0x150 ./Sources/UART.o
                0x000017a0                UART_Init
 .text.UART_InChar
                0x000018f0       0x20 ./Sources/UART.o
                0x000018f0                UART_InChar
 .text.UART_OutChar
                0x00001910       0x3c ./Sources/UART.o
                0x00001910                UART_OutChar
 .text.UART_ISR
                0x0000194c       0xa8 ./Sources/UART.o
                0x0000194c                UART_ISR
 .text.UARTRXThread
                0x000019f4       0x44 ./Sources/UART.o
                0x000019f4                UARTRXThread
 .text.UARTTXThread
                0x00001a38       0x4c ./Sources/UART.o
                0x00001a38                UARTTXThread
 .text.Sliding_Voltage
                0x00001a84       0xa4 ./Sources/calculation.o
                0x00001a84                Sliding_Voltage
 .text.Real_RMS
                0x00001b28       0x50 ./Sources/calculation.o
                0x00001b28                Real_RMS
 .text.Current_RMS
                0x00001b78       0x48 ./Sources/calculation.o
                0x00001b78                Current_RMS
 .text.Calculate_TripGoal
                0x00001bc0       0x70 ./Sources/calculation.o
                0x00001bc0                Calculate_TripGoal
 .text.PacketHandlerThread
                0x00001c30       0x30 ./Sources/main.o
                0x00001c30                PacketHandlerThread
 .text.LPTimer_ISR
                0x00001c60       0x24 ./Sources/main.o
                0x00001c60                LPTimer_ISR
 .text.InitModulesThread
                0x00001c84       0x8c ./Sources/main.o
 .text.AnalogLoopbackThread
                0x00001d10      0x228 ./Sources/main.o
                0x00001d10                AnalogLoopbackThread
 .text.main     0x00001f38      0x108 ./Sources/main.o
                0x00001f38                main
 .text.PacketHandler
                0x00002040       0xe8 ./Sources/main.o
                0x00002040                PacketHandler
 .text.TowerInit
                0x00002128       0xe4 ./Sources/main.o
                0x00002128                TowerInit
 .text.StartupPackets
                0x0000220c       0x70 ./Sources/main.o
                0x0000220c                StartupPackets
 .text.TowerNumberPackets
                0x0000227c       0x6c ./Sources/main.o
                0x0000227c                TowerNumberPackets
 .text.TowerModePackets
                0x000022e8       0x6c ./Sources/main.o
                0x000022e8                TowerModePackets
 .text.VersionPackets
                0x00002354       0x18 ./Sources/main.o
                0x00002354                VersionPackets
 .text.ProgramBytePackets
                0x0000236c       0x48 ./Sources/main.o
                0x0000236c                ProgramBytePackets
 .text.ReadBytePackets
                0x000023b4       0x30 ./Sources/main.o
                0x000023b4                ReadBytePackets
 .text.TowerTimePackets
                0x000023e4       0x54 ./Sources/main.o
                0x000023e4                TowerTimePackets
 .text.DORPackets
                0x00002438      0x198 ./Sources/main.o
                0x00002438                DORPackets
 .text.PIT0Callback
                0x000025d0       0x30 ./Sources/main.o
                0x000025d0                PIT0Callback
 .text.Packet_Init
                0x00002600       0x1c ./Sources/packet.o
                0x00002600                Packet_Init
 .text.Packet_Get
                0x0000261c      0x11c ./Sources/packet.o
                0x0000261c                Packet_Get
 .text.Packet_Put
                0x00002738       0x54 ./Sources/packet.o
                0x00002738                Packet_Put
 .text.Checksum_Calculation
                0x0000278c       0x30 ./Sources/packet.o
                0x0000278c                Checksum_Calculation
 .text.__copy_rom_section
                0x000027bc       0xe4 ./Project_Settings/Startup_Code/startup.o
                0x000027bc                __copy_rom_section
 .text.__copy_rom_sections_to_ram
                0x000028a0       0x9c ./Project_Settings/Startup_Code/startup.o
                0x000028a0                __copy_rom_sections_to_ram
 .text.__init_registers
                0x0000293c       0x20 ./Project_Settings/Startup_Code/startup.o
                0x0000293c                __init_registers
 .text.__init_user
                0x0000295c        0xc ./Project_Settings/Startup_Code/startup.o
                0x0000295c                __init_user
 .text.__thumb_startup
                0x00002968       0x34 ./Project_Settings/Startup_Code/startup.o
                0x00002968                __thumb_startup
 .text.Cpu_Interrupt
                0x0000299c       0x18 ./Generated_Code/Cpu.o
                0x0000299c                Cpu_Interrupt
 .text.__init_hardware
                0x000029b4      0x1cc ./Generated_Code/Cpu.o
                0x000029b4                __init_hardware
 .text.Cpu_SetBASEPRI
                0x00002b80       0x18 ./Generated_Code/Cpu.o
                0x00002b80                Cpu_SetBASEPRI
 .text.PE_low_level_init
                0x00002b98       0xe4 ./Generated_Code/Cpu.o
                0x00002b98                PE_low_level_init
 .text.OS_Init  0x00002c7c      0x110 C:\Users\12878930\Documents\autumn-embedded-project\Library\libOS.a(OS.o)
                0x00002c7c                OS_Init
 .text.OS_ISREnter
                0x00002d8c       0x20 C:\Users\12878930\Documents\autumn-embedded-project\Library\libOS.a(OS.o)
                0x00002d8c                OS_ISREnter
 .text.OS_ISRExit
                0x00002dac       0x1c C:\Users\12878930\Documents\autumn-embedded-project\Library\libOS.a(OS.o)
                0x00002dac                OS_ISRExit
 .text.OS_SemaphoreCreate
                0x00002dc8       0x90 C:\Users\12878930\Documents\autumn-embedded-project\Library\libOS.a(OS.o)
                0x00002dc8                OS_SemaphoreCreate
 .text.OS_SemaphoreSignal
                0x00002e58       0x44 C:\Users\12878930\Documents\autumn-embedded-project\Library\libOS.a(OS.o)
                0x00002e58                OS_SemaphoreSignal
 .text.OS_SemaphoreWait
                0x00002e9c       0x58 C:\Users\12878930\Documents\autumn-embedded-project\Library\libOS.a(OS.o)
                0x00002e9c                OS_SemaphoreWait
 .text.OS_Start
                0x00002ef4       0x10 C:\Users\12878930\Documents\autumn-embedded-project\Library\libOS.a(OS.o)
                0x00002ef4                OS_Start
 .text.OS_ThreadCreate
                0x00002f04      0x160 C:\Users\12878930\Documents\autumn-embedded-project\Library\libOS.a(OS.o)
                0x00002f04                OS_ThreadCreate
 .text.OS_ThreadDelete
                0x00003064      0x18c C:\Users\12878930\Documents\autumn-embedded-project\Library\libOS.a(OS.o)
                0x00003064                OS_ThreadDelete
 .text.EventThreadReady
                0x000031f0       0x68 C:\Users\12878930\Documents\autumn-embedded-project\Library\libOS.a(OS.o)
 .text.EventThreadWait
                0x00003258       0x64 C:\Users\12878930\Documents\autumn-embedded-project\Library\libOS.a(OS.o)
 .text.EventTimeout
                0x000032bc       0x40 C:\Users\12878930\Documents\autumn-embedded-project\Library\libOS.a(OS.o)
 .text.Idle     0x000032fc       0x18 C:\Users\12878930\Documents\autumn-embedded-project\Library\libOS.a(OS.o)
 .text.FindFirstSet
                0x00003314       0x44 C:\Users\12878930\Documents\autumn-embedded-project\Library\libOS.a(OS.o)
 .text.Schedule
                0x00003358       0x64 C:\Users\12878930\Documents\autumn-embedded-project\Library\libOS.a(OS.o)
 .text.TCBInit  0x000033bc       0xcc C:\Users\12878930\Documents\autumn-embedded-project\Library\libOS.a(OS.o)
 .text.TimeTick
                0x00003488       0x74 C:\Users\12878930\Documents\autumn-embedded-project\Library\libOS.a(OS.o)
 *fill*         0x000034fc        0x4 
 .text.OS_ContextSwitchISR
                0x00003500       0x70 C:\Users\12878930\Documents\autumn-embedded-project\Library\libOS.a(OS.o)
                0x00003500                OS_ContextSwitchISR
 .text.OS_SysTickISR
                0x00003570       0x5c C:\Users\12878930\Documents\autumn-embedded-project\Library\libOS.a(OS.o)
                0x00003570                OS_SysTickISR
 .text.DACWrite
                0x000035cc       0x6c C:\Users\12878930\Documents\autumn-embedded-project\Library\libAnalog.a(analog.o)
 .text.Analog_Init
                0x00003638      0x100 C:\Users\12878930\Documents\autumn-embedded-project\Library\libAnalog.a(analog.o)
                0x00003638                Analog_Init
 .text.Analog_Get
                0x00003738       0x78 C:\Users\12878930\Documents\autumn-embedded-project\Library\libAnalog.a(analog.o)
                0x00003738                Analog_Get
 .text.Analog_Put
                0x000037b0       0x50 C:\Users\12878930\Documents\autumn-embedded-project\Library\libAnalog.a(analog.o)
                0x000037b0                Analog_Put
 .text.InitChipSelectPins
                0x00003800       0x6c C:\Users\12878930\Documents\autumn-embedded-project\Library\libAnalog.a(SPI.o)
 .text.SetupModuleConfigurationRegister
                0x0000386c      0x104 C:\Users\12878930\Documents\autumn-embedded-project\Library\libAnalog.a(SPI.o)
 .text.SetBaudRate
                0x00003970      0x15c C:\Users\12878930\Documents\autumn-embedded-project\Library\libAnalog.a(SPI.o)
 .text.SetDelayAfterTransfer
                0x00003acc      0x168 C:\Users\12878930\Documents\autumn-embedded-project\Library\libAnalog.a(SPI.o)
 .text.SetupClockAndTransferAttributesRegister
                0x00003c34      0x16c C:\Users\12878930\Documents\autumn-embedded-project\Library\libAnalog.a(SPI.o)
 .text.SPI_Init
                0x00003da0       0x90 C:\Users\12878930\Documents\autumn-embedded-project\Library\libAnalog.a(SPI.o)
                0x00003da0                SPI_Init
 .text.SPI_SelectSlaveDevice
                0x00003e30       0x6c C:\Users\12878930\Documents\autumn-embedded-project\Library\libAnalog.a(SPI.o)
                0x00003e30                SPI_SelectSlaveDevice
 .text.SPI_Exchange
                0x00003e9c       0x94 C:\Users\12878930\Documents\autumn-embedded-project\Library\libAnalog.a(SPI.o)
                0x00003e9c                SPI_Exchange
 .text.sqrt     0x00003f30       0xbc c:/software/freescale/kds_3.0.0/toolchain/bin/../lib/gcc/arm-none-eabi/4.8.4/../../../../arm-none-eabi/lib/armv7e-m/fpu\libm.a(lib_a-w_sqrt.o)
                0x00003f30                sqrt
 .text.__ieee754_sqrt
                0x00003fec      0x198 c:/software/freescale/kds_3.0.0/toolchain/bin/../lib/gcc/arm-none-eabi/4.8.4/../../../../arm-none-eabi/lib/armv7e-m/fpu\libm.a(lib_a-e_sqrt.o)
                0x00003fec                __ieee754_sqrt
 .text.__fpclassifyd
                0x00004184       0x54 c:/software/freescale/kds_3.0.0/toolchain/bin/../lib/gcc/arm-none-eabi/4.8.4/../../../../arm-none-eabi/lib/armv7e-m/fpu\libm.a(lib_a-s_fpclassify.o)
                0x00004184                __fpclassifyd
 .text.matherr  0x000041d8        0x4 c:/software/freescale/kds_3.0.0/toolchain/bin/../lib/gcc/arm-none-eabi/4.8.4/../../../../arm-none-eabi/lib/armv7e-m/fpu\libm.a(lib_a-s_matherr.o)
                0x000041d8                matherr
 .text.__errno  0x000041dc        0xc c:/software/freescale/kds_3.0.0/toolchain/bin/../lib/gcc/arm-none-eabi/4.8.4/../../../../arm-none-eabi/lib/armv7e-m/fpu\libg_s.a(lib_a-errno.o)
                0x000041dc                __errno
 .text.exit     0x000041e8       0x28 c:/software/freescale/kds_3.0.0/toolchain/bin/../lib/gcc/arm-none-eabi/4.8.4/../../../../arm-none-eabi/lib/armv7e-m/fpu\libg_s.a(lib_a-exit.o)
                0x000041e8                exit
 .text.__libc_init_array
                0x00004210       0x4c c:/software/freescale/kds_3.0.0/toolchain/bin/../lib/gcc/arm-none-eabi/4.8.4/../../../../arm-none-eabi/lib/armv7e-m/fpu\libg_s.a(lib_a-init.o)
                0x00004210                __libc_init_array
 .text.memset   0x0000425c       0x10 c:/software/freescale/kds_3.0.0/toolchain/bin/../lib/gcc/arm-none-eabi/4.8.4/../../../../arm-none-eabi/lib/armv7e-m/fpu\libg_s.a(lib_a-memset.o)
                0x0000425c                memset
 .text._exit    0x0000426c        0x4 c:/software/freescale/kds_3.0.0/toolchain/bin/../lib/gcc/arm-none-eabi/4.8.4/../../../../arm-none-eabi/lib/armv7e-m/fpu\libnosys.a(_exit.o)
                0x0000426c                _exit
 *(.rodata)
 .rodata        0x00004270        0x4 C:\Users\12878930\Documents\autumn-embedded-project\Library\libAnalog.a(analog.o)
 .rodata        0x00004274       0xa0 C:\Users\12878930\Documents\autumn-embedded-project\Library\libAnalog.a(SPI.o)
 *(.rodata*)
 .rodata.ANALOG_THREAD_PRIORITIES
                0x00004314        0x4 ./Sources/main.o
                0x00004314                ANALOG_THREAD_PRIORITIES
 .rodata.SPI_SETUP
                0x00004318       0x1c C:\Users\12878930\Documents\autumn-embedded-project\Library\libAnalog.a(analog.o)
 .rodata.str1.4
                0x00004334        0x8 c:/software/freescale/kds_3.0.0/toolchain/bin/../lib/gcc/arm-none-eabi/4.8.4/../../../../arm-none-eabi/lib/armv7e-m/fpu\libm.a(lib_a-w_sqrt.o)
 .rodata.str1.1
                0x0000433c        0x2 c:/software/freescale/kds_3.0.0/toolchain/bin/../lib/gcc/arm-none-eabi/4.8.4/../../../../arm-none-eabi/lib/armv7e-m/fpu\libg_s.a(lib_a-impure.o)
 *fill*         0x0000433e        0x2 
 .rodata._global_impure_ptr
                0x00004340        0x4 c:/software/freescale/kds_3.0.0/toolchain/bin/../lib/gcc/arm-none-eabi/4.8.4/../../../../arm-none-eabi/lib/armv7e-m/fpu\libg_s.a(lib_a-impure.o)
                0x00004340                _global_impure_ptr
 *(.glue_7)
 .glue_7        0x00000000        0x0 linker stubs
 *(.glue_7t)
 .glue_7t       0x00000000        0x0 linker stubs
 *(.eh_frame)
 .eh_frame      0x00004344        0x0 c:/software/freescale/kds_3.0.0/toolchain/bin/../lib/gcc/arm-none-eabi/4.8.4/armv7e-m/fpu/crtbegin.o
 *(.init)
 .init          0x00004344        0x4 c:/software/freescale/kds_3.0.0/toolchain/bin/../lib/gcc/arm-none-eabi/4.8.4/armv7e-m/fpu/crti.o
                0x00004344                _init
 .init          0x00004348        0x8 c:/software/freescale/kds_3.0.0/toolchain/bin/../lib/gcc/arm-none-eabi/4.8.4/armv7e-m/fpu/crtn.o
 *(.fini)
 .fini          0x00004350        0x4 c:/software/freescale/kds_3.0.0/toolchain/bin/../lib/gcc/arm-none-eabi/4.8.4/armv7e-m/fpu/crti.o
                0x00004350                _fini
 .fini          0x00004354        0x8 c:/software/freescale/kds_3.0.0/toolchain/bin/../lib/gcc/arm-none-eabi/4.8.4/armv7e-m/fpu/crtn.o
                0x0000435c                . = ALIGN (0x4)
                0x0000435c                _etext = .

.vfp11_veneer   0x0000435c        0x0
 .vfp11_veneer  0x00000000        0x0 linker stubs

.v4_bx          0x0000435c        0x0
 .v4_bx         0x00000000        0x0 linker stubs

.iplt           0x0000435c        0x0
 .iplt          0x00000000        0x0 c:/software/freescale/kds_3.0.0/toolchain/bin/../lib/gcc/arm-none-eabi/4.8.4/armv7e-m/fpu/crtbegin.o

.ARM.extab
 *(.ARM.extab* .gnu.linkonce.armextab.*)

.ARM            0x0000435c        0x8
                0x0000435c                __exidx_start = .
 *(.ARM.exidx*)
 .ARM.exidx     0x0000435c        0x8 c:/software/freescale/kds_3.0.0/toolchain/bin/../lib/gcc/arm-none-eabi/4.8.4/../../../../arm-none-eabi/lib/armv7e-m/fpu/crt0.o
                0x00004364                __exidx_end = .

.rel.dyn        0x00004364        0x0
 .rel.iplt      0x00000000        0x0 c:/software/freescale/kds_3.0.0/toolchain/bin/../lib/gcc/arm-none-eabi/4.8.4/armv7e-m/fpu/crtbegin.o

.ctors          0x00004364        0x0
                0x00004364                __CTOR_LIST__ = .
 *crtbegin.o(.ctors)
 *(EXCLUDE_FILE(*crtend.o) .ctors)
 *(SORT(.ctors.*))
 *(.ctors)
                0x00004364                __CTOR_END__ = .

.dtors          0x00004364        0x0
                0x00004364                __DTOR_LIST__ = .
 *crtbegin.o(.dtors)
 *(EXCLUDE_FILE(*crtend.o) .dtors)
 *(SORT(.dtors.*))
 *(.dtors)
                0x00004364                __DTOR_END__ = .

.preinit_array  0x00004364        0x0
                0x00004364                PROVIDE (__preinit_array_start, .)
 *(.preinit_array*)
                0x00004364                PROVIDE (__preinit_array_end, .)

.init_array     0x00004364        0x4
                0x00004364                PROVIDE (__init_array_start, .)
 *(SORT(.init_array.*))
 *(.init_array*)
 .init_array    0x00004364        0x4 c:/software/freescale/kds_3.0.0/toolchain/bin/../lib/gcc/arm-none-eabi/4.8.4/armv7e-m/fpu/crtbegin.o
                0x00004368                PROVIDE (__init_array_end, .)

.fini_array     0x00004368        0x4
                0x00004368                PROVIDE (__fini_array_start, .)
 *(SORT(.fini_array.*))
 *(.fini_array*)
 .fini_array    0x00004368        0x4 c:/software/freescale/kds_3.0.0/toolchain/bin/../lib/gcc/arm-none-eabi/4.8.4/armv7e-m/fpu/crtbegin.o
                0x0000436c                PROVIDE (__fini_array_end, .)
                0x0000436c                ___ROM_AT = .

.data           0x1fff0000     0x597c load address 0x0000436c
                0x1fff0000                . = ALIGN (0x4)
                0x1fff0000                _sdata = .
 *(.data)
 *(.data*)
 .data.byteAlloc.5674
                0x1fff0000        0x1 ./Sources/Flash.o
 *fill*         0x1fff0001        0x3 
 .data.TripTimes
                0x1fff0004     0x58f8 ./Sources/calculation.o
 .data.AnalogThreadData
                0x1fff58fc       0x18 ./Sources/main.o
 .data.__fdlib_version
                0x1fff5914        0x1 c:/software/freescale/kds_3.0.0/toolchain/bin/../lib/gcc/arm-none-eabi/4.8.4/../../../../arm-none-eabi/lib/armv7e-m/fpu\libm.a(lib_a-s_lib_ver.o)
                0x1fff5914                __fdlib_version
 *fill*         0x1fff5915        0x3 
 .data.impure_data
                0x1fff5918       0x60 c:/software/freescale/kds_3.0.0/toolchain/bin/../lib/gcc/arm-none-eabi/4.8.4/../../../../arm-none-eabi/lib/armv7e-m/fpu\libg_s.a(lib_a-impure.o)
 .data._impure_ptr
                0x1fff5978        0x4 c:/software/freescale/kds_3.0.0/toolchain/bin/../lib/gcc/arm-none-eabi/4.8.4/../../../../arm-none-eabi/lib/armv7e-m/fpu\libg_s.a(lib_a-impure.o)
                0x1fff5978                _impure_ptr
                0x1fff597c                . = ALIGN (0x4)
                0x1fff597c                _edata = .
                0x0000597c                ___data_size = (_edata - _sdata)
                0x00009ce8                ___m_data_20000000_ROMStart = (___ROM_AT + SIZEOF (.data))

.jcr            0x1fff597c        0x0 load address 0x00009ce8
 .jcr           0x1fff597c        0x0 c:/software/freescale/kds_3.0.0/toolchain/bin/../lib/gcc/arm-none-eabi/4.8.4/armv7e-m/fpu/crtbegin.o

.igot.plt       0x1fff597c        0x0 load address 0x00009ce8
 .igot.plt      0x00000000        0x0 c:/software/freescale/kds_3.0.0/toolchain/bin/../lib/gcc/arm-none-eabi/4.8.4/armv7e-m/fpu/crtbegin.o

.m_data_20000000
                0x20000000        0x0 load address 0x00009ce8
                0x20000000                . = ALIGN (0x4)
                0x20000000                ___m_data_20000000_RAMStart = .
 *(.m_data_20000000)
                0x20000000                ___m_data_20000000_RAMEnd = .
                0x20000000                . = ALIGN (0x4)
                0x00000000                ___m_data_20000000_ROMSize = (___m_data_20000000_RAMEnd - ___m_data_20000000_RAMStart)
                0x20000000                . = ALIGN (0x4)

.bss            0x1fff5980     0x1a58 load address 0x00009cf0
                0x1fff5980                __START_BSS = .
                0x1fff5980                PROVIDE (__bss_start__, __START_BSS)
 *(.bss)
 .bss           0x1fff5980       0x1c c:/software/freescale/kds_3.0.0/toolchain/bin/../lib/gcc/arm-none-eabi/4.8.4/armv7e-m/fpu/crtbegin.o
 *(.bss*)
 .bss.PIT_ModuleClk
                0x1fff599c        0x4 ./Sources/PIT.o
 .bss.PITArguments
                0x1fff59a0        0x4 ./Sources/PIT.o
 .bss.PITCallback
                0x1fff59a4        0x4 ./Sources/PIT.o
 .bss.TxFIFO    0x1fff59a8      0x110 ./Sources/UART.o
 .bss.RxFIFO    0x1fff5ab8      0x110 ./Sources/UART.o
 .bss.RxData    0x1fff5bc8        0x1 ./Sources/UART.o
 *fill*         0x1fff5bc9        0x3 
 .bss.Tripped   0x1fff5bcc        0x4 ./Sources/main.o
 .bss.TowerNumber
                0x1fff5bd0        0x4 ./Sources/main.o
 .bss.TowerMode
                0x1fff5bd4        0x4 ./Sources/main.o
 .bss.InitModulesThreadStack
                0x1fff5bd8      0x190 ./Sources/main.o
 .bss.AnalogThreadStacks
                0x1fff5d68      0x4b0 ./Sources/main.o
 .bss.UARTRXStack
                0x1fff6218      0x190 ./Sources/main.o
 .bss.UARTTXStack
                0x1fff63a8      0x190 ./Sources/main.o
 .bss.PacketHandlerStack
                0x1fff6538      0x190 ./Sources/main.o
 .bss.PIT0Stack
                0x1fff66c8      0x190 ./Sources/main.o
 .bss.goalTrip.7420
                0x1fff6858        0x4 ./Sources/main.o
 .bss.oldCurrent.7418
                0x1fff685c        0x4 ./Sources/main.o
 .bss.counterTrip.7419
                0x1fff6860        0x4 ./Sources/main.o
 .bss.packetComplete.6635
                0x1fff6864        0x1 ./Sources/packet.o
 .bss.SR_lock   0x1fff6865        0x1 ./Generated_Code/Cpu.o
                0x1fff6865                SR_lock
 *fill*         0x1fff6866        0x2 
 .bss.TCBUnusedMain
                0x1fff6868       0x18 C:\Users\12878930\Documents\autumn-embedded-project\Library\libOS.a(OS.o)
 .bss.TCBTable  0x1fff6880      0x300 C:\Users\12878930\Documents\autumn-embedded-project\Library\libOS.a(OS.o)
 .bss.pTCBFreeList
                0x1fff6b80        0x4 C:\Users\12878930\Documents\autumn-embedded-project\Library\libOS.a(OS.o)
 .bss.pTCBAllocatedList
                0x1fff6b84        0x4 C:\Users\12878930\Documents\autumn-embedded-project\Library\libOS.a(OS.o)
 .bss.pTCBPriorityTable
                0x1fff6b88       0x80 C:\Users\12878930\Documents\autumn-embedded-project\Library\libOS.a(OS.o)
 .bss.pTCBRunning
                0x1fff6c08        0x4 C:\Users\12878930\Documents\autumn-embedded-project\Library\libOS.a(OS.o)
 .bss.pTCBHighestReady
                0x1fff6c0c        0x4 C:\Users\12878930\Documents\autumn-embedded-project\Library\libOS.a(OS.o)
 .bss.ReadyList
                0x1fff6c10        0x4 C:\Users\12878930\Documents\autumn-embedded-project\Library\libOS.a(OS.o)
 .bss.ECBTable  0x1fff6c14      0x100 C:\Users\12878930\Documents\autumn-embedded-project\Library\libOS.a(OS.o)
 .bss.NextECBFree
                0x1fff6d14        0x1 C:\Users\12878930\Documents\autumn-embedded-project\Library\libOS.a(OS.o)
 *fill*         0x1fff6d15        0x3 
 .bss.IdleCounter
                0x1fff6d18        0x4 C:\Users\12878930\Documents\autumn-embedded-project\Library\libOS.a(OS.o)
 *fill*         0x1fff6d1c        0x4 
 .bss.IdleStack
                0x1fff6d20      0x400 C:\Users\12878930\Documents\autumn-embedded-project\Library\libOS.a(OS.o)
 .bss.Ticks     0x1fff7120        0x4 C:\Users\12878930\Documents\autumn-embedded-project\Library\libOS.a(OS.o)
 .bss.ToggleCntr
                0x1fff7124        0x4 C:\Users\12878930\Documents\autumn-embedded-project\Library\libOS.a(OS.o)
 .bss.ToggleLED
                0x1fff7128        0x1 C:\Users\12878930\Documents\autumn-embedded-project\Library\libOS.a(OS.o)
 .bss.ISRNestLevel
                0x1fff7129        0x1 C:\Users\12878930\Documents\autumn-embedded-project\Library\libOS.a(OS.o)
 *fill*         0x1fff712a        0x2 
 .bss.ADCCommandUnion
                0x1fff712c        0x4 C:\Users\12878930\Documents\autumn-embedded-project\Library\libAnalog.a(analog.o)
 *(COMMON)
 COMMON         0x1fff7130       0x3c ./Sources/FTM.o
                0x1fff7130                FTM0_Callback
                0x1fff714c                FTM0_Arguments
                0x1fff7168                FTMSemaphore
 COMMON         0x1fff716c        0x8 ./Sources/PIT.o
                0x1fff716c                PIT0Semaphore
                0x1fff7170                numberTripped
                0x1fff7172                Current_Charac
                0x1fff7173                ResetMode
 COMMON         0x1fff7174        0x4 ./Sources/RTC.o
                0x1fff7174                RTCSemaphore
 COMMON         0x1fff7178        0x8 ./Sources/UART.o
                0x1fff7178                UARTTXSemaphore
                0x1fff717c                UARTRXSemaphore
 COMMON         0x1fff7180      0x1a8 ./Sources/main.o
                0x1fff7180                PacketHandlerSemaphore
                0x1fff7184                ChannelsData
 COMMON         0x1fff7328        0x8 ./Sources/packet.o
                0x1fff7328                Packet
 COMMON         0x1fff7330        0x1 ./Generated_Code/Cpu.o
                0x1fff7330                SR_reg
 *fill*         0x1fff7331        0x3 
 COMMON         0x1fff7334       0xa4 C:\Users\12878930\Documents\autumn-embedded-project\Library\libAnalog.a(analog.o)
                0x1fff7334                Analog_Inputs
                0x1fff73d4                DACInput
                0x1fff73d8                . = ALIGN (0x4)
                0x1fff73d8                __END_BSS = .
                0x1fff73d8                PROVIDE (__bss_end__, __END_BSS)
                0x00009ce8                _romp_at = ((___ROM_AT + SIZEOF (.data)) + SIZEOF (.m_data_20000000))

.romp           0x1fff73d8       0x24 load address 0x00009ce8
                0x00009ce8                __S_romp = _romp_at
                0x1fff73d8        0x4 LONG 0x436c ___ROM_AT
                0x1fff73dc        0x4 LONG 0x1fff0000 _sdata
                0x1fff73e0        0x4 LONG 0x597c ___data_size
                0x1fff73e4        0x4 LONG 0x9ce8 ___m_data_20000000_ROMStart
                0x1fff73e8        0x4 LONG 0x20000000 ___m_data_20000000_RAMStart
                0x1fff73ec        0x4 LONG 0x0 ___m_data_20000000_ROMSize
                0x1fff73f0        0x4 LONG 0x0
                0x1fff73f4        0x4 LONG 0x0
                0x1fff73f8        0x4 LONG 0x0

._user_heap_stack
                0x1fff73fc      0x400 load address 0x00009d0c
                0x1fff73fc                . = ALIGN (0x4)
                0x1fff73fc                PROVIDE (end, .)
                0x1fff73fc                PROVIDE (_end, .)
                0x1fff73fc                __heap_addr = .
                0x1fff73fc                __HeapBase = .
                0x1fff73fc                . = (. + __heap_size)
                0x1fff73fc                __HeapLimit = .
                0x1fff77fc                . = (. + __stack_size)
 *fill*         0x1fff73fc      0x400 
                0x1fff77fc                . = ALIGN (0x4)

.ARM.attributes
                0x00000000       0x30
 *(.ARM.attributes)
 .ARM.attributes
                0x00000000       0x22 c:/software/freescale/kds_3.0.0/toolchain/bin/../lib/gcc/arm-none-eabi/4.8.4/armv7e-m/fpu/crti.o
 .ARM.attributes
                0x00000022       0x34 c:/software/freescale/kds_3.0.0/toolchain/bin/../lib/gcc/arm-none-eabi/4.8.4/armv7e-m/fpu/crtbegin.o
 .ARM.attributes
                0x00000056       0x20 c:/software/freescale/kds_3.0.0/toolchain/bin/../lib/gcc/arm-none-eabi/4.8.4/../../../../arm-none-eabi/lib/armv7e-m/fpu/crt0.o
 .ARM.attributes
                0x00000076       0x39 ./Sources/FIFO.o
 .ARM.attributes
                0x000000af       0x39 ./Sources/FTM.o
 .ARM.attributes
                0x000000e8       0x39 ./Sources/Flash.o
 .ARM.attributes
                0x00000121       0x39 ./Sources/LEDs.o
 .ARM.attributes
                0x0000015a       0x39 ./Sources/PIT.o
 .ARM.attributes
                0x00000193       0x39 ./Sources/RTC.o
 .ARM.attributes
                0x000001cc       0x39 ./Sources/UART.o
 .ARM.attributes
                0x00000205       0x39 ./Sources/calculation.o
 .ARM.attributes
                0x0000023e       0x39 ./Sources/main.o
 .ARM.attributes
                0x00000277       0x39 ./Sources/packet.o
 .ARM.attributes
                0x000002b0       0x39 ./Project_Settings/Startup_Code/startup.o
 .ARM.attributes
                0x000002e9       0x39 ./Generated_Code/Cpu.o
 .ARM.attributes
                0x00000322       0x39 ./Generated_Code/Vectors.o
 .ARM.attributes
                0x0000035b       0x39 C:\Users\12878930\Documents\autumn-embedded-project\Library\libOS.a(OS.o)
 .ARM.attributes
                0x00000394       0x39 C:\Users\12878930\Documents\autumn-embedded-project\Library\libAnalog.a(analog.o)
 .ARM.attributes
                0x000003cd       0x39 C:\Users\12878930\Documents\autumn-embedded-project\Library\libAnalog.a(SPI.o)
 .ARM.attributes
                0x00000406       0x34 c:/software/freescale/kds_3.0.0/toolchain/bin/../lib/gcc/arm-none-eabi/4.8.4/../../../../arm-none-eabi/lib/armv7e-m/fpu\libm.a(lib_a-w_sqrt.o)
 .ARM.attributes
                0x0000043a       0x34 c:/software/freescale/kds_3.0.0/toolchain/bin/../lib/gcc/arm-none-eabi/4.8.4/../../../../arm-none-eabi/lib/armv7e-m/fpu\libm.a(lib_a-e_sqrt.o)
 .ARM.attributes
                0x0000046e       0x34 c:/software/freescale/kds_3.0.0/toolchain/bin/../lib/gcc/arm-none-eabi/4.8.4/../../../../arm-none-eabi/lib/armv7e-m/fpu\libm.a(lib_a-s_fpclassify.o)
 .ARM.attributes
                0x000004a2       0x34 c:/software/freescale/kds_3.0.0/toolchain/bin/../lib/gcc/arm-none-eabi/4.8.4/../../../../arm-none-eabi/lib/armv7e-m/fpu\libm.a(lib_a-s_lib_ver.o)
 .ARM.attributes
                0x000004d6       0x34 c:/software/freescale/kds_3.0.0/toolchain/bin/../lib/gcc/arm-none-eabi/4.8.4/../../../../arm-none-eabi/lib/armv7e-m/fpu\libm.a(lib_a-s_matherr.o)
 .ARM.attributes
                0x0000050a       0x22 c:/software/freescale/kds_3.0.0/toolchain/bin/../lib/gcc/arm-none-eabi/4.8.4/armv7e-m/fpu\libgcc.a(_arm_addsubdf3.o)
 .ARM.attributes
                0x0000052c       0x22 c:/software/freescale/kds_3.0.0/toolchain/bin/../lib/gcc/arm-none-eabi/4.8.4/armv7e-m/fpu\libgcc.a(_arm_muldivdf3.o)
 .ARM.attributes
                0x0000054e       0x22 c:/software/freescale/kds_3.0.0/toolchain/bin/../lib/gcc/arm-none-eabi/4.8.4/armv7e-m/fpu\libgcc.a(_arm_cmpdf2.o)
 .ARM.attributes
                0x00000570       0x22 c:/software/freescale/kds_3.0.0/toolchain/bin/../lib/gcc/arm-none-eabi/4.8.4/armv7e-m/fpu\libgcc.a(_arm_truncdfsf2.o)
 .ARM.attributes
                0x00000592       0x34 c:/software/freescale/kds_3.0.0/toolchain/bin/../lib/gcc/arm-none-eabi/4.8.4/../../../../arm-none-eabi/lib/armv7e-m/fpu\libg_s.a(lib_a-errno.o)
 .ARM.attributes
                0x000005c6       0x34 c:/software/freescale/kds_3.0.0/toolchain/bin/../lib/gcc/arm-none-eabi/4.8.4/../../../../arm-none-eabi/lib/armv7e-m/fpu\libg_s.a(lib_a-exit.o)
 .ARM.attributes
                0x000005fa       0x34 c:/software/freescale/kds_3.0.0/toolchain/bin/../lib/gcc/arm-none-eabi/4.8.4/../../../../arm-none-eabi/lib/armv7e-m/fpu\libg_s.a(lib_a-impure.o)
 .ARM.attributes
                0x0000062e       0x34 c:/software/freescale/kds_3.0.0/toolchain/bin/../lib/gcc/arm-none-eabi/4.8.4/../../../../arm-none-eabi/lib/armv7e-m/fpu\libg_s.a(lib_a-init.o)
 .ARM.attributes
                0x00000662       0x34 c:/software/freescale/kds_3.0.0/toolchain/bin/../lib/gcc/arm-none-eabi/4.8.4/../../../../arm-none-eabi/lib/armv7e-m/fpu\libg_s.a(lib_a-memset.o)
 .ARM.attributes
                0x00000696       0x34 c:/software/freescale/kds_3.0.0/toolchain/bin/../lib/gcc/arm-none-eabi/4.8.4/../../../../arm-none-eabi/lib/armv7e-m/fpu\libnosys.a(_exit.o)
 .ARM.attributes
                0x000006ca       0x22 c:/software/freescale/kds_3.0.0/toolchain/bin/../lib/gcc/arm-none-eabi/4.8.4/armv7e-m/fpu/crtn.o
OUTPUT(Project.elf elf32-littlearm)

.debug_info     0x00000000     0x6f2b
 .debug_info    0x00000000      0x227 ./Sources/FIFO.o
 .debug_info    0x00000227      0x849 ./Sources/FTM.o
 .debug_info    0x00000a70      0x6c8 ./Sources/Flash.o
 .debug_info    0x00001138      0x490 ./Sources/LEDs.o
 .debug_info    0x000015c8      0x741 ./Sources/PIT.o
 .debug_info    0x00001d09      0x721 ./Sources/RTC.o
 .debug_info    0x0000242a      0xa49 ./Sources/UART.o
 .debug_info    0x00002e73      0x24a ./Sources/calculation.o
 .debug_info    0x000030bd      0xc93 ./Sources/main.o
 .debug_info    0x00003d50      0x318 ./Sources/packet.o
 .debug_info    0x00004068      0x3b0 ./Project_Settings/Startup_Code/startup.o
 .debug_info    0x00004418      0xc82 ./Generated_Code/Cpu.o
 .debug_info    0x0000509a      0x1c5 ./Generated_Code/Vectors.o
 .debug_info    0x0000525f      0xd02 C:\Users\12878930\Documents\autumn-embedded-project\Library\libOS.a(OS.o)
 .debug_info    0x00005f61      0x56a C:\Users\12878930\Documents\autumn-embedded-project\Library\libAnalog.a(analog.o)
 .debug_info    0x000064cb      0xa60 C:\Users\12878930\Documents\autumn-embedded-project\Library\libAnalog.a(SPI.o)

.debug_abbrev   0x00000000     0x1a4d
 .debug_abbrev  0x00000000       0xd7 ./Sources/FIFO.o
 .debug_abbrev  0x000000d7      0x1e0 ./Sources/FTM.o
 .debug_abbrev  0x000002b7      0x1fa ./Sources/Flash.o
 .debug_abbrev  0x000004b1      0x144 ./Sources/LEDs.o
 .debug_abbrev  0x000005f5      0x1e9 ./Sources/PIT.o
 .debug_abbrev  0x000007de      0x1be ./Sources/RTC.o
 .debug_abbrev  0x0000099c      0x200 ./Sources/UART.o
 .debug_abbrev  0x00000b9c      0x129 ./Sources/calculation.o
 .debug_abbrev  0x00000cc5      0x273 ./Sources/main.o
 .debug_abbrev  0x00000f38       0xf0 ./Sources/packet.o
 .debug_abbrev  0x00001028      0x189 ./Project_Settings/Startup_Code/startup.o
 .debug_abbrev  0x000011b1      0x185 ./Generated_Code/Cpu.o
 .debug_abbrev  0x00001336       0xf0 ./Generated_Code/Vectors.o
 .debug_abbrev  0x00001426      0x2f8 C:\Users\12878930\Documents\autumn-embedded-project\Library\libOS.a(OS.o)
 .debug_abbrev  0x0000171e      0x15a C:\Users\12878930\Documents\autumn-embedded-project\Library\libAnalog.a(analog.o)
 .debug_abbrev  0x00001878      0x1d5 C:\Users\12878930\Documents\autumn-embedded-project\Library\libAnalog.a(SPI.o)

.debug_aranges  0x00000000      0x4e8
 .debug_aranges
                0x00000000       0x30 ./Sources/FIFO.o
 .debug_aranges
                0x00000030       0x40 ./Sources/FTM.o
 .debug_aranges
                0x00000070       0x68 ./Sources/Flash.o
 .debug_aranges
                0x000000d8       0x38 ./Sources/LEDs.o
 .debug_aranges
                0x00000110       0x40 ./Sources/PIT.o
 .debug_aranges
                0x00000150       0x40 ./Sources/RTC.o
 .debug_aranges
                0x00000190       0x50 ./Sources/UART.o
 .debug_aranges
                0x000001e0       0x38 ./Sources/calculation.o
 .debug_aranges
                0x00000218       0xa0 ./Sources/main.o
 .debug_aranges
                0x000002b8       0x38 ./Sources/packet.o
 .debug_aranges
                0x000002f0       0x50 ./Project_Settings/Startup_Code/startup.o
 .debug_aranges
                0x00000340       0x38 ./Generated_Code/Cpu.o
 .debug_aranges
                0x00000378       0x18 ./Generated_Code/Vectors.o
 .debug_aranges
                0x00000390       0xc8 C:\Users\12878930\Documents\autumn-embedded-project\Library\libOS.a(OS.o)
 .debug_aranges
                0x00000458       0x38 C:\Users\12878930\Documents\autumn-embedded-project\Library\libAnalog.a(analog.o)
 .debug_aranges
                0x00000490       0x58 C:\Users\12878930\Documents\autumn-embedded-project\Library\libAnalog.a(SPI.o)

.debug_ranges   0x00000000      0x400
 .debug_ranges  0x00000000       0x20 ./Sources/FIFO.o
 .debug_ranges  0x00000020       0x30 ./Sources/FTM.o
 .debug_ranges  0x00000050       0x58 ./Sources/Flash.o
 .debug_ranges  0x000000a8       0x28 ./Sources/LEDs.o
 .debug_ranges  0x000000d0       0x30 ./Sources/PIT.o
 .debug_ranges  0x00000100       0x30 ./Sources/RTC.o
 .debug_ranges  0x00000130       0x40 ./Sources/UART.o
 .debug_ranges  0x00000170       0x28 ./Sources/calculation.o
 .debug_ranges  0x00000198       0xb0 ./Sources/main.o
 .debug_ranges  0x00000248       0x28 ./Sources/packet.o
 .debug_ranges  0x00000270       0x40 ./Project_Settings/Startup_Code/startup.o
 .debug_ranges  0x000002b0       0x28 ./Generated_Code/Cpu.o
 .debug_ranges  0x000002d8       0xb8 C:\Users\12878930\Documents\autumn-embedded-project\Library\libOS.a(OS.o)
 .debug_ranges  0x00000390       0x28 C:\Users\12878930\Documents\autumn-embedded-project\Library\libAnalog.a(analog.o)
 .debug_ranges  0x000003b8       0x48 C:\Users\12878930\Documents\autumn-embedded-project\Library\libAnalog.a(SPI.o)

.debug_macro    0x00000000    0x35983
 .debug_macro   0x00000000       0xb1 ./Sources/FIFO.o
 .debug_macro   0x000000b1      0x850 ./Sources/FIFO.o
 .debug_macro   0x00000901       0x16 ./Sources/FIFO.o
 .debug_macro   0x00000917       0x44 ./Sources/FIFO.o
 .debug_macro   0x0000095b      0x209 ./Sources/FIFO.o
 .debug_macro   0x00000b64       0x22 ./Sources/FIFO.o
 .debug_macro   0x00000b86       0x36 ./Sources/FIFO.o
 .debug_macro   0x00000bbc     0x181c ./Sources/FIFO.o
 .debug_macro   0x000023d8      0x14e ./Sources/FIFO.o
 .debug_macro   0x00002526       0x64 ./Sources/FIFO.o
 .debug_macro   0x0000258a    0x174c1 ./Sources/FIFO.o
 .debug_macro   0x00019a4b       0x9a ./Sources/FIFO.o
 .debug_macro   0x00019ae5       0x90 ./Sources/FTM.o
 .debug_macro   0x00019b75       0x82 ./Sources/Flash.o
 .debug_macro   0x00019bf7       0x28 ./Sources/Flash.o
 .debug_macro   0x00019c1f      0x11e ./Sources/Flash.o
 .debug_macro   0x00019d3d       0x64 ./Sources/LEDs.o
 .debug_macro   0x00019da1      0x134 ./Sources/PIT.o
 .debug_macro   0x00019ed5       0x10 ./Sources/PIT.o
 .debug_macro   0x00019ee5       0x58 ./Sources/PIT.o
 .debug_macro   0x00019f3d       0x35 ./Sources/PIT.o
 .debug_macro   0x00019f72       0xa3 ./Sources/PIT.o
 .debug_macro   0x0001a015      0x166 ./Sources/PIT.o
 .debug_macro   0x0001a17b       0x52 ./Sources/PIT.o
 .debug_macro   0x0001a1cd       0x16 ./Sources/PIT.o
 .debug_macro   0x0001a1e3       0x43 ./Sources/PIT.o
 .debug_macro   0x0001a226      0x180 ./Sources/PIT.o
 .debug_macro   0x0001a3a6       0xde ./Sources/PIT.o
 .debug_macro   0x0001a484       0x16 ./Sources/PIT.o
 .debug_macro   0x0001a49a       0x2e ./Sources/PIT.o
 .debug_macro   0x0001a4c8       0x84 ./Sources/RTC.o
 .debug_macro   0x0001a54c       0xbf ./Sources/UART.o
 .debug_macro   0x0001a60b     0x1816 ./Sources/UART.o
 .debug_macro   0x0001be21       0xe6 ./Sources/calculation.o
 .debug_macro   0x0001bf07       0x4a ./Sources/calculation.o
 .debug_macro   0x0001bf51      0x20f ./Sources/calculation.o
 .debug_macro   0x0001c160      0x1a5 ./Sources/main.o
 .debug_macro   0x0001c305       0x30 ./Sources/main.o
 .debug_macro   0x0001c335       0xae ./Sources/packet.o
 .debug_macro   0x0001c3e3      0x121 ./Project_Settings/Startup_Code/startup.o
 .debug_macro   0x0001c504      0x2a6 ./Project_Settings/Startup_Code/startup.o
 .debug_macro   0x0001c7aa       0x10 ./Project_Settings/Startup_Code/startup.o
 .debug_macro   0x0001c7ba       0x35 ./Project_Settings/Startup_Code/startup.o
 .debug_macro   0x0001c7ef       0x16 ./Project_Settings/Startup_Code/startup.o
 .debug_macro   0x0001c805       0x22 ./Project_Settings/Startup_Code/startup.o
 .debug_macro   0x0001c827       0x16 ./Project_Settings/Startup_Code/startup.o
 .debug_macro   0x0001c83d    0x174af ./Project_Settings/Startup_Code/startup.o
 .debug_macro   0x00033cec       0x84 ./Generated_Code/Cpu.o
 .debug_macro   0x00033d70       0xa0 ./Generated_Code/Cpu.o
 .debug_macro   0x00033e10       0xcf ./Generated_Code/Vectors.o
 .debug_macro   0x00033edf       0xa3 C:\Users\12878930\Documents\autumn-embedded-project\Library\libOS.a(OS.o)
 .debug_macro   0x00033f82     0x17fa C:\Users\12878930\Documents\autumn-embedded-project\Library\libOS.a(OS.o)
 .debug_macro   0x0003577c       0x94 C:\Users\12878930\Documents\autumn-embedded-project\Library\libOS.a(OS.o)
 .debug_macro   0x00035810       0xf5 C:\Users\12878930\Documents\autumn-embedded-project\Library\libAnalog.a(analog.o)
 .debug_macro   0x00035905       0x16 C:\Users\12878930\Documents\autumn-embedded-project\Library\libAnalog.a(analog.o)
 .debug_macro   0x0003591b       0x68 C:\Users\12878930\Documents\autumn-embedded-project\Library\libAnalog.a(SPI.o)

.debug_line     0x00000000     0x3574
 .debug_line    0x00000000      0x30f ./Sources/FIFO.o
 .debug_line    0x0000030f      0x360 ./Sources/FTM.o
 .debug_line    0x0000066f      0x34d ./Sources/Flash.o
 .debug_line    0x000009bc      0x23c ./Sources/LEDs.o
 .debug_line    0x00000bf8      0x3c1 ./Sources/PIT.o
 .debug_line    0x00000fb9      0x2f7 ./Sources/RTC.o
 .debug_line    0x000012b0      0x38f ./Sources/UART.o
 .debug_line    0x0000163f      0x2d3 ./Sources/calculation.o
 .debug_line    0x00001912      0x602 ./Sources/main.o
 .debug_line    0x00001f14      0x341 ./Sources/packet.o
 .debug_line    0x00002255      0x415 ./Project_Settings/Startup_Code/startup.o
 .debug_line    0x0000266a      0x2a9 ./Generated_Code/Cpu.o
 .debug_line    0x00002913      0x2e0 ./Generated_Code/Vectors.o
 .debug_line    0x00002bf3      0x496 C:\Users\12878930\Documents\autumn-embedded-project\Library\libOS.a(OS.o)
 .debug_line    0x00003089      0x218 C:\Users\12878930\Documents\autumn-embedded-project\Library\libAnalog.a(analog.o)
 .debug_line    0x000032a1      0x2d3 C:\Users\12878930\Documents\autumn-embedded-project\Library\libAnalog.a(SPI.o)

.debug_str      0x00000000    0x8fa08
 .debug_str     0x00000000    0x8a712 ./Sources/FIFO.o
                              0x8a88b (size before relaxing)
 .debug_str     0x0008a712      0x4e6 ./Sources/FTM.o
                              0x8a459 (size before relaxing)
 .debug_str     0x0008abf8      0x8b4 ./Sources/Flash.o
                              0x83622 (size before relaxing)
 .debug_str     0x0008b4ac       0xb8 ./Sources/LEDs.o
                              0x82ef6 (size before relaxing)
 .debug_str     0x0008b564     0x1d6d ./Sources/PIT.o
                              0x8549f (size before relaxing)
 .debug_str     0x0008d2d1       0xc5 ./Sources/RTC.o
                              0x83639 (size before relaxing)
 .debug_str     0x0008d396      0x177 ./Sources/UART.o
                              0x8ac06 (size before relaxing)
 .debug_str     0x0008d50d       0xa4 ./Sources/calculation.o
                               0x4de9 (size before relaxing)
 .debug_str     0x0008d5b1      0x3d5 ./Sources/main.o
                              0x8d238 (size before relaxing)
 .debug_str     0x0008d986       0x62 ./Sources/packet.o
                              0x8ae09 (size before relaxing)
 .debug_str     0x0008d9e8     0x1141 ./Project_Settings/Startup_Code/startup.o
                              0x853fa (size before relaxing)
 .debug_str     0x0008eb29      0x1f2 ./Generated_Code/Cpu.o
                              0x8aaa6 (size before relaxing)
 .debug_str     0x0008ed1b       0x1c ./Generated_Code/Vectors.o
                              0x8a87f (size before relaxing)
 .debug_str     0x0008ed37      0x3b8 C:\Users\12878930\Documents\autumn-embedded-project\Library\libOS.a(OS.o)
                              0x8ad2a (size before relaxing)
 .debug_str     0x0008f0ef      0x5c4 C:\Users\12878930\Documents\autumn-embedded-project\Library\libAnalog.a(analog.o)
                               0x38d5 (size before relaxing)
 .debug_str     0x0008f6b3      0x355 C:\Users\12878930\Documents\autumn-embedded-project\Library\libAnalog.a(SPI.o)
                              0x83389 (size before relaxing)

.comment        0x00000000       0x70
 .comment       0x00000000       0x70 ./Sources/FIFO.o
                                 0x71 (size before relaxing)
 .comment       0x00000000       0x71 ./Sources/FTM.o
 .comment       0x00000000       0x71 ./Sources/Flash.o
 .comment       0x00000000       0x71 ./Sources/LEDs.o
 .comment       0x00000000       0x71 ./Sources/PIT.o
 .comment       0x00000000       0x71 ./Sources/RTC.o
 .comment       0x00000000       0x71 ./Sources/UART.o
 .comment       0x00000000       0x71 ./Sources/calculation.o
 .comment       0x00000000       0x71 ./Sources/main.o
 .comment       0x00000000       0x71 ./Sources/packet.o
 .comment       0x00000000       0x71 ./Project_Settings/Startup_Code/startup.o
 .comment       0x00000000       0x71 ./Generated_Code/Cpu.o
 .comment       0x00000000       0x71 ./Generated_Code/Vectors.o
 .comment       0x00000000       0x71 C:\Users\12878930\Documents\autumn-embedded-project\Library\libOS.a(OS.o)
 .comment       0x00000000       0x71 C:\Users\12878930\Documents\autumn-embedded-project\Library\libAnalog.a(analog.o)
 .comment       0x00000000       0x71 C:\Users\12878930\Documents\autumn-embedded-project\Library\libAnalog.a(SPI.o)

.debug_frame    0x00000000      0xf34
 .debug_frame   0x00000000       0x70 ./Sources/FIFO.o
 .debug_frame   0x00000070       0xac ./Sources/FTM.o
 .debug_frame   0x0000011c      0x13c ./Sources/Flash.o
 .debug_frame   0x00000258       0x7c ./Sources/LEDs.o
 .debug_frame   0x000002d4       0xb0 ./Sources/PIT.o
 .debug_frame   0x00000384       0xac ./Sources/RTC.o
 .debug_frame   0x00000430       0xf0 ./Sources/UART.o
 .debug_frame   0x00000520       0x88 ./Sources/calculation.o
 .debug_frame   0x000005a8      0x220 ./Sources/main.o
 .debug_frame   0x000007c8       0x8c ./Sources/packet.o
 .debug_frame   0x00000854       0xc0 ./Project_Settings/Startup_Code/startup.o
 .debug_frame   0x00000914       0x80 ./Generated_Code/Cpu.o
 .debug_frame   0x00000994      0x2a0 C:\Users\12878930\Documents\autumn-embedded-project\Library\libOS.a(OS.o)
 .debug_frame   0x00000c34       0x90 C:\Users\12878930\Documents\autumn-embedded-project\Library\libAnalog.a(analog.o)
 .debug_frame   0x00000cc4      0x100 C:\Users\12878930\Documents\autumn-embedded-project\Library\libAnalog.a(SPI.o)
 .debug_frame   0x00000dc4       0x38 c:/software/freescale/kds_3.0.0/toolchain/bin/../lib/gcc/arm-none-eabi/4.8.4/../../../../arm-none-eabi/lib/armv7e-m/fpu\libm.a(lib_a-w_sqrt.o)
 .debug_frame   0x00000dfc       0x3c c:/software/freescale/kds_3.0.0/toolchain/bin/../lib/gcc/arm-none-eabi/4.8.4/../../../../arm-none-eabi/lib/armv7e-m/fpu\libm.a(lib_a-e_sqrt.o)
 .debug_frame   0x00000e38       0x28 c:/software/freescale/kds_3.0.0/toolchain/bin/../lib/gcc/arm-none-eabi/4.8.4/../../../../arm-none-eabi/lib/armv7e-m/fpu\libm.a(lib_a-s_fpclassify.o)
 .debug_frame   0x00000e60       0x20 c:/software/freescale/kds_3.0.0/toolchain/bin/../lib/gcc/arm-none-eabi/4.8.4/../../../../arm-none-eabi/lib/armv7e-m/fpu\libm.a(lib_a-s_matherr.o)
 .debug_frame   0x00000e80       0x20 c:/software/freescale/kds_3.0.0/toolchain/bin/../lib/gcc/arm-none-eabi/4.8.4/../../../../arm-none-eabi/lib/armv7e-m/fpu\libg_s.a(lib_a-errno.o)
 .debug_frame   0x00000ea0       0x28 c:/software/freescale/kds_3.0.0/toolchain/bin/../lib/gcc/arm-none-eabi/4.8.4/../../../../arm-none-eabi/lib/armv7e-m/fpu\libg_s.a(lib_a-exit.o)
 .debug_frame   0x00000ec8       0x2c c:/software/freescale/kds_3.0.0/toolchain/bin/../lib/gcc/arm-none-eabi/4.8.4/../../../../arm-none-eabi/lib/armv7e-m/fpu\libg_s.a(lib_a-init.o)
 .debug_frame   0x00000ef4       0x20 c:/software/freescale/kds_3.0.0/toolchain/bin/../lib/gcc/arm-none-eabi/4.8.4/../../../../arm-none-eabi/lib/armv7e-m/fpu\libg_s.a(lib_a-memset.o)
 .debug_frame   0x00000f14       0x20 c:/software/freescale/kds_3.0.0/toolchain/bin/../lib/gcc/arm-none-eabi/4.8.4/../../../../arm-none-eabi/lib/armv7e-m/fpu\libnosys.a(_exit.o)
