Archive member included because of file (symbol)

C:\Users\12878930\Documents\autumn-embedded-project\Library\libOS.a(OS.o)
                              ./Sources/main.o (OS_Init)
C:\Users\12878930\Documents\autumn-embedded-project\Library\libAnalog.a(analog.o)
                              ./Sources/main.o (Analog_Init)
C:\Users\12878930\Documents\autumn-embedded-project\Library\libAnalog.a(SPI.o)
                              C:\Users\12878930\Documents\autumn-embedded-project\Library\libAnalog.a(analog.o) (SPI_Init)
c:/software/freescale/kds_3.0.0/toolchain/bin/../lib/gcc/arm-none-eabi/4.8.4/../../../../arm-none-eabi/lib/armv7e-m/fpu\libm.a(lib_a-w_pow.o)
                              ./Sources/main.o (pow)
c:/software/freescale/kds_3.0.0/toolchain/bin/../lib/gcc/arm-none-eabi/4.8.4/../../../../arm-none-eabi/lib/armv7e-m/fpu\libm.a(lib_a-w_sqrt.o)
                              ./Sources/calculation.o (sqrt)
c:/software/freescale/kds_3.0.0/toolchain/bin/../lib/gcc/arm-none-eabi/4.8.4/../../../../arm-none-eabi/lib/armv7e-m/fpu\libm.a(lib_a-e_pow.o)
                              c:/software/freescale/kds_3.0.0/toolchain/bin/../lib/gcc/arm-none-eabi/4.8.4/../../../../arm-none-eabi/lib/armv7e-m/fpu\libm.a(lib_a-w_pow.o) (__ieee754_pow)
c:/software/freescale/kds_3.0.0/toolchain/bin/../lib/gcc/arm-none-eabi/4.8.4/../../../../arm-none-eabi/lib/armv7e-m/fpu\libm.a(lib_a-e_sqrt.o)
                              c:/software/freescale/kds_3.0.0/toolchain/bin/../lib/gcc/arm-none-eabi/4.8.4/../../../../arm-none-eabi/lib/armv7e-m/fpu\libm.a(lib_a-w_sqrt.o) (__ieee754_sqrt)
c:/software/freescale/kds_3.0.0/toolchain/bin/../lib/gcc/arm-none-eabi/4.8.4/../../../../arm-none-eabi/lib/armv7e-m/fpu\libm.a(lib_a-s_fabs.o)
                              c:/software/freescale/kds_3.0.0/toolchain/bin/../lib/gcc/arm-none-eabi/4.8.4/../../../../arm-none-eabi/lib/armv7e-m/fpu\libm.a(lib_a-e_pow.o) (fabs)
c:/software/freescale/kds_3.0.0/toolchain/bin/../lib/gcc/arm-none-eabi/4.8.4/../../../../arm-none-eabi/lib/armv7e-m/fpu\libm.a(lib_a-s_finite.o)
                              c:/software/freescale/kds_3.0.0/toolchain/bin/../lib/gcc/arm-none-eabi/4.8.4/../../../../arm-none-eabi/lib/armv7e-m/fpu\libm.a(lib_a-w_pow.o) (finite)
c:/software/freescale/kds_3.0.0/toolchain/bin/../lib/gcc/arm-none-eabi/4.8.4/../../../../arm-none-eabi/lib/armv7e-m/fpu\libm.a(lib_a-s_fpclassify.o)
                              c:/software/freescale/kds_3.0.0/toolchain/bin/../lib/gcc/arm-none-eabi/4.8.4/../../../../arm-none-eabi/lib/armv7e-m/fpu\libm.a(lib_a-w_pow.o) (__fpclassifyd)
c:/software/freescale/kds_3.0.0/toolchain/bin/../lib/gcc/arm-none-eabi/4.8.4/../../../../arm-none-eabi/lib/armv7e-m/fpu\libm.a(lib_a-s_lib_ver.o)
                              c:/software/freescale/kds_3.0.0/toolchain/bin/../lib/gcc/arm-none-eabi/4.8.4/../../../../arm-none-eabi/lib/armv7e-m/fpu\libm.a(lib_a-w_pow.o) (__fdlib_version)
c:/software/freescale/kds_3.0.0/toolchain/bin/../lib/gcc/arm-none-eabi/4.8.4/../../../../arm-none-eabi/lib/armv7e-m/fpu\libm.a(lib_a-s_matherr.o)
                              c:/software/freescale/kds_3.0.0/toolchain/bin/../lib/gcc/arm-none-eabi/4.8.4/../../../../arm-none-eabi/lib/armv7e-m/fpu\libm.a(lib_a-w_pow.o) (matherr)
c:/software/freescale/kds_3.0.0/toolchain/bin/../lib/gcc/arm-none-eabi/4.8.4/../../../../arm-none-eabi/lib/armv7e-m/fpu\libm.a(lib_a-s_nan.o)
                              c:/software/freescale/kds_3.0.0/toolchain/bin/../lib/gcc/arm-none-eabi/4.8.4/../../../../arm-none-eabi/lib/armv7e-m/fpu\libm.a(lib_a-e_pow.o) (nan)
c:/software/freescale/kds_3.0.0/toolchain/bin/../lib/gcc/arm-none-eabi/4.8.4/../../../../arm-none-eabi/lib/armv7e-m/fpu\libm.a(lib_a-s_rint.o)
                              c:/software/freescale/kds_3.0.0/toolchain/bin/../lib/gcc/arm-none-eabi/4.8.4/../../../../arm-none-eabi/lib/armv7e-m/fpu\libm.a(lib_a-w_pow.o) (rint)
c:/software/freescale/kds_3.0.0/toolchain/bin/../lib/gcc/arm-none-eabi/4.8.4/../../../../arm-none-eabi/lib/armv7e-m/fpu\libm.a(lib_a-s_scalbn.o)
                              c:/software/freescale/kds_3.0.0/toolchain/bin/../lib/gcc/arm-none-eabi/4.8.4/../../../../arm-none-eabi/lib/armv7e-m/fpu\libm.a(lib_a-e_pow.o) (scalbn)
c:/software/freescale/kds_3.0.0/toolchain/bin/../lib/gcc/arm-none-eabi/4.8.4/../../../../arm-none-eabi/lib/armv7e-m/fpu\libm.a(lib_a-s_copysign.o)
                              c:/software/freescale/kds_3.0.0/toolchain/bin/../lib/gcc/arm-none-eabi/4.8.4/../../../../arm-none-eabi/lib/armv7e-m/fpu\libm.a(lib_a-s_scalbn.o) (copysign)
c:/software/freescale/kds_3.0.0/toolchain/bin/../lib/gcc/arm-none-eabi/4.8.4/armv7e-m/fpu\libgcc.a(_arm_addsubdf3.o)
                              ./Sources/main.o (__aeabi_dsub)
c:/software/freescale/kds_3.0.0/toolchain/bin/../lib/gcc/arm-none-eabi/4.8.4/armv7e-m/fpu\libgcc.a(_arm_muldivdf3.o)
                              ./Sources/calculation.o (__aeabi_dmul)
[...]
Memory Configuration

Name             Origin             Length             Attributes
m_interrupts     0x00000000         0x000001e8         xr
m_text           0x00000410         0x0007fbf0         xr
m_data           0x1fff0000         0x00010000         rw
m_data_20000000  0x20000000         0x00010000         rw
m_cfmprotrom     0x00000400         0x00000010         xr
*default*        0x00000000         0xffffffff

Linker script and memory map

LOAD c:/software/freescale/kds_3.0.0/toolchain/bin/../lib/gcc/arm-none-eabi/4.8.4/armv7e-m/fpu/crti.o
LOAD c:/software/freescale/kds_3.0.0/toolchain/bin/../lib/gcc/arm-none-eabi/4.8.4/armv7e-m/fpu/crtbegin.o
LOAD c:/software/freescale/kds_3.0.0/toolchain/bin/../lib/gcc/arm-none-eabi/4.8.4/../../../../arm-none-eabi/lib/armv7e-m/fpu/crt0.o
LOAD ./Sources/FIFO.o
LOAD ./Sources/FTM.o
LOAD ./Sources/Flash.o
LOAD ./Sources/LEDs.o
LOAD ./Sources/PIT.o
LOAD ./Sources/RTC.o
LOAD ./Sources/UART.o
LOAD ./Sources/calculation.o
LOAD ./Sources/main.o
LOAD ./Sources/packet.o
LOAD ./Project_Settings/Startup_Code/startup.o
LOAD ./Generated_Code/Cpu.o
LOAD ./Generated_Code/Vectors.o
LOAD C:\Users\12878930\Documents\autumn-embedded-project\Library\libOS.a
LOAD C:\Users\12878930\Documents\autumn-embedded-project\Library\libAnalog.a
LOAD c:/software/freescale/kds_3.0.0/toolchain/bin/../lib/gcc/arm-none-eabi/4.8.4/../../../../arm-none-eabi/lib/armv7e-m/fpu\libstdc++_s.a
LOAD c:/software/freescale/kds_3.0.0/toolchain/bin/../lib/gcc/arm-none-eabi/4.8.4/../../../../arm-none-eabi/lib/armv7e-m/fpu\libm.a
START GROUP
LOAD c:/software/freescale/kds_3.0.0/toolchain/bin/../lib/gcc/arm-none-eabi/4.8.4/armv7e-m/fpu\libgcc.a
LOAD c:/software/freescale/kds_3.0.0/toolchain/bin/../lib/gcc/arm-none-eabi/4.8.4/../../../../arm-none-eabi/lib/armv7e-m/fpu\libg_s.a
LOAD c:/software/freescale/kds_3.0.0/toolchain/bin/../lib/gcc/arm-none-eabi/4.8.4/../../../../arm-none-eabi/lib/armv7e-m/fpu\libc_s.a
END GROUP
START GROUP
LOAD c:/software/freescale/kds_3.0.0/toolchain/bin/../lib/gcc/arm-none-eabi/4.8.4/armv7e-m/fpu\libgcc.a
LOAD c:/software/freescale/kds_3.0.0/toolchain/bin/../lib/gcc/arm-none-eabi/4.8.4/../../../../arm-none-eabi/lib/armv7e-m/fpu\libc_s.a
LOAD c:/software/freescale/kds_3.0.0/toolchain/bin/../lib/gcc/arm-none-eabi/4.8.4/../../../../arm-none-eabi/lib/armv7e-m/fpu\libnosys.a
END GROUP
START GROUP
LOAD c:/software/freescale/kds_3.0.0/toolchain/bin/../lib/gcc/arm-none-eabi/4.8.4/armv7e-m/fpu\libgcc.a
LOAD c:/software/freescale/kds_3.0.0/toolchain/bin/../lib/gcc/arm-none-eabi/4.8.4/../../../../arm-none-eabi/lib/armv7e-m/fpu\libc_s.a
LOAD c:/software/freescale/kds_3.0.0/toolchain/bin/../lib/gcc/arm-none-eabi/4.8.4/../../../../arm-none-eabi/lib/armv7e-m/fpu\libnosys.a
END GROUP
LOAD c:/software/freescale/kds_3.0.0/toolchain/bin/../lib/gcc/arm-none-eabi/4.8.4/armv7e-m/fpu/crtend.o
LOAD c:/software/freescale/kds_3.0.0/toolchain/bin/../lib/gcc/arm-none-eabi/4.8.4/armv7e-m/fpu/crtn.o
                0x20000000                _estack = 0x20000000
                0x20000000                __SP_INIT = _estack
                0x20000000                __stack = _estack
                0x00000000                __heap_size = 0x0
                0x00000400                __stack_size = 0x400

.interrupts     0x00000000      0x1e8
                0x00000000                __vector_table = .
                0x00000000                . = ALIGN (0x4)
 *(.vectortable)
 .vectortable   0x00000000      0x1e8 ./Generated_Code/Vectors.o
                0x00000000                __vect_table
                0x000001e8                . = ALIGN (0x4)

.cfmprotect     0x00000400       0x10
                0x00000400                . = ALIGN (0x4)
 *(.cfmconfig)
 .cfmconfig     0x00000400       0x10 ./Generated_Code/Cpu.o
                0x00000400                _cfm
                0x00000410                . = ALIGN (0x4)

.text           0x00000410     0x5380
                0x00000410                . = ALIGN (0x4)
 *(.text)
 .text          0x00000410       0x54 c:/software/freescale/kds_3.0.0/toolchain/bin/../lib/gcc/arm-none-eabi/4.8.4/armv7e-m/fpu/crtbegin.o
 .text          0x00000464       0x74 c:/software/freescale/kds_3.0.0/toolchain/bin/../lib/gcc/arm-none-eabi/4.8.4/../../../../arm-none-eabi/lib/armv7e-m/fpu/crt0.o
                0x00000464                _start
                0x00000464                _mainCRTStartup
 .text          0x000004d8      0x370 c:/software/freescale/kds_3.0.0/toolchain/bin/../lib/gcc/arm-none-eabi/4.8.4/armv7e-m/fpu\libgcc.a(_arm_addsubdf3.o)
                0x000004d8                __aeabi_drsub
                0x000004e0                __aeabi_dsub
                0x000004e0                __subdf3
                0x000004e4                __aeabi_dadd
                0x000004e4                __adddf3
                0x0000075c                __floatunsidf
                0x0000075c                __aeabi_ui2d
                0x0000077c                __floatsidf
                0x0000077c                __aeabi_i2d
                0x000007a0                __aeabi_f2d
                0x000007a0                __extendsfdf2
                0x000007dc                __floatundidf
                0x000007dc                __aeabi_ul2d
                0x000007ec                __floatdidf
                0x000007ec                __aeabi_l2d
 .text          0x00000848      0x424 c:/software/freescale/kds_3.0.0/toolchain/bin/../lib/gcc/arm-none-eabi/4.8.4/armv7e-m/fpu\libgcc.a(_arm_muldivdf3.o)
                0x00000848                __aeabi_dmul
                0x00000848                __muldf3
                0x00000a9c                __divdf3
                0x00000a9c                __aeabi_ddiv
 .text          0x00000c6c      0x110 c:/software/freescale/kds_3.0.0/toolchain/bin/../lib/gcc/arm-none-eabi/4.8.4/armv7e-m/fpu\libgcc.a(_arm_cmpdf2.o)
                0x00000c6c                __gtdf2
                0x00000c6c                __gedf2
                0x00000c74                __ltdf2
                0x00000c74                __ledf2
                0x00000c7c                __nedf2
                0x00000c7c                __eqdf2
                0x00000c7c                __cmpdf2
                0x00000cf8                __aeabi_cdrcmple
                0x00000d08                __aeabi_cdcmpeq
                0x00000d08                __aeabi_cdcmple
                0x00000d18                __aeabi_dcmpeq
                0x00000d2c                __aeabi_dcmplt
                0x00000d40                __aeabi_dcmple
                0x00000d54                __aeabi_dcmpge
                0x00000d68                __aeabi_dcmpgt
 .text          0x00000d7c       0xa0 c:/software/freescale/kds_3.0.0/toolchain/bin/../lib/gcc/arm-none-eabi/4.8.4/armv7e-m/fpu\libgcc.a(_arm_truncdfsf2.o)
                0x00000d7c                __truncdfsf2
                0x00000d7c                __aeabi_d2f
 *(.text*)
 .text.FIFO_Init
                0x00000e1c       0x48 ./Sources/FIFO.o
                0x00000e1c                FIFO_Init
 .text.FIFO_Put
                0x00000e64       0x78 ./Sources/FIFO.o
                0x00000e64                FIFO_Put
 .text.FIFO_Get
                0x00000edc       0x78 ./Sources/FIFO.o
                0x00000edc                FIFO_Get
 .text.FTM_Init
                0x00000f54       0x90 ./Sources/FTM.o
                0x00000f54                FTM_Init
 .text.FTM_Set  0x00000fe4      0x214 ./Sources/FTM.o
                0x00000fe4                FTM_Set
 .text.FTM0_ISR
                0x000011f8       0x80 ./Sources/FTM.o
                0x000011f8                FTM0_ISR
 .text.Flash_Init
                0x00001278       0x24 ./Sources/Flash.o
                0x00001278                Flash_Init
 .text.Flash_AllocateVar
                0x0000129c      0x13c ./Sources/Flash.o
                0x0000129c                Flash_AllocateVar
 .text.Flash_Write32
                0x000013d8       0x58 ./Sources/Flash.o
                0x000013d8                Flash_Write32
 .text.Flash_Write16
                0x00001430       0x60 ./Sources/Flash.o
                0x00001430                Flash_Write16
 .text.Flash_Write8
                0x00001490       0x74 ./Sources/Flash.o
                0x00001490                Flash_Write8
 .text.Flash_Erase
                0x00001504       0x14 ./Sources/Flash.o
                0x00001504                Flash_Erase
 .text.LaunchCommand
                0x00001518       0xb4 ./Sources/Flash.o
 .text.WritePhrase
                0x000015cc       0x70 ./Sources/Flash.o
 .text.EraseSector
                0x0000163c       0x38 ./Sources/Flash.o
 .text.ModifyPhrase
                0x00001674       0x38 ./Sources/Flash.o
 .text.LEDs_Init
                0x000016ac       0x6c ./Sources/LEDs.o
                0x000016ac                LEDs_Init
 .text.PIT_Init
                0x00001718       0xcc ./Sources/PIT.o
                0x00001718                PIT_Init
 .text.PIT_Set  0x000017e4       0xa8 ./Sources/PIT.o
                0x000017e4                PIT_Set
 .text.PIT_Enable
                0x0000188c      0x10c ./Sources/PIT.o
                0x0000188c                PIT_Enable
 .text.PIT0_ISR
                0x00001998       0x48 ./Sources/PIT.o
                0x00001998                PIT0_ISR
 .text.PIT1_ISR
                0x000019e0       0x48 ./Sources/PIT.o
                0x000019e0                PIT1_ISR
 .text.PIT0Thread
                0x00001a28       0x34 ./Sources/PIT.o
                0x00001a28                PIT0Thread
 .text.PIT1Thread
                0x00001a5c       0x34 ./Sources/PIT.o
                0x00001a5c                PIT1Thread
 .text.RTC_Set  0x00001a90       0x5c ./Sources/RTC.o
                0x00001a90                RTC_Set
 .text.RTC_ISR  0x00001aec       0x34 ./Sources/RTC.o
                0x00001aec                RTC_ISR
 .text.UART_Init
                0x00001b20      0x150 ./Sources/UART.o
                0x00001b20                UART_Init
 .text.UART_InChar
                0x00001c70       0x20 ./Sources/UART.o
                0x00001c70                UART_InChar
 .text.UART_OutChar
                0x00001c90       0x3c ./Sources/UART.o
                0x00001c90                UART_OutChar
 .text.UART_ISR
                0x00001ccc       0xa8 ./Sources/UART.o
                0x00001ccc                UART_ISR
 .text.UARTRXThread
                0x00001d74       0x44 ./Sources/UART.o
                0x00001d74                UARTRXThread
 .text.UARTTXThread
                0x00001db8       0x4c ./Sources/UART.o
                0x00001db8                UARTTXThread
 .text.Sliding_Voltage
                0x00001e04       0xa0 ./Sources/calculation.o
                0x00001e04                Sliding_Voltage
 .text.Real_RMS
                0x00001ea4       0x5c ./Sources/calculation.o
                0x00001ea4                Real_RMS
 .text.Current_RMS
                0x00001f00       0x48 ./Sources/calculation.o
                0x00001f00                Current_RMS
 .text.PacketHandlerThread
                0x00001f48       0x30 ./Sources/main.o
                0x00001f48                PacketHandlerThread
 .text.LPTMRInit
                0x00001f78       0xa8 ./Sources/main.o
                0x00001f78                LPTMRInit
 .text.LPTimer_ISR
                0x00002020       0x50 ./Sources/main.o
                0x00002020                LPTimer_ISR
 .text.InitModulesThread
                0x00002070       0x70 ./Sources/main.o
 .text.AnalogLoopbackThread
                0x000020e0      0x280 ./Sources/main.o
                0x000020e0                AnalogLoopbackThread
 .text.main     0x00002360      0x124 ./Sources/main.o
                0x00002360                main
 .text.PacketHandler
                0x00002484       0xe8 ./Sources/main.o
                0x00002484                PacketHandler
 .text.TowerInit
                0x0000256c       0xac ./Sources/main.o
                0x0000256c                TowerInit
 .text.StartupPackets
                0x00002618       0x70 ./Sources/main.o
                0x00002618                StartupPackets
 .text.TowerNumberPackets
                0x00002688       0x6c ./Sources/main.o
                0x00002688                TowerNumberPackets
 .text.TowerModePackets
                0x000026f4       0x6c ./Sources/main.o
                0x000026f4                TowerModePackets
 .text.VersionPackets
                0x00002760       0x18 ./Sources/main.o
                0x00002760                VersionPackets
 .text.ProgramBytePackets
                0x00002778       0x48 ./Sources/main.o
                0x00002778                ProgramBytePackets
 .text.ReadBytePackets
                0x000027c0       0x30 ./Sources/main.o
                0x000027c0                ReadBytePackets
 .text.TowerTimePackets
                0x000027f0       0x54 ./Sources/main.o
                0x000027f0                TowerTimePackets
 .text.DORPackets
                0x00002844       0xc8 ./Sources/main.o
                0x00002844                DORPackets
 .text.Packet_Init
                0x0000290c       0x1c ./Sources/packet.o
                0x0000290c                Packet_Init
 .text.Packet_Get
                0x00002928      0x11c ./Sources/packet.o
                0x00002928                Packet_Get
 .text.Packet_Put
                0x00002a44       0x54 ./Sources/packet.o
                0x00002a44                Packet_Put
 .text.Checksum_Calculation
                0x00002a98       0x30 ./Sources/packet.o
                0x00002a98                Checksum_Calculation
 .text.__copy_rom_section
                0x00002ac8       0xe4 ./Project_Settings/Startup_Code/startup.o
                0x00002ac8                __copy_rom_section
 .text.__copy_rom_sections_to_ram
                0x00002bac       0x9c ./Project_Settings/Startup_Code/startup.o
                0x00002bac                __copy_rom_sections_to_ram
 .text.__init_registers
                0x00002c48       0x20 ./Project_Settings/Startup_Code/startup.o
                0x00002c48                __init_registers
 .text.__init_user
                0x00002c68        0xc ./Project_Settings/Startup_Code/startup.o
                0x00002c68                __init_user
 .text.__thumb_startup
                0x00002c74       0x34 ./Project_Settings/Startup_Code/startup.o
                0x00002c74                __thumb_startup
 .text.Cpu_Interrupt
                0x00002ca8       0x18 ./Generated_Code/Cpu.o
                0x00002ca8                Cpu_Interrupt
 .text.__init_hardware
                0x00002cc0      0x1cc ./Generated_Code/Cpu.o
                0x00002cc0                __init_hardware
 .text.Cpu_SetBASEPRI
                0x00002e8c       0x18 ./Generated_Code/Cpu.o
                0x00002e8c                Cpu_SetBASEPRI
 .text.PE_low_level_init
                0x00002ea4       0xe4 ./Generated_Code/Cpu.o
                0x00002ea4                PE_low_level_init
 .text.OS_Init  0x00002f88      0x110 C:\Users\12878930\Documents\autumn-embedded-project\Library\libOS.a(OS.o)
                0x00002f88                OS_Init
 .text.OS_ISREnter
                0x00003098       0x20 C:\Users\12878930\Documents\autumn-embedded-project\Library\libOS.a(OS.o)
                0x00003098                OS_ISREnter
 .text.OS_ISRExit
                0x000030b8       0x1c C:\Users\12878930\Documents\autumn-embedded-project\Library\libOS.a(OS.o)
                0x000030b8                OS_ISRExit
 .text.OS_SemaphoreCreate
                0x000030d4       0x90 C:\Users\12878930\Documents\autumn-embedded-project\Library\libOS.a(OS.o)
                0x000030d4                OS_SemaphoreCreate
 .text.OS_SemaphoreSignal
                0x00003164       0x44 C:\Users\12878930\Documents\autumn-embedded-project\Library\libOS.a(OS.o)
                0x00003164                OS_SemaphoreSignal
 .text.OS_SemaphoreWait
                0x000031a8       0x58 C:\Users\12878930\Documents\autumn-embedded-project\Library\libOS.a(OS.o)
                0x000031a8                OS_SemaphoreWait
 .text.OS_Start
                0x00003200       0x10 C:\Users\12878930\Documents\autumn-embedded-project\Library\libOS.a(OS.o)
                0x00003200                OS_Start
 .text.OS_ThreadCreate
                0x00003210      0x160 C:\Users\12878930\Documents\autumn-embedded-project\Library\libOS.a(OS.o)
                0x00003210                OS_ThreadCreate
 .text.OS_ThreadDelete
                0x00003370      0x18c C:\Users\12878930\Documents\autumn-embedded-project\Library\libOS.a(OS.o)
                0x00003370                OS_ThreadDelete
 .text.EventThreadReady
                0x000034fc       0x68 C:\Users\12878930\Documents\autumn-embedded-project\Library\libOS.a(OS.o)
 .text.EventThreadWait
                0x00003564       0x64 C:\Users\12878930\Documents\autumn-embedded-project\Library\libOS.a(OS.o)
 .text.EventTimeout
                0x000035c8       0x40 C:\Users\12878930\Documents\autumn-embedded-project\Library\libOS.a(OS.o)
 .text.Idle     0x00003608       0x18 C:\Users\12878930\Documents\autumn-embedded-project\Library\libOS.a(OS.o)
 .text.FindFirstSet
                0x00003620       0x44 C:\Users\12878930\Documents\autumn-embedded-project\Library\libOS.a(OS.o)
 .text.Schedule
                0x00003664       0x64 C:\Users\12878930\Documents\autumn-embedded-project\Library\libOS.a(OS.o)
 .text.TCBInit  0x000036c8       0xcc C:\Users\12878930\Documents\autumn-embedded-project\Library\libOS.a(OS.o)
 .text.TimeTick
                0x00003794       0x74 C:\Users\12878930\Documents\autumn-embedded-project\Library\libOS.a(OS.o)
 *fill*         0x00003808        0x8 
 .text.OS_ContextSwitchISR
                0x00003810       0x70 C:\Users\12878930\Documents\autumn-embedded-project\Library\libOS.a(OS.o)
                0x00003810                OS_ContextSwitchISR
 .text.OS_SysTickISR
                0x00003880       0x5c C:\Users\12878930\Documents\autumn-embedded-project\Library\libOS.a(OS.o)
                0x00003880                OS_SysTickISR
 .text.DACWrite
                0x000038dc       0x6c C:\Users\12878930\Documents\autumn-embedded-project\Library\libAnalog.a(analog.o)
 .text.Analog_Init
                0x00003948      0x100 C:\Users\12878930\Documents\autumn-embedded-project\Library\libAnalog.a(analog.o)
                0x00003948                Analog_Init
 .text.Analog_Get
                0x00003a48       0x78 C:\Users\12878930\Documents\autumn-embedded-project\Library\libAnalog.a(analog.o)
                0x00003a48                Analog_Get
 .text.Analog_Put
                0x00003ac0       0x50 C:\Users\12878930\Documents\autumn-embedded-project\Library\libAnalog.a(analog.o)
                0x00003ac0                Analog_Put
 .text.InitChipSelectPins
                0x00003b10       0x6c C:\Users\12878930\Documents\autumn-embedded-project\Library\libAnalog.a(SPI.o)
 .text.SetupModuleConfigurationRegister
                0x00003b7c      0x104 C:\Users\12878930\Documents\autumn-embedded-project\Library\libAnalog.a(SPI.o)
 .text.SetBaudRate
                0x00003c80      0x15c C:\Users\12878930\Documents\autumn-embedded-project\Library\libAnalog.a(SPI.o)
 .text.SetDelayAfterTransfer
                0x00003ddc      0x168 C:\Users\12878930\Documents\autumn-embedded-project\Library\libAnalog.a(SPI.o)
 .text.SetupClockAndTransferAttributesRegister
                0x00003f44      0x16c C:\Users\12878930\Documents\autumn-embedded-project\Library\libAnalog.a(SPI.o)
 .text.SPI_Init
                0x000040b0       0x90 C:\Users\12878930\Documents\autumn-embedded-project\Library\libAnalog.a(SPI.o)
                0x000040b0                SPI_Init
 .text.SPI_SelectSlaveDevice
                0x00004140       0x6c C:\Users\12878930\Documents\autumn-embedded-project\Library\libAnalog.a(SPI.o)
                0x00004140                SPI_SelectSlaveDevice
 .text.SPI_Exchange
                0x000041ac       0x94 C:\Users\12878930\Documents\autumn-embedded-project\Library\libAnalog.a(SPI.o)
                0x000041ac                SPI_Exchange
 .text.pow      0x00004240      0x340 c:/software/freescale/kds_3.0.0/toolchain/bin/../lib/gcc/arm-none-eabi/4.8.4/../../../../arm-none-eabi/lib/armv7e-m/fpu\libm.a(lib_a-w_pow.o)
                0x00004240                pow
 .text.sqrt     0x00004580       0xbc c:/software/freescale/kds_3.0.0/toolchain/bin/../lib/gcc/arm-none-eabi/4.8.4/../../../../arm-none-eabi/lib/armv7e-m/fpu\libm.a(lib_a-w_sqrt.o)
                0x00004580                sqrt
 *fill*         0x0000463c        0x4 
 .text.__ieee754_pow
                0x00004640      0xae8 c:/software/freescale/kds_3.0.0/toolchain/bin/../lib/gcc/arm-none-eabi/4.8.4/../../../../arm-none-eabi/lib/armv7e-m/fpu\libm.a(lib_a-e_pow.o)
                0x00004640                __ieee754_pow
 .text.__ieee754_sqrt
                0x00005128      0x198 c:/software/freescale/kds_3.0.0/toolchain/bin/../lib/gcc/arm-none-eabi/4.8.4/../../../../arm-none-eabi/lib/armv7e-m/fpu\libm.a(lib_a-e_sqrt.o)
                0x00005128                __ieee754_sqrt
 .text.fabs     0x000052c0       0x14 c:/software/freescale/kds_3.0.0/toolchain/bin/../lib/gcc/arm-none-eabi/4.8.4/../../../../arm-none-eabi/lib/armv7e-m/fpu\libm.a(lib_a-s_fabs.o)
                0x000052c0                fabs
 .text.finite   0x000052d4       0x10 c:/software/freescale/kds_3.0.0/toolchain/bin/../lib/gcc/arm-none-eabi/4.8.4/../../../../arm-none-eabi/lib/armv7e-m/fpu\libm.a(lib_a-s_finite.o)
                0x000052d4                finite
 .text.__fpclassifyd
                0x000052e4       0x54 c:/software/freescale/kds_3.0.0/toolchain/bin/../lib/gcc/arm-none-eabi/4.8.4/../../../../arm-none-eabi/lib/armv7e-m/fpu\libm.a(lib_a-s_fpclassify.o)
                0x000052e4                __fpclassifyd
 .text.matherr  0x00005338        0x4 c:/software/freescale/kds_3.0.0/toolchain/bin/../lib/gcc/arm-none-eabi/4.8.4/../../../../arm-none-eabi/lib/armv7e-m/fpu\libm.a(lib_a-s_matherr.o)
                0x00005338                matherr
 *fill*         0x0000533c        0x4 
 .text.nan      0x00005340       0x10 c:/software/freescale/kds_3.0.0/toolchain/bin/../lib/gcc/arm-none-eabi/4.8.4/../../../../arm-none-eabi/lib/armv7e-m/fpu\libm.a(lib_a-s_nan.o)
                0x00005340                nan
 .text.rint     0x00005350      0x120 c:/software/freescale/kds_3.0.0/toolchain/bin/../lib/gcc/arm-none-eabi/4.8.4/../../../../arm-none-eabi/lib/armv7e-m/fpu\libm.a(lib_a-s_rint.o)
                0x00005350                rint
 .text.scalbn   0x00005470      0x120 c:/software/freescale/kds_3.0.0/toolchain/bin/../lib/gcc/arm-none-eabi/4.8.4/../../../../arm-none-eabi/lib/armv7e-m/fpu\libm.a(lib_a-s_scalbn.o)
                0x00005470                scalbn
 .text.copysign
                0x00005590       0x24 c:/software/freescale/kds_3.0.0/toolchain/bin/../lib/gcc/arm-none-eabi/4.8.4/../../../../arm-none-eabi/lib/armv7e-m/fpu\libm.a(lib_a-s_copysign.o)
                0x00005590                copysign
 .text.__errno  0x000055b4        0xc c:/software/freescale/kds_3.0.0/toolchain/bin/../lib/gcc/arm-none-eabi/4.8.4/../../../../arm-none-eabi/lib/armv7e-m/fpu\libg_s.a(lib_a-errno.o)
                0x000055b4                __errno
 .text.exit     0x000055c0       0x28 c:/software/freescale/kds_3.0.0/toolchain/bin/../lib/gcc/arm-none-eabi/4.8.4/../../../../arm-none-eabi/lib/armv7e-m/fpu\libg_s.a(lib_a-exit.o)
                0x000055c0                exit
 .text.__libc_init_array
                0x000055e8       0x4c c:/software/freescale/kds_3.0.0/toolchain/bin/../lib/gcc/arm-none-eabi/4.8.4/../../../../arm-none-eabi/lib/armv7e-m/fpu\libg_s.a(lib_a-init.o)
                0x000055e8                __libc_init_array
 .text.memcpy   0x00005634       0x12 c:/software/freescale/kds_3.0.0/toolchain/bin/../lib/gcc/arm-none-eabi/4.8.4/../../../../arm-none-eabi/lib/armv7e-m/fpu\libg_s.a(lib_a-memcpy-stub.o)
                0x00005634                memcpy
 .text.memset   0x00005646       0x10 c:/software/freescale/kds_3.0.0/toolchain/bin/../lib/gcc/arm-none-eabi/4.8.4/../../../../arm-none-eabi/lib/armv7e-m/fpu\libg_s.a(lib_a-memset.o)
                0x00005646                memset
 *fill*         0x00005656        0x2 
 .text._exit    0x00005658        0x4 c:/software/freescale/kds_3.0.0/toolchain/bin/../lib/gcc/arm-none-eabi/4.8.4/../../../../arm-none-eabi/lib/armv7e-m/fpu\libnosys.a(_exit.o)
                0x00005658                _exit
 *(.rodata)
 .rodata        0x0000565c        0x4 C:\Users\12878930\Documents\autumn-embedded-project\Library\libAnalog.a(analog.o)
 .rodata        0x00005660       0xa0 C:\Users\12878930\Documents\autumn-embedded-project\Library\libAnalog.a(SPI.o)
 *(.rodata*)
 .rodata.ANALOG_THREAD_PRIORITIES
                0x00005700        0x4 ./Sources/main.o
                0x00005700                ANALOG_THREAD_PRIORITIES
 .rodata.SPI_SETUP
                0x00005704       0x1c C:\Users\12878930\Documents\autumn-embedded-project\Library\libAnalog.a(analog.o)
 .rodata.str1.4
                0x00005720        0x4 c:/software/freescale/kds_3.0.0/toolchain/bin/../lib/gcc/arm-none-eabi/4.8.4/../../../../arm-none-eabi/lib/armv7e-m/fpu\libm.a(lib_a-w_pow.o)
 .rodata.str1.4
                0x00005724        0x5 c:/software/freescale/kds_3.0.0/toolchain/bin/../lib/gcc/arm-none-eabi/4.8.4/../../../../arm-none-eabi/lib/armv7e-m/fpu\libm.a(lib_a-w_sqrt.o)
                                  0x8 (size before relaxing)
 *fill*         0x00005729        0x7 
 .rodata.dp_h   0x00005730       0x10 c:/software/freescale/kds_3.0.0/toolchain/bin/../lib/gcc/arm-none-eabi/4.8.4/../../../../arm-none-eabi/lib/armv7e-m/fpu\libm.a(lib_a-e_pow.o)
 .rodata.dp_l   0x00005740       0x10 c:/software/freescale/kds_3.0.0/toolchain/bin/../lib/gcc/arm-none-eabi/4.8.4/../../../../arm-none-eabi/lib/armv7e-m/fpu\libm.a(lib_a-e_pow.o)
 .rodata.bp     0x00005750       0x10 c:/software/freescale/kds_3.0.0/toolchain/bin/../lib/gcc/arm-none-eabi/4.8.4/../../../../arm-none-eabi/lib/armv7e-m/fpu\libm.a(lib_a-e_pow.o)
 .rodata.str1.4
                0x00000000        0x8 c:/software/freescale/kds_3.0.0/toolchain/bin/../lib/gcc/arm-none-eabi/4.8.4/../../../../arm-none-eabi/lib/armv7e-m/fpu\libm.a(lib_a-e_pow.o)
                                  0x4 (size before relaxing)
 .rodata.TWO52  0x00005760       0x10 c:/software/freescale/kds_3.0.0/toolchain/bin/../lib/gcc/arm-none-eabi/4.8.4/../../../../arm-none-eabi/lib/armv7e-m/fpu\libm.a(lib_a-s_rint.o)
 .rodata.str1.1
                0x00005770        0x2 c:/software/freescale/kds_3.0.0/toolchain/bin/../lib/gcc/arm-none-eabi/4.8.4/../../../../arm-none-eabi/lib/armv7e-m/fpu\libg_s.a(lib_a-impure.o)
 *fill*         0x00005772        0x2 
 .rodata._global_impure_ptr
                0x00005774        0x4 c:/software/freescale/kds_3.0.0/toolchain/bin/../lib/gcc/arm-none-eabi/4.8.4/../../../../arm-none-eabi/lib/armv7e-m/fpu\libg_s.a(lib_a-impure.o)
                0x00005774                _global_impure_ptr
 *(.glue_7)
 .glue_7        0x00000000        0x0 linker stubs
 *(.glue_7t)
 .glue_7t       0x00000000        0x0 linker stubs
 *(.eh_frame)
 .eh_frame      0x00005778        0x0 c:/software/freescale/kds_3.0.0/toolchain/bin/../lib/gcc/arm-none-eabi/4.8.4/armv7e-m/fpu/crtbegin.o
 *(.init)
 .init          0x00005778        0x4 c:/software/freescale/kds_3.0.0/toolchain/bin/../lib/gcc/arm-none-eabi/4.8.4/armv7e-m/fpu/crti.o
                0x00005778                _init
 .init          0x0000577c        0x8 c:/software/freescale/kds_3.0.0/toolchain/bin/../lib/gcc/arm-none-eabi/4.8.4/armv7e-m/fpu/crtn.o
 *(.fini)
 .fini          0x00005784        0x4 c:/software/freescale/kds_3.0.0/toolchain/bin/../lib/gcc/arm-none-eabi/4.8.4/armv7e-m/fpu/crti.o
                0x00005784                _fini
 .fini          0x00005788        0x8 c:/software/freescale/kds_3.0.0/toolchain/bin/../lib/gcc/arm-none-eabi/4.8.4/armv7e-m/fpu/crtn.o
                0x00005790                . = ALIGN (0x4)
                0x00005790                _etext = .

.vfp11_veneer   0x00005790        0x0
 .vfp11_veneer  0x00000000        0x0 linker stubs

.v4_bx          0x00005790        0x0
 .v4_bx         0x00000000        0x0 linker stubs

.iplt           0x00005790        0x0
 .iplt          0x00000000        0x0 c:/software/freescale/kds_3.0.0/toolchain/bin/../lib/gcc/arm-none-eabi/4.8.4/armv7e-m/fpu/crtbegin.o

.ARM.extab
 *(.ARM.extab* .gnu.linkonce.armextab.*)

.ARM            0x00005790        0x8
                0x00005790                __exidx_start = .
 *(.ARM.exidx*)
 .ARM.exidx     0x00005790        0x8 c:/software/freescale/kds_3.0.0/toolchain/bin/../lib/gcc/arm-none-eabi/4.8.4/../../../../arm-none-eabi/lib/armv7e-m/fpu/crt0.o
                0x00005798                __exidx_end = .

.rel.dyn        0x00005798        0x0
 .rel.iplt      0x00000000        0x0 c:/software/freescale/kds_3.0.0/toolchain/bin/../lib/gcc/arm-none-eabi/4.8.4/armv7e-m/fpu/crtbegin.o

.ctors          0x00005798        0x0
                0x00005798                __CTOR_LIST__ = .
 *crtbegin.o(.ctors)
 *(EXCLUDE_FILE(*crtend.o) .ctors)
 *(SORT(.ctors.*))
 *(.ctors)
                0x00005798                __CTOR_END__ = .

.dtors          0x00005798        0x0
                0x00005798                __DTOR_LIST__ = .
 *crtbegin.o(.dtors)
 *(EXCLUDE_FILE(*crtend.o) .dtors)
 *(SORT(.dtors.*))
 *(.dtors)
                0x00005798                __DTOR_END__ = .

.preinit_array  0x00005798        0x0
                0x00005798                PROVIDE (__preinit_array_start, .)
 *(.preinit_array*)
                0x00005798                PROVIDE (__preinit_array_end, .)

.init_array     0x00005798        0x4
                0x00005798                PROVIDE (__init_array_start, .)
 *(SORT(.init_array.*))
 *(.init_array*)
 .init_array    0x00005798        0x4 c:/software/freescale/kds_3.0.0/toolchain/bin/../lib/gcc/arm-none-eabi/4.8.4/armv7e-m/fpu/crtbegin.o
                0x0000579c                PROVIDE (__init_array_end, .)

.fini_array     0x0000579c        0x4
                0x0000579c                PROVIDE (__fini_array_start, .)
 *(SORT(.fini_array.*))
 *(.fini_array*)
 .fini_array    0x0000579c        0x4 c:/software/freescale/kds_3.0.0/toolchain/bin/../lib/gcc/arm-none-eabi/4.8.4/armv7e-m/fpu/crtbegin.o
                0x000057a0                PROVIDE (__fini_array_end, .)
                0x000057a0                ___ROM_AT = .

.data           0x1fff0000       0x8c load address 0x000057a0
                0x1fff0000                . = ALIGN (0x4)
                0x1fff0000                _sdata = .
 *(.data)
 *(.data*)
 .data.byteAlloc.5674
                0x1fff0000        0x1 ./Sources/Flash.o
 *fill*         0x1fff0001        0x3 
 .data.FTMPacket
                0x1fff0004       0x10 ./Sources/main.o
                0x1fff0004                FTMPacket
 .data.AnalogThreadData
                0x1fff0014       0x10 ./Sources/main.o
 .data.__fdlib_version
                0x1fff0024        0x1 c:/software/freescale/kds_3.0.0/toolchain/bin/../lib/gcc/arm-none-eabi/4.8.4/../../../../arm-none-eabi/lib/armv7e-m/fpu\libm.a(lib_a-s_lib_ver.o)
                0x1fff0024                __fdlib_version
 *fill*         0x1fff0025        0x3 
 .data.impure_data
                0x1fff0028       0x60 c:/software/freescale/kds_3.0.0/toolchain/bin/../lib/gcc/arm-none-eabi/4.8.4/../../../../arm-none-eabi/lib/armv7e-m/fpu\libg_s.a(lib_a-impure.o)
 .data._impure_ptr
                0x1fff0088        0x4 c:/software/freescale/kds_3.0.0/toolchain/bin/../lib/gcc/arm-none-eabi/4.8.4/../../../../arm-none-eabi/lib/armv7e-m/fpu\libg_s.a(lib_a-impure.o)
                0x1fff0088                _impure_ptr
                0x1fff008c                . = ALIGN (0x4)
                0x1fff008c                _edata = .
                0x0000008c                ___data_size = (_edata - _sdata)
                0x0000582c                ___m_data_20000000_ROMStart = (___ROM_AT + SIZEOF (.data))

.jcr            0x1fff008c        0x0 load address 0x0000582c
 .jcr           0x1fff008c        0x0 c:/software/freescale/kds_3.0.0/toolchain/bin/../lib/gcc/arm-none-eabi/4.8.4/armv7e-m/fpu/crtbegin.o

.igot.plt       0x1fff008c        0x0 load address 0x0000582c
 .igot.plt      0x00000000        0x0 c:/software/freescale/kds_3.0.0/toolchain/bin/../lib/gcc/arm-none-eabi/4.8.4/armv7e-m/fpu/crtbegin.o

.m_data_20000000
                0x20000000        0x0 load address 0x0000582c
                0x20000000                . = ALIGN (0x4)
                0x20000000                ___m_data_20000000_RAMStart = .
 *(.m_data_20000000)
                0x20000000                ___m_data_20000000_RAMEnd = .
                0x20000000                . = ALIGN (0x4)
                0x00000000                ___m_data_20000000_ROMSize = (___m_data_20000000_RAMEnd - ___m_data_20000000_RAMStart)
                0x20000000                . = ALIGN (0x4)

.bss            0x1fff0090     0x19cc load address 0x00005830
                0x1fff0090                __START_BSS = .
                0x1fff0090                PROVIDE (__bss_start__, __START_BSS)
 *(.bss)
 .bss           0x1fff0090       0x1c c:/software/freescale/kds_3.0.0/toolchain/bin/../lib/gcc/arm-none-eabi/4.8.4/armv7e-m/fpu/crtbegin.o
 *(.bss*)
 .bss.PIT_ModuleClk
                0x1fff00ac        0x4 ./Sources/PIT.o
 .bss.PITArguments
                0x1fff00b0        0x4 ./Sources/PIT.o
 .bss.PITCallback
                0x1fff00b4        0x4 ./Sources/PIT.o
 .bss.TxFIFO    0x1fff00b8      0x110 ./Sources/UART.o
 .bss.RxFIFO    0x1fff01c8      0x110 ./Sources/UART.o
 .bss.RxData    0x1fff02d8        0x1 ./Sources/UART.o
 *fill*         0x1fff02d9        0x3 
 .bss.TowerNumber
                0x1fff02dc        0x4 ./Sources/main.o
 .bss.TowerMode
                0x1fff02e0        0x4 ./Sources/main.o
 *fill*         0x1fff02e4        0x4 
 .bss.InitModulesThreadStack
                0x1fff02e8      0x190 ./Sources/main.o
 .bss.AnalogThreadStacks
                0x1fff0478      0x320 ./Sources/main.o
 .bss.UARTRXStack
                0x1fff0798      0x190 ./Sources/main.o
 .bss.UARTTXStack
                0x1fff0928      0x190 ./Sources/main.o
 .bss.PacketHandlerStack
                0x1fff0ab8      0x190 ./Sources/main.o
 .bss.PIT0Stack
                0x1fff0c48      0x190 ./Sources/main.o
 .bss.PIT1Stack
                0x1fff0dd8      0x190 ./Sources/main.o
 .bss.packetComplete.6635
                0x1fff0f68        0x1 ./Sources/packet.o
 .bss.SR_lock   0x1fff0f69        0x1 ./Generated_Code/Cpu.o
                0x1fff0f69                SR_lock
 *fill*         0x1fff0f6a        0x2 
 .bss.TCBUnusedMain
                0x1fff0f6c       0x18 C:\Users\12878930\Documents\autumn-embedded-project\Library\libOS.a(OS.o)
 .bss.TCBTable  0x1fff0f84      0x300 C:\Users\12878930\Documents\autumn-embedded-project\Library\libOS.a(OS.o)
 .bss.pTCBFreeList
                0x1fff1284        0x4 C:\Users\12878930\Documents\autumn-embedded-project\Library\libOS.a(OS.o)
 .bss.pTCBAllocatedList
                0x1fff1288        0x4 C:\Users\12878930\Documents\autumn-embedded-project\Library\libOS.a(OS.o)
 .bss.pTCBPriorityTable
                0x1fff128c       0x80 C:\Users\12878930\Documents\autumn-embedded-project\Library\libOS.a(OS.o)
 .bss.pTCBRunning
                0x1fff130c        0x4 C:\Users\12878930\Documents\autumn-embedded-project\Library\libOS.a(OS.o)
 .bss.pTCBHighestReady
                0x1fff1310        0x4 C:\Users\12878930\Documents\autumn-embedded-project\Library\libOS.a(OS.o)
 .bss.ReadyList
                0x1fff1314        0x4 C:\Users\12878930\Documents\autumn-embedded-project\Library\libOS.a(OS.o)
 .bss.ECBTable  0x1fff1318      0x100 C:\Users\12878930\Documents\autumn-embedded-project\Library\libOS.a(OS.o)
 .bss.NextECBFree
                0x1fff1418        0x1 C:\Users\12878930\Documents\autumn-embedded-project\Library\libOS.a(OS.o)
 *fill*         0x1fff1419        0x3 
 .bss.IdleCounter
                0x1fff141c        0x4 C:\Users\12878930\Documents\autumn-embedded-project\Library\libOS.a(OS.o)
 .bss.IdleStack
                0x1fff1420      0x400 C:\Users\12878930\Documents\autumn-embedded-project\Library\libOS.a(OS.o)
 .bss.Ticks     0x1fff1820        0x4 C:\Users\12878930\Documents\autumn-embedded-project\Library\libOS.a(OS.o)
 .bss.ToggleCntr
                0x1fff1824        0x4 C:\Users\12878930\Documents\autumn-embedded-project\Library\libOS.a(OS.o)
 .bss.ToggleLED
                0x1fff1828        0x1 C:\Users\12878930\Documents\autumn-embedded-project\Library\libOS.a(OS.o)
 .bss.ISRNestLevel
                0x1fff1829        0x1 C:\Users\12878930\Documents\autumn-embedded-project\Library\libOS.a(OS.o)
 *fill*         0x1fff182a        0x2 
 .bss.ADCCommandUnion
                0x1fff182c        0x4 C:\Users\12878930\Documents\autumn-embedded-project\Library\libAnalog.a(analog.o)
 *(COMMON)
 COMMON         0x1fff1830       0x3c ./Sources/FTM.o
                0x1fff1830                FTM0_Callback
                0x1fff184c                FTM0_Arguments
                0x1fff1868                FTMSemaphore
 COMMON         0x1fff186c        0xa ./Sources/PIT.o
                0x1fff186c                PIT1Semaphore
                0x1fff1870                PIT0Semaphore
                0x1fff1874                Tripped
 *fill*         0x1fff1876        0x2 
 COMMON         0x1fff1878        0x4 ./Sources/RTC.o
                0x1fff1878                RTCSemaphore
 COMMON         0x1fff187c        0x8 ./Sources/UART.o
                0x1fff187c                UARTTXSemaphore
                0x1fff1880                UARTRXSemaphore
 COMMON         0x1fff1884        0x1 ./Sources/calculation.o
                0x1fff1884                Current_Charac
 *fill*         0x1fff1885        0x3 
 COMMON         0x1fff1888      0x124 ./Sources/main.o
                0x1fff1888                PacketHandlerSemaphore
                0x1fff188c                ChannelCurrents
                0x1fff1894                ChannelsData
 COMMON         0x1fff19ac        0x8 ./Sources/packet.o
                0x1fff19ac                Packet
 COMMON         0x1fff19b4        0x1 ./Generated_Code/Cpu.o
                0x1fff19b4                SR_reg
 *fill*         0x1fff19b5        0x3 
 COMMON         0x1fff19b8       0xa4 C:\Users\12878930\Documents\autumn-embedded-project\Library\libAnalog.a(analog.o)
                0x1fff19b8                Analog_Inputs
                0x1fff1a58                DACInput
                0x1fff1a5c                . = ALIGN (0x4)
                0x1fff1a5c                __END_BSS = .
                0x1fff1a5c                PROVIDE (__bss_end__, __END_BSS)
                0x0000582c                _romp_at = ((___ROM_AT + SIZEOF (.data)) + SIZEOF (.m_data_20000000))

.romp           0x1fff1a5c       0x24 load address 0x0000582c
                0x0000582c                __S_romp = _romp_at
                0x1fff1a5c        0x4 LONG 0x57a0 ___ROM_AT
                0x1fff1a60        0x4 LONG 0x1fff0000 _sdata
                0x1fff1a64        0x4 LONG 0x8c ___data_size
                0x1fff1a68        0x4 LONG 0x582c ___m_data_20000000_ROMStart
                0x1fff1a6c        0x4 LONG 0x20000000 ___m_data_20000000_RAMStart
                0x1fff1a70        0x4 LONG 0x0 ___m_data_20000000_ROMSize
                0x1fff1a74        0x4 LONG 0x0
                0x1fff1a78        0x4 LONG 0x0
                0x1fff1a7c        0x4 LONG 0x0

._user_heap_stack
                0x1fff1a80      0x400 load address 0x00005850
                0x1fff1a80                . = ALIGN (0x4)
                0x1fff1a80                PROVIDE (end, .)
                0x1fff1a80                PROVIDE (_end, .)
                0x1fff1a80                __heap_addr = .
                0x1fff1a80                __HeapBase = .
                0x1fff1a80                . = (. + __heap_size)
                0x1fff1a80                __HeapLimit = .
                0x1fff1e80                . = (. + __stack_size)
 *fill*         0x1fff1a80      0x400 
                0x1fff1e80                . = ALIGN (0x4)

.ARM.attributes
                0x00000000       0x30
 *(.ARM.attributes)
 .ARM.attributes
                0x00000000       0x22 c:/software/freescale/kds_3.0.0/toolchain/bin/../lib/gcc/arm-none-eabi/4.8.4/armv7e-m/fpu/crti.o
 .ARM.attributes
                0x00000022       0x34 c:/software/freescale/kds_3.0.0/toolchain/bin/../lib/gcc/arm-none-eabi/4.8.4/armv7e-m/fpu/crtbegin.o
 .ARM.attributes
                0x00000056       0x20 c:/software/freescale/kds_3.0.0/toolchain/bin/../lib/gcc/arm-none-eabi/4.8.4/../../../../arm-none-eabi/lib/armv7e-m/fpu/crt0.o
 .ARM.attributes
                0x00000076       0x39 ./Sources/FIFO.o
 .ARM.attributes
                0x000000af       0x39 ./Sources/FTM.o
 .ARM.attributes
                0x000000e8       0x39 ./Sources/Flash.o
 .ARM.attributes
                0x00000121       0x39 ./Sources/LEDs.o
 .ARM.attributes
                0x0000015a       0x39 ./Sources/PIT.o
 .ARM.attributes
                0x00000193       0x39 ./Sources/RTC.o
 .ARM.attributes
                0x000001cc       0x39 ./Sources/UART.o
 .ARM.attributes
                0x00000205       0x39 ./Sources/calculation.o
 .ARM.attributes
                0x0000023e       0x39 ./Sources/main.o
 .ARM.attributes
                0x00000277       0x39 ./Sources/packet.o
 .ARM.attributes
                0x000002b0       0x39 ./Project_Settings/Startup_Code/startup.o
 .ARM.attributes
                0x000002e9       0x39 ./Generated_Code/Cpu.o
 .ARM.attributes
                0x00000322       0x39 ./Generated_Code/Vectors.o
 .ARM.attributes
                0x0000035b       0x39 C:\Users\12878930\Documents\autumn-embedded-project\Library\libOS.a(OS.o)
 .ARM.attributes
                0x00000394       0x39 C:\Users\12878930\Documents\autumn-embedded-project\Library\libAnalog.a(analog.o)
 .ARM.attributes
                0x000003cd       0x39 C:\Users\12878930\Documents\autumn-embedded-project\Library\libAnalog.a(SPI.o)
 .ARM.attributes
                0x00000406       0x34 c:/software/freescale/kds_3.0.0/toolchain/bin/../lib/gcc/arm-none-eabi/4.8.4/../../../../arm-none-eabi/lib/armv7e-m/fpu\libm.a(lib_a-w_pow.o)
 .ARM.attributes
                0x0000043a       0x34 c:/software/freescale/kds_3.0.0/toolchain/bin/../lib/gcc/arm-none-eabi/4.8.4/../../../../arm-none-eabi/lib/armv7e-m/fpu\libm.a(lib_a-w_sqrt.o)
 .ARM.attributes
                0x0000046e       0x34 c:/software/freescale/kds_3.0.0/toolchain/bin/../lib/gcc/arm-none-eabi/4.8.4/../../../../arm-none-eabi/lib/armv7e-m/fpu\libm.a(lib_a-e_pow.o)
 .ARM.attributes
                0x000004a2       0x34 c:/software/freescale/kds_3.0.0/toolchain/bin/../lib/gcc/arm-none-eabi/4.8.4/../../../../arm-none-eabi/lib/armv7e-m/fpu\libm.a(lib_a-e_sqrt.o)
 .ARM.attributes
                0x000004d6       0x34 c:/software/freescale/kds_3.0.0/toolchain/bin/../lib/gcc/arm-none-eabi/4.8.4/../../../../arm-none-eabi/lib/armv7e-m/fpu\libm.a(lib_a-s_fabs.o)
 .ARM.attributes
                0x0000050a       0x34 c:/software/freescale/kds_3.0.0/toolchain/bin/../lib/gcc/arm-none-eabi/4.8.4/../../../../arm-none-eabi/lib/armv7e-m/fpu\libm.a(lib_a-s_finite.o)
 .ARM.attributes
                0x0000053e       0x34 c:/software/freescale/kds_3.0.0/toolchain/bin/../lib/gcc/arm-none-eabi/4.8.4/../../../../arm-none-eabi/lib/armv7e-m/fpu\libm.a(lib_a-s_fpclassify.o)
 .ARM.attributes
                0x00000572       0x34 c:/software/freescale/kds_3.0.0/toolchain/bin/../lib/gcc/arm-none-eabi/4.8.4/../../../../arm-none-eabi/lib/armv7e-m/fpu\libm.a(lib_a-s_lib_ver.o)
 .ARM.attributes
                0x000005a6       0x34 c:/software/freescale/kds_3.0.0/toolchain/bin/../lib/gcc/arm-none-eabi/4.8.4/../../../../arm-none-eabi/lib/armv7e-m/fpu\libm.a(lib_a-s_matherr.o)
 .ARM.attributes
                0x000005da       0x34 c:/software/freescale/kds_3.0.0/toolchain/bin/../lib/gcc/arm-none-eabi/4.8.4/../../../../arm-none-eabi/lib/armv7e-m/fpu\libm.a(lib_a-s_nan.o)
 .ARM.attributes
                0x0000060e       0x34 c:/software/freescale/kds_3.0.0/toolchain/bin/../lib/gcc/arm-none-eabi/4.8.4/../../../../arm-none-eabi/lib/armv7e-m/fpu\libm.a(lib_a-s_rint.o)
 .ARM.attributes
                0x00000642       0x34 c:/software/freescale/kds_3.0.0/toolchain/bin/../lib/gcc/arm-none-eabi/4.8.4/../../../../arm-none-eabi/lib/armv7e-m/fpu\libm.a(lib_a-s_scalbn.o)
 .ARM.attributes
                0x00000676       0x34 c:/software/freescale/kds_3.0.0/toolchain/bin/../lib/gcc/arm-none-eabi/4.8.4/../../../../arm-none-eabi/lib/armv7e-m/fpu\libm.a(lib_a-s_copysign.o)
 .ARM.attributes
                0x000006aa       0x22 c:/software/freescale/kds_3.0.0/toolchain/bin/../lib/gcc/arm-none-eabi/4.8.4/armv7e-m/fpu\libgcc.a(_arm_addsubdf3.o)
 .ARM.attributes
                0x000006cc       0x22 c:/software/freescale/kds_3.0.0/toolchain/bin/../lib/gcc/arm-none-eabi/4.8.4/armv7e-m/fpu\libgcc.a(_arm_muldivdf3.o)
 .ARM.attributes
                0x000006ee       0x22 c:/software/freescale/kds_3.0.0/toolchain/bin/../lib/gcc/arm-none-eabi/4.8.4/armv7e-m/fpu\libgcc.a(_arm_cmpdf2.o)
 .ARM.attributes
                0x00000710       0x22 c:/software/freescale/kds_3.0.0/toolchain/bin/../lib/gcc/arm-none-eabi/4.8.4/armv7e-m/fpu\libgcc.a(_arm_truncdfsf2.o)
 .ARM.attributes
                0x00000732       0x34 c:/software/freescale/kds_3.0.0/toolchain/bin/../lib/gcc/arm-none-eabi/4.8.4/../../../../arm-none-eabi/lib/armv7e-m/fpu\libg_s.a(lib_a-errno.o)
 .ARM.attributes
                0x00000766       0x34 c:/software/freescale/kds_3.0.0/toolchain/bin/../lib/gcc/arm-none-eabi/4.8.4/../../../../arm-none-eabi/lib/armv7e-m/fpu\libg_s.a(lib_a-exit.o)
 .ARM.attributes
                0x0000079a       0x34 c:/software/freescale/kds_3.0.0/toolchain/bin/../lib/gcc/arm-none-eabi/4.8.4/../../../../arm-none-eabi/lib/armv7e-m/fpu\libg_s.a(lib_a-impure.o)
 .ARM.attributes
                0x000007ce       0x34 c:/software/freescale/kds_3.0.0/toolchain/bin/../lib/gcc/arm-none-eabi/4.8.4/../../../../arm-none-eabi/lib/armv7e-m/fpu\libg_s.a(lib_a-init.o)
 .ARM.attributes
                0x00000802       0x34 c:/software/freescale/kds_3.0.0/toolchain/bin/../lib/gcc/arm-none-eabi/4.8.4/../../../../arm-none-eabi/lib/armv7e-m/fpu\libg_s.a(lib_a-memcpy-stub.o)
 .ARM.attributes
                0x00000836       0x34 c:/software/freescale/kds_3.0.0/toolchain/bin/../lib/gcc/arm-none-eabi/4.8.4/../../../../arm-none-eabi/lib/armv7e-m/fpu\libg_s.a(lib_a-memset.o)
 .ARM.attributes
                0x0000086a       0x34 c:/software/freescale/kds_3.0.0/toolchain/bin/../lib/gcc/arm-none-eabi/4.8.4/../../../../arm-none-eabi/lib/armv7e-m/fpu\libnosys.a(_exit.o)
 .ARM.attributes
                0x0000089e       0x22 c:/software/freescale/kds_3.0.0/toolchain/bin/../lib/gcc/arm-none-eabi/4.8.4/armv7e-m/fpu/crtn.o
OUTPUT(Project.elf elf32-littlearm)

.debug_info     0x00000000     0x6f3b
 .debug_info    0x00000000      0x227 ./Sources/FIFO.o
 .debug_info    0x00000227      0x849 ./Sources/FTM.o
 .debug_info    0x00000a70      0x6c8 ./Sources/Flash.o
 .debug_info    0x00001138      0x490 ./Sources/LEDs.o
 .debug_info    0x000015c8      0x70e ./Sources/PIT.o
 .debug_info    0x00001cd6      0x721 ./Sources/RTC.o
 .debug_info    0x000023f7      0xa49 ./Sources/UART.o
 .debug_info    0x00002e40      0x1de ./Sources/calculation.o
 .debug_info    0x0000301e      0xd76 ./Sources/main.o
 .debug_info    0x00003d94      0x318 ./Sources/packet.o
 .debug_info    0x000040ac      0x3b0 ./Project_Settings/Startup_Code/startup.o
 .debug_info    0x0000445c      0xc82 ./Generated_Code/Cpu.o
 .debug_info    0x000050de      0x191 ./Generated_Code/Vectors.o
 .debug_info    0x0000526f      0xd02 C:\Users\12878930\Documents\autumn-embedded-project\Library\libOS.a(OS.o)
 .debug_info    0x00005f71      0x56a C:\Users\12878930\Documents\autumn-embedded-project\Library\libAnalog.a(analog.o)
 .debug_info    0x000064db      0xa60 C:\Users\12878930\Documents\autumn-embedded-project\Library\libAnalog.a(SPI.o)

.debug_abbrev   0x00000000     0x1a01
 .debug_abbrev  0x00000000       0xd7 ./Sources/FIFO.o
 .debug_abbrev  0x000000d7      0x1e0 ./Sources/FTM.o
 .debug_abbrev  0x000002b7      0x1fa ./Sources/Flash.o
 .debug_abbrev  0x000004b1      0x144 ./Sources/LEDs.o
 .debug_abbrev  0x000005f5      0x1e9 ./Sources/PIT.o
 .debug_abbrev  0x000007de      0x1be ./Sources/RTC.o
 .debug_abbrev  0x0000099c      0x200 ./Sources/UART.o
 .debug_abbrev  0x00000b9c       0xfb ./Sources/calculation.o
 .debug_abbrev  0x00000c97      0x26b ./Sources/main.o
 .debug_abbrev  0x00000f02       0xf0 ./Sources/packet.o
 .debug_abbrev  0x00000ff2      0x189 ./Project_Settings/Startup_Code/startup.o
 .debug_abbrev  0x0000117b      0x185 ./Generated_Code/Cpu.o
 .debug_abbrev  0x00001300       0xda ./Generated_Code/Vectors.o
 .debug_abbrev  0x000013da      0x2f8 C:\Users\12878930\Documents\autumn-embedded-project\Library\libOS.a(OS.o)
 .debug_abbrev  0x000016d2      0x15a C:\Users\12878930\Documents\autumn-embedded-project\Library\libAnalog.a(analog.o)
 .debug_abbrev  0x0000182c      0x1d5 C:\Users\12878930\Documents\autumn-embedded-project\Library\libAnalog.a(SPI.o)

.debug_aranges  0x00000000      0x4e8
 .debug_aranges
                0x00000000       0x30 ./Sources/FIFO.o
 .debug_aranges
                0x00000030       0x40 ./Sources/FTM.o
 .debug_aranges
                0x00000070       0x68 ./Sources/Flash.o
 .debug_aranges
                0x000000d8       0x38 ./Sources/LEDs.o
 .debug_aranges
                0x00000110       0x50 ./Sources/PIT.o
 .debug_aranges
                0x00000160       0x40 ./Sources/RTC.o
 .debug_aranges
                0x000001a0       0x50 ./Sources/UART.o
 .debug_aranges
                0x000001f0       0x30 ./Sources/calculation.o
 .debug_aranges
                0x00000220       0x98 ./Sources/main.o
 .debug_aranges
                0x000002b8       0x38 ./Sources/packet.o
 .debug_aranges
                0x000002f0       0x50 ./Project_Settings/Startup_Code/startup.o
 .debug_aranges
                0x00000340       0x38 ./Generated_Code/Cpu.o
 .debug_aranges
                0x00000378       0x18 ./Generated_Code/Vectors.o
 .debug_aranges
                0x00000390       0xc8 C:\Users\12878930\Documents\autumn-embedded-project\Library\libOS.a(OS.o)
 .debug_aranges
                0x00000458       0x38 C:\Users\12878930\Documents\autumn-embedded-project\Library\libAnalog.a(analog.o)
 .debug_aranges
                0x00000490       0x58 C:\Users\12878930\Documents\autumn-embedded-project\Library\libAnalog.a(SPI.o)

.debug_ranges   0x00000000      0x3f8
 .debug_ranges  0x00000000       0x20 ./Sources/FIFO.o
 .debug_ranges  0x00000020       0x30 ./Sources/FTM.o
 .debug_ranges  0x00000050       0x58 ./Sources/Flash.o
 .debug_ranges  0x000000a8       0x28 ./Sources/LEDs.o
 .debug_ranges  0x000000d0       0x40 ./Sources/PIT.o
 .debug_ranges  0x00000110       0x30 ./Sources/RTC.o
 .debug_ranges  0x00000140       0x40 ./Sources/UART.o
 .debug_ranges  0x00000180       0x20 ./Sources/calculation.o
 .debug_ranges  0x000001a0       0xa0 ./Sources/main.o
 .debug_ranges  0x00000240       0x28 ./Sources/packet.o
 .debug_ranges  0x00000268       0x40 ./Project_Settings/Startup_Code/startup.o
 .debug_ranges  0x000002a8       0x28 ./Generated_Code/Cpu.o
 .debug_ranges  0x000002d0       0xb8 C:\Users\12878930\Documents\autumn-embedded-project\Library\libOS.a(OS.o)
 .debug_ranges  0x00000388       0x28 C:\Users\12878930\Documents\autumn-embedded-project\Library\libAnalog.a(analog.o)
 .debug_ranges  0x000003b0       0x48 C:\Users\12878930\Documents\autumn-embedded-project\Library\libAnalog.a(SPI.o)

.debug_macro    0x00000000    0x358c6
 .debug_macro   0x00000000       0xb1 ./Sources/FIFO.o
 .debug_macro   0x000000b1      0x850 ./Sources/FIFO.o
 .debug_macro   0x00000901       0x16 ./Sources/FIFO.o
 .debug_macro   0x00000917       0x44 ./Sources/FIFO.o
 .debug_macro   0x0000095b      0x209 ./Sources/FIFO.o
 .debug_macro   0x00000b64       0x22 ./Sources/FIFO.o
 .debug_macro   0x00000b86       0x36 ./Sources/FIFO.o
 .debug_macro   0x00000bbc     0x181c ./Sources/FIFO.o
 .debug_macro   0x000023d8      0x14e ./Sources/FIFO.o
 .debug_macro   0x00002526       0x64 ./Sources/FIFO.o
 .debug_macro   0x0000258a    0x174c1 ./Sources/FIFO.o
 .debug_macro   0x00019a4b       0x9a ./Sources/FIFO.o
 .debug_macro   0x00019ae5       0x90 ./Sources/FTM.o
 .debug_macro   0x00019b75       0x82 ./Sources/Flash.o
 .debug_macro   0x00019bf7       0x28 ./Sources/Flash.o
 .debug_macro   0x00019c1f      0x11e ./Sources/Flash.o
 .debug_macro   0x00019d3d       0x64 ./Sources/LEDs.o
 .debug_macro   0x00019da1       0x97 ./Sources/PIT.o
 .debug_macro   0x00019e38       0x10 ./Sources/PIT.o
 .debug_macro   0x00019e48       0x84 ./Sources/RTC.o
 .debug_macro   0x00019ecc       0xbf ./Sources/UART.o
 .debug_macro   0x00019f8b     0x1816 ./Sources/UART.o
 .debug_macro   0x0001b7a1       0xe1 ./Sources/calculation.o
 .debug_macro   0x0001b882       0x58 ./Sources/calculation.o
 .debug_macro   0x0001b8da       0x35 ./Sources/calculation.o
 .debug_macro   0x0001b90f       0xa3 ./Sources/calculation.o
 .debug_macro   0x0001b9b2      0x166 ./Sources/calculation.o
 .debug_macro   0x0001bb18       0x4a ./Sources/calculation.o
 .debug_macro   0x0001bb62       0x52 ./Sources/calculation.o
 .debug_macro   0x0001bbb4       0x16 ./Sources/calculation.o
 .debug_macro   0x0001bbca       0x43 ./Sources/calculation.o
 .debug_macro   0x0001bc0d      0x180 ./Sources/calculation.o
 .debug_macro   0x0001bd8d       0xde ./Sources/calculation.o
 .debug_macro   0x0001be6b      0x20f ./Sources/calculation.o
 .debug_macro   0x0001c07a      0x1a0 ./Sources/main.o
 .debug_macro   0x0001c21a       0x30 ./Sources/main.o
 .debug_macro   0x0001c24a       0x2e ./Sources/main.o
 .debug_macro   0x0001c278       0xae ./Sources/packet.o
 .debug_macro   0x0001c326      0x121 ./Project_Settings/Startup_Code/startup.o
 .debug_macro   0x0001c447      0x2a6 ./Project_Settings/Startup_Code/startup.o
 .debug_macro   0x0001c6ed       0x10 ./Project_Settings/Startup_Code/startup.o
 .debug_macro   0x0001c6fd       0x35 ./Project_Settings/Startup_Code/startup.o
 .debug_macro   0x0001c732       0x16 ./Project_Settings/Startup_Code/startup.o
 .debug_macro   0x0001c748       0x22 ./Project_Settings/Startup_Code/startup.o
 .debug_macro   0x0001c76a       0x16 ./Project_Settings/Startup_Code/startup.o
 .debug_macro   0x0001c780    0x174af ./Project_Settings/Startup_Code/startup.o
 .debug_macro   0x00033c2f       0x84 ./Generated_Code/Cpu.o
 .debug_macro   0x00033cb3       0xa0 ./Generated_Code/Cpu.o
 .debug_macro   0x00033d53       0xcf ./Generated_Code/Vectors.o
 .debug_macro   0x00033e22       0xa3 C:\Users\12878930\Documents\autumn-embedded-project\Library\libOS.a(OS.o)
 .debug_macro   0x00033ec5     0x17fa C:\Users\12878930\Documents\autumn-embedded-project\Library\libOS.a(OS.o)
 .debug_macro   0x000356bf       0x94 C:\Users\12878930\Documents\autumn-embedded-project\Library\libOS.a(OS.o)
 .debug_macro   0x00035753       0xf5 C:\Users\12878930\Documents\autumn-embedded-project\Library\libAnalog.a(analog.o)
 .debug_macro   0x00035848       0x16 C:\Users\12878930\Documents\autumn-embedded-project\Library\libAnalog.a(analog.o)
 .debug_macro   0x0003585e       0x68 C:\Users\12878930\Documents\autumn-embedded-project\Library\libAnalog.a(SPI.o)

.debug_line     0x00000000     0x3516
 .debug_line    0x00000000      0x30f ./Sources/FIFO.o
 .debug_line    0x0000030f      0x360 ./Sources/FTM.o
 .debug_line    0x0000066f      0x34d ./Sources/Flash.o
 .debug_line    0x000009bc      0x23c ./Sources/LEDs.o
 .debug_line    0x00000bf8      0x392 ./Sources/PIT.o
 .debug_line    0x00000f8a      0x2f7 ./Sources/RTC.o
 .debug_line    0x00001281      0x38f ./Sources/UART.o
 .debug_line    0x00001610      0x2c1 ./Sources/calculation.o
 .debug_line    0x000018d1      0x5e5 ./Sources/main.o
 .debug_line    0x00001eb6      0x341 ./Sources/packet.o
 .debug_line    0x000021f7      0x415 ./Project_Settings/Startup_Code/startup.o
 .debug_line    0x0000260c      0x2a9 ./Generated_Code/Cpu.o
 .debug_line    0x000028b5      0x2e0 ./Generated_Code/Vectors.o
 .debug_line    0x00002b95      0x496 C:\Users\12878930\Documents\autumn-embedded-project\Library\libOS.a(OS.o)
 .debug_line    0x0000302b      0x218 C:\Users\12878930\Documents\autumn-embedded-project\Library\libAnalog.a(analog.o)
 .debug_line    0x00003243      0x2d3 C:\Users\12878930\Documents\autumn-embedded-project\Library\libAnalog.a(SPI.o)

.debug_str      0x00000000    0x8f96d
 .debug_str     0x00000000    0x8a712 ./Sources/FIFO.o
                              0x8a88b (size before relaxing)
 .debug_str     0x0008a712      0x4e6 ./Sources/FTM.o
                              0x8a459 (size before relaxing)
 .debug_str     0x0008abf8      0x8b4 ./Sources/Flash.o
                              0x83622 (size before relaxing)
 .debug_str     0x0008b4ac       0xb8 ./Sources/LEDs.o
                              0x82ef6 (size before relaxing)
 .debug_str     0x0008b564      0x157 ./Sources/PIT.o
                              0x836bd (size before relaxing)
 .debug_str     0x0008b6bb       0xc5 ./Sources/RTC.o
                              0x83639 (size before relaxing)
 .debug_str     0x0008b780      0x177 ./Sources/UART.o
                              0x8ac06 (size before relaxing)
 .debug_str     0x0008b8f7     0x1c36 ./Sources/calculation.o
                               0x4d3f (size before relaxing)
 .debug_str     0x0008d52d      0x3c4 ./Sources/main.o
                              0x8d2e0 (size before relaxing)
 .debug_str     0x0008d8f1       0x62 ./Sources/packet.o
                              0x8ae09 (size before relaxing)
 .debug_str     0x0008d953     0x1141 ./Project_Settings/Startup_Code/startup.o
                              0x853fa (size before relaxing)
 .debug_str     0x0008ea94      0x1f2 ./Generated_Code/Cpu.o
                              0x8aaa6 (size before relaxing)
 .debug_str     0x0008ec86       0x1c ./Generated_Code/Vectors.o
                              0x8a861 (size before relaxing)
 .debug_str     0x0008eca2      0x3b2 C:\Users\12878930\Documents\autumn-embedded-project\Library\libOS.a(OS.o)
                              0x8ad2a (size before relaxing)
 .debug_str     0x0008f054      0x5c4 C:\Users\12878930\Documents\autumn-embedded-project\Library\libAnalog.a(analog.o)
                               0x38d5 (size before relaxing)
 .debug_str     0x0008f618      0x355 C:\Users\12878930\Documents\autumn-embedded-project\Library\libAnalog.a(SPI.o)
                              0x83389 (size before relaxing)

.comment        0x00000000       0x70
 .comment       0x00000000       0x70 ./Sources/FIFO.o
                                 0x71 (size before relaxing)
 .comment       0x00000000       0x71 ./Sources/FTM.o
 .comment       0x00000000       0x71 ./Sources/Flash.o
 .comment       0x00000000       0x71 ./Sources/LEDs.o
 .comment       0x00000000       0x71 ./Sources/PIT.o
 .comment       0x00000000       0x71 ./Sources/RTC.o
 .comment       0x00000000       0x71 ./Sources/UART.o
 .comment       0x00000000       0x71 ./Sources/calculation.o
 .comment       0x00000000       0x71 ./Sources/main.o
 .comment       0x00000000       0x71 ./Sources/packet.o
 .comment       0x00000000       0x71 ./Project_Settings/Startup_Code/startup.o
 .comment       0x00000000       0x71 ./Generated_Code/Cpu.o
 .comment       0x00000000       0x71 ./Generated_Code/Vectors.o
 .comment       0x00000000       0x71 C:\Users\12878930\Documents\autumn-embedded-project\Library\libOS.a(OS.o)
 .comment       0x00000000       0x71 C:\Users\12878930\Documents\autumn-embedded-project\Library\libAnalog.a(analog.o)
 .comment       0x00000000       0x71 C:\Users\12878930\Documents\autumn-embedded-project\Library\libAnalog.a(SPI.o)

.debug_frame    0x00000000     0x10e0
 .debug_frame   0x00000000       0x70 ./Sources/FIFO.o
 .debug_frame   0x00000070       0xac ./Sources/FTM.o
 .debug_frame   0x0000011c      0x13c ./Sources/Flash.o
 .debug_frame   0x00000258       0x7c ./Sources/LEDs.o
 .debug_frame   0x000002d4       0xf4 ./Sources/PIT.o
 .debug_frame   0x000003c8       0xac ./Sources/RTC.o
 .debug_frame   0x00000474       0xf0 ./Sources/UART.o
 .debug_frame   0x00000564       0x70 ./Sources/calculation.o
 .debug_frame   0x000005d4      0x210 ./Sources/main.o
 .debug_frame   0x000007e4       0x8c ./Sources/packet.o
 .debug_frame   0x00000870       0xc0 ./Project_Settings/Startup_Code/startup.o
 .debug_frame   0x00000930       0x80 ./Generated_Code/Cpu.o
 .debug_frame   0x000009b0      0x2a0 C:\Users\12878930\Documents\autumn-embedded-project\Library\libOS.a(OS.o)
 .debug_frame   0x00000c50       0x90 C:\Users\12878930\Documents\autumn-embedded-project\Library\libAnalog.a(analog.o)
 .debug_frame   0x00000ce0      0x100 C:\Users\12878930\Documents\autumn-embedded-project\Library\libAnalog.a(SPI.o)
 .debug_frame   0x00000de0       0x40 c:/software/freescale/kds_3.0.0/toolchain/bin/../lib/gcc/arm-none-eabi/4.8.4/../../../../arm-none-eabi/lib/armv7e-m/fpu\libm.a(lib_a-w_pow.o)
 .debug_frame   0x00000e20       0x38 c:/software/freescale/kds_3.0.0/toolchain/bin/../lib/gcc/arm-none-eabi/4.8.4/../../../../arm-none-eabi/lib/armv7e-m/fpu\libm.a(lib_a-w_sqrt.o)
 .debug_frame   0x00000e58       0x44 c:/software/freescale/kds_3.0.0/toolchain/bin/../lib/gcc/arm-none-eabi/4.8.4/../../../../arm-none-eabi/lib/armv7e-m/fpu\libm.a(lib_a-e_pow.o)
 .debug_frame   0x00000e9c       0x3c c:/software/freescale/kds_3.0.0/toolchain/bin/../lib/gcc/arm-none-eabi/4.8.4/../../../../arm-none-eabi/lib/armv7e-m/fpu\libm.a(lib_a-e_sqrt.o)
 .debug_frame   0x00000ed8       0x20 c:/software/freescale/kds_3.0.0/toolchain/bin/../lib/gcc/arm-none-eabi/4.8.4/../../../../arm-none-eabi/lib/armv7e-m/fpu\libm.a(lib_a-s_fabs.o)
 .debug_frame   0x00000ef8       0x20 c:/software/freescale/kds_3.0.0/toolchain/bin/../lib/gcc/arm-none-eabi/4.8.4/../../../../arm-none-eabi/lib/armv7e-m/fpu\libm.a(lib_a-s_finite.o)
 .debug_frame   0x00000f18       0x28 c:/software/freescale/kds_3.0.0/toolchain/bin/../lib/gcc/arm-none-eabi/4.8.4/../../../../arm-none-eabi/lib/armv7e-m/fpu\libm.a(lib_a-s_fpclassify.o)
 .debug_frame   0x00000f40       0x20 c:/software/freescale/kds_3.0.0/toolchain/bin/../lib/gcc/arm-none-eabi/4.8.4/../../../../arm-none-eabi/lib/armv7e-m/fpu\libm.a(lib_a-s_matherr.o)
 .debug_frame   0x00000f60       0x20 c:/software/freescale/kds_3.0.0/toolchain/bin/../lib/gcc/arm-none-eabi/4.8.4/../../../../arm-none-eabi/lib/armv7e-m/fpu\libm.a(lib_a-s_nan.o)
 .debug_frame   0x00000f80       0x30 c:/software/freescale/kds_3.0.0/toolchain/bin/../lib/gcc/arm-none-eabi/4.8.4/../../../../arm-none-eabi/lib/armv7e-m/fpu\libm.a(lib_a-s_rint.o)
 .debug_frame   0x00000fb0       0x2c c:/software/freescale/kds_3.0.0/toolchain/bin/../lib/gcc/arm-none-eabi/4.8.4/../../../../arm-none-eabi/lib/armv7e-m/fpu\libm.a(lib_a-s_scalbn.o)
 .debug_frame   0x00000fdc       0x28 c:/software/freescale/kds_3.0.0/toolchain/bin/../lib/gcc/arm-none-eabi/4.8.4/../../../../arm-none-eabi/lib/armv7e-m/fpu\libm.a(lib_a-s_copysign.o)
 .debug_frame   0x00001004       0x20 c:/software/freescale/kds_3.0.0/toolchain/bin/../lib/gcc/arm-none-eabi/4.8.4/../../../../arm-none-eabi/lib/armv7e-m/fpu\libg_s.a(lib_a-errno.o)
 .debug_frame   0x00001024       0x28 c:/software/freescale/kds_3.0.0/toolchain/bin/../lib/gcc/arm-none-eabi/4.8.4/../../../../arm-none-eabi/lib/armv7e-m/fpu\libg_s.a(lib_a-exit.o)
 .debug_frame   0x0000104c       0x2c c:/software/freescale/kds_3.0.0/toolchain/bin/../lib/gcc/arm-none-eabi/4.8.4/../../../../arm-none-eabi/lib/armv7e-m/fpu\libg_s.a(lib_a-init.o)
 .debug_frame   0x00001078       0x28 c:/software/freescale/kds_3.0.0/toolchain/bin/../lib/gcc/arm-none-eabi/4.8.4/../../../../arm-none-eabi/lib/armv7e-m/fpu\libg_s.a(lib_a-memcpy-stub.o)
 .debug_frame   0x000010a0       0x20 c:/software/freescale/kds_3.0.0/toolchain/bin/../lib/gcc/arm-none-eabi/4.8.4/../../../../arm-none-eabi/lib/armv7e-m/fpu\libg_s.a(lib_a-memset.o)
 .debug_frame   0x000010c0       0x20 c:/software/freescale/kds_3.0.0/toolchain/bin/../lib/gcc/arm-none-eabi/4.8.4/../../../../arm-none-eabi/lib/armv7e-m/fpu\libnosys.a(_exit.o)
