Archive member included because of file (symbol)

D:\Autumn 2019\Embedded Software\autumn-embedded-project\Library\libOS.a(OS.o)
                              ./Sources/main.o (OS_Init)
D:\Autumn 2019\Embedded Software\autumn-embedded-project\Library\libAnalog.a(analog.o)
                              ./Sources/main.o (Analog_Init)
D:\Autumn 2019\Embedded Software\autumn-embedded-project\Library\libAnalog.a(SPI.o)
                              D:\Autumn 2019\Embedded Software\autumn-embedded-project\Library\libAnalog.a(analog.o) (SPI_Init)
d:/freescale/kds_v3/toolchain/bin/../lib/gcc/arm-none-eabi/4.8.4/../../../../arm-none-eabi/lib/armv7e-m/fpu\libg_s.a(lib_a-exit.o)
                              d:/freescale/kds_v3/toolchain/bin/../lib/gcc/arm-none-eabi/4.8.4/../../../../arm-none-eabi/lib/armv7e-m/fpu/crt0.o (exit)
d:/freescale/kds_v3/toolchain/bin/../lib/gcc/arm-none-eabi/4.8.4/../../../../arm-none-eabi/lib/armv7e-m/fpu\libg_s.a(lib_a-impure.o)
                              d:/freescale/kds_v3/toolchain/bin/../lib/gcc/arm-none-eabi/4.8.4/../../../../arm-none-eabi/lib/armv7e-m/fpu\libg_s.a(lib_a-exit.o) (_global_impure_ptr)
d:/freescale/kds_v3/toolchain/bin/../lib/gcc/arm-none-eabi/4.8.4/../../../../arm-none-eabi/lib/armv7e-m/fpu\libg_s.a(lib_a-init.o)
                              d:/freescale/kds_v3/toolchain/bin/../lib/gcc/arm-none-eabi/4.8.4/../../../../arm-none-eabi/lib/armv7e-m/fpu/crt0.o (__libc_init_array)
d:/freescale/kds_v3/toolchain/bin/../lib/gcc/arm-none-eabi/4.8.4/../../../../arm-none-eabi/lib/armv7e-m/fpu\libg_s.a(lib_a-memset.o)
                              d:/freescale/kds_v3/toolchain/bin/../lib/gcc/arm-none-eabi/4.8.4/../../../../arm-none-eabi/lib/armv7e-m/fpu/crt0.o (memset)
d:/freescale/kds_v3/toolchain/bin/../lib/gcc/arm-none-eabi/4.8.4/../../../../arm-none-eabi/lib/armv7e-m/fpu\libnosys.a(_exit.o)
                              d:/freescale/kds_v3/toolchain/bin/../lib/gcc/arm-none-eabi/4.8.4/../../../../arm-none-eabi/lib/armv7e-m/fpu\libg_s.a(lib_a-exit.o) (_exit)

Allocating common symbols
Common symbol       size              file

Packet              0x8               ./Sources/packet.o
Analog_Inputs       0xa0              D:\Autumn 2019\Embedded Software\autumn-embedded-project\Library\libAnalog.a(analog.o)
SR_reg              0x1               ./Generated_Code/Cpu.o
DACInput            0x4               D:\Autumn 2019\Embedded Software\autumn-embedded-project\Library\libAnalog.a(analog.o)

Discarded input sections

 .text          0x00000000        0x0 d:/freescale/kds_v3/toolchain/bin/../lib/gcc/arm-none-eabi/4.8.4/armv7e-m/fpu/crti.o
 .data          0x00000000        0x0 d:/freescale/kds_v3/toolchain/bin/../lib/gcc/arm-none-eabi/4.8.4/armv7e-m/fpu/crti.o
 .bss           0x00000000        0x0 d:/freescale/kds_v3/toolchain/bin/../lib/gcc/arm-none-eabi/4.8.4/armv7e-m/fpu/crti.o
 .data          0x00000000        0x4 d:/freescale/kds_v3/toolchain/bin/../lib/gcc/arm-none-eabi/4.8.4/armv7e-m/fpu/crtbegin.o
 .data          0x00000000        0x0 d:/freescale/kds_v3/toolchain/bin/../lib/gcc/arm-none-eabi/4.8.4/../../../../arm-none-eabi/lib/armv7e-m/fpu/crt0.o
 .bss           0x00000000        0x0 d:/freescale/kds_v3/toolchain/bin/../lib/gcc/arm-none-eabi/4.8.4/../../../../arm-none-eabi/lib/armv7e-m/fpu/crt0.o
 .ARM.extab     0x00000000        0x0 d:/freescale/kds_v3/toolchain/bin/../lib/gcc/arm-none-eabi/4.8.4/../../../../arm-none-eabi/lib/armv7e-m/fpu/crt0.o
 .group         0x00000000        0x8 ./Sources/FIFO.o
 .group         0x00000000        0x8 ./Sources/FIFO.o
 .group         0x00000000        0x8 ./Sources/FIFO.o
 .group         0x00000000        0x8 ./Sources/FIFO.o
 .group         0x00000000        0x8 ./Sources/FIFO.o
 .group         0x00000000        0x8 ./Sources/FIFO.o
 .group         0x00000000        0x8 ./Sources/FIFO.o
 .group         0x00000000        0x8 ./Sources/FIFO.o
 .group         0x00000000        0x8 ./Sources/FIFO.o
 .group         0x00000000        0x8 ./Sources/FIFO.o
 .text          0x00000000        0x0 ./Sources/FIFO.o
 .data          0x00000000        0x0 ./Sources/FIFO.o
 .bss           0x00000000        0x0 ./Sources/FIFO.o
 .text.FIFO_Init
                0x00000000       0x70 ./Sources/FIFO.o
 .text.FIFO_Put
                0x00000000       0xc4 ./Sources/FIFO.o
 .text.FIFO_Get
                0x00000000       0xc4 ./Sources/FIFO.o
 .debug_info    0x00000000      0x224 ./Sources/FIFO.o
 .debug_abbrev  0x00000000       0xe2 ./Sources/FIFO.o
 .debug_aranges
                0x00000000       0x30 ./Sources/FIFO.o
 .debug_ranges  0x00000000       0x20 ./Sources/FIFO.o
 .debug_macro   0x00000000       0xa2 ./Sources/FIFO.o
 .debug_macro   0x00000000      0x850 ./Sources/FIFO.o
 .debug_macro   0x00000000       0x16 ./Sources/FIFO.o
 .debug_macro   0x00000000       0x44 ./Sources/FIFO.o
 .debug_macro   0x00000000      0x209 ./Sources/FIFO.o
 .debug_macro   0x00000000       0x22 ./Sources/FIFO.o
 .debug_macro   0x00000000     0x181c ./Sources/FIFO.o
 .debug_macro   0x00000000      0x14e ./Sources/FIFO.o
 .debug_macro   0x00000000       0x64 ./Sources/FIFO.o
 .debug_macro   0x00000000    0x174c1 ./Sources/FIFO.o
 .debug_macro   0x00000000       0x9a ./Sources/FIFO.o
 .debug_line    0x00000000      0x2db ./Sources/FIFO.o
 .debug_str     0x00000000    0x8a76a ./Sources/FIFO.o
 .comment       0x00000000       0x71 ./Sources/FIFO.o
 .ARM.attributes
                0x00000000       0x39 ./Sources/FIFO.o
 .debug_frame   0x00000000       0x64 ./Sources/FIFO.o
 .group         0x00000000        0x8 ./Sources/UART.o
 .group         0x00000000        0x8 ./Sources/UART.o
 .group         0x00000000        0x8 ./Sources/UART.o
 .group         0x00000000        0x8 ./Sources/UART.o
 .group         0x00000000        0x8 ./Sources/UART.o
 .group         0x00000000        0x8 ./Sources/UART.o
 .group         0x00000000        0x8 ./Sources/UART.o
 .group         0x00000000        0x8 ./Sources/UART.o
 .group         0x00000000        0x8 ./Sources/UART.o
 .group         0x00000000        0x8 ./Sources/UART.o
 .group         0x00000000        0x8 ./Sources/UART.o
 .text          0x00000000        0x0 ./Sources/UART.o
 .data          0x00000000        0x0 ./Sources/UART.o
 .bss           0x00000000        0x0 ./Sources/UART.o
 .bss.TxFIFO    0x00000000      0x108 ./Sources/UART.o
 .bss.RxFIFO    0x00000000      0x108 ./Sources/UART.o
 .text.UART_Init
                0x00000000      0x140 ./Sources/UART.o
 .text.UART_InChar
                0x00000000       0x20 ./Sources/UART.o
 .text.UART_OutChar
                0x00000000       0x4c ./Sources/UART.o
 .text.UART_Poll
                0x00000000       0x48 ./Sources/UART.o
 .text.UART_ISR
                0x00000000       0x90 ./Sources/UART.o
 .debug_info    0x00000000      0x92c ./Sources/UART.o
 .debug_abbrev  0x00000000      0x19a ./Sources/UART.o
 .debug_aranges
                0x00000000       0x40 ./Sources/UART.o
 .debug_ranges  0x00000000       0x30 ./Sources/UART.o
 .debug_macro   0x00000000       0xaf ./Sources/UART.o
 .debug_macro   0x00000000      0x850 ./Sources/UART.o
 .debug_macro   0x00000000       0x16 ./Sources/UART.o
 .debug_macro   0x00000000       0x44 ./Sources/UART.o
 .debug_macro   0x00000000      0x209 ./Sources/UART.o
 .debug_macro   0x00000000     0x1816 ./Sources/UART.o
 .debug_macro   0x00000000      0x14e ./Sources/UART.o
 .debug_macro   0x00000000       0x64 ./Sources/UART.o
 .debug_macro   0x00000000    0x174c1 ./Sources/UART.o
 .debug_macro   0x00000000       0x9a ./Sources/UART.o
 .debug_macro   0x00000000       0x22 ./Sources/UART.o
 .debug_macro   0x00000000       0x10 ./Sources/UART.o
 .debug_line    0x00000000      0x2da ./Sources/UART.o
 .debug_str     0x00000000    0x8a9e9 ./Sources/UART.o
 .comment       0x00000000       0x71 ./Sources/UART.o
 .ARM.attributes
                0x00000000       0x39 ./Sources/UART.o
 .debug_frame   0x00000000       0xb0 ./Sources/UART.o
 .group         0x00000000        0x8 ./Sources/main.o
 .group         0x00000000        0x8 ./Sources/main.o
 .group         0x00000000        0x8 ./Sources/main.o
 .group         0x00000000        0x8 ./Sources/main.o
 .group         0x00000000        0x8 ./Sources/main.o
 .group         0x00000000        0x8 ./Sources/main.o
 .group         0x00000000        0x8 ./Sources/main.o
 .group         0x00000000        0x8 ./Sources/main.o
 .group         0x00000000        0x8 ./Sources/main.o
 .group         0x00000000        0x8 ./Sources/main.o
 .group         0x00000000        0x8 ./Sources/main.o
 .group         0x00000000        0x8 ./Sources/main.o
 .group         0x00000000        0x8 ./Sources/main.o
 .text          0x00000000        0x0 ./Sources/main.o
 .data          0x00000000        0x0 ./Sources/main.o
 .bss           0x00000000        0x0 ./Sources/main.o
 .rodata.BAUDRATE
                0x00000000        0x4 ./Sources/main.o
 .rodata.MODULECLK
                0x00000000        0x4 ./Sources/main.o
 .rodata.STUDENT_ID
                0x00000000        0x2 ./Sources/main.o
 .rodata.PIT_Period
                0x00000000        0x4 ./Sources/main.o
 .rodata.PACKET_ACK_MASK
                0x00000000        0x1 ./Sources/main.o
 .bss.TowerNumber
                0x00000000        0x4 ./Sources/main.o
 .bss.TowerMode
                0x00000000        0x4 ./Sources/main.o
 .text.PacketHandler
                0x00000000       0xc8 ./Sources/main.o
 .text.TowerInit
                0x00000000       0x1c ./Sources/main.o
 .text.StartupPackets
                0x00000000       0x70 ./Sources/main.o
 .text.TowerNumberPackets
                0x00000000       0x6c ./Sources/main.o
 .text.TowerModePackets
                0x00000000       0x6c ./Sources/main.o
 .text.VersionPackets
                0x00000000       0x18 ./Sources/main.o
 .debug_macro   0x00000000      0x850 ./Sources/main.o
 .debug_macro   0x00000000       0x16 ./Sources/main.o
 .debug_macro   0x00000000       0x44 ./Sources/main.o
 .debug_macro   0x00000000      0x209 ./Sources/main.o
 .debug_macro   0x00000000     0x1816 ./Sources/main.o
 .debug_macro   0x00000000      0x14e ./Sources/main.o
 .debug_macro   0x00000000       0x64 ./Sources/main.o
 .debug_macro   0x00000000    0x174c1 ./Sources/main.o
 .debug_macro   0x00000000       0x9a ./Sources/main.o
 .debug_macro   0x00000000       0x22 ./Sources/main.o
 .group         0x00000000        0x8 ./Sources/packet.o
 .group         0x00000000        0x8 ./Sources/packet.o
 .group         0x00000000        0x8 ./Sources/packet.o
 .group         0x00000000        0x8 ./Sources/packet.o
 .group         0x00000000        0x8 ./Sources/packet.o
 .group         0x00000000        0x8 ./Sources/packet.o
 .group         0x00000000        0x8 ./Sources/packet.o
 .group         0x00000000        0x8 ./Sources/packet.o
 .group         0x00000000        0x8 ./Sources/packet.o
 .group         0x00000000        0x8 ./Sources/packet.o
 .group         0x00000000        0x8 ./Sources/packet.o
 .text          0x00000000        0x0 ./Sources/packet.o
 .data          0x00000000        0x0 ./Sources/packet.o
 .bss           0x00000000        0x0 ./Sources/packet.o
 .text.Packet_Init
                0x00000000       0x1c ./Sources/packet.o
 .text.Packet_Get
                0x00000000      0x11c ./Sources/packet.o
 .text.Packet_Put
                0x00000000      0x174 ./Sources/packet.o
 .text.Checksum_Calculation
                0x00000000       0x30 ./Sources/packet.o
 .bss.packetComplete.6576
                0x00000000        0x1 ./Sources/packet.o
 .debug_info    0x00000000      0x34b ./Sources/packet.o
 .debug_abbrev  0x00000000      0x111 ./Sources/packet.o
 .debug_aranges
                0x00000000       0x38 ./Sources/packet.o
 .debug_ranges  0x00000000       0x28 ./Sources/packet.o
 .debug_macro   0x00000000       0xa5 ./Sources/packet.o
 .debug_macro   0x00000000      0x850 ./Sources/packet.o
 .debug_macro   0x00000000       0x16 ./Sources/packet.o
 .debug_macro   0x00000000       0x44 ./Sources/packet.o
 .debug_macro   0x00000000      0x209 ./Sources/packet.o
 .debug_macro   0x00000000       0x22 ./Sources/packet.o
 .debug_macro   0x00000000      0x11e ./Sources/packet.o
 .debug_macro   0x00000000     0x181c ./Sources/packet.o
 .debug_macro   0x00000000      0x14e ./Sources/packet.o
 .debug_macro   0x00000000       0x64 ./Sources/packet.o
 .debug_macro   0x00000000    0x174c1 ./Sources/packet.o
 .debug_macro   0x00000000       0x9a ./Sources/packet.o
 .debug_line    0x00000000      0x312 ./Sources/packet.o
 .debug_str     0x00000000    0x8ad37 ./Sources/packet.o
 .comment       0x00000000       0x71 ./Sources/packet.o
 .ARM.attributes
                0x00000000       0x39 ./Sources/packet.o
 .debug_frame   0x00000000       0x8c ./Sources/packet.o
 COMMON         0x00000000        0x8 ./Sources/packet.o
 .group         0x00000000        0x8 ./Project_Settings/Startup_Code/startup.o
 .group         0x00000000        0x8 ./Project_Settings/Startup_Code/startup.o
 .group         0x00000000        0x8 ./Project_Settings/Startup_Code/startup.o
 .group         0x00000000        0x8 ./Project_Settings/Startup_Code/startup.o
 .group         0x00000000        0x8 ./Project_Settings/Startup_Code/startup.o
 .group         0x00000000        0x8 ./Project_Settings/Startup_Code/startup.o
 .group         0x00000000        0x8 ./Project_Settings/Startup_Code/startup.o
 .group         0x00000000        0x8 ./Project_Settings/Startup_Code/startup.o
 .group         0x00000000        0x8 ./Project_Settings/Startup_Code/startup.o
 .group         0x00000000        0x8 ./Project_Settings/Startup_Code/startup.o
 .group         0x00000000        0x8 ./Project_Settings/Startup_Code/startup.o
 .group         0x00000000        0x8 ./Project_Settings/Startup_Code/startup.o
 .group         0x00000000        0x8 ./Project_Settings/Startup_Code/startup.o
 .group         0x00000000        0x8 ./Project_Settings/Startup_Code/startup.o
 .group         0x00000000        0x8 ./Project_Settings/Startup_Code/startup.o
 .group         0x00000000        0x8 ./Project_Settings/Startup_Code/startup.o
 .group         0x00000000        0x8 ./Project_Settings/Startup_Code/startup.o
 .group         0x00000000        0x8 ./Project_Settings/Startup_Code/startup.o
 .group         0x00000000        0x8 ./Project_Settings/Startup_Code/startup.o
 .text          0x00000000        0x0 ./Project_Settings/Startup_Code/startup.o
 .data          0x00000000        0x0 ./Project_Settings/Startup_Code/startup.o
 .bss           0x00000000        0x0 ./Project_Settings/Startup_Code/startup.o
 .text.__init_hardware
                0x00000000        0xc ./Project_Settings/Startup_Code/startup.o
 .text.__iar_program_start
                0x00000000        0xc ./Project_Settings/Startup_Code/startup.o
 .debug_macro   0x00000000      0x850 ./Project_Settings/Startup_Code/startup.o
 .debug_macro   0x00000000       0x16 ./Project_Settings/Startup_Code/startup.o
 .group         0x00000000        0x8 ./Generated_Code/Cpu.o
 .group         0x00000000        0x8 ./Generated_Code/Cpu.o
 .group         0x00000000        0x8 ./Generated_Code/Cpu.o
 .group         0x00000000        0x8 ./Generated_Code/Cpu.o
 .group         0x00000000        0x8 ./Generated_Code/Cpu.o
 .group         0x00000000        0x8 ./Generated_Code/Cpu.o
 .group         0x00000000        0x8 ./Generated_Code/Cpu.o
 .group         0x00000000        0x8 ./Generated_Code/Cpu.o
 .group         0x00000000        0x8 ./Generated_Code/Cpu.o
 .text          0x00000000        0x0 ./Generated_Code/Cpu.o
 .data          0x00000000        0x0 ./Generated_Code/Cpu.o
 .bss           0x00000000        0x0 ./Generated_Code/Cpu.o
 .debug_macro   0x00000000      0x850 ./Generated_Code/Cpu.o
 .debug_macro   0x00000000       0x16 ./Generated_Code/Cpu.o
 .debug_macro   0x00000000       0x44 ./Generated_Code/Cpu.o
 .debug_macro   0x00000000      0x209 ./Generated_Code/Cpu.o
 .debug_macro   0x00000000     0x1816 ./Generated_Code/Cpu.o
 .debug_macro   0x00000000      0x14e ./Generated_Code/Cpu.o
 .debug_macro   0x00000000       0x64 ./Generated_Code/Cpu.o
 .debug_macro   0x00000000    0x174c1 ./Generated_Code/Cpu.o
 .group         0x00000000        0x8 ./Generated_Code/Vectors.o
 .group         0x00000000        0x8 ./Generated_Code/Vectors.o
 .group         0x00000000        0x8 ./Generated_Code/Vectors.o
 .group         0x00000000        0x8 ./Generated_Code/Vectors.o
 .group         0x00000000        0x8 ./Generated_Code/Vectors.o
 .group         0x00000000        0x8 ./Generated_Code/Vectors.o
 .group         0x00000000        0x8 ./Generated_Code/Vectors.o
 .group         0x00000000        0x8 ./Generated_Code/Vectors.o
 .group         0x00000000        0x8 ./Generated_Code/Vectors.o
 .group         0x00000000        0x8 ./Generated_Code/Vectors.o
 .group         0x00000000        0x8 ./Generated_Code/Vectors.o
 .text          0x00000000        0x0 ./Generated_Code/Vectors.o
 .data          0x00000000        0x0 ./Generated_Code/Vectors.o
 .bss           0x00000000        0x0 ./Generated_Code/Vectors.o
 .debug_macro   0x00000000      0x850 ./Generated_Code/Vectors.o
 .debug_macro   0x00000000       0x16 ./Generated_Code/Vectors.o
 .debug_macro   0x00000000       0x44 ./Generated_Code/Vectors.o
 .debug_macro   0x00000000      0x209 ./Generated_Code/Vectors.o
 .debug_macro   0x00000000     0x1816 ./Generated_Code/Vectors.o
 .debug_macro   0x00000000      0x14e ./Generated_Code/Vectors.o
 .debug_macro   0x00000000       0x64 ./Generated_Code/Vectors.o
 .debug_macro   0x00000000    0x174c1 ./Generated_Code/Vectors.o
 .debug_macro   0x00000000       0x9a ./Generated_Code/Vectors.o
 .debug_macro   0x00000000       0x22 ./Generated_Code/Vectors.o
 .debug_macro   0x00000000       0x30 ./Generated_Code/Vectors.o
 .group         0x00000000        0x8 D:\Autumn 2019\Embedded Software\autumn-embedded-project\Library\libOS.a(OS.o)
 .group         0x00000000        0x8 D:\Autumn 2019\Embedded Software\autumn-embedded-project\Library\libOS.a(OS.o)
 .group         0x00000000        0x8 D:\Autumn 2019\Embedded Software\autumn-embedded-project\Library\libOS.a(OS.o)
 .group         0x00000000        0x8 D:\Autumn 2019\Embedded Software\autumn-embedded-project\Library\libOS.a(OS.o)
 .group         0x00000000        0x8 D:\Autumn 2019\Embedded Software\autumn-embedded-project\Library\libOS.a(OS.o)
 .group         0x00000000        0x8 D:\Autumn 2019\Embedded Software\autumn-embedded-project\Library\libOS.a(OS.o)
 .group         0x00000000        0x8 D:\Autumn 2019\Embedded Software\autumn-embedded-project\Library\libOS.a(OS.o)
 .group         0x00000000        0x8 D:\Autumn 2019\Embedded Software\autumn-embedded-project\Library\libOS.a(OS.o)
 .group         0x00000000        0x8 D:\Autumn 2019\Embedded Software\autumn-embedded-project\Library\libOS.a(OS.o)
 .group         0x00000000        0x8 D:\Autumn 2019\Embedded Software\autumn-embedded-project\Library\libOS.a(OS.o)
 .group         0x00000000        0x8 D:\Autumn 2019\Embedded Software\autumn-embedded-project\Library\libOS.a(OS.o)
 .text          0x00000000        0x0 D:\Autumn 2019\Embedded Software\autumn-embedded-project\Library\libOS.a(OS.o)
 .data          0x00000000        0x0 D:\Autumn 2019\Embedded Software\autumn-embedded-project\Library\libOS.a(OS.o)
 .bss           0x00000000        0x0 D:\Autumn 2019\Embedded Software\autumn-embedded-project\Library\libOS.a(OS.o)
 .rodata.OS_TICK_FREQUENCY
                0x00000000        0x4 D:\Autumn 2019\Embedded Software\autumn-embedded-project\Library\libOS.a(OS.o)
 .text.OS_TimeDelay
                0x00000000       0x48 D:\Autumn 2019\Embedded Software\autumn-embedded-project\Library\libOS.a(OS.o)
 .text.OS_TimeGet
                0x00000000       0x24 D:\Autumn 2019\Embedded Software\autumn-embedded-project\Library\libOS.a(OS.o)
 .text.OS_TimeSet
                0x00000000       0x20 D:\Autumn 2019\Embedded Software\autumn-embedded-project\Library\libOS.a(OS.o)
 .debug_macro   0x00000000      0x850 D:\Autumn 2019\Embedded Software\autumn-embedded-project\Library\libOS.a(OS.o)
 .debug_macro   0x00000000       0x16 D:\Autumn 2019\Embedded Software\autumn-embedded-project\Library\libOS.a(OS.o)
 .debug_macro   0x00000000       0x44 D:\Autumn 2019\Embedded Software\autumn-embedded-project\Library\libOS.a(OS.o)
 .debug_macro   0x00000000      0x209 D:\Autumn 2019\Embedded Software\autumn-embedded-project\Library\libOS.a(OS.o)
 .debug_macro   0x00000000      0x14e D:\Autumn 2019\Embedded Software\autumn-embedded-project\Library\libOS.a(OS.o)
 .debug_macro   0x00000000       0x64 D:\Autumn 2019\Embedded Software\autumn-embedded-project\Library\libOS.a(OS.o)
 .debug_macro   0x00000000    0x174c1 D:\Autumn 2019\Embedded Software\autumn-embedded-project\Library\libOS.a(OS.o)
 .debug_macro   0x00000000       0x22 D:\Autumn 2019\Embedded Software\autumn-embedded-project\Library\libOS.a(OS.o)
 .debug_macro   0x00000000       0x30 D:\Autumn 2019\Embedded Software\autumn-embedded-project\Library\libOS.a(OS.o)
 .group         0x00000000        0x8 D:\Autumn 2019\Embedded Software\autumn-embedded-project\Library\libAnalog.a(analog.o)
 .group         0x00000000        0x8 D:\Autumn 2019\Embedded Software\autumn-embedded-project\Library\libAnalog.a(analog.o)
 .group         0x00000000        0x8 D:\Autumn 2019\Embedded Software\autumn-embedded-project\Library\libAnalog.a(analog.o)
 .group         0x00000000        0x8 D:\Autumn 2019\Embedded Software\autumn-embedded-project\Library\libAnalog.a(analog.o)
 .group         0x00000000        0x8 D:\Autumn 2019\Embedded Software\autumn-embedded-project\Library\libAnalog.a(analog.o)
 .group         0x00000000        0x8 D:\Autumn 2019\Embedded Software\autumn-embedded-project\Library\libAnalog.a(analog.o)
 .group         0x00000000        0x8 D:\Autumn 2019\Embedded Software\autumn-embedded-project\Library\libAnalog.a(analog.o)
 .text          0x00000000        0x0 D:\Autumn 2019\Embedded Software\autumn-embedded-project\Library\libAnalog.a(analog.o)
 .data          0x00000000        0x0 D:\Autumn 2019\Embedded Software\autumn-embedded-project\Library\libAnalog.a(analog.o)
 .bss           0x00000000        0x0 D:\Autumn 2019\Embedded Software\autumn-embedded-project\Library\libAnalog.a(analog.o)
 .debug_macro   0x00000000      0x850 D:\Autumn 2019\Embedded Software\autumn-embedded-project\Library\libAnalog.a(analog.o)
 .debug_macro   0x00000000      0x166 D:\Autumn 2019\Embedded Software\autumn-embedded-project\Library\libAnalog.a(analog.o)
 .debug_macro   0x00000000       0x16 D:\Autumn 2019\Embedded Software\autumn-embedded-project\Library\libAnalog.a(analog.o)
 .debug_macro   0x00000000       0x44 D:\Autumn 2019\Embedded Software\autumn-embedded-project\Library\libAnalog.a(analog.o)
 .debug_macro   0x00000000      0x209 D:\Autumn 2019\Embedded Software\autumn-embedded-project\Library\libAnalog.a(analog.o)
 .debug_macro   0x00000000       0x22 D:\Autumn 2019\Embedded Software\autumn-embedded-project\Library\libAnalog.a(analog.o)
 .group         0x00000000        0x8 D:\Autumn 2019\Embedded Software\autumn-embedded-project\Library\libAnalog.a(SPI.o)
 .group         0x00000000        0x8 D:\Autumn 2019\Embedded Software\autumn-embedded-project\Library\libAnalog.a(SPI.o)
 .group         0x00000000        0x8 D:\Autumn 2019\Embedded Software\autumn-embedded-project\Library\libAnalog.a(SPI.o)
 .group         0x00000000        0x8 D:\Autumn 2019\Embedded Software\autumn-embedded-project\Library\libAnalog.a(SPI.o)
 .group         0x00000000        0x8 D:\Autumn 2019\Embedded Software\autumn-embedded-project\Library\libAnalog.a(SPI.o)
 .group         0x00000000        0x8 D:\Autumn 2019\Embedded Software\autumn-embedded-project\Library\libAnalog.a(SPI.o)
 .text          0x00000000        0x0 D:\Autumn 2019\Embedded Software\autumn-embedded-project\Library\libAnalog.a(SPI.o)
 .data          0x00000000        0x0 D:\Autumn 2019\Embedded Software\autumn-embedded-project\Library\libAnalog.a(SPI.o)
 .bss           0x00000000        0x0 D:\Autumn 2019\Embedded Software\autumn-embedded-project\Library\libAnalog.a(SPI.o)
 .rodata.MAX_SPI_WAIT_COUNT
                0x00000000        0x2 D:\Autumn 2019\Embedded Software\autumn-embedded-project\Library\libAnalog.a(SPI.o)
 .debug_macro   0x00000000      0x850 D:\Autumn 2019\Embedded Software\autumn-embedded-project\Library\libAnalog.a(SPI.o)
 .debug_macro   0x00000000       0x16 D:\Autumn 2019\Embedded Software\autumn-embedded-project\Library\libAnalog.a(SPI.o)
 .debug_macro   0x00000000       0x44 D:\Autumn 2019\Embedded Software\autumn-embedded-project\Library\libAnalog.a(SPI.o)
 .debug_macro   0x00000000      0x209 D:\Autumn 2019\Embedded Software\autumn-embedded-project\Library\libAnalog.a(SPI.o)
 .debug_macro   0x00000000       0x22 D:\Autumn 2019\Embedded Software\autumn-embedded-project\Library\libAnalog.a(SPI.o)
 .debug_macro   0x00000000    0x174c1 D:\Autumn 2019\Embedded Software\autumn-embedded-project\Library\libAnalog.a(SPI.o)
 .text          0x00000000        0x0 d:/freescale/kds_v3/toolchain/bin/../lib/gcc/arm-none-eabi/4.8.4/../../../../arm-none-eabi/lib/armv7e-m/fpu\libg_s.a(lib_a-exit.o)
 .data          0x00000000        0x0 d:/freescale/kds_v3/toolchain/bin/../lib/gcc/arm-none-eabi/4.8.4/../../../../arm-none-eabi/lib/armv7e-m/fpu\libg_s.a(lib_a-exit.o)
 .bss           0x00000000        0x0 d:/freescale/kds_v3/toolchain/bin/../lib/gcc/arm-none-eabi/4.8.4/../../../../arm-none-eabi/lib/armv7e-m/fpu\libg_s.a(lib_a-exit.o)
 .text          0x00000000        0x0 d:/freescale/kds_v3/toolchain/bin/../lib/gcc/arm-none-eabi/4.8.4/../../../../arm-none-eabi/lib/armv7e-m/fpu\libg_s.a(lib_a-impure.o)
 .data          0x00000000        0x0 d:/freescale/kds_v3/toolchain/bin/../lib/gcc/arm-none-eabi/4.8.4/../../../../arm-none-eabi/lib/armv7e-m/fpu\libg_s.a(lib_a-impure.o)
 .bss           0x00000000        0x0 d:/freescale/kds_v3/toolchain/bin/../lib/gcc/arm-none-eabi/4.8.4/../../../../arm-none-eabi/lib/armv7e-m/fpu\libg_s.a(lib_a-impure.o)
 .data._impure_ptr
                0x00000000        0x4 d:/freescale/kds_v3/toolchain/bin/../lib/gcc/arm-none-eabi/4.8.4/../../../../arm-none-eabi/lib/armv7e-m/fpu\libg_s.a(lib_a-impure.o)
 .text          0x00000000        0x0 d:/freescale/kds_v3/toolchain/bin/../lib/gcc/arm-none-eabi/4.8.4/../../../../arm-none-eabi/lib/armv7e-m/fpu\libg_s.a(lib_a-init.o)
 .data          0x00000000        0x0 d:/freescale/kds_v3/toolchain/bin/../lib/gcc/arm-none-eabi/4.8.4/../../../../arm-none-eabi/lib/armv7e-m/fpu\libg_s.a(lib_a-init.o)
 .bss           0x00000000        0x0 d:/freescale/kds_v3/toolchain/bin/../lib/gcc/arm-none-eabi/4.8.4/../../../../arm-none-eabi/lib/armv7e-m/fpu\libg_s.a(lib_a-init.o)
 .text          0x00000000        0x0 d:/freescale/kds_v3/toolchain/bin/../lib/gcc/arm-none-eabi/4.8.4/../../../../arm-none-eabi/lib/armv7e-m/fpu\libg_s.a(lib_a-memset.o)
 .data          0x00000000        0x0 d:/freescale/kds_v3/toolchain/bin/../lib/gcc/arm-none-eabi/4.8.4/../../../../arm-none-eabi/lib/armv7e-m/fpu\libg_s.a(lib_a-memset.o)
 .bss           0x00000000        0x0 d:/freescale/kds_v3/toolchain/bin/../lib/gcc/arm-none-eabi/4.8.4/../../../../arm-none-eabi/lib/armv7e-m/fpu\libg_s.a(lib_a-memset.o)
 .text          0x00000000        0x0 d:/freescale/kds_v3/toolchain/bin/../lib/gcc/arm-none-eabi/4.8.4/../../../../arm-none-eabi/lib/armv7e-m/fpu\libnosys.a(_exit.o)
 .data          0x00000000        0x0 d:/freescale/kds_v3/toolchain/bin/../lib/gcc/arm-none-eabi/4.8.4/../../../../arm-none-eabi/lib/armv7e-m/fpu\libnosys.a(_exit.o)
 .bss           0x00000000        0x0 d:/freescale/kds_v3/toolchain/bin/../lib/gcc/arm-none-eabi/4.8.4/../../../../arm-none-eabi/lib/armv7e-m/fpu\libnosys.a(_exit.o)
 .text          0x00000000        0x0 d:/freescale/kds_v3/toolchain/bin/../lib/gcc/arm-none-eabi/4.8.4/armv7e-m/fpu/crtend.o
 .data          0x00000000        0x0 d:/freescale/kds_v3/toolchain/bin/../lib/gcc/arm-none-eabi/4.8.4/armv7e-m/fpu/crtend.o
 .bss           0x00000000        0x0 d:/freescale/kds_v3/toolchain/bin/../lib/gcc/arm-none-eabi/4.8.4/armv7e-m/fpu/crtend.o
 .eh_frame      0x00000000        0x4 d:/freescale/kds_v3/toolchain/bin/../lib/gcc/arm-none-eabi/4.8.4/armv7e-m/fpu/crtend.o
 .jcr           0x00000000        0x4 d:/freescale/kds_v3/toolchain/bin/../lib/gcc/arm-none-eabi/4.8.4/armv7e-m/fpu/crtend.o
 .ARM.attributes
                0x00000000       0x34 d:/freescale/kds_v3/toolchain/bin/../lib/gcc/arm-none-eabi/4.8.4/armv7e-m/fpu/crtend.o
 .text          0x00000000        0x0 d:/freescale/kds_v3/toolchain/bin/../lib/gcc/arm-none-eabi/4.8.4/armv7e-m/fpu/crtn.o
 .data          0x00000000        0x0 d:/freescale/kds_v3/toolchain/bin/../lib/gcc/arm-none-eabi/4.8.4/armv7e-m/fpu/crtn.o
 .bss           0x00000000        0x0 d:/freescale/kds_v3/toolchain/bin/../lib/gcc/arm-none-eabi/4.8.4/armv7e-m/fpu/crtn.o

Memory Configuration

Name             Origin             Length             Attributes
m_interrupts     0x00000000         0x000001e8         xr
m_text           0x00000410         0x0007fbf0         xr
m_data           0x1fff0000         0x00010000         rw
m_data_20000000  0x20000000         0x00010000         rw
m_cfmprotrom     0x00000400         0x00000010         xr
*default*        0x00000000         0xffffffff

Linker script and memory map

LOAD d:/freescale/kds_v3/toolchain/bin/../lib/gcc/arm-none-eabi/4.8.4/armv7e-m/fpu/crti.o
LOAD d:/freescale/kds_v3/toolchain/bin/../lib/gcc/arm-none-eabi/4.8.4/armv7e-m/fpu/crtbegin.o
LOAD d:/freescale/kds_v3/toolchain/bin/../lib/gcc/arm-none-eabi/4.8.4/../../../../arm-none-eabi/lib/armv7e-m/fpu/crt0.o
LOAD ./Sources/FIFO.o
LOAD ./Sources/UART.o
LOAD ./Sources/main.o
LOAD ./Sources/packet.o
LOAD ./Project_Settings/Startup_Code/startup.o
LOAD ./Generated_Code/Cpu.o
LOAD ./Generated_Code/Vectors.o
LOAD D:\Autumn 2019\Embedded Software\autumn-embedded-project\Library\libOS.a
LOAD D:\Autumn 2019\Embedded Software\autumn-embedded-project\Library\libAnalog.a
LOAD d:/freescale/kds_v3/toolchain/bin/../lib/gcc/arm-none-eabi/4.8.4/../../../../arm-none-eabi/lib/armv7e-m/fpu\libstdc++_s.a
LOAD d:/freescale/kds_v3/toolchain/bin/../lib/gcc/arm-none-eabi/4.8.4/../../../../arm-none-eabi/lib/armv7e-m/fpu\libm.a
START GROUP
LOAD d:/freescale/kds_v3/toolchain/bin/../lib/gcc/arm-none-eabi/4.8.4/armv7e-m/fpu\libgcc.a
LOAD d:/freescale/kds_v3/toolchain/bin/../lib/gcc/arm-none-eabi/4.8.4/../../../../arm-none-eabi/lib/armv7e-m/fpu\libg_s.a
LOAD d:/freescale/kds_v3/toolchain/bin/../lib/gcc/arm-none-eabi/4.8.4/../../../../arm-none-eabi/lib/armv7e-m/fpu\libc_s.a
END GROUP
START GROUP
LOAD d:/freescale/kds_v3/toolchain/bin/../lib/gcc/arm-none-eabi/4.8.4/armv7e-m/fpu\libgcc.a
LOAD d:/freescale/kds_v3/toolchain/bin/../lib/gcc/arm-none-eabi/4.8.4/../../../../arm-none-eabi/lib/armv7e-m/fpu\libc_s.a
LOAD d:/freescale/kds_v3/toolchain/bin/../lib/gcc/arm-none-eabi/4.8.4/../../../../arm-none-eabi/lib/armv7e-m/fpu\libnosys.a
END GROUP
START GROUP
LOAD d:/freescale/kds_v3/toolchain/bin/../lib/gcc/arm-none-eabi/4.8.4/armv7e-m/fpu\libgcc.a
LOAD d:/freescale/kds_v3/toolchain/bin/../lib/gcc/arm-none-eabi/4.8.4/../../../../arm-none-eabi/lib/armv7e-m/fpu\libc_s.a
LOAD d:/freescale/kds_v3/toolchain/bin/../lib/gcc/arm-none-eabi/4.8.4/../../../../arm-none-eabi/lib/armv7e-m/fpu\libnosys.a
END GROUP
LOAD d:/freescale/kds_v3/toolchain/bin/../lib/gcc/arm-none-eabi/4.8.4/armv7e-m/fpu/crtend.o
LOAD d:/freescale/kds_v3/toolchain/bin/../lib/gcc/arm-none-eabi/4.8.4/armv7e-m/fpu/crtn.o
                0x20000000                _estack = 0x20000000
                0x20000000                __SP_INIT = _estack
                0x20000000                __stack = _estack
                0x00000000                __heap_size = 0x0
                0x00000400                __stack_size = 0x400

.interrupts     0x00000000      0x1e8
                0x00000000                __vector_table = .
                0x00000000                . = ALIGN (0x4)
 *(.vectortable)
 .vectortable   0x00000000      0x1e8 ./Generated_Code/Vectors.o
                0x00000000                __vect_table
                0x000001e8                . = ALIGN (0x4)

.cfmprotect     0x00000400       0x10
                0x00000400                . = ALIGN (0x4)
 *(.cfmconfig)
 .cfmconfig     0x00000400       0x10 ./Generated_Code/Cpu.o
                0x00000400                _cfm
                0x00000410                . = ALIGN (0x4)

.text           0x00000410     0x1bac
                0x00000410                . = ALIGN (0x4)
 *(.text)
 .text          0x00000410       0x54 d:/freescale/kds_v3/toolchain/bin/../lib/gcc/arm-none-eabi/4.8.4/armv7e-m/fpu/crtbegin.o
 .text          0x00000464       0x74 d:/freescale/kds_v3/toolchain/bin/../lib/gcc/arm-none-eabi/4.8.4/../../../../arm-none-eabi/lib/armv7e-m/fpu/crt0.o
                0x00000464                _start
                0x00000464                _mainCRTStartup
 *(.text*)
 .text.LPTMRInit
                0x000004d8       0xa8 ./Sources/main.o
                0x000004d8                LPTMRInit
 .text.LPTimer_ISR
                0x00000580       0x50 ./Sources/main.o
                0x00000580                LPTimer_ISR
 .text.InitModulesThread
                0x000005d0       0x4c ./Sources/main.o
 .text.AnalogLoopbackThread
                0x0000061c       0x38 ./Sources/main.o
                0x0000061c                AnalogLoopbackThread
 .text.main     0x00000654       0x88 ./Sources/main.o
                0x00000654                main
 .text.__copy_rom_section
                0x000006dc       0xe4 ./Project_Settings/Startup_Code/startup.o
                0x000006dc                __copy_rom_section
 .text.__copy_rom_sections_to_ram
                0x000007c0       0x9c ./Project_Settings/Startup_Code/startup.o
                0x000007c0                __copy_rom_sections_to_ram
 .text.__init_registers
                0x0000085c       0x20 ./Project_Settings/Startup_Code/startup.o
                0x0000085c                __init_registers
 .text.__init_user
                0x0000087c        0xc ./Project_Settings/Startup_Code/startup.o
                0x0000087c                __init_user
 .text.__thumb_startup
                0x00000888       0x34 ./Project_Settings/Startup_Code/startup.o
                0x00000888                __thumb_startup
 .text.Cpu_Interrupt
                0x000008bc       0x18 ./Generated_Code/Cpu.o
                0x000008bc                Cpu_Interrupt
 .text.__init_hardware
                0x000008d4      0x1cc ./Generated_Code/Cpu.o
                0x000008d4                __init_hardware
 .text.Cpu_SetBASEPRI
                0x00000aa0       0x18 ./Generated_Code/Cpu.o
                0x00000aa0                Cpu_SetBASEPRI
 .text.PE_low_level_init
                0x00000ab8       0xe4 ./Generated_Code/Cpu.o
                0x00000ab8                PE_low_level_init
 .text.OS_Init  0x00000b9c      0x110 D:\Autumn 2019\Embedded Software\autumn-embedded-project\Library\libOS.a(OS.o)
                0x00000b9c                OS_Init
 .text.OS_ISREnter
                0x00000cac       0x20 D:\Autumn 2019\Embedded Software\autumn-embedded-project\Library\libOS.a(OS.o)
                0x00000cac                OS_ISREnter
 .text.OS_ISRExit
                0x00000ccc       0x1c D:\Autumn 2019\Embedded Software\autumn-embedded-project\Library\libOS.a(OS.o)
                0x00000ccc                OS_ISRExit
 .text.OS_SemaphoreCreate
                0x00000ce8       0x90 D:\Autumn 2019\Embedded Software\autumn-embedded-project\Library\libOS.a(OS.o)
                0x00000ce8                OS_SemaphoreCreate
 .text.OS_SemaphoreSignal
                0x00000d78       0x44 D:\Autumn 2019\Embedded Software\autumn-embedded-project\Library\libOS.a(OS.o)
                0x00000d78                OS_SemaphoreSignal
 .text.OS_SemaphoreWait
                0x00000dbc       0x58 D:\Autumn 2019\Embedded Software\autumn-embedded-project\Library\libOS.a(OS.o)
                0x00000dbc                OS_SemaphoreWait
 .text.OS_Start
                0x00000e14       0x10 D:\Autumn 2019\Embedded Software\autumn-embedded-project\Library\libOS.a(OS.o)
                0x00000e14                OS_Start
 .text.OS_ThreadCreate
                0x00000e24      0x160 D:\Autumn 2019\Embedded Software\autumn-embedded-project\Library\libOS.a(OS.o)
                0x00000e24                OS_ThreadCreate
 .text.OS_ThreadDelete
                0x00000f84      0x18c D:\Autumn 2019\Embedded Software\autumn-embedded-project\Library\libOS.a(OS.o)
                0x00000f84                OS_ThreadDelete
 .text.EventThreadReady
                0x00001110       0x68 D:\Autumn 2019\Embedded Software\autumn-embedded-project\Library\libOS.a(OS.o)
 .text.EventThreadWait
                0x00001178       0x64 D:\Autumn 2019\Embedded Software\autumn-embedded-project\Library\libOS.a(OS.o)
 .text.EventTimeout
                0x000011dc       0x40 D:\Autumn 2019\Embedded Software\autumn-embedded-project\Library\libOS.a(OS.o)
 .text.Idle     0x0000121c       0x18 D:\Autumn 2019\Embedded Software\autumn-embedded-project\Library\libOS.a(OS.o)
 .text.FindFirstSet
                0x00001234       0x44 D:\Autumn 2019\Embedded Software\autumn-embedded-project\Library\libOS.a(OS.o)
 .text.Schedule
                0x00001278       0x64 D:\Autumn 2019\Embedded Software\autumn-embedded-project\Library\libOS.a(OS.o)
 .text.TCBInit  0x000012dc       0xcc D:\Autumn 2019\Embedded Software\autumn-embedded-project\Library\libOS.a(OS.o)
 .text.TimeTick
                0x000013a8       0x74 D:\Autumn 2019\Embedded Software\autumn-embedded-project\Library\libOS.a(OS.o)
 *fill*         0x0000141c        0x4 
 .text.OS_ContextSwitchISR
                0x00001420       0x70 D:\Autumn 2019\Embedded Software\autumn-embedded-project\Library\libOS.a(OS.o)
                0x00001420                OS_ContextSwitchISR
 .text.OS_SysTickISR
                0x00001490       0x5c D:\Autumn 2019\Embedded Software\autumn-embedded-project\Library\libOS.a(OS.o)
                0x00001490                OS_SysTickISR
 .text.DACWrite
                0x000014ec       0x6c D:\Autumn 2019\Embedded Software\autumn-embedded-project\Library\libAnalog.a(analog.o)
 .text.Analog_Init
                0x00001558      0x100 D:\Autumn 2019\Embedded Software\autumn-embedded-project\Library\libAnalog.a(analog.o)
                0x00001558                Analog_Init
 .text.Analog_Get
                0x00001658       0x78 D:\Autumn 2019\Embedded Software\autumn-embedded-project\Library\libAnalog.a(analog.o)
                0x00001658                Analog_Get
 .text.Analog_Put
                0x000016d0       0x50 D:\Autumn 2019\Embedded Software\autumn-embedded-project\Library\libAnalog.a(analog.o)
                0x000016d0                Analog_Put
 .text.InitChipSelectPins
                0x00001720       0x6c D:\Autumn 2019\Embedded Software\autumn-embedded-project\Library\libAnalog.a(SPI.o)
 .text.SetupModuleConfigurationRegister
                0x0000178c      0x104 D:\Autumn 2019\Embedded Software\autumn-embedded-project\Library\libAnalog.a(SPI.o)
 .text.SetBaudRate
                0x00001890      0x15c D:\Autumn 2019\Embedded Software\autumn-embedded-project\Library\libAnalog.a(SPI.o)
 .text.SetDelayAfterTransfer
                0x000019ec      0x168 D:\Autumn 2019\Embedded Software\autumn-embedded-project\Library\libAnalog.a(SPI.o)
 .text.SetupClockAndTransferAttributesRegister
                0x00001b54      0x16c D:\Autumn 2019\Embedded Software\autumn-embedded-project\Library\libAnalog.a(SPI.o)
 .text.SPI_Init
                0x00001cc0       0x90 D:\Autumn 2019\Embedded Software\autumn-embedded-project\Library\libAnalog.a(SPI.o)
                0x00001cc0                SPI_Init
 .text.SPI_SelectSlaveDevice
                0x00001d50       0x6c D:\Autumn 2019\Embedded Software\autumn-embedded-project\Library\libAnalog.a(SPI.o)
                0x00001d50                SPI_SelectSlaveDevice
 .text.SPI_Exchange
                0x00001dbc       0x94 D:\Autumn 2019\Embedded Software\autumn-embedded-project\Library\libAnalog.a(SPI.o)
                0x00001dbc                SPI_Exchange
 .text.exit     0x00001e50       0x28 d:/freescale/kds_v3/toolchain/bin/../lib/gcc/arm-none-eabi/4.8.4/../../../../arm-none-eabi/lib/armv7e-m/fpu\libg_s.a(lib_a-exit.o)
                0x00001e50                exit
 .text.__libc_init_array
                0x00001e78       0x4c d:/freescale/kds_v3/toolchain/bin/../lib/gcc/arm-none-eabi/4.8.4/../../../../arm-none-eabi/lib/armv7e-m/fpu\libg_s.a(lib_a-init.o)
                0x00001e78                __libc_init_array
 .text.memset   0x00001ec4       0x10 d:/freescale/kds_v3/toolchain/bin/../lib/gcc/arm-none-eabi/4.8.4/../../../../arm-none-eabi/lib/armv7e-m/fpu\libg_s.a(lib_a-memset.o)
                0x00001ec4                memset
 .text._exit    0x00001ed4        0x4 d:/freescale/kds_v3/toolchain/bin/../lib/gcc/arm-none-eabi/4.8.4/../../../../arm-none-eabi/lib/armv7e-m/fpu\libnosys.a(_exit.o)
                0x00001ed4                _exit
 *(.rodata)
 .rodata        0x00001ed8        0x4 D:\Autumn 2019\Embedded Software\autumn-embedded-project\Library\libAnalog.a(analog.o)
 .rodata        0x00001edc       0xa0 D:\Autumn 2019\Embedded Software\autumn-embedded-project\Library\libAnalog.a(SPI.o)
 *(.rodata*)
 .rodata.ANALOG_THREAD_PRIORITIES
                0x00001f7c        0x4 ./Sources/main.o
                0x00001f7c                ANALOG_THREAD_PRIORITIES
 .rodata.SPI_SETUP
                0x00001f80       0x1c D:\Autumn 2019\Embedded Software\autumn-embedded-project\Library\libAnalog.a(analog.o)
 .rodata.str1.1
                0x00001f9c        0x2 d:/freescale/kds_v3/toolchain/bin/../lib/gcc/arm-none-eabi/4.8.4/../../../../arm-none-eabi/lib/armv7e-m/fpu\libg_s.a(lib_a-impure.o)
 *fill*         0x00001f9e        0x2 
 .rodata._global_impure_ptr
                0x00001fa0        0x4 d:/freescale/kds_v3/toolchain/bin/../lib/gcc/arm-none-eabi/4.8.4/../../../../arm-none-eabi/lib/armv7e-m/fpu\libg_s.a(lib_a-impure.o)
                0x00001fa0                _global_impure_ptr
 *(.glue_7)
 .glue_7        0x00000000        0x0 linker stubs
 *(.glue_7t)
 .glue_7t       0x00000000        0x0 linker stubs
 *(.eh_frame)
 .eh_frame      0x00001fa4        0x0 d:/freescale/kds_v3/toolchain/bin/../lib/gcc/arm-none-eabi/4.8.4/armv7e-m/fpu/crtbegin.o
 *(.init)
 .init          0x00001fa4        0x4 d:/freescale/kds_v3/toolchain/bin/../lib/gcc/arm-none-eabi/4.8.4/armv7e-m/fpu/crti.o
                0x00001fa4                _init
 .init          0x00001fa8        0x8 d:/freescale/kds_v3/toolchain/bin/../lib/gcc/arm-none-eabi/4.8.4/armv7e-m/fpu/crtn.o
 *(.fini)
 .fini          0x00001fb0        0x4 d:/freescale/kds_v3/toolchain/bin/../lib/gcc/arm-none-eabi/4.8.4/armv7e-m/fpu/crti.o
                0x00001fb0                _fini
 .fini          0x00001fb4        0x8 d:/freescale/kds_v3/toolchain/bin/../lib/gcc/arm-none-eabi/4.8.4/armv7e-m/fpu/crtn.o
                0x00001fbc                . = ALIGN (0x4)
                0x00001fbc                _etext = .

.vfp11_veneer   0x00001fbc        0x0
 .vfp11_veneer  0x00000000        0x0 linker stubs

.v4_bx          0x00001fbc        0x0
 .v4_bx         0x00000000        0x0 linker stubs

.iplt           0x00001fbc        0x0
 .iplt          0x00000000        0x0 d:/freescale/kds_v3/toolchain/bin/../lib/gcc/arm-none-eabi/4.8.4/armv7e-m/fpu/crtbegin.o

.ARM.extab
 *(.ARM.extab* .gnu.linkonce.armextab.*)

.ARM            0x00001fbc        0x8
                0x00001fbc                __exidx_start = .
 *(.ARM.exidx*)
 .ARM.exidx     0x00001fbc        0x8 d:/freescale/kds_v3/toolchain/bin/../lib/gcc/arm-none-eabi/4.8.4/../../../../arm-none-eabi/lib/armv7e-m/fpu/crt0.o
                0x00001fc4                __exidx_end = .

.rel.dyn        0x00001fc4        0x0
 .rel.iplt      0x00000000        0x0 d:/freescale/kds_v3/toolchain/bin/../lib/gcc/arm-none-eabi/4.8.4/armv7e-m/fpu/crtbegin.o

.ctors          0x00001fc4        0x0
                0x00001fc4                __CTOR_LIST__ = .
 *crtbegin.o(.ctors)
 *(EXCLUDE_FILE(*crtend.o) .ctors)
 *(SORT(.ctors.*))
 *(.ctors)
                0x00001fc4                __CTOR_END__ = .

.dtors          0x00001fc4        0x0
                0x00001fc4                __DTOR_LIST__ = .
 *crtbegin.o(.dtors)
 *(EXCLUDE_FILE(*crtend.o) .dtors)
 *(SORT(.dtors.*))
 *(.dtors)
                0x00001fc4                __DTOR_END__ = .

.preinit_array  0x00001fc4        0x0
                0x00001fc4                PROVIDE (__preinit_array_start, .)
 *(.preinit_array*)
                0x00001fc4                PROVIDE (__preinit_array_end, .)

.init_array     0x00001fc4        0x4
                0x00001fc4                PROVIDE (__init_array_start, .)
 *(SORT(.init_array.*))
 *(.init_array*)
 .init_array    0x00001fc4        0x4 d:/freescale/kds_v3/toolchain/bin/../lib/gcc/arm-none-eabi/4.8.4/armv7e-m/fpu/crtbegin.o
                0x00001fc8                PROVIDE (__init_array_end, .)

.fini_array     0x00001fc8        0x4
                0x00001fc8                PROVIDE (__fini_array_start, .)
 *(SORT(.fini_array.*))
 *(.fini_array*)
 .fini_array    0x00001fc8        0x4 d:/freescale/kds_v3/toolchain/bin/../lib/gcc/arm-none-eabi/4.8.4/armv7e-m/fpu/crtbegin.o
                0x00001fcc                PROVIDE (__fini_array_end, .)
                0x00001fcc                ___ROM_AT = .

.data           0x1fff0000       0x70 load address 0x00001fcc
                0x1fff0000                . = ALIGN (0x4)
                0x1fff0000                _sdata = .
 *(.data)
 *(.data*)
 .data.AnalogThreadData
                0x1fff0000       0x10 ./Sources/main.o
 .data.impure_data
                0x1fff0010       0x60 d:/freescale/kds_v3/toolchain/bin/../lib/gcc/arm-none-eabi/4.8.4/../../../../arm-none-eabi/lib/armv7e-m/fpu\libg_s.a(lib_a-impure.o)
                0x1fff0070                . = ALIGN (0x4)
                0x1fff0070                _edata = .
                0x00000070                ___data_size = (_edata - _sdata)
                0x0000203c                ___m_data_20000000_ROMStart = (___ROM_AT + SIZEOF (.data))

.jcr            0x1fff0070        0x0 load address 0x0000203c
 .jcr           0x1fff0070        0x0 d:/freescale/kds_v3/toolchain/bin/../lib/gcc/arm-none-eabi/4.8.4/armv7e-m/fpu/crtbegin.o

.igot.plt       0x1fff0070        0x0 load address 0x0000203c
 .igot.plt      0x00000000        0x0 d:/freescale/kds_v3/toolchain/bin/../lib/gcc/arm-none-eabi/4.8.4/armv7e-m/fpu/crtbegin.o

.m_data_20000000
                0x20000000        0x0 load address 0x0000203c
                0x20000000                . = ALIGN (0x4)
                0x20000000                ___m_data_20000000_RAMStart = .
 *(.m_data_20000000)
                0x20000000                ___m_data_20000000_RAMEnd = .
                0x20000000                . = ALIGN (0x4)
                0x00000000                ___m_data_20000000_ROMSize = (___m_data_20000000_RAMEnd - ___m_data_20000000_RAMStart)
                0x20000000                . = ALIGN (0x4)

.bss            0x1fff0070      0xe40 load address 0x00002040
                0x1fff0070                __START_BSS = .
                0x1fff0070                PROVIDE (__bss_start__, __START_BSS)
 *(.bss)
 .bss           0x1fff0070       0x1c d:/freescale/kds_v3/toolchain/bin/../lib/gcc/arm-none-eabi/4.8.4/armv7e-m/fpu/crtbegin.o
 *(.bss*)
 *fill*         0x1fff008c        0x4 
 .bss.InitModulesThreadStack
                0x1fff0090      0x190 ./Sources/main.o
 .bss.AnalogThreadStacks
                0x1fff0220      0x320 ./Sources/main.o
 .bss.SR_lock   0x1fff0540        0x1 ./Generated_Code/Cpu.o
                0x1fff0540                SR_lock
 *fill*         0x1fff0541        0x3 
 .bss.TCBUnusedMain
                0x1fff0544       0x18 D:\Autumn 2019\Embedded Software\autumn-embedded-project\Library\libOS.a(OS.o)
 .bss.TCBTable  0x1fff055c      0x300 D:\Autumn 2019\Embedded Software\autumn-embedded-project\Library\libOS.a(OS.o)
 .bss.pTCBFreeList
                0x1fff085c        0x4 D:\Autumn 2019\Embedded Software\autumn-embedded-project\Library\libOS.a(OS.o)
 .bss.pTCBAllocatedList
                0x1fff0860        0x4 D:\Autumn 2019\Embedded Software\autumn-embedded-project\Library\libOS.a(OS.o)
 .bss.pTCBPriorityTable
                0x1fff0864       0x80 D:\Autumn 2019\Embedded Software\autumn-embedded-project\Library\libOS.a(OS.o)
 .bss.pTCBRunning
                0x1fff08e4        0x4 D:\Autumn 2019\Embedded Software\autumn-embedded-project\Library\libOS.a(OS.o)
 .bss.pTCBHighestReady
                0x1fff08e8        0x4 D:\Autumn 2019\Embedded Software\autumn-embedded-project\Library\libOS.a(OS.o)
 .bss.ReadyList
                0x1fff08ec        0x4 D:\Autumn 2019\Embedded Software\autumn-embedded-project\Library\libOS.a(OS.o)
 .bss.ECBTable  0x1fff08f0      0x100 D:\Autumn 2019\Embedded Software\autumn-embedded-project\Library\libOS.a(OS.o)
 .bss.NextECBFree
                0x1fff09f0        0x1 D:\Autumn 2019\Embedded Software\autumn-embedded-project\Library\libOS.a(OS.o)
 *fill*         0x1fff09f1        0x3 
 .bss.IdleCounter
                0x1fff09f4        0x4 D:\Autumn 2019\Embedded Software\autumn-embedded-project\Library\libOS.a(OS.o)
 .bss.IdleStack
                0x1fff09f8      0x400 D:\Autumn 2019\Embedded Software\autumn-embedded-project\Library\libOS.a(OS.o)
 .bss.Ticks     0x1fff0df8        0x4 D:\Autumn 2019\Embedded Software\autumn-embedded-project\Library\libOS.a(OS.o)
 .bss.ToggleCntr
                0x1fff0dfc        0x4 D:\Autumn 2019\Embedded Software\autumn-embedded-project\Library\libOS.a(OS.o)
 .bss.ToggleLED
                0x1fff0e00        0x1 D:\Autumn 2019\Embedded Software\autumn-embedded-project\Library\libOS.a(OS.o)
 .bss.ISRNestLevel
                0x1fff0e01        0x1 D:\Autumn 2019\Embedded Software\autumn-embedded-project\Library\libOS.a(OS.o)
 *fill*         0x1fff0e02        0x2 
 .bss.ADCCommandUnion
                0x1fff0e04        0x4 D:\Autumn 2019\Embedded Software\autumn-embedded-project\Library\libAnalog.a(analog.o)
 *(COMMON)
 COMMON         0x1fff0e08        0x1 ./Generated_Code/Cpu.o
                0x1fff0e08                SR_reg
 *fill*         0x1fff0e09        0x3 
 COMMON         0x1fff0e0c       0xa4 D:\Autumn 2019\Embedded Software\autumn-embedded-project\Library\libAnalog.a(analog.o)
                0x1fff0e0c                Analog_Inputs
                0x1fff0eac                DACInput
                0x1fff0eb0                . = ALIGN (0x4)
                0x1fff0eb0                __END_BSS = .
                0x1fff0eb0                PROVIDE (__bss_end__, __END_BSS)
                0x0000203c                _romp_at = ((___ROM_AT + SIZEOF (.data)) + SIZEOF (.m_data_20000000))

.romp           0x1fff0eb0       0x24 load address 0x0000203c
                0x0000203c                __S_romp = _romp_at
                0x1fff0eb0        0x4 LONG 0x1fcc ___ROM_AT
                0x1fff0eb4        0x4 LONG 0x1fff0000 _sdata
                0x1fff0eb8        0x4 LONG 0x70 ___data_size
                0x1fff0ebc        0x4 LONG 0x203c ___m_data_20000000_ROMStart
                0x1fff0ec0        0x4 LONG 0x20000000 ___m_data_20000000_RAMStart
                0x1fff0ec4        0x4 LONG 0x0 ___m_data_20000000_ROMSize
                0x1fff0ec8        0x4 LONG 0x0
                0x1fff0ecc        0x4 LONG 0x0
                0x1fff0ed0        0x4 LONG 0x0

._user_heap_stack
                0x1fff0ed4      0x400 load address 0x00002060
                0x1fff0ed4                . = ALIGN (0x4)
                0x1fff0ed4                PROVIDE (end, .)
                0x1fff0ed4                PROVIDE (_end, .)
                0x1fff0ed4                __heap_addr = .
                0x1fff0ed4                __HeapBase = .
                0x1fff0ed4                . = (. + __heap_size)
                0x1fff0ed4                __HeapLimit = .
                0x1fff12d4                . = (. + __stack_size)
 *fill*         0x1fff0ed4      0x400 
                0x1fff12d4                . = ALIGN (0x4)

.ARM.attributes
                0x00000000       0x30
 *(.ARM.attributes)
 .ARM.attributes
                0x00000000       0x22 d:/freescale/kds_v3/toolchain/bin/../lib/gcc/arm-none-eabi/4.8.4/armv7e-m/fpu/crti.o
 .ARM.attributes
                0x00000022       0x34 d:/freescale/kds_v3/toolchain/bin/../lib/gcc/arm-none-eabi/4.8.4/armv7e-m/fpu/crtbegin.o
 .ARM.attributes
                0x00000056       0x20 d:/freescale/kds_v3/toolchain/bin/../lib/gcc/arm-none-eabi/4.8.4/../../../../arm-none-eabi/lib/armv7e-m/fpu/crt0.o
 .ARM.attributes
                0x00000076       0x39 ./Sources/main.o
 .ARM.attributes
                0x000000af       0x39 ./Project_Settings/Startup_Code/startup.o
 .ARM.attributes
                0x000000e8       0x39 ./Generated_Code/Cpu.o
 .ARM.attributes
                0x00000121       0x39 ./Generated_Code/Vectors.o
 .ARM.attributes
                0x0000015a       0x39 D:\Autumn 2019\Embedded Software\autumn-embedded-project\Library\libOS.a(OS.o)
 .ARM.attributes
                0x00000193       0x39 D:\Autumn 2019\Embedded Software\autumn-embedded-project\Library\libAnalog.a(analog.o)
 .ARM.attributes
                0x000001cc       0x39 D:\Autumn 2019\Embedded Software\autumn-embedded-project\Library\libAnalog.a(SPI.o)
 .ARM.attributes
                0x00000205       0x34 d:/freescale/kds_v3/toolchain/bin/../lib/gcc/arm-none-eabi/4.8.4/../../../../arm-none-eabi/lib/armv7e-m/fpu\libg_s.a(lib_a-exit.o)
 .ARM.attributes
                0x00000239       0x34 d:/freescale/kds_v3/toolchain/bin/../lib/gcc/arm-none-eabi/4.8.4/../../../../arm-none-eabi/lib/armv7e-m/fpu\libg_s.a(lib_a-impure.o)
 .ARM.attributes
                0x0000026d       0x34 d:/freescale/kds_v3/toolchain/bin/../lib/gcc/arm-none-eabi/4.8.4/../../../../arm-none-eabi/lib/armv7e-m/fpu\libg_s.a(lib_a-init.o)
 .ARM.attributes
                0x000002a1       0x34 d:/freescale/kds_v3/toolchain/bin/../lib/gcc/arm-none-eabi/4.8.4/../../../../arm-none-eabi/lib/armv7e-m/fpu\libg_s.a(lib_a-memset.o)
 .ARM.attributes
                0x000002d5       0x34 d:/freescale/kds_v3/toolchain/bin/../lib/gcc/arm-none-eabi/4.8.4/../../../../arm-none-eabi/lib/armv7e-m/fpu\libnosys.a(_exit.o)
 .ARM.attributes
                0x00000309       0x22 d:/freescale/kds_v3/toolchain/bin/../lib/gcc/arm-none-eabi/4.8.4/armv7e-m/fpu/crtn.o
OUTPUT(Project.elf elf32-littlearm)

.debug_info     0x00000000     0x376a
 .debug_info    0x00000000      0x95d ./Sources/main.o
 .debug_info    0x0000095d      0x3b0 ./Project_Settings/Startup_Code/startup.o
 .debug_info    0x00000d0d      0xc82 ./Generated_Code/Cpu.o
 .debug_info    0x0000198f      0x10f ./Generated_Code/Vectors.o
 .debug_info    0x00001a9e      0xd02 D:\Autumn 2019\Embedded Software\autumn-embedded-project\Library\libOS.a(OS.o)
 .debug_info    0x000027a0      0x56a D:\Autumn 2019\Embedded Software\autumn-embedded-project\Library\libAnalog.a(analog.o)
 .debug_info    0x00002d0a      0xa60 D:\Autumn 2019\Embedded Software\autumn-embedded-project\Library\libAnalog.a(SPI.o)

.debug_abbrev   0x00000000      0xc2f
 .debug_abbrev  0x00000000      0x256 ./Sources/main.o
 .debug_abbrev  0x00000256      0x189 ./Project_Settings/Startup_Code/startup.o
 .debug_abbrev  0x000003df      0x185 ./Generated_Code/Cpu.o
 .debug_abbrev  0x00000564       0xa4 ./Generated_Code/Vectors.o
 .debug_abbrev  0x00000608      0x2f8 D:\Autumn 2019\Embedded Software\autumn-embedded-project\Library\libOS.a(OS.o)
 .debug_abbrev  0x00000900      0x15a D:\Autumn 2019\Embedded Software\autumn-embedded-project\Library\libAnalog.a(analog.o)
 .debug_abbrev  0x00000a5a      0x1d5 D:\Autumn 2019\Embedded Software\autumn-embedded-project\Library\libAnalog.a(SPI.o)

.debug_aranges  0x00000000      0x268
 .debug_aranges
                0x00000000       0x70 ./Sources/main.o
 .debug_aranges
                0x00000070       0x50 ./Project_Settings/Startup_Code/startup.o
 .debug_aranges
                0x000000c0       0x38 ./Generated_Code/Cpu.o
 .debug_aranges
                0x000000f8       0x18 ./Generated_Code/Vectors.o
 .debug_aranges
                0x00000110       0xc8 D:\Autumn 2019\Embedded Software\autumn-embedded-project\Library\libOS.a(OS.o)
 .debug_aranges
                0x000001d8       0x38 D:\Autumn 2019\Embedded Software\autumn-embedded-project\Library\libAnalog.a(analog.o)
 .debug_aranges
                0x00000210       0x58 D:\Autumn 2019\Embedded Software\autumn-embedded-project\Library\libAnalog.a(SPI.o)

.debug_ranges   0x00000000      0x1f0
 .debug_ranges  0x00000000       0x60 ./Sources/main.o
 .debug_ranges  0x00000060       0x40 ./Project_Settings/Startup_Code/startup.o
 .debug_ranges  0x000000a0       0x28 ./Generated_Code/Cpu.o
 .debug_ranges  0x000000c8       0xb8 D:\Autumn 2019\Embedded Software\autumn-embedded-project\Library\libOS.a(OS.o)
 .debug_ranges  0x00000180       0x28 D:\Autumn 2019\Embedded Software\autumn-embedded-project\Library\libAnalog.a(analog.o)
 .debug_ranges  0x000001a8       0x48 D:\Autumn 2019\Embedded Software\autumn-embedded-project\Library\libAnalog.a(SPI.o)

.debug_macro    0x00000000    0x19ec6
 .debug_macro   0x00000000       0xe0 ./Sources/main.o
 .debug_macro   0x000000e0       0x30 ./Sources/main.o
 .debug_macro   0x00000110       0x10 ./Sources/main.o
 .debug_macro   0x00000120      0x11e ./Sources/main.o
 .debug_macro   0x0000023e      0x121 ./Project_Settings/Startup_Code/startup.o
 .debug_macro   0x0000035f       0x58 ./Project_Settings/Startup_Code/startup.o
 .debug_macro   0x000003b7       0x35 ./Project_Settings/Startup_Code/startup.o
 .debug_macro   0x000003ec       0xa3 ./Project_Settings/Startup_Code/startup.o
 .debug_macro   0x0000048f      0x166 ./Project_Settings/Startup_Code/startup.o
 .debug_macro   0x000005f5       0x4a ./Project_Settings/Startup_Code/startup.o
 .debug_macro   0x0000063f       0x52 ./Project_Settings/Startup_Code/startup.o
 .debug_macro   0x00000691       0x16 ./Project_Settings/Startup_Code/startup.o
 .debug_macro   0x000006a7       0x43 ./Project_Settings/Startup_Code/startup.o
 .debug_macro   0x000006ea      0x180 ./Project_Settings/Startup_Code/startup.o
 .debug_macro   0x0000086a      0x2a6 ./Project_Settings/Startup_Code/startup.o
 .debug_macro   0x00000b10       0x10 ./Project_Settings/Startup_Code/startup.o
 .debug_macro   0x00000b20       0x35 ./Project_Settings/Startup_Code/startup.o
 .debug_macro   0x00000b55       0x16 ./Project_Settings/Startup_Code/startup.o
 .debug_macro   0x00000b6b       0x22 ./Project_Settings/Startup_Code/startup.o
 .debug_macro   0x00000b8d       0x16 ./Project_Settings/Startup_Code/startup.o
 .debug_macro   0x00000ba3      0x20f ./Project_Settings/Startup_Code/startup.o
 .debug_macro   0x00000db2    0x174af ./Project_Settings/Startup_Code/startup.o
 .debug_macro   0x00018261       0x84 ./Generated_Code/Cpu.o
 .debug_macro   0x000182e5       0xa0 ./Generated_Code/Cpu.o
 .debug_macro   0x00018385       0x9d ./Generated_Code/Vectors.o
 .debug_macro   0x00018422       0xa3 D:\Autumn 2019\Embedded Software\autumn-embedded-project\Library\libOS.a(OS.o)
 .debug_macro   0x000184c5     0x17fa D:\Autumn 2019\Embedded Software\autumn-embedded-project\Library\libOS.a(OS.o)
 .debug_macro   0x00019cbf       0x94 D:\Autumn 2019\Embedded Software\autumn-embedded-project\Library\libOS.a(OS.o)
 .debug_macro   0x00019d53       0xf5 D:\Autumn 2019\Embedded Software\autumn-embedded-project\Library\libAnalog.a(analog.o)
 .debug_macro   0x00019e48       0x16 D:\Autumn 2019\Embedded Software\autumn-embedded-project\Library\libAnalog.a(analog.o)
 .debug_macro   0x00019e5e       0x68 D:\Autumn 2019\Embedded Software\autumn-embedded-project\Library\libAnalog.a(SPI.o)

.debug_line     0x00000000     0x167c
 .debug_line    0x00000000      0x44c ./Sources/main.o
 .debug_line    0x0000044c      0x3e3 ./Project_Settings/Startup_Code/startup.o
 .debug_line    0x0000082f      0x27e ./Generated_Code/Cpu.o
 .debug_line    0x00000aad      0x24e ./Generated_Code/Vectors.o
 .debug_line    0x00000cfb      0x496 D:\Autumn 2019\Embedded Software\autumn-embedded-project\Library\libOS.a(OS.o)
 .debug_line    0x00001191      0x218 D:\Autumn 2019\Embedded Software\autumn-embedded-project\Library\libAnalog.a(analog.o)
 .debug_line    0x000013a9      0x2d3 D:\Autumn 2019\Embedded Software\autumn-embedded-project\Library\libAnalog.a(SPI.o)

.debug_str      0x00000000    0x8e629
 .debug_str     0x00000000    0x8b02d ./Sources/main.o
                              0x8b220 (size before relaxing)
 .debug_str     0x0008b02d     0x2663 ./Project_Settings/Startup_Code/startup.o
                              0x853ff (size before relaxing)
 .debug_str     0x0008d690      0x255 ./Generated_Code/Cpu.o
                              0x8aaab (size before relaxing)
 .debug_str     0x0008d8e5       0x1c ./Generated_Code/Vectors.o
                              0x8a804 (size before relaxing)
 .debug_str     0x0008d901      0x3f6 D:\Autumn 2019\Embedded Software\autumn-embedded-project\Library\libOS.a(OS.o)
                              0x8ad2a (size before relaxing)
 .debug_str     0x0008dcf7      0x5dd D:\Autumn 2019\Embedded Software\autumn-embedded-project\Library\libAnalog.a(analog.o)
                               0x38d5 (size before relaxing)
 .debug_str     0x0008e2d4      0x355 D:\Autumn 2019\Embedded Software\autumn-embedded-project\Library\libAnalog.a(SPI.o)
                              0x83389 (size before relaxing)

.comment        0x00000000       0x70
 .comment       0x00000000       0x70 ./Sources/main.o
                                 0x71 (size before relaxing)
 .comment       0x00000000       0x71 ./Project_Settings/Startup_Code/startup.o
 .comment       0x00000000       0x71 ./Generated_Code/Cpu.o
 .comment       0x00000000       0x71 ./Generated_Code/Vectors.o
 .comment       0x00000000       0x71 D:\Autumn 2019\Embedded Software\autumn-embedded-project\Library\libOS.a(OS.o)
 .comment       0x00000000       0x71 D:\Autumn 2019\Embedded Software\autumn-embedded-project\Library\libAnalog.a(analog.o)
 .comment       0x00000000       0x71 D:\Autumn 2019\Embedded Software\autumn-embedded-project\Library\libAnalog.a(SPI.o)

.debug_frame    0x00000000      0x768
 .debug_frame   0x00000000      0x164 ./Sources/main.o
 .debug_frame   0x00000164       0xc0 ./Project_Settings/Startup_Code/startup.o
 .debug_frame   0x00000224       0x80 ./Generated_Code/Cpu.o
 .debug_frame   0x000002a4      0x2a0 D:\Autumn 2019\Embedded Software\autumn-embedded-project\Library\libOS.a(OS.o)
 .debug_frame   0x00000544       0x90 D:\Autumn 2019\Embedded Software\autumn-embedded-project\Library\libAnalog.a(analog.o)
 .debug_frame   0x000005d4      0x100 D:\Autumn 2019\Embedded Software\autumn-embedded-project\Library\libAnalog.a(SPI.o)
 .debug_frame   0x000006d4       0x28 d:/freescale/kds_v3/toolchain/bin/../lib/gcc/arm-none-eabi/4.8.4/../../../../arm-none-eabi/lib/armv7e-m/fpu\libg_s.a(lib_a-exit.o)
 .debug_frame   0x000006fc       0x2c d:/freescale/kds_v3/toolchain/bin/../lib/gcc/arm-none-eabi/4.8.4/../../../../arm-none-eabi/lib/armv7e-m/fpu\libg_s.a(lib_a-init.o)
 .debug_frame   0x00000728       0x20 d:/freescale/kds_v3/toolchain/bin/../lib/gcc/arm-none-eabi/4.8.4/../../../../arm-none-eabi/lib/armv7e-m/fpu\libg_s.a(lib_a-memset.o)
 .debug_frame   0x00000748       0x20 d:/freescale/kds_v3/toolchain/bin/../lib/gcc/arm-none-eabi/4.8.4/../../../../arm-none-eabi/lib/armv7e-m/fpu\libnosys.a(_exit.o)
