Archive member included because of file (symbol)

C:\Users\12878930\Documents\autumn-embedded-project\Library\libOS.a(OS.o)
                              ./Sources/main.o (OS_Init)
C:\Users\12878930\Documents\autumn-embedded-project\Library\libAnalog.a(analog.o)
                              ./Sources/main.o (Analog_Init)
C:\Users\12878930\Documents\autumn-embedded-project\Library\libAnalog.a(SPI.o)
                              C:\Users\12878930\Documents\autumn-embedded-project\Library\libAnalog.a(analog.o) (SPI_Init)
c:/software/freescale/kds_3.0.0/toolchain/bin/../lib/gcc/arm-none-eabi/4.8.4/../../../../arm-none-eabi/lib/armv7e-m/fpu\libm.a(lib_a-w_sqrt.o)
                              ./Sources/calculation.o (sqrt)
c:/software/freescale/kds_3.0.0/toolchain/bin/../lib/gcc/arm-none-eabi/4.8.4/../../../../arm-none-eabi/lib/armv7e-m/fpu\libm.a(lib_a-e_sqrt.o)
                              c:/software/freescale/kds_3.0.0/toolchain/bin/../lib/gcc/arm-none-eabi/4.8.4/../../../../arm-none-eabi/lib/armv7e-m/fpu\libm.a(lib_a-w_sqrt.o) (__ieee754_sqrt)
c:/software/freescale/kds_3.0.0/toolchain/bin/../lib/gcc/arm-none-eabi/4.8.4/../../../../arm-none-eabi/lib/armv7e-m/fpu\libm.a(lib_a-s_fpclassify.o)
                              c:/software/freescale/kds_3.0.0/toolchain/bin/../lib/gcc/arm-none-eabi/4.8.4/../../../../arm-none-eabi/lib/armv7e-m/fpu\libm.a(lib_a-w_sqrt.o) (__fpclassifyd)
c:/software/freescale/kds_3.0.0/toolchain/bin/../lib/gcc/arm-none-eabi/4.8.4/../../../../arm-none-eabi/lib/armv7e-m/fpu\libm.a(lib_a-s_lib_ver.o)
                              c:/software/freescale/kds_3.0.0/toolchain/bin/../lib/gcc/arm-none-eabi/4.8.4/../../../../arm-none-eabi/lib/armv7e-m/fpu\libm.a(lib_a-w_sqrt.o) (__fdlib_version)
c:/software/freescale/kds_3.0.0/toolchain/bin/../lib/gcc/arm-none-eabi/4.8.4/../../../../arm-none-eabi/lib/armv7e-m/fpu\libm.a(lib_a-s_matherr.o)
                              c:/software/freescale/kds_3.0.0/toolchain/bin/../lib/gcc/arm-none-eabi/4.8.4/../../../../arm-none-eabi/lib/armv7e-m/fpu\libm.a(lib_a-w_sqrt.o) (matherr)
c:/software/freescale/kds_3.0.0/toolchain/bin/../lib/gcc/arm-none-eabi/4.8.4/armv7e-m/fpu\libgcc.a(_arm_addsubdf3.o)
                              c:/software/freescale/kds_3.0.0/toolchain/bin/../lib/gcc/arm-none-eabi/4.8.4/../../../../arm-none-eabi/lib/armv7e-m/fpu\libm.a(lib_a-e_sqrt.o) (__aeabi_dsub)
c:/software/freescale/kds_3.0.0/toolchain/bin/../lib/gcc/arm-none-eabi/4.8.4/armv7e-m/fpu\libgcc.a(_arm_muldivdf3.o)
                              ./Sources/calculation.o (__aeabi_dmul)
c:/software/freescale/kds_3.0.0/toolchain/bin/../lib/gcc/arm-none-eabi/4.8.4/armv7e-m/fpu\libgcc.a(_arm_cmpdf2.o)
                              ./Sources/main.o (__aeabi_dcmplt)
c:/software/freescale/kds_3.0.0/toolchain/bin/../lib/gcc/arm-none-eabi/4.8.4/armv7e-m/fpu\libgcc.a(_arm_fixunsdfsi.o)
                              ./Sources/calculation.o (__aeabi_d2uiz)
c:/software/freescale/kds_3.0.0/toolchain/bin/../lib/gcc/arm-none-eabi/4.8.4/armv7e-m/fpu\libgcc.a(_arm_truncdfsf2.o)
                              ./Sources/calculation.o (__aeabi_d2f)
c:/software/freescale/kds_3.0.0/toolchain/bin/../lib/gcc/arm-none-eabi/4.8.4/../../../../arm-none-eabi/lib/armv7e-m/fpu\libg_s.a(lib_a-errno.o)
                              c:/software/freescale/kds_3.0.0/toolchain/bin/../lib/gcc/arm-none-eabi/4.8.4/../../../../arm-none-eabi/lib/armv7e-m/fpu\libm.a(lib_a-w_sqrt.o) (__errno)
c:/software/freescale/kds_3.0.0/toolchain/bin/../lib/gcc/arm-none-eabi/4.8.4/../../../../arm-none-eabi/lib/armv7e-m/fpu\libg_s.a(lib_a-exit.o)
                              c:/software/freescale/kds_3.0.0/toolchain/bin/../lib/gcc/arm-none-eabi/4.8.4/../../../../arm-none-eabi/lib/armv7e-m/fpu/crt0.o (exit)
c:/software/freescale/kds_3.0.0/toolchain/bin/../lib/gcc/arm-none-eabi/4.8.4/../../../../arm-none-eabi/lib/armv7e-m/fpu\libg_s.a(lib_a-impure.o)
                              c:/software/freescale/kds_3.0.0/toolchain/bin/../lib/gcc/arm-none-eabi/4.8.4/../../../../arm-none-eabi/lib/armv7e-m/fpu\libg_s.a(lib_a-exit.o) (_global_impure_ptr)
c:/software/freescale/kds_3.0.0/toolchain/bin/../lib/gcc/arm-none-eabi/4.8.4/../../../../arm-none-eabi/lib/armv7e-m/fpu\libg_s.a(lib_a-init.o)
                              c:/software/freescale/kds_3.0.0/toolchain/bin/../lib/gcc/arm-none-eabi/4.8.4/../../../../arm-none-eabi/lib/armv7e-m/fpu/crt0.o (__libc_init_array)
c:/software/freescale/kds_3.0.0/toolchain/bin/../lib/gcc/arm-none-eabi/4.8.4/../../../../arm-none-eabi/lib/armv7e-m/fpu\libg_s.a(lib_a-memset.o)
                              c:/software/freescale/kds_3.0.0/toolchain/bin/../lib/gcc/arm-none-eabi/4.8.4/../../../../arm-none-eabi/lib/armv7e-m/fpu/crt0.o (memset)
c:/software/freescale/kds_3.0.0/toolchain/bin/../lib/gcc/arm-none-eabi/4.8.4/../../../../arm-none-eabi/lib/armv7e-m/fpu\libnosys.a(_exit.o)
[...]
Memory Configuration

Name             Origin             Length             Attributes
m_interrupts     0x00000000         0x000001e8         xr
m_text           0x00000410         0x0007fbf0         xr
m_data           0x1fff0000         0x00010000         rw
m_data_20000000  0x20000000         0x00010000         rw
m_cfmprotrom     0x00000400         0x00000010         xr
*default*        0x00000000         0xffffffff

Linker script and memory map

LOAD c:/software/freescale/kds_3.0.0/toolchain/bin/../lib/gcc/arm-none-eabi/4.8.4/armv7e-m/fpu/crti.o
LOAD c:/software/freescale/kds_3.0.0/toolchain/bin/../lib/gcc/arm-none-eabi/4.8.4/armv7e-m/fpu/crtbegin.o
LOAD c:/software/freescale/kds_3.0.0/toolchain/bin/../lib/gcc/arm-none-eabi/4.8.4/../../../../arm-none-eabi/lib/armv7e-m/fpu/crt0.o
LOAD ./Sources/FIFO.o
LOAD ./Sources/FTM.o
LOAD ./Sources/Flash.o
LOAD ./Sources/LEDs.o
LOAD ./Sources/PIT.o
LOAD ./Sources/RTC.o
LOAD ./Sources/UART.o
LOAD ./Sources/calculation.o
LOAD ./Sources/main.o
LOAD ./Sources/packet.o
LOAD ./Project_Settings/Startup_Code/startup.o
LOAD ./Generated_Code/Cpu.o
LOAD ./Generated_Code/Vectors.o
LOAD C:\Users\12878930\Documents\autumn-embedded-project\Library\libOS.a
LOAD C:\Users\12878930\Documents\autumn-embedded-project\Library\libAnalog.a
LOAD c:/software/freescale/kds_3.0.0/toolchain/bin/../lib/gcc/arm-none-eabi/4.8.4/../../../../arm-none-eabi/lib/armv7e-m/fpu\libstdc++_s.a
LOAD c:/software/freescale/kds_3.0.0/toolchain/bin/../lib/gcc/arm-none-eabi/4.8.4/../../../../arm-none-eabi/lib/armv7e-m/fpu\libm.a
START GROUP
LOAD c:/software/freescale/kds_3.0.0/toolchain/bin/../lib/gcc/arm-none-eabi/4.8.4/armv7e-m/fpu\libgcc.a
LOAD c:/software/freescale/kds_3.0.0/toolchain/bin/../lib/gcc/arm-none-eabi/4.8.4/../../../../arm-none-eabi/lib/armv7e-m/fpu\libg_s.a
LOAD c:/software/freescale/kds_3.0.0/toolchain/bin/../lib/gcc/arm-none-eabi/4.8.4/../../../../arm-none-eabi/lib/armv7e-m/fpu\libc_s.a
END GROUP
START GROUP
LOAD c:/software/freescale/kds_3.0.0/toolchain/bin/../lib/gcc/arm-none-eabi/4.8.4/armv7e-m/fpu\libgcc.a
LOAD c:/software/freescale/kds_3.0.0/toolchain/bin/../lib/gcc/arm-none-eabi/4.8.4/../../../../arm-none-eabi/lib/armv7e-m/fpu\libc_s.a
LOAD c:/software/freescale/kds_3.0.0/toolchain/bin/../lib/gcc/arm-none-eabi/4.8.4/../../../../arm-none-eabi/lib/armv7e-m/fpu\libnosys.a
END GROUP
START GROUP
LOAD c:/software/freescale/kds_3.0.0/toolchain/bin/../lib/gcc/arm-none-eabi/4.8.4/armv7e-m/fpu\libgcc.a
LOAD c:/software/freescale/kds_3.0.0/toolchain/bin/../lib/gcc/arm-none-eabi/4.8.4/../../../../arm-none-eabi/lib/armv7e-m/fpu\libc_s.a
LOAD c:/software/freescale/kds_3.0.0/toolchain/bin/../lib/gcc/arm-none-eabi/4.8.4/../../../../arm-none-eabi/lib/armv7e-m/fpu\libnosys.a
END GROUP
LOAD c:/software/freescale/kds_3.0.0/toolchain/bin/../lib/gcc/arm-none-eabi/4.8.4/armv7e-m/fpu/crtend.o
LOAD c:/software/freescale/kds_3.0.0/toolchain/bin/../lib/gcc/arm-none-eabi/4.8.4/armv7e-m/fpu/crtn.o
                0x20000000                _estack = 0x20000000
                0x20000000                __SP_INIT = _estack
                0x20000000                __stack = _estack
                0x00000000                __heap_size = 0x0
                0x00000400                __stack_size = 0x400

.interrupts     0x00000000      0x1e8
                0x00000000                __vector_table = .
                0x00000000                . = ALIGN (0x4)
 *(.vectortable)
 .vectortable   0x00000000      0x1e8 ./Generated_Code/Vectors.o
                0x00000000                __vect_table
                0x000001e8                . = ALIGN (0x4)

.cfmprotect     0x00000400       0x10
                0x00000400                . = ALIGN (0x4)
 *(.cfmconfig)
 .cfmconfig     0x00000400       0x10 ./Generated_Code/Cpu.o
                0x00000400                _cfm
                0x00000410                . = ALIGN (0x4)

.text           0x00000410     0x442c
                0x00000410                . = ALIGN (0x4)
 *(.text)
 .text          0x00000410       0x54 c:/software/freescale/kds_3.0.0/toolchain/bin/../lib/gcc/arm-none-eabi/4.8.4/armv7e-m/fpu/crtbegin.o
 .text          0x00000464       0x74 c:/software/freescale/kds_3.0.0/toolchain/bin/../lib/gcc/arm-none-eabi/4.8.4/../../../../arm-none-eabi/lib/armv7e-m/fpu/crt0.o
                0x00000464                _start
                0x00000464                _mainCRTStartup
 .text          0x000004d8      0x370 c:/software/freescale/kds_3.0.0/toolchain/bin/../lib/gcc/arm-none-eabi/4.8.4/armv7e-m/fpu\libgcc.a(_arm_addsubdf3.o)
                0x000004d8                __aeabi_drsub
                0x000004e0                __aeabi_dsub
                0x000004e0                __subdf3
                0x000004e4                __aeabi_dadd
                0x000004e4                __adddf3
                0x0000075c                __floatunsidf
                0x0000075c                __aeabi_ui2d
                0x0000077c                __floatsidf
                0x0000077c                __aeabi_i2d
                0x000007a0                __aeabi_f2d
                0x000007a0                __extendsfdf2
                0x000007dc                __floatundidf
                0x000007dc                __aeabi_ul2d
                0x000007ec                __floatdidf
                0x000007ec                __aeabi_l2d
 .text          0x00000848      0x424 c:/software/freescale/kds_3.0.0/toolchain/bin/../lib/gcc/arm-none-eabi/4.8.4/armv7e-m/fpu\libgcc.a(_arm_muldivdf3.o)
                0x00000848                __aeabi_dmul
                0x00000848                __muldf3
                0x00000a9c                __divdf3
                0x00000a9c                __aeabi_ddiv
 .text          0x00000c6c      0x110 c:/software/freescale/kds_3.0.0/toolchain/bin/../lib/gcc/arm-none-eabi/4.8.4/armv7e-m/fpu\libgcc.a(_arm_cmpdf2.o)
                0x00000c6c                __gtdf2
                0x00000c6c                __gedf2
                0x00000c74                __ltdf2
                0x00000c74                __ledf2
                0x00000c7c                __nedf2
                0x00000c7c                __eqdf2
                0x00000c7c                __cmpdf2
                0x00000cf8                __aeabi_cdrcmple
                0x00000d08                __aeabi_cdcmpeq
                0x00000d08                __aeabi_cdcmple
                0x00000d18                __aeabi_dcmpeq
                0x00000d2c                __aeabi_dcmplt
                0x00000d40                __aeabi_dcmple
                0x00000d54                __aeabi_dcmpge
                0x00000d68                __aeabi_dcmpgt
 .text          0x00000d7c       0x40 c:/software/freescale/kds_3.0.0/toolchain/bin/../lib/gcc/arm-none-eabi/4.8.4/armv7e-m/fpu\libgcc.a(_arm_fixunsdfsi.o)
                0x00000d7c                __aeabi_d2uiz
                0x00000d7c                __fixunsdfsi
 .text          0x00000dbc       0xa0 c:/software/freescale/kds_3.0.0/toolchain/bin/../lib/gcc/arm-none-eabi/4.8.4/armv7e-m/fpu\libgcc.a(_arm_truncdfsf2.o)
                0x00000dbc                __truncdfsf2
                0x00000dbc                __aeabi_d2f
 *(.text*)
 .text.FIFO_Init
                0x00000e5c       0x48 ./Sources/FIFO.o
                0x00000e5c                FIFO_Init
 .text.FIFO_Put
                0x00000ea4       0x78 ./Sources/FIFO.o
                0x00000ea4                FIFO_Put
 .text.FIFO_Get
                0x00000f1c       0x78 ./Sources/FIFO.o
                0x00000f1c                FIFO_Get
 .text.FTM0_ISR
                0x00000f94       0x80 ./Sources/FTM.o
                0x00000f94                FTM0_ISR
 .text.Flash_Init
                0x00001014       0x24 ./Sources/Flash.o
                0x00001014                Flash_Init
 .text.Flash_AllocateVar
                0x00001038      0x13c ./Sources/Flash.o
                0x00001038                Flash_AllocateVar
 .text.Flash_Write32
                0x00001174       0x58 ./Sources/Flash.o
                0x00001174                Flash_Write32
 .text.Flash_Write16
                0x000011cc       0x60 ./Sources/Flash.o
                0x000011cc                Flash_Write16
 .text.Flash_Write8
                0x0000122c       0x74 ./Sources/Flash.o
                0x0000122c                Flash_Write8
 .text.Flash_Erase
                0x000012a0       0x14 ./Sources/Flash.o
                0x000012a0                Flash_Erase
 .text.LaunchCommand
                0x000012b4       0xb4 ./Sources/Flash.o
 .text.WritePhrase
                0x00001368       0x70 ./Sources/Flash.o
 .text.EraseSector
                0x000013d8       0x38 ./Sources/Flash.o
 .text.ModifyPhrase
                0x00001410       0x38 ./Sources/Flash.o
 .text.LEDs_Init
                0x00001448       0x6c ./Sources/LEDs.o
                0x00001448                LEDs_Init
 .text.LEDs_On  0x000014b4       0x24 ./Sources/LEDs.o
                0x000014b4                LEDs_On
 .text.LEDs_Off
                0x000014d8       0x24 ./Sources/LEDs.o
                0x000014d8                LEDs_Off
 .text.PIT_Init
                0x000014fc       0xd0 ./Sources/PIT.o
                0x000014fc                PIT_Init
 .text.PIT_Set  0x000015cc       0x84 ./Sources/PIT.o
                0x000015cc                PIT_Set
 .text.PIT_Enable
                0x00001650       0xa4 ./Sources/PIT.o
                0x00001650                PIT_Enable
 .text.PIT0_ISR
                0x000016f4       0x58 ./Sources/PIT.o
                0x000016f4                PIT0_ISR
 .text.PIT0Thread
                0x0000174c       0x38 ./Sources/PIT.o
                0x0000174c                PIT0Thread
 .text.RTC_Set  0x00001784       0x5c ./Sources/RTC.o
                0x00001784                RTC_Set
 .text.RTC_ISR  0x000017e0       0x34 ./Sources/RTC.o
                0x000017e0                RTC_ISR
 .text.UART_Init
                0x00001814      0x150 ./Sources/UART.o
                0x00001814                UART_Init
 .text.UART_InChar
                0x00001964       0x20 ./Sources/UART.o
                0x00001964                UART_InChar
 .text.UART_OutChar
                0x00001984       0x3c ./Sources/UART.o
                0x00001984                UART_OutChar
 .text.UART_ISR
                0x000019c0       0xa8 ./Sources/UART.o
                0x000019c0                UART_ISR
 .text.UARTRXThread
                0x00001a68       0x44 ./Sources/UART.o
                0x00001a68                UARTRXThread
 .text.UARTTXThread
                0x00001aac       0x4c ./Sources/UART.o
                0x00001aac                UARTTXThread
 .text.Sliding_voltage
                0x00001af8       0xa4 ./Sources/calculation.o
                0x00001af8                Sliding_voltage
 .text.Real_RMS
                0x00001b9c       0x50 ./Sources/calculation.o
                0x00001b9c                Real_RMS
 *fill*         0x00001bec        0x4 
 .text.Current_RMS
                0x00001bf0       0x48 ./Sources/calculation.o
                0x00001bf0                Current_RMS
 .text.Calculate_TripGoal
                0x00001c38       0x60 ./Sources/calculation.o
                0x00001c38                Calculate_TripGoal
 .text.Zero_Crossings
                0x00001c98      0x124 ./Sources/calculation.o
                0x00001c98                Zero_Crossings
 *fill*         0x00001dbc        0x4 
 .text.Calculate_Frequency
                0x00001dc0       0xc8 ./Sources/calculation.o
                0x00001dc0                Calculate_Frequency
 .text.PacketHandlerThread
                0x00001e88       0x30 ./Sources/main.o
                0x00001e88                PacketHandlerThread
 .text.LPTMRInit
                0x00001eb8       0x9c ./Sources/main.o
                0x00001eb8                LPTMRInit
 .text.LPTimer_ISR
                0x00001f54       0xdc ./Sources/main.o
                0x00001f54                LPTimer_ISR
 .text.InitModulesThread
                0x00002030       0x94 ./Sources/main.o
 *fill*         0x000020c4        0x4 
 .text.AnalogLoopbackThread
                0x000020c8      0x2b0 ./Sources/main.o
                0x000020c8                AnalogLoopbackThread
 .text.main     0x00002378      0x108 ./Sources/main.o
                0x00002378                main
 .text.PacketHandler
                0x00002480       0xe8 ./Sources/main.o
                0x00002480                PacketHandler
 .text.TowerInit
                0x00002568      0x10c ./Sources/main.o
                0x00002568                TowerInit
 .text.StartupPackets
                0x00002674       0x70 ./Sources/main.o
                0x00002674                StartupPackets
 .text.TowerNumberPackets
                0x000026e4       0x78 ./Sources/main.o
                0x000026e4                TowerNumberPackets
 .text.TowerModePackets
                0x0000275c       0x7c ./Sources/main.o
                0x0000275c                TowerModePackets
 .text.VersionPackets
                0x000027d8       0x18 ./Sources/main.o
                0x000027d8                VersionPackets
 .text.ProgramBytePackets
                0x000027f0       0x48 ./Sources/main.o
                0x000027f0                ProgramBytePackets
 .text.ReadBytePackets
                0x00002838       0x30 ./Sources/main.o
                0x00002838                ReadBytePackets
 .text.TowerTimePackets
                0x00002868       0x54 ./Sources/main.o
                0x00002868                TowerTimePackets
 .text.DORPackets
                0x000028bc      0x1f0 ./Sources/main.o
                0x000028bc                DORPackets
 .text.PIT0Callback
                0x00002aac       0x30 ./Sources/main.o
                0x00002aac                PIT0Callback
 .text.Packet_Init
                0x00002adc       0x1c ./Sources/packet.o
                0x00002adc                Packet_Init
 .text.Packet_Get
                0x00002af8      0x11c ./Sources/packet.o
                0x00002af8                Packet_Get
 .text.Packet_Put
                0x00002c14       0x54 ./Sources/packet.o
                0x00002c14                Packet_Put
 .text.Checksum_Calculation
                0x00002c68       0x30 ./Sources/packet.o
                0x00002c68                Checksum_Calculation
 .text.__copy_rom_section
                0x00002c98       0xe4 ./Project_Settings/Startup_Code/startup.o
                0x00002c98                __copy_rom_section
 .text.__copy_rom_sections_to_ram
                0x00002d7c       0x9c ./Project_Settings/Startup_Code/startup.o
                0x00002d7c                __copy_rom_sections_to_ram
 .text.__init_registers
                0x00002e18       0x20 ./Project_Settings/Startup_Code/startup.o
                0x00002e18                __init_registers
 .text.__init_user
                0x00002e38        0xc ./Project_Settings/Startup_Code/startup.o
                0x00002e38                __init_user
 .text.__thumb_startup
                0x00002e44       0x34 ./Project_Settings/Startup_Code/startup.o
                0x00002e44                __thumb_startup
 .text.Cpu_Interrupt
                0x00002e78       0x18 ./Generated_Code/Cpu.o
                0x00002e78                Cpu_Interrupt
 .text.__init_hardware
                0x00002e90      0x1cc ./Generated_Code/Cpu.o
                0x00002e90                __init_hardware
 .text.Cpu_SetBASEPRI
                0x0000305c       0x18 ./Generated_Code/Cpu.o
                0x0000305c                Cpu_SetBASEPRI
 .text.PE_low_level_init
                0x00003074       0xe4 ./Generated_Code/Cpu.o
                0x00003074                PE_low_level_init
 .text.OS_Init  0x00003158      0x110 C:\Users\12878930\Documents\autumn-embedded-project\Library\libOS.a(OS.o)
                0x00003158                OS_Init
 .text.OS_ISREnter
                0x00003268       0x20 C:\Users\12878930\Documents\autumn-embedded-project\Library\libOS.a(OS.o)
                0x00003268                OS_ISREnter
 .text.OS_ISRExit
                0x00003288       0x1c C:\Users\12878930\Documents\autumn-embedded-project\Library\libOS.a(OS.o)
                0x00003288                OS_ISRExit
 .text.OS_SemaphoreCreate
                0x000032a4       0x90 C:\Users\12878930\Documents\autumn-embedded-project\Library\libOS.a(OS.o)
                0x000032a4                OS_SemaphoreCreate
 .text.OS_SemaphoreSignal
                0x00003334       0x44 C:\Users\12878930\Documents\autumn-embedded-project\Library\libOS.a(OS.o)
                0x00003334                OS_SemaphoreSignal
 .text.OS_SemaphoreWait
                0x00003378       0x58 C:\Users\12878930\Documents\autumn-embedded-project\Library\libOS.a(OS.o)
                0x00003378                OS_SemaphoreWait
 .text.OS_Start
                0x000033d0       0x10 C:\Users\12878930\Documents\autumn-embedded-project\Library\libOS.a(OS.o)
                0x000033d0                OS_Start
 .text.OS_ThreadCreate
                0x000033e0      0x160 C:\Users\12878930\Documents\autumn-embedded-project\Library\libOS.a(OS.o)
                0x000033e0                OS_ThreadCreate
 .text.OS_ThreadDelete
                0x00003540      0x18c C:\Users\12878930\Documents\autumn-embedded-project\Library\libOS.a(OS.o)
                0x00003540                OS_ThreadDelete
 .text.EventThreadReady
                0x000036cc       0x68 C:\Users\12878930\Documents\autumn-embedded-project\Library\libOS.a(OS.o)
 .text.EventThreadWait
                0x00003734       0x64 C:\Users\12878930\Documents\autumn-embedded-project\Library\libOS.a(OS.o)
 .text.EventTimeout
                0x00003798       0x40 C:\Users\12878930\Documents\autumn-embedded-project\Library\libOS.a(OS.o)
 .text.Idle     0x000037d8       0x18 C:\Users\12878930\Documents\autumn-embedded-project\Library\libOS.a(OS.o)
 .text.FindFirstSet
                0x000037f0       0x44 C:\Users\12878930\Documents\autumn-embedded-project\Library\libOS.a(OS.o)
 .text.Schedule
                0x00003834       0x64 C:\Users\12878930\Documents\autumn-embedded-project\Library\libOS.a(OS.o)
 .text.TCBInit  0x00003898       0xcc C:\Users\12878930\Documents\autumn-embedded-project\Library\libOS.a(OS.o)
 .text.TimeTick
                0x00003964       0x74 C:\Users\12878930\Documents\autumn-embedded-project\Library\libOS.a(OS.o)
 *fill*         0x000039d8        0x8 
 .text.OS_ContextSwitchISR
                0x000039e0       0x70 C:\Users\12878930\Documents\autumn-embedded-project\Library\libOS.a(OS.o)
                0x000039e0                OS_ContextSwitchISR
 .text.OS_SysTickISR
                0x00003a50       0x5c C:\Users\12878930\Documents\autumn-embedded-project\Library\libOS.a(OS.o)
                0x00003a50                OS_SysTickISR
 .text.DACWrite
                0x00003aac       0x6c C:\Users\12878930\Documents\autumn-embedded-project\Library\libAnalog.a(analog.o)
 .text.Analog_Init
                0x00003b18      0x100 C:\Users\12878930\Documents\autumn-embedded-project\Library\libAnalog.a(analog.o)
                0x00003b18                Analog_Init
 .text.Analog_Get
                0x00003c18       0x78 C:\Users\12878930\Documents\autumn-embedded-project\Library\libAnalog.a(analog.o)
                0x00003c18                Analog_Get
 .text.Analog_Put
                0x00003c90       0x50 C:\Users\12878930\Documents\autumn-embedded-project\Library\libAnalog.a(analog.o)
                0x00003c90                Analog_Put
 .text.InitChipSelectPins
                0x00003ce0       0x6c C:\Users\12878930\Documents\autumn-embedded-project\Library\libAnalog.a(SPI.o)
 .text.SetupModuleConfigurationRegister
                0x00003d4c      0x104 C:\Users\12878930\Documents\autumn-embedded-project\Library\libAnalog.a(SPI.o)
 .text.SetBaudRate
                0x00003e50      0x15c C:\Users\12878930\Documents\autumn-embedded-project\Library\libAnalog.a(SPI.o)
 .text.SetDelayAfterTransfer
                0x00003fac      0x168 C:\Users\12878930\Documents\autumn-embedded-project\Library\libAnalog.a(SPI.o)
 .text.SetupClockAndTransferAttributesRegister
                0x00004114      0x16c C:\Users\12878930\Documents\autumn-embedded-project\Library\libAnalog.a(SPI.o)
 .text.SPI_Init
                0x00004280       0x90 C:\Users\12878930\Documents\autumn-embedded-project\Library\libAnalog.a(SPI.o)
                0x00004280                SPI_Init
 .text.SPI_SelectSlaveDevice
                0x00004310       0x6c C:\Users\12878930\Documents\autumn-embedded-project\Library\libAnalog.a(SPI.o)
                0x00004310                SPI_SelectSlaveDevice
 .text.SPI_Exchange
                0x0000437c       0x94 C:\Users\12878930\Documents\autumn-embedded-project\Library\libAnalog.a(SPI.o)
                0x0000437c                SPI_Exchange
 .text.sqrt     0x00004410       0xbc c:/software/freescale/kds_3.0.0/toolchain/bin/../lib/gcc/arm-none-eabi/4.8.4/../../../../arm-none-eabi/lib/armv7e-m/fpu\libm.a(lib_a-w_sqrt.o)
                0x00004410                sqrt
 .text.__ieee754_sqrt
                0x000044cc      0x198 c:/software/freescale/kds_3.0.0/toolchain/bin/../lib/gcc/arm-none-eabi/4.8.4/../../../../arm-none-eabi/lib/armv7e-m/fpu\libm.a(lib_a-e_sqrt.o)
                0x000044cc                __ieee754_sqrt
 .text.__fpclassifyd
                0x00004664       0x54 c:/software/freescale/kds_3.0.0/toolchain/bin/../lib/gcc/arm-none-eabi/4.8.4/../../../../arm-none-eabi/lib/armv7e-m/fpu\libm.a(lib_a-s_fpclassify.o)
                0x00004664                __fpclassifyd
 .text.matherr  0x000046b8        0x4 c:/software/freescale/kds_3.0.0/toolchain/bin/../lib/gcc/arm-none-eabi/4.8.4/../../../../arm-none-eabi/lib/armv7e-m/fpu\libm.a(lib_a-s_matherr.o)
                0x000046b8                matherr
 .text.__errno  0x000046bc        0xc c:/software/freescale/kds_3.0.0/toolchain/bin/../lib/gcc/arm-none-eabi/4.8.4/../../../../arm-none-eabi/lib/armv7e-m/fpu\libg_s.a(lib_a-errno.o)
                0x000046bc                __errno
 .text.exit     0x000046c8       0x28 c:/software/freescale/kds_3.0.0/toolchain/bin/../lib/gcc/arm-none-eabi/4.8.4/../../../../arm-none-eabi/lib/armv7e-m/fpu\libg_s.a(lib_a-exit.o)
                0x000046c8                exit
 .text.__libc_init_array
                0x000046f0       0x4c c:/software/freescale/kds_3.0.0/toolchain/bin/../lib/gcc/arm-none-eabi/4.8.4/../../../../arm-none-eabi/lib/armv7e-m/fpu\libg_s.a(lib_a-init.o)
                0x000046f0                __libc_init_array
 .text.memset   0x0000473c       0x10 c:/software/freescale/kds_3.0.0/toolchain/bin/../lib/gcc/arm-none-eabi/4.8.4/../../../../arm-none-eabi/lib/armv7e-m/fpu\libg_s.a(lib_a-memset.o)
                0x0000473c                memset
 .text._exit    0x0000474c        0x4 c:/software/freescale/kds_3.0.0/toolchain/bin/../lib/gcc/arm-none-eabi/4.8.4/../../../../arm-none-eabi/lib/armv7e-m/fpu\libnosys.a(_exit.o)
                0x0000474c                _exit
 *(.rodata)
 .rodata        0x00004750        0x4 C:\Users\12878930\Documents\autumn-embedded-project\Library\libAnalog.a(analog.o)
 .rodata        0x00004754       0xa0 C:\Users\12878930\Documents\autumn-embedded-project\Library\libAnalog.a(SPI.o)
 *(.rodata*)
 .rodata.ANALOG_THREAD_PRIORITIES
                0x000047f4        0x4 ./Sources/main.o
                0x000047f4                ANALOG_THREAD_PRIORITIES
 .rodata.SPI_SETUP
                0x000047f8       0x1c C:\Users\12878930\Documents\autumn-embedded-project\Library\libAnalog.a(analog.o)
 .rodata.str1.4
                0x00004814        0x8 c:/software/freescale/kds_3.0.0/toolchain/bin/../lib/gcc/arm-none-eabi/4.8.4/../../../../arm-none-eabi/lib/armv7e-m/fpu\libm.a(lib_a-w_sqrt.o)
 .rodata.str1.1
                0x0000481c        0x2 c:/software/freescale/kds_3.0.0/toolchain/bin/../lib/gcc/arm-none-eabi/4.8.4/../../../../arm-none-eabi/lib/armv7e-m/fpu\libg_s.a(lib_a-impure.o)
 *fill*         0x0000481e        0x2 
 .rodata._global_impure_ptr
                0x00004820        0x4 c:/software/freescale/kds_3.0.0/toolchain/bin/../lib/gcc/arm-none-eabi/4.8.4/../../../../arm-none-eabi/lib/armv7e-m/fpu\libg_s.a(lib_a-impure.o)
                0x00004820                _global_impure_ptr
 *(.glue_7)
 .glue_7        0x00000000        0x0 linker stubs
 *(.glue_7t)
 .glue_7t       0x00000000        0x0 linker stubs
 *(.eh_frame)
 .eh_frame      0x00004824        0x0 c:/software/freescale/kds_3.0.0/toolchain/bin/../lib/gcc/arm-none-eabi/4.8.4/armv7e-m/fpu/crtbegin.o
 *(.init)
 .init          0x00004824        0x4 c:/software/freescale/kds_3.0.0/toolchain/bin/../lib/gcc/arm-none-eabi/4.8.4/armv7e-m/fpu/crti.o
                0x00004824                _init
 .init          0x00004828        0x8 c:/software/freescale/kds_3.0.0/toolchain/bin/../lib/gcc/arm-none-eabi/4.8.4/armv7e-m/fpu/crtn.o
 *(.fini)
 .fini          0x00004830        0x4 c:/software/freescale/kds_3.0.0/toolchain/bin/../lib/gcc/arm-none-eabi/4.8.4/armv7e-m/fpu/crti.o
                0x00004830                _fini
 .fini          0x00004834        0x8 c:/software/freescale/kds_3.0.0/toolchain/bin/../lib/gcc/arm-none-eabi/4.8.4/armv7e-m/fpu/crtn.o
                0x0000483c                . = ALIGN (0x4)
                0x0000483c                _etext = .

.vfp11_veneer   0x0000483c        0x0
 .vfp11_veneer  0x00000000        0x0 linker stubs

.v4_bx          0x0000483c        0x0
 .v4_bx         0x00000000        0x0 linker stubs

.iplt           0x0000483c        0x0
 .iplt          0x00000000        0x0 c:/software/freescale/kds_3.0.0/toolchain/bin/../lib/gcc/arm-none-eabi/4.8.4/armv7e-m/fpu/crtbegin.o

.ARM.extab
 *(.ARM.extab* .gnu.linkonce.armextab.*)

.ARM            0x0000483c        0x8
                0x0000483c                __exidx_start = .
 *(.ARM.exidx*)
 .ARM.exidx     0x0000483c        0x8 c:/software/freescale/kds_3.0.0/toolchain/bin/../lib/gcc/arm-none-eabi/4.8.4/../../../../arm-none-eabi/lib/armv7e-m/fpu/crt0.o
                0x00004844                __exidx_end = .

.rel.dyn        0x00004844        0x0
 .rel.iplt      0x00000000        0x0 c:/software/freescale/kds_3.0.0/toolchain/bin/../lib/gcc/arm-none-eabi/4.8.4/armv7e-m/fpu/crtbegin.o

.ctors          0x00004844        0x0
                0x00004844                __CTOR_LIST__ = .
 *crtbegin.o(.ctors)
 *(EXCLUDE_FILE(*crtend.o) .ctors)
 *(SORT(.ctors.*))
 *(.ctors)
                0x00004844                __CTOR_END__ = .

.dtors          0x00004844        0x0
                0x00004844                __DTOR_LIST__ = .
 *crtbegin.o(.dtors)
 *(EXCLUDE_FILE(*crtend.o) .dtors)
 *(SORT(.dtors.*))
 *(.dtors)
                0x00004844                __DTOR_END__ = .

.preinit_array  0x00004844        0x0
                0x00004844                PROVIDE (__preinit_array_start, .)
 *(.preinit_array*)
                0x00004844                PROVIDE (__preinit_array_end, .)

.init_array     0x00004844        0x4
                0x00004844                PROVIDE (__init_array_start, .)
 *(SORT(.init_array.*))
 *(.init_array*)
 .init_array    0x00004844        0x4 c:/software/freescale/kds_3.0.0/toolchain/bin/../lib/gcc/arm-none-eabi/4.8.4/armv7e-m/fpu/crtbegin.o
                0x00004848                PROVIDE (__init_array_end, .)

.fini_array     0x00004848        0x4
                0x00004848                PROVIDE (__fini_array_start, .)
 *(SORT(.fini_array.*))
 *(.fini_array*)
 .fini_array    0x00004848        0x4 c:/software/freescale/kds_3.0.0/toolchain/bin/../lib/gcc/arm-none-eabi/4.8.4/armv7e-m/fpu/crtbegin.o
                0x0000484c                PROVIDE (__fini_array_end, .)
                0x0000484c                ___ROM_AT = .

.data           0x1fff0000     0x597c load address 0x0000484c
                0x1fff0000                . = ALIGN (0x4)
                0x1fff0000                _sdata = .
 *(.data)
 *(.data*)
 .data.byteAlloc.5674
                0x1fff0000        0x1 ./Sources/Flash.o
 *fill*         0x1fff0001        0x3 
 .data.TripTimes
                0x1fff0004     0x58f8 ./Sources/calculation.o
 .data.AnalogThreadData
                0x1fff58fc       0x18 ./Sources/main.o
 .data.__fdlib_version
                0x1fff5914        0x1 c:/software/freescale/kds_3.0.0/toolchain/bin/../lib/gcc/arm-none-eabi/4.8.4/../../../../arm-none-eabi/lib/armv7e-m/fpu\libm.a(lib_a-s_lib_ver.o)
                0x1fff5914                __fdlib_version
 *fill*         0x1fff5915        0x3 
 .data.impure_data
                0x1fff5918       0x60 c:/software/freescale/kds_3.0.0/toolchain/bin/../lib/gcc/arm-none-eabi/4.8.4/../../../../arm-none-eabi/lib/armv7e-m/fpu\libg_s.a(lib_a-impure.o)
 .data._impure_ptr
                0x1fff5978        0x4 c:/software/freescale/kds_3.0.0/toolchain/bin/../lib/gcc/arm-none-eabi/4.8.4/../../../../arm-none-eabi/lib/armv7e-m/fpu\libg_s.a(lib_a-impure.o)
                0x1fff5978                _impure_ptr
                0x1fff597c                . = ALIGN (0x4)
                0x1fff597c                _edata = .
                0x0000597c                ___data_size = (_edata - _sdata)
                0x0000a1c8                ___m_data_20000000_ROMStart = (___ROM_AT + SIZEOF (.data))

.jcr            0x1fff597c        0x0 load address 0x0000a1c8
 .jcr           0x1fff597c        0x0 c:/software/freescale/kds_3.0.0/toolchain/bin/../lib/gcc/arm-none-eabi/4.8.4/armv7e-m/fpu/crtbegin.o

.igot.plt       0x1fff597c        0x0 load address 0x0000a1c8
 .igot.plt      0x00000000        0x0 c:/software/freescale/kds_3.0.0/toolchain/bin/../lib/gcc/arm-none-eabi/4.8.4/armv7e-m/fpu/crtbegin.o

.m_data_20000000
                0x20000000        0x0 load address 0x0000a1c8
                0x20000000                . = ALIGN (0x4)
                0x20000000                ___m_data_20000000_RAMStart = .
 *(.m_data_20000000)
                0x20000000                ___m_data_20000000_RAMEnd = .
                0x20000000                . = ALIGN (0x4)
                0x00000000                ___m_data_20000000_ROMSize = (___m_data_20000000_RAMEnd - ___m_data_20000000_RAMStart)
                0x20000000                . = ALIGN (0x4)

.bss            0x1fff5980     0x1a80 load address 0x0000a1d0
                0x1fff5980                __START_BSS = .
                0x1fff5980                PROVIDE (__bss_start__, __START_BSS)
 *(.bss)
 .bss           0x1fff5980       0x1c c:/software/freescale/kds_3.0.0/toolchain/bin/../lib/gcc/arm-none-eabi/4.8.4/armv7e-m/fpu/crtbegin.o
 *(.bss*)
 .bss.PIT_ModuleClk
                0x1fff599c        0x4 ./Sources/PIT.o
 .bss.PITArguments
                0x1fff59a0        0x4 ./Sources/PIT.o
 .bss.PITCallback
                0x1fff59a4        0x4 ./Sources/PIT.o
 .bss.TxFIFO    0x1fff59a8      0x110 ./Sources/UART.o
 .bss.RxFIFO    0x1fff5ab8      0x110 ./Sources/UART.o
 .bss.RxData    0x1fff5bc8        0x1 ./Sources/UART.o
 *fill*         0x1fff5bc9        0x3 
 .bss.TowerNumber
                0x1fff5bcc        0x4 ./Sources/main.o
 .bss.TowerMode
                0x1fff5bd0        0x4 ./Sources/main.o
 .bss.Tripped   0x1fff5bd4        0x4 ./Sources/main.o
 .bss.CharacFlash
                0x1fff5bd8        0x4 ./Sources/main.o
 *fill*         0x1fff5bdc        0x4 
 .bss.InitModulesThreadStack
                0x1fff5be0      0x190 ./Sources/main.o
 .bss.AnalogThreadStacks
                0x1fff5d70      0x4b0 ./Sources/main.o
 .bss.UARTRXStack
                0x1fff6220      0x190 ./Sources/main.o
 .bss.UARTTXStack
                0x1fff63b0      0x190 ./Sources/main.o
 .bss.PacketHandlerStack
                0x1fff6540      0x190 ./Sources/main.o
 .bss.PIT0Stack
                0x1fff66d0      0x190 ./Sources/main.o
 .bss.counterTrip.7433
                0x1fff6860        0xc ./Sources/main.o
 .bss.goalTrip.7434
                0x1fff686c        0xc ./Sources/main.o
 .bss.oldCurrent.7432
                0x1fff6878        0xc ./Sources/main.o
 .bss.packetComplete.6635
                0x1fff6884        0x1 ./Sources/packet.o
 .bss.SR_lock   0x1fff6885        0x1 ./Generated_Code/Cpu.o
                0x1fff6885                SR_lock
 *fill*         0x1fff6886        0x2 
 .bss.TCBUnusedMain
                0x1fff6888       0x18 C:\Users\12878930\Documents\autumn-embedded-project\Library\libOS.a(OS.o)
 .bss.TCBTable  0x1fff68a0      0x300 C:\Users\12878930\Documents\autumn-embedded-project\Library\libOS.a(OS.o)
 .bss.pTCBFreeList
                0x1fff6ba0        0x4 C:\Users\12878930\Documents\autumn-embedded-project\Library\libOS.a(OS.o)
 .bss.pTCBAllocatedList
                0x1fff6ba4        0x4 C:\Users\12878930\Documents\autumn-embedded-project\Library\libOS.a(OS.o)
 .bss.pTCBPriorityTable
                0x1fff6ba8       0x80 C:\Users\12878930\Documents\autumn-embedded-project\Library\libOS.a(OS.o)
 .bss.pTCBRunning
                0x1fff6c28        0x4 C:\Users\12878930\Documents\autumn-embedded-project\Library\libOS.a(OS.o)
 .bss.pTCBHighestReady
                0x1fff6c2c        0x4 C:\Users\12878930\Documents\autumn-embedded-project\Library\libOS.a(OS.o)
 .bss.ReadyList
                0x1fff6c30        0x4 C:\Users\12878930\Documents\autumn-embedded-project\Library\libOS.a(OS.o)
 .bss.ECBTable  0x1fff6c34      0x100 C:\Users\12878930\Documents\autumn-embedded-project\Library\libOS.a(OS.o)
 .bss.NextECBFree
                0x1fff6d34        0x1 C:\Users\12878930\Documents\autumn-embedded-project\Library\libOS.a(OS.o)
 *fill*         0x1fff6d35        0x3 
 .bss.IdleCounter
                0x1fff6d38        0x4 C:\Users\12878930\Documents\autumn-embedded-project\Library\libOS.a(OS.o)
 *fill*         0x1fff6d3c        0x4 
 .bss.IdleStack
                0x1fff6d40      0x400 C:\Users\12878930\Documents\autumn-embedded-project\Library\libOS.a(OS.o)
 .bss.Ticks     0x1fff7140        0x4 C:\Users\12878930\Documents\autumn-embedded-project\Library\libOS.a(OS.o)
 .bss.ToggleCntr
                0x1fff7144        0x4 C:\Users\12878930\Documents\autumn-embedded-project\Library\libOS.a(OS.o)
 .bss.ToggleLED
                0x1fff7148        0x1 C:\Users\12878930\Documents\autumn-embedded-project\Library\libOS.a(OS.o)
 .bss.ISRNestLevel
                0x1fff7149        0x1 C:\Users\12878930\Documents\autumn-embedded-project\Library\libOS.a(OS.o)
 *fill*         0x1fff714a        0x2 
 .bss.ADCCommandUnion
                0x1fff714c        0x4 C:\Users\12878930\Documents\autumn-embedded-project\Library\libAnalog.a(analog.o)
 *(COMMON)
 COMMON         0x1fff7150       0x3c ./Sources/FTM.o
                0x1fff7150                FTM0_Callback
                0x1fff716c                FTM0_Arguments
                0x1fff7188                FTMSemaphore
 COMMON         0x1fff718c        0x7 ./Sources/PIT.o
                0x1fff718c                PIT0Semaphore
                0x1fff7190                Current_Charac
                0x1fff7191                ResetMode
                0x1fff7192                PeriodComplete
 *fill*         0x1fff7193        0x1 
 COMMON         0x1fff7194        0x4 ./Sources/RTC.o
                0x1fff7194                RTCSemaphore
 COMMON         0x1fff7198        0x8 ./Sources/UART.o
                0x1fff7198                UARTTXSemaphore
                0x1fff719c                UARTRXSemaphore
 COMMON         0x1fff71a0      0x1b0 ./Sources/main.o
                0x1fff71a0                PacketHandlerSemaphore
                0x1fff71a4                Frequency
                0x1fff71a8                NumberTripped
                0x1fff71ac                ChannelsData
 COMMON         0x1fff7350        0x8 ./Sources/packet.o
                0x1fff7350                Packet
 COMMON         0x1fff7358        0x1 ./Generated_Code/Cpu.o
                0x1fff7358                SR_reg
 *fill*         0x1fff7359        0x3 
 COMMON         0x1fff735c       0xa4 C:\Users\12878930\Documents\autumn-embedded-project\Library\libAnalog.a(analog.o)
                0x1fff735c                Analog_Inputs
                0x1fff73fc                DACInput
                0x1fff7400                . = ALIGN (0x4)
                0x1fff7400                __END_BSS = .
                0x1fff7400                PROVIDE (__bss_end__, __END_BSS)
                0x0000a1c8                _romp_at = ((___ROM_AT + SIZEOF (.data)) + SIZEOF (.m_data_20000000))

.romp           0x1fff7400       0x24 load address 0x0000a1c8
                0x0000a1c8                __S_romp = _romp_at
                0x1fff7400        0x4 LONG 0x484c ___ROM_AT
                0x1fff7404        0x4 LONG 0x1fff0000 _sdata
                0x1fff7408        0x4 LONG 0x597c ___data_size
                0x1fff740c        0x4 LONG 0xa1c8 ___m_data_20000000_ROMStart
                0x1fff7410        0x4 LONG 0x20000000 ___m_data_20000000_RAMStart
                0x1fff7414        0x4 LONG 0x0 ___m_data_20000000_ROMSize
                0x1fff7418        0x4 LONG 0x0
                0x1fff741c        0x4 LONG 0x0
                0x1fff7420        0x4 LONG 0x0

._user_heap_stack
                0x1fff7424      0x400 load address 0x0000a1ec
                0x1fff7424                . = ALIGN (0x4)
                0x1fff7424                PROVIDE (end, .)
                0x1fff7424                PROVIDE (_end, .)
                0x1fff7424                __heap_addr = .
                0x1fff7424                __HeapBase = .
                0x1fff7424                . = (. + __heap_size)
                0x1fff7424                __HeapLimit = .
                0x1fff7824                . = (. + __stack_size)
 *fill*         0x1fff7424      0x400 
                0x1fff7824                . = ALIGN (0x4)

.ARM.attributes
                0x00000000       0x30
 *(.ARM.attributes)
 .ARM.attributes
                0x00000000       0x22 c:/software/freescale/kds_3.0.0/toolchain/bin/../lib/gcc/arm-none-eabi/4.8.4/armv7e-m/fpu/crti.o
 .ARM.attributes
                0x00000022       0x34 c:/software/freescale/kds_3.0.0/toolchain/bin/../lib/gcc/arm-none-eabi/4.8.4/armv7e-m/fpu/crtbegin.o
 .ARM.attributes
                0x00000056       0x20 c:/software/freescale/kds_3.0.0/toolchain/bin/../lib/gcc/arm-none-eabi/4.8.4/../../../../arm-none-eabi/lib/armv7e-m/fpu/crt0.o
 .ARM.attributes
                0x00000076       0x39 ./Sources/FIFO.o
 .ARM.attributes
                0x000000af       0x39 ./Sources/FTM.o
 .ARM.attributes
                0x000000e8       0x39 ./Sources/Flash.o
 .ARM.attributes
                0x00000121       0x39 ./Sources/LEDs.o
 .ARM.attributes
                0x0000015a       0x39 ./Sources/PIT.o
 .ARM.attributes
                0x00000193       0x39 ./Sources/RTC.o
 .ARM.attributes
                0x000001cc       0x39 ./Sources/UART.o
 .ARM.attributes
                0x00000205       0x39 ./Sources/calculation.o
 .ARM.attributes
                0x0000023e       0x39 ./Sources/main.o
 .ARM.attributes
                0x00000277       0x39 ./Sources/packet.o
 .ARM.attributes
                0x000002b0       0x39 ./Project_Settings/Startup_Code/startup.o
 .ARM.attributes
                0x000002e9       0x39 ./Generated_Code/Cpu.o
 .ARM.attributes
                0x00000322       0x39 ./Generated_Code/Vectors.o
 .ARM.attributes
                0x0000035b       0x39 C:\Users\12878930\Documents\autumn-embedded-project\Library\libOS.a(OS.o)
 .ARM.attributes
                0x00000394       0x39 C:\Users\12878930\Documents\autumn-embedded-project\Library\libAnalog.a(analog.o)
 .ARM.attributes
                0x000003cd       0x39 C:\Users\12878930\Documents\autumn-embedded-project\Library\libAnalog.a(SPI.o)
 .ARM.attributes
                0x00000406       0x34 c:/software/freescale/kds_3.0.0/toolchain/bin/../lib/gcc/arm-none-eabi/4.8.4/../../../../arm-none-eabi/lib/armv7e-m/fpu\libm.a(lib_a-w_sqrt.o)
 .ARM.attributes
                0x0000043a       0x34 c:/software/freescale/kds_3.0.0/toolchain/bin/../lib/gcc/arm-none-eabi/4.8.4/../../../../arm-none-eabi/lib/armv7e-m/fpu\libm.a(lib_a-e_sqrt.o)
 .ARM.attributes
                0x0000046e       0x34 c:/software/freescale/kds_3.0.0/toolchain/bin/../lib/gcc/arm-none-eabi/4.8.4/../../../../arm-none-eabi/lib/armv7e-m/fpu\libm.a(lib_a-s_fpclassify.o)
 .ARM.attributes
                0x000004a2       0x34 c:/software/freescale/kds_3.0.0/toolchain/bin/../lib/gcc/arm-none-eabi/4.8.4/../../../../arm-none-eabi/lib/armv7e-m/fpu\libm.a(lib_a-s_lib_ver.o)
 .ARM.attributes
                0x000004d6       0x34 c:/software/freescale/kds_3.0.0/toolchain/bin/../lib/gcc/arm-none-eabi/4.8.4/../../../../arm-none-eabi/lib/armv7e-m/fpu\libm.a(lib_a-s_matherr.o)
 .ARM.attributes
                0x0000050a       0x22 c:/software/freescale/kds_3.0.0/toolchain/bin/../lib/gcc/arm-none-eabi/4.8.4/armv7e-m/fpu\libgcc.a(_arm_addsubdf3.o)
 .ARM.attributes
                0x0000052c       0x22 c:/software/freescale/kds_3.0.0/toolchain/bin/../lib/gcc/arm-none-eabi/4.8.4/armv7e-m/fpu\libgcc.a(_arm_muldivdf3.o)
 .ARM.attributes
                0x0000054e       0x22 c:/software/freescale/kds_3.0.0/toolchain/bin/../lib/gcc/arm-none-eabi/4.8.4/armv7e-m/fpu\libgcc.a(_arm_cmpdf2.o)
 .ARM.attributes
                0x00000570       0x22 c:/software/freescale/kds_3.0.0/toolchain/bin/../lib/gcc/arm-none-eabi/4.8.4/armv7e-m/fpu\libgcc.a(_arm_fixunsdfsi.o)
 .ARM.attributes
                0x00000592       0x22 c:/software/freescale/kds_3.0.0/toolchain/bin/../lib/gcc/arm-none-eabi/4.8.4/armv7e-m/fpu\libgcc.a(_arm_truncdfsf2.o)
 .ARM.attributes
                0x000005b4       0x34 c:/software/freescale/kds_3.0.0/toolchain/bin/../lib/gcc/arm-none-eabi/4.8.4/../../../../arm-none-eabi/lib/armv7e-m/fpu\libg_s.a(lib_a-errno.o)
 .ARM.attributes
                0x000005e8       0x34 c:/software/freescale/kds_3.0.0/toolchain/bin/../lib/gcc/arm-none-eabi/4.8.4/../../../../arm-none-eabi/lib/armv7e-m/fpu\libg_s.a(lib_a-exit.o)
 .ARM.attributes
                0x0000061c       0x34 c:/software/freescale/kds_3.0.0/toolchain/bin/../lib/gcc/arm-none-eabi/4.8.4/../../../../arm-none-eabi/lib/armv7e-m/fpu\libg_s.a(lib_a-impure.o)
 .ARM.attributes
                0x00000650       0x34 c:/software/freescale/kds_3.0.0/toolchain/bin/../lib/gcc/arm-none-eabi/4.8.4/../../../../arm-none-eabi/lib/armv7e-m/fpu\libg_s.a(lib_a-init.o)
 .ARM.attributes
                0x00000684       0x34 c:/software/freescale/kds_3.0.0/toolchain/bin/../lib/gcc/arm-none-eabi/4.8.4/../../../../arm-none-eabi/lib/armv7e-m/fpu\libg_s.a(lib_a-memset.o)
 .ARM.attributes
                0x000006b8       0x34 c:/software/freescale/kds_3.0.0/toolchain/bin/../lib/gcc/arm-none-eabi/4.8.4/../../../../arm-none-eabi/lib/armv7e-m/fpu\libnosys.a(_exit.o)
 .ARM.attributes
                0x000006ec       0x22 c:/software/freescale/kds_3.0.0/toolchain/bin/../lib/gcc/arm-none-eabi/4.8.4/armv7e-m/fpu/crtn.o
OUTPUT(Project.elf elf32-littlearm)

.debug_info     0x00000000     0x700f
 .debug_info    0x00000000      0x227 ./Sources/FIFO.o
 .debug_info    0x00000227      0x849 ./Sources/FTM.o
 .debug_info    0x00000a70      0x6c8 ./Sources/Flash.o
 .debug_info    0x00001138      0x490 ./Sources/LEDs.o
 .debug_info    0x000015c8      0x6ca ./Sources/PIT.o
 .debug_info    0x00001c92      0x721 ./Sources/RTC.o
 .debug_info    0x000023b3      0xa49 ./Sources/UART.o
 .debug_info    0x00002dfc      0x38f ./Sources/calculation.o
 .debug_info    0x0000318b      0xd20 ./Sources/main.o
 .debug_info    0x00003eab      0x318 ./Sources/packet.o
 .debug_info    0x000041c3      0x3b0 ./Project_Settings/Startup_Code/startup.o
 .debug_info    0x00004573      0xc82 ./Generated_Code/Cpu.o
 .debug_info    0x000051f5      0x14e ./Generated_Code/Vectors.o
 .debug_info    0x00005343      0xd02 C:\Users\12878930\Documents\autumn-embedded-project\Library\libOS.a(OS.o)
 .debug_info    0x00006045      0x56a C:\Users\12878930\Documents\autumn-embedded-project\Library\libAnalog.a(analog.o)
 .debug_info    0x000065af      0xa60 C:\Users\12878930\Documents\autumn-embedded-project\Library\libAnalog.a(SPI.o)

.debug_abbrev   0x00000000     0x19c6
 .debug_abbrev  0x00000000       0xd7 ./Sources/FIFO.o
 .debug_abbrev  0x000000d7      0x1e0 ./Sources/FTM.o
 .debug_abbrev  0x000002b7      0x1fa ./Sources/Flash.o
 .debug_abbrev  0x000004b1      0x144 ./Sources/LEDs.o
 .debug_abbrev  0x000005f5      0x1b3 ./Sources/PIT.o
 .debug_abbrev  0x000007a8      0x1be ./Sources/RTC.o
 .debug_abbrev  0x00000966      0x200 ./Sources/UART.o
 .debug_abbrev  0x00000b66      0x134 ./Sources/calculation.o
 .debug_abbrev  0x00000c9a      0x263 ./Sources/main.o
 .debug_abbrev  0x00000efd       0xf0 ./Sources/packet.o
 .debug_abbrev  0x00000fed      0x189 ./Project_Settings/Startup_Code/startup.o
 .debug_abbrev  0x00001176      0x185 ./Generated_Code/Cpu.o
 .debug_abbrev  0x000012fb       0xa4 ./Generated_Code/Vectors.o
 .debug_abbrev  0x0000139f      0x2f8 C:\Users\12878930\Documents\autumn-embedded-project\Library\libOS.a(OS.o)
 .debug_abbrev  0x00001697      0x15a C:\Users\12878930\Documents\autumn-embedded-project\Library\libAnalog.a(analog.o)
 .debug_abbrev  0x000017f1      0x1d5 C:\Users\12878930\Documents\autumn-embedded-project\Library\libAnalog.a(SPI.o)

.debug_aranges  0x00000000      0x4f8
 .debug_aranges
                0x00000000       0x30 ./Sources/FIFO.o
 .debug_aranges
                0x00000030       0x40 ./Sources/FTM.o
 .debug_aranges
                0x00000070       0x68 ./Sources/Flash.o
 .debug_aranges
                0x000000d8       0x38 ./Sources/LEDs.o
 .debug_aranges
                0x00000110       0x40 ./Sources/PIT.o
 .debug_aranges
                0x00000150       0x40 ./Sources/RTC.o
 .debug_aranges
                0x00000190       0x50 ./Sources/UART.o
 .debug_aranges
                0x000001e0       0x48 ./Sources/calculation.o
 .debug_aranges
                0x00000228       0xa0 ./Sources/main.o
 .debug_aranges
                0x000002c8       0x38 ./Sources/packet.o
 .debug_aranges
                0x00000300       0x50 ./Project_Settings/Startup_Code/startup.o
 .debug_aranges
                0x00000350       0x38 ./Generated_Code/Cpu.o
 .debug_aranges
                0x00000388       0x18 ./Generated_Code/Vectors.o
 .debug_aranges
                0x000003a0       0xc8 C:\Users\12878930\Documents\autumn-embedded-project\Library\libOS.a(OS.o)
 .debug_aranges
                0x00000468       0x38 C:\Users\12878930\Documents\autumn-embedded-project\Library\libAnalog.a(analog.o)
 .debug_aranges
                0x000004a0       0x58 C:\Users\12878930\Documents\autumn-embedded-project\Library\libAnalog.a(SPI.o)

.debug_ranges   0x00000000      0x3f0
 .debug_ranges  0x00000000       0x20 ./Sources/FIFO.o
 .debug_ranges  0x00000020       0x30 ./Sources/FTM.o
 .debug_ranges  0x00000050       0x58 ./Sources/Flash.o
 .debug_ranges  0x000000a8       0x28 ./Sources/LEDs.o
 .debug_ranges  0x000000d0       0x30 ./Sources/PIT.o
 .debug_ranges  0x00000100       0x30 ./Sources/RTC.o
 .debug_ranges  0x00000130       0x40 ./Sources/UART.o
 .debug_ranges  0x00000170       0x38 ./Sources/calculation.o
 .debug_ranges  0x000001a8       0x90 ./Sources/main.o
 .debug_ranges  0x00000238       0x28 ./Sources/packet.o
 .debug_ranges  0x00000260       0x40 ./Project_Settings/Startup_Code/startup.o
 .debug_ranges  0x000002a0       0x28 ./Generated_Code/Cpu.o
 .debug_ranges  0x000002c8       0xb8 C:\Users\12878930\Documents\autumn-embedded-project\Library\libOS.a(OS.o)
 .debug_ranges  0x00000380       0x28 C:\Users\12878930\Documents\autumn-embedded-project\Library\libAnalog.a(analog.o)
 .debug_ranges  0x000003a8       0x48 C:\Users\12878930\Documents\autumn-embedded-project\Library\libAnalog.a(SPI.o)

.debug_macro    0x00000000    0x35994
 .debug_macro   0x00000000       0xb1 ./Sources/FIFO.o
 .debug_macro   0x000000b1      0x850 ./Sources/FIFO.o
 .debug_macro   0x00000901       0x16 ./Sources/FIFO.o
 .debug_macro   0x00000917       0x44 ./Sources/FIFO.o
 .debug_macro   0x0000095b      0x209 ./Sources/FIFO.o
 .debug_macro   0x00000b64       0x22 ./Sources/FIFO.o
 .debug_macro   0x00000b86       0x36 ./Sources/FIFO.o
 .debug_macro   0x00000bbc     0x181c ./Sources/FIFO.o
 .debug_macro   0x000023d8      0x14e ./Sources/FIFO.o
 .debug_macro   0x00002526       0x64 ./Sources/FIFO.o
 .debug_macro   0x0000258a    0x174c1 ./Sources/FIFO.o
 .debug_macro   0x00019a4b       0x9a ./Sources/FIFO.o
 .debug_macro   0x00019ae5       0x90 ./Sources/FTM.o
 .debug_macro   0x00019b75       0x82 ./Sources/Flash.o
 .debug_macro   0x00019bf7       0x28 ./Sources/Flash.o
 .debug_macro   0x00019c1f      0x125 ./Sources/Flash.o
 .debug_macro   0x00019d44       0x64 ./Sources/LEDs.o
 .debug_macro   0x00019da8      0x134 ./Sources/PIT.o
 .debug_macro   0x00019edc       0x10 ./Sources/PIT.o
 .debug_macro   0x00019eec       0x58 ./Sources/PIT.o
 .debug_macro   0x00019f44       0x35 ./Sources/PIT.o
 .debug_macro   0x00019f79       0xa3 ./Sources/PIT.o
 .debug_macro   0x0001a01c      0x166 ./Sources/PIT.o
 .debug_macro   0x0001a182       0x52 ./Sources/PIT.o
 .debug_macro   0x0001a1d4       0x16 ./Sources/PIT.o
 .debug_macro   0x0001a1ea       0x43 ./Sources/PIT.o
 .debug_macro   0x0001a22d      0x180 ./Sources/PIT.o
 .debug_macro   0x0001a3ad       0xde ./Sources/PIT.o
 .debug_macro   0x0001a48b       0x16 ./Sources/PIT.o
 .debug_macro   0x0001a4a1       0x2e ./Sources/PIT.o
 .debug_macro   0x0001a4cf       0x84 ./Sources/RTC.o
 .debug_macro   0x0001a553       0xbf ./Sources/UART.o
 .debug_macro   0x0001a612     0x1816 ./Sources/UART.o
 .debug_macro   0x0001be28       0xf0 ./Sources/calculation.o
 .debug_macro   0x0001bf18       0x4a ./Sources/calculation.o
 .debug_macro   0x0001bf62      0x20f ./Sources/calculation.o
 .debug_macro   0x0001c171      0x1a5 ./Sources/main.o
 .debug_macro   0x0001c316       0x30 ./Sources/main.o
 .debug_macro   0x0001c346       0xae ./Sources/packet.o
 .debug_macro   0x0001c3f4      0x121 ./Project_Settings/Startup_Code/startup.o
 .debug_macro   0x0001c515      0x2a6 ./Project_Settings/Startup_Code/startup.o
 .debug_macro   0x0001c7bb       0x10 ./Project_Settings/Startup_Code/startup.o
 .debug_macro   0x0001c7cb       0x35 ./Project_Settings/Startup_Code/startup.o
 .debug_macro   0x0001c800       0x16 ./Project_Settings/Startup_Code/startup.o
 .debug_macro   0x0001c816       0x22 ./Project_Settings/Startup_Code/startup.o
 .debug_macro   0x0001c838       0x16 ./Project_Settings/Startup_Code/startup.o
 .debug_macro   0x0001c84e    0x174af ./Project_Settings/Startup_Code/startup.o
 .debug_macro   0x00033cfd       0x84 ./Generated_Code/Cpu.o
 .debug_macro   0x00033d81       0xa0 ./Generated_Code/Cpu.o
 .debug_macro   0x00033e21       0xcf ./Generated_Code/Vectors.o
 .debug_macro   0x00033ef0       0xa3 C:\Users\12878930\Documents\autumn-embedded-project\Library\libOS.a(OS.o)
 .debug_macro   0x00033f93     0x17fa C:\Users\12878930\Documents\autumn-embedded-project\Library\libOS.a(OS.o)
 .debug_macro   0x0003578d       0x94 C:\Users\12878930\Documents\autumn-embedded-project\Library\libOS.a(OS.o)
 .debug_macro   0x00035821       0xf5 C:\Users\12878930\Documents\autumn-embedded-project\Library\libAnalog.a(analog.o)
 .debug_macro   0x00035916       0x16 C:\Users\12878930\Documents\autumn-embedded-project\Library\libAnalog.a(analog.o)
 .debug_macro   0x0003592c       0x68 C:\Users\12878930\Documents\autumn-embedded-project\Library\libAnalog.a(SPI.o)

.debug_line     0x00000000     0x3631
 .debug_line    0x00000000      0x30f ./Sources/FIFO.o
 .debug_line    0x0000030f      0x360 ./Sources/FTM.o
 .debug_line    0x0000066f      0x34d ./Sources/Flash.o
 .debug_line    0x000009bc      0x23c ./Sources/LEDs.o
 .debug_line    0x00000bf8      0x3c0 ./Sources/PIT.o
 .debug_line    0x00000fb8      0x2f7 ./Sources/RTC.o
 .debug_line    0x000012af      0x38f ./Sources/UART.o
 .debug_line    0x0000163e      0x353 ./Sources/calculation.o
 .debug_line    0x00001991      0x640 ./Sources/main.o
 .debug_line    0x00001fd1      0x341 ./Sources/packet.o
 .debug_line    0x00002312      0x415 ./Project_Settings/Startup_Code/startup.o
 .debug_line    0x00002727      0x2a9 ./Generated_Code/Cpu.o
 .debug_line    0x000029d0      0x2e0 ./Generated_Code/Vectors.o
 .debug_line    0x00002cb0      0x496 C:\Users\12878930\Documents\autumn-embedded-project\Library\libOS.a(OS.o)
 .debug_line    0x00003146      0x218 C:\Users\12878930\Documents\autumn-embedded-project\Library\libAnalog.a(analog.o)
 .debug_line    0x0000335e      0x2d3 C:\Users\12878930\Documents\autumn-embedded-project\Library\libAnalog.a(SPI.o)

.debug_str      0x00000000    0x8fa6c
 .debug_str     0x00000000    0x8a712 ./Sources/FIFO.o
                              0x8a88b (size before relaxing)
 .debug_str     0x0008a712      0x4e6 ./Sources/FTM.o
                              0x8a459 (size before relaxing)
 .debug_str     0x0008abf8      0x8cd ./Sources/Flash.o
                              0x8363b (size before relaxing)
 .debug_str     0x0008b4c5       0xb8 ./Sources/LEDs.o
                              0x82ef6 (size before relaxing)
 .debug_str     0x0008b57d     0x1d6d ./Sources/PIT.o
                              0x8548e (size before relaxing)
 .debug_str     0x0008d2ea       0xc5 ./Sources/RTC.o
                              0x83652 (size before relaxing)
 .debug_str     0x0008d3af      0x177 ./Sources/UART.o
                              0x8ac06 (size before relaxing)
 .debug_str     0x0008d526       0xff ./Sources/calculation.o
                               0x4e9c (size before relaxing)
 .debug_str     0x0008d625      0x3c5 ./Sources/main.o
                              0x8d25a (size before relaxing)
 .debug_str     0x0008d9ea       0x62 ./Sources/packet.o
                              0x8ae22 (size before relaxing)
 .debug_str     0x0008da4c     0x1141 ./Project_Settings/Startup_Code/startup.o
                              0x853fa (size before relaxing)
 .debug_str     0x0008eb8d      0x1f2 ./Generated_Code/Cpu.o
                              0x8aaa6 (size before relaxing)
 .debug_str     0x0008ed7f       0x1c ./Generated_Code/Vectors.o
                              0x8a856 (size before relaxing)
 .debug_str     0x0008ed9b      0x3b8 C:\Users\12878930\Documents\autumn-embedded-project\Library\libOS.a(OS.o)
                              0x8ad2a (size before relaxing)
 .debug_str     0x0008f153      0x5c4 C:\Users\12878930\Documents\autumn-embedded-project\Library\libAnalog.a(analog.o)
                               0x38d5 (size before relaxing)
 .debug_str     0x0008f717      0x355 C:\Users\12878930\Documents\autumn-embedded-project\Library\libAnalog.a(SPI.o)
                              0x83389 (size before relaxing)

.comment        0x00000000       0x70
 .comment       0x00000000       0x70 ./Sources/FIFO.o
                                 0x71 (size before relaxing)
 .comment       0x00000000       0x71 ./Sources/FTM.o
 .comment       0x00000000       0x71 ./Sources/Flash.o
 .comment       0x00000000       0x71 ./Sources/LEDs.o
 .comment       0x00000000       0x71 ./Sources/PIT.o
 .comment       0x00000000       0x71 ./Sources/RTC.o
 .comment       0x00000000       0x71 ./Sources/UART.o
 .comment       0x00000000       0x71 ./Sources/calculation.o
 .comment       0x00000000       0x71 ./Sources/main.o
 .comment       0x00000000       0x71 ./Sources/packet.o
 .comment       0x00000000       0x71 ./Project_Settings/Startup_Code/startup.o
 .comment       0x00000000       0x71 ./Generated_Code/Cpu.o
 .comment       0x00000000       0x71 ./Generated_Code/Vectors.o
 .comment       0x00000000       0x71 C:\Users\12878930\Documents\autumn-embedded-project\Library\libOS.a(OS.o)
 .comment       0x00000000       0x71 C:\Users\12878930\Documents\autumn-embedded-project\Library\libAnalog.a(analog.o)
 .comment       0x00000000       0x71 C:\Users\12878930\Documents\autumn-embedded-project\Library\libAnalog.a(SPI.o)

.debug_frame    0x00000000      0xf74
 .debug_frame   0x00000000       0x70 ./Sources/FIFO.o
 .debug_frame   0x00000070       0xac ./Sources/FTM.o
 .debug_frame   0x0000011c      0x13c ./Sources/Flash.o
 .debug_frame   0x00000258       0x7c ./Sources/LEDs.o
 .debug_frame   0x000002d4       0xb0 ./Sources/PIT.o
 .debug_frame   0x00000384       0xac ./Sources/RTC.o
 .debug_frame   0x00000430       0xf0 ./Sources/UART.o
 .debug_frame   0x00000520       0xc4 ./Sources/calculation.o
 .debug_frame   0x000005e4      0x224 ./Sources/main.o
 .debug_frame   0x00000808       0x8c ./Sources/packet.o
 .debug_frame   0x00000894       0xc0 ./Project_Settings/Startup_Code/startup.o
 .debug_frame   0x00000954       0x80 ./Generated_Code/Cpu.o
 .debug_frame   0x000009d4      0x2a0 C:\Users\12878930\Documents\autumn-embedded-project\Library\libOS.a(OS.o)
 .debug_frame   0x00000c74       0x90 C:\Users\12878930\Documents\autumn-embedded-project\Library\libAnalog.a(analog.o)
 .debug_frame   0x00000d04      0x100 C:\Users\12878930\Documents\autumn-embedded-project\Library\libAnalog.a(SPI.o)
 .debug_frame   0x00000e04       0x38 c:/software/freescale/kds_3.0.0/toolchain/bin/../lib/gcc/arm-none-eabi/4.8.4/../../../../arm-none-eabi/lib/armv7e-m/fpu\libm.a(lib_a-w_sqrt.o)
 .debug_frame   0x00000e3c       0x3c c:/software/freescale/kds_3.0.0/toolchain/bin/../lib/gcc/arm-none-eabi/4.8.4/../../../../arm-none-eabi/lib/armv7e-m/fpu\libm.a(lib_a-e_sqrt.o)
 .debug_frame   0x00000e78       0x28 c:/software/freescale/kds_3.0.0/toolchain/bin/../lib/gcc/arm-none-eabi/4.8.4/../../../../arm-none-eabi/lib/armv7e-m/fpu\libm.a(lib_a-s_fpclassify.o)
 .debug_frame   0x00000ea0       0x20 c:/software/freescale/kds_3.0.0/toolchain/bin/../lib/gcc/arm-none-eabi/4.8.4/../../../../arm-none-eabi/lib/armv7e-m/fpu\libm.a(lib_a-s_matherr.o)
 .debug_frame   0x00000ec0       0x20 c:/software/freescale/kds_3.0.0/toolchain/bin/../lib/gcc/arm-none-eabi/4.8.4/../../../../arm-none-eabi/lib/armv7e-m/fpu\libg_s.a(lib_a-errno.o)
 .debug_frame   0x00000ee0       0x28 c:/software/freescale/kds_3.0.0/toolchain/bin/../lib/gcc/arm-none-eabi/4.8.4/../../../../arm-none-eabi/lib/armv7e-m/fpu\libg_s.a(lib_a-exit.o)
 .debug_frame   0x00000f08       0x2c c:/software/freescale/kds_3.0.0/toolchain/bin/../lib/gcc/arm-none-eabi/4.8.4/../../../../arm-none-eabi/lib/armv7e-m/fpu\libg_s.a(lib_a-init.o)
 .debug_frame   0x00000f34       0x20 c:/software/freescale/kds_3.0.0/toolchain/bin/../lib/gcc/arm-none-eabi/4.8.4/../../../../arm-none-eabi/lib/armv7e-m/fpu\libg_s.a(lib_a-memset.o)
 .debug_frame   0x00000f54       0x20 c:/software/freescale/kds_3.0.0/toolchain/bin/../lib/gcc/arm-none-eabi/4.8.4/../../../../arm-none-eabi/lib/armv7e-m/fpu\libnosys.a(_exit.o)
