Archive member included because of file (symbol)

D:\Autumn 2019\Embedded Software\autumn-embedded-project\Library\libOS.a(OS.o)
                              ./Sources/main.o (OS_Init)
D:\Autumn 2019\Embedded Software\autumn-embedded-project\Library\libAnalog.a(analog.o)
                              ./Sources/main.o (Analog_Init)
D:\Autumn 2019\Embedded Software\autumn-embedded-project\Library\libAnalog.a(SPI.o)
                              D:\Autumn 2019\Embedded Software\autumn-embedded-project\Library\libAnalog.a(analog.o) (SPI_Init)
d:/freescale/kds_v3/toolchain/bin/../lib/gcc/arm-none-eabi/4.8.4/../../../../arm-none-eabi/lib/armv7e-m/fpu\libm.a(lib_a-w_pow.o)
                              ./Sources/main.o (pow)
d:/freescale/kds_v3/toolchain/bin/../lib/gcc/arm-none-eabi/4.8.4/../../../../arm-none-eabi/lib/armv7e-m/fpu\libm.a(lib_a-w_sqrt.o)
                              ./Sources/calculation.o (sqrt)
d:/freescale/kds_v3/toolchain/bin/../lib/gcc/arm-none-eabi/4.8.4/../../../../arm-none-eabi/lib/armv7e-m/fpu\libm.a(lib_a-e_pow.o)
                              d:/freescale/kds_v3/toolchain/bin/../lib/gcc/arm-none-eabi/4.8.4/../../../../arm-none-eabi/lib/armv7e-m/fpu\libm.a(lib_a-w_pow.o) (__ieee754_pow)
d:/freescale/kds_v3/toolchain/bin/../lib/gcc/arm-none-eabi/4.8.4/../../../../arm-none-eabi/lib/armv7e-m/fpu\libm.a(lib_a-e_sqrt.o)
                              d:/freescale/kds_v3/toolchain/bin/../lib/gcc/arm-none-eabi/4.8.4/../../../../arm-none-eabi/lib/armv7e-m/fpu\libm.a(lib_a-w_sqrt.o) (__ieee754_sqrt)
d:/freescale/kds_v3/toolchain/bin/../lib/gcc/arm-none-eabi/4.8.4/../../../../arm-none-eabi/lib/armv7e-m/fpu\libm.a(lib_a-s_fabs.o)
                              d:/freescale/kds_v3/toolchain/bin/../lib/gcc/arm-none-eabi/4.8.4/../../../../arm-none-eabi/lib/armv7e-m/fpu\libm.a(lib_a-e_pow.o) (fabs)
d:/freescale/kds_v3/toolchain/bin/../lib/gcc/arm-none-eabi/4.8.4/../../../../arm-none-eabi/lib/armv7e-m/fpu\libm.a(lib_a-s_finite.o)
                              d:/freescale/kds_v3/toolchain/bin/../lib/gcc/arm-none-eabi/4.8.4/../../../../arm-none-eabi/lib/armv7e-m/fpu\libm.a(lib_a-w_pow.o) (finite)
d:/freescale/kds_v3/toolchain/bin/../lib/gcc/arm-none-eabi/4.8.4/../../../../arm-none-eabi/lib/armv7e-m/fpu\libm.a(lib_a-s_fpclassify.o)
                              d:/freescale/kds_v3/toolchain/bin/../lib/gcc/arm-none-eabi/4.8.4/../../../../arm-none-eabi/lib/armv7e-m/fpu\libm.a(lib_a-w_pow.o) (__fpclassifyd)
d:/freescale/kds_v3/toolchain/bin/../lib/gcc/arm-none-eabi/4.8.4/../../../../arm-none-eabi/lib/armv7e-m/fpu\libm.a(lib_a-s_lib_ver.o)
                              d:/freescale/kds_v3/toolchain/bin/../lib/gcc/arm-none-eabi/4.8.4/../../../../arm-none-eabi/lib/armv7e-m/fpu\libm.a(lib_a-w_pow.o) (__fdlib_version)
d:/freescale/kds_v3/toolchain/bin/../lib/gcc/arm-none-eabi/4.8.4/../../../../arm-none-eabi/lib/armv7e-m/fpu\libm.a(lib_a-s_matherr.o)
                              d:/freescale/kds_v3/toolchain/bin/../lib/gcc/arm-none-eabi/4.8.4/../../../../arm-none-eabi/lib/armv7e-m/fpu\libm.a(lib_a-w_pow.o) (matherr)
d:/freescale/kds_v3/toolchain/bin/../lib/gcc/arm-none-eabi/4.8.4/../../../../arm-none-eabi/lib/armv7e-m/fpu\libm.a(lib_a-s_nan.o)
                              d:/freescale/kds_v3/toolchain/bin/../lib/gcc/arm-none-eabi/4.8.4/../../../../arm-none-eabi/lib/armv7e-m/fpu\libm.a(lib_a-e_pow.o) (nan)
d:/freescale/kds_v3/toolchain/bin/../lib/gcc/arm-none-eabi/4.8.4/../../../../arm-none-eabi/lib/armv7e-m/fpu\libm.a(lib_a-s_rint.o)
                              d:/freescale/kds_v3/toolchain/bin/../lib/gcc/arm-none-eabi/4.8.4/../../../../arm-none-eabi/lib/armv7e-m/fpu\libm.a(lib_a-w_pow.o) (rint)
d:/freescale/kds_v3/toolchain/bin/../lib/gcc/arm-none-eabi/4.8.4/../../../../arm-none-eabi/lib/armv7e-m/fpu\libm.a(lib_a-s_scalbn.o)
                              d:/freescale/kds_v3/toolchain/bin/../lib/gcc/arm-none-eabi/4.8.4/../../../../arm-none-eabi/lib/armv7e-m/fpu\libm.a(lib_a-e_pow.o) (scalbn)
d:/freescale/kds_v3/toolchain/bin/../lib/gcc/arm-none-eabi/4.8.4/../../../../arm-none-eabi/lib/armv7e-m/fpu\libm.a(lib_a-s_copysign.o)
                              d:/freescale/kds_v3/toolchain/bin/../lib/gcc/arm-none-eabi/4.8.4/../../../../arm-none-eabi/lib/armv7e-m/fpu\libm.a(lib_a-s_scalbn.o) (copysign)
d:/freescale/kds_v3/toolchain/bin/../lib/gcc/arm-none-eabi/4.8.4/armv7e-m/fpu\libgcc.a(_arm_addsubdf3.o)
                              ./Sources/main.o (__aeabi_dsub)
d:/freescale/kds_v3/toolchain/bin/../lib/gcc/arm-none-eabi/4.8.4/armv7e-m/fpu\libgcc.a(_arm_muldivdf3.o)
                              ./Sources/calculation.o (__aeabi_dmul)
d:/freescale/kds_v3/toolchain/bin/../lib/gcc/arm-none-eabi/4.8.4/armv7e-m/fpu\libgcc.a(_arm_cmpdf2.o)
                              d:/freescale/kds_v3/toolchain/bin/../lib/gcc/arm-none-eabi/4.8.4/../../../../arm-none-eabi/lib/armv7e-m/fpu\libm.a(lib_a-w_pow.o) (__aeabi_dcmpeq)
d:/freescale/kds_v3/toolchain/bin/../lib/gcc/arm-none-eabi/4.8.4/armv7e-m/fpu\libgcc.a(_arm_truncdfsf2.o)
[...]
Memory Configuration

Name             Origin             Length             Attributes
m_interrupts     0x00000000         0x000001e8         xr
m_text           0x00000410         0x0007fbf0         xr
m_data           0x1fff0000         0x00010000         rw
m_data_20000000  0x20000000         0x00010000         rw
m_cfmprotrom     0x00000400         0x00000010         xr
*default*        0x00000000         0xffffffff

Linker script and memory map

LOAD d:/freescale/kds_v3/toolchain/bin/../lib/gcc/arm-none-eabi/4.8.4/armv7e-m/fpu/crti.o
LOAD d:/freescale/kds_v3/toolchain/bin/../lib/gcc/arm-none-eabi/4.8.4/armv7e-m/fpu/crtbegin.o
LOAD d:/freescale/kds_v3/toolchain/bin/../lib/gcc/arm-none-eabi/4.8.4/../../../../arm-none-eabi/lib/armv7e-m/fpu/crt0.o
LOAD ./Sources/FIFO.o
LOAD ./Sources/FTM.o
LOAD ./Sources/Flash.o
LOAD ./Sources/LEDs.o
LOAD ./Sources/PIT.o
LOAD ./Sources/RTC.o
LOAD ./Sources/UART.o
LOAD ./Sources/calculation.o
LOAD ./Sources/main.o
LOAD ./Sources/packet.o
LOAD ./Project_Settings/Startup_Code/startup.o
LOAD ./Generated_Code/Cpu.o
LOAD ./Generated_Code/Vectors.o
LOAD D:\Autumn 2019\Embedded Software\autumn-embedded-project\Library\libOS.a
LOAD D:\Autumn 2019\Embedded Software\autumn-embedded-project\Library\libAnalog.a
LOAD d:/freescale/kds_v3/toolchain/bin/../lib/gcc/arm-none-eabi/4.8.4/../../../../arm-none-eabi/lib/armv7e-m/fpu\libstdc++_s.a
LOAD d:/freescale/kds_v3/toolchain/bin/../lib/gcc/arm-none-eabi/4.8.4/../../../../arm-none-eabi/lib/armv7e-m/fpu\libm.a
START GROUP
LOAD d:/freescale/kds_v3/toolchain/bin/../lib/gcc/arm-none-eabi/4.8.4/armv7e-m/fpu\libgcc.a
LOAD d:/freescale/kds_v3/toolchain/bin/../lib/gcc/arm-none-eabi/4.8.4/../../../../arm-none-eabi/lib/armv7e-m/fpu\libg_s.a
LOAD d:/freescale/kds_v3/toolchain/bin/../lib/gcc/arm-none-eabi/4.8.4/../../../../arm-none-eabi/lib/armv7e-m/fpu\libc_s.a
END GROUP
START GROUP
LOAD d:/freescale/kds_v3/toolchain/bin/../lib/gcc/arm-none-eabi/4.8.4/armv7e-m/fpu\libgcc.a
LOAD d:/freescale/kds_v3/toolchain/bin/../lib/gcc/arm-none-eabi/4.8.4/../../../../arm-none-eabi/lib/armv7e-m/fpu\libc_s.a
LOAD d:/freescale/kds_v3/toolchain/bin/../lib/gcc/arm-none-eabi/4.8.4/../../../../arm-none-eabi/lib/armv7e-m/fpu\libnosys.a
END GROUP
START GROUP
LOAD d:/freescale/kds_v3/toolchain/bin/../lib/gcc/arm-none-eabi/4.8.4/armv7e-m/fpu\libgcc.a
LOAD d:/freescale/kds_v3/toolchain/bin/../lib/gcc/arm-none-eabi/4.8.4/../../../../arm-none-eabi/lib/armv7e-m/fpu\libc_s.a
LOAD d:/freescale/kds_v3/toolchain/bin/../lib/gcc/arm-none-eabi/4.8.4/../../../../arm-none-eabi/lib/armv7e-m/fpu\libnosys.a
END GROUP
LOAD d:/freescale/kds_v3/toolchain/bin/../lib/gcc/arm-none-eabi/4.8.4/armv7e-m/fpu/crtend.o
LOAD d:/freescale/kds_v3/toolchain/bin/../lib/gcc/arm-none-eabi/4.8.4/armv7e-m/fpu/crtn.o
                0x20000000                _estack = 0x20000000
                0x20000000                __SP_INIT = _estack
                0x20000000                __stack = _estack
                0x00000000                __heap_size = 0x0
                0x00000400                __stack_size = 0x400

.interrupts     0x00000000      0x1e8
                0x00000000                __vector_table = .
                0x00000000                . = ALIGN (0x4)
 *(.vectortable)
 .vectortable   0x00000000      0x1e8 ./Generated_Code/Vectors.o
                0x00000000                __vect_table
                0x000001e8                . = ALIGN (0x4)

.cfmprotect     0x00000400       0x10
                0x00000400                . = ALIGN (0x4)
 *(.cfmconfig)
 .cfmconfig     0x00000400       0x10 ./Generated_Code/Cpu.o
                0x00000400                _cfm
                0x00000410                . = ALIGN (0x4)

.text           0x00000410     0x5268
                0x00000410                . = ALIGN (0x4)
 *(.text)
 .text          0x00000410       0x54 d:/freescale/kds_v3/toolchain/bin/../lib/gcc/arm-none-eabi/4.8.4/armv7e-m/fpu/crtbegin.o
 .text          0x00000464       0x74 d:/freescale/kds_v3/toolchain/bin/../lib/gcc/arm-none-eabi/4.8.4/../../../../arm-none-eabi/lib/armv7e-m/fpu/crt0.o
                0x00000464                _start
                0x00000464                _mainCRTStartup
 .text          0x000004d8      0x370 d:/freescale/kds_v3/toolchain/bin/../lib/gcc/arm-none-eabi/4.8.4/armv7e-m/fpu\libgcc.a(_arm_addsubdf3.o)
                0x000004d8                __aeabi_drsub
                0x000004e0                __aeabi_dsub
                0x000004e0                __subdf3
                0x000004e4                __aeabi_dadd
                0x000004e4                __adddf3
                0x0000075c                __floatunsidf
                0x0000075c                __aeabi_ui2d
                0x0000077c                __floatsidf
                0x0000077c                __aeabi_i2d
                0x000007a0                __aeabi_f2d
                0x000007a0                __extendsfdf2
                0x000007dc                __floatundidf
                0x000007dc                __aeabi_ul2d
                0x000007ec                __floatdidf
                0x000007ec                __aeabi_l2d
 .text          0x00000848      0x424 d:/freescale/kds_v3/toolchain/bin/../lib/gcc/arm-none-eabi/4.8.4/armv7e-m/fpu\libgcc.a(_arm_muldivdf3.o)
                0x00000848                __aeabi_dmul
                0x00000848                __muldf3
                0x00000a9c                __divdf3
                0x00000a9c                __aeabi_ddiv
 .text          0x00000c6c      0x110 d:/freescale/kds_v3/toolchain/bin/../lib/gcc/arm-none-eabi/4.8.4/armv7e-m/fpu\libgcc.a(_arm_cmpdf2.o)
                0x00000c6c                __gtdf2
                0x00000c6c                __gedf2
                0x00000c74                __ltdf2
                0x00000c74                __ledf2
                0x00000c7c                __nedf2
                0x00000c7c                __eqdf2
                0x00000c7c                __cmpdf2
                0x00000cf8                __aeabi_cdrcmple
                0x00000d08                __aeabi_cdcmpeq
                0x00000d08                __aeabi_cdcmple
                0x00000d18                __aeabi_dcmpeq
                0x00000d2c                __aeabi_dcmplt
                0x00000d40                __aeabi_dcmple
                0x00000d54                __aeabi_dcmpge
                0x00000d68                __aeabi_dcmpgt
 .text          0x00000d7c       0xa0 d:/freescale/kds_v3/toolchain/bin/../lib/gcc/arm-none-eabi/4.8.4/armv7e-m/fpu\libgcc.a(_arm_truncdfsf2.o)
                0x00000d7c                __truncdfsf2
                0x00000d7c                __aeabi_d2f
 *(.text*)
 .text.FIFO_Init
                0x00000e1c       0x48 ./Sources/FIFO.o
                0x00000e1c                FIFO_Init
 .text.FIFO_Put
                0x00000e64       0x78 ./Sources/FIFO.o
                0x00000e64                FIFO_Put
 .text.FIFO_Get
                0x00000edc       0x78 ./Sources/FIFO.o
                0x00000edc                FIFO_Get
 .text.FTM_Init
                0x00000f54       0x90 ./Sources/FTM.o
                0x00000f54                FTM_Init
 .text.FTM_Set  0x00000fe4      0x214 ./Sources/FTM.o
                0x00000fe4                FTM_Set
 .text.FTM_StartTimer
                0x000011f8       0x8c ./Sources/FTM.o
                0x000011f8                FTM_StartTimer
 .text.FTM0_ISR
                0x00001284       0x80 ./Sources/FTM.o
                0x00001284                FTM0_ISR
 .text.FTMThread
                0x00001304       0x24 ./Sources/FTM.o
                0x00001304                FTMThread
 .text.Flash_Init
                0x00001328       0x24 ./Sources/Flash.o
                0x00001328                Flash_Init
 .text.Flash_AllocateVar
                0x0000134c      0x13c ./Sources/Flash.o
                0x0000134c                Flash_AllocateVar
 .text.Flash_Write32
                0x00001488       0x58 ./Sources/Flash.o
                0x00001488                Flash_Write32
 .text.Flash_Write16
                0x000014e0       0x60 ./Sources/Flash.o
                0x000014e0                Flash_Write16
 .text.Flash_Write8
                0x00001540       0x74 ./Sources/Flash.o
                0x00001540                Flash_Write8
 .text.Flash_Erase
                0x000015b4       0x14 ./Sources/Flash.o
                0x000015b4                Flash_Erase
 .text.LaunchCommand
                0x000015c8       0xb4 ./Sources/Flash.o
 .text.WritePhrase
                0x0000167c       0x70 ./Sources/Flash.o
 .text.EraseSector
                0x000016ec       0x38 ./Sources/Flash.o
 .text.ModifyPhrase
                0x00001724       0x38 ./Sources/Flash.o
 .text.LEDs_Init
                0x0000175c       0x6c ./Sources/LEDs.o
                0x0000175c                LEDs_Init
 .text.LEDs_On  0x000017c8       0x24 ./Sources/LEDs.o
                0x000017c8                LEDs_On
 .text.LEDs_Off
                0x000017ec       0x24 ./Sources/LEDs.o
                0x000017ec                LEDs_Off
 .text.LEDs_Toggle
                0x00001810       0x24 ./Sources/LEDs.o
                0x00001810                LEDs_Toggle
 .text.PIT_Init
                0x00001834       0xa0 ./Sources/PIT.o
                0x00001834                PIT_Init
 .text.PIT_Set  0x000018d4       0x58 ./Sources/PIT.o
                0x000018d4                PIT_Set
 .text.PIT_Enable
                0x0000192c       0x40 ./Sources/PIT.o
                0x0000192c                PIT_Enable
 .text.PIT_ISR  0x0000196c       0x48 ./Sources/PIT.o
                0x0000196c                PIT_ISR
 .text.PITThread
                0x000019b4       0x24 ./Sources/PIT.o
                0x000019b4                PITThread
 .text.RTC_Init
                0x000019d8       0xcc ./Sources/RTC.o
                0x000019d8                RTC_Init
 .text.RTC_Set  0x00001aa4       0x5c ./Sources/RTC.o
                0x00001aa4                RTC_Set
 .text.RTC_Get  0x00001b00       0xb8 ./Sources/RTC.o
                0x00001b00                RTC_Get
 .text.RTC_ISR  0x00001bb8       0x34 ./Sources/RTC.o
                0x00001bb8                RTC_ISR
 .text.RTCThread
                0x00001bec       0x44 ./Sources/RTC.o
                0x00001bec                RTCThread
 .text.UART_Init
                0x00001c30      0x150 ./Sources/UART.o
                0x00001c30                UART_Init
 .text.UART_InChar
                0x00001d80       0x20 ./Sources/UART.o
                0x00001d80                UART_InChar
 .text.UART_OutChar
                0x00001da0       0x3c ./Sources/UART.o
                0x00001da0                UART_OutChar
 .text.UART_ISR
                0x00001ddc       0xa8 ./Sources/UART.o
                0x00001ddc                UART_ISR
 .text.UARTRXThread
                0x00001e84       0x44 ./Sources/UART.o
                0x00001e84                UARTRXThread
 .text.UARTTXThread
                0x00001ec8       0x50 ./Sources/UART.o
                0x00001ec8                UARTTXThread
 .text.Sliding_Voltage
                0x00001f18       0xa4 ./Sources/calculation.o
                0x00001f18                Sliding_Voltage
 .text.Real_RMS
                0x00001fbc       0x50 ./Sources/calculation.o
                0x00001fbc                Real_RMS
 *fill*         0x0000200c        0x4 
 .text.Current_RMS
                0x00002010       0x48 ./Sources/calculation.o
                0x00002010                Current_RMS
 .text.PacketHandlerThread
                0x00002058       0x40 ./Sources/main.o
                0x00002058                PacketHandlerThread
 .text.LPTMRInit
                0x00002098       0xa8 ./Sources/main.o
                0x00002098                LPTMRInit
 .text.LPTimer_ISR
                0x00002140       0x50 ./Sources/main.o
                0x00002140                LPTimer_ISR
 .text.InitModulesThread
                0x00002190       0x64 ./Sources/main.o
 *fill*         0x000021f4        0x4 
 .text.AnalogLoopbackThread
                0x000021f8      0x160 ./Sources/main.o
                0x000021f8                AnalogLoopbackThread
 .text.main     0x00002358      0x140 ./Sources/main.o
                0x00002358                main
 .text.PacketHandler
                0x00002498       0xe8 ./Sources/main.o
                0x00002498                PacketHandler
 .text.TowerInit
                0x00002580       0xb4 ./Sources/main.o
                0x00002580                TowerInit
 .text.StartupPackets
                0x00002634       0x70 ./Sources/main.o
                0x00002634                StartupPackets
 .text.TowerNumberPackets
                0x000026a4       0x6c ./Sources/main.o
                0x000026a4                TowerNumberPackets
 .text.TowerModePackets
                0x00002710       0x6c ./Sources/main.o
                0x00002710                TowerModePackets
 .text.VersionPackets
                0x0000277c       0x18 ./Sources/main.o
                0x0000277c                VersionPackets
 .text.ProgramBytePackets
                0x00002794       0x48 ./Sources/main.o
                0x00002794                ProgramBytePackets
 .text.ReadBytePackets
                0x000027dc       0x30 ./Sources/main.o
                0x000027dc                ReadBytePackets
 .text.TowerTimePackets
                0x0000280c       0x54 ./Sources/main.o
                0x0000280c                TowerTimePackets
 .text.Packet_Init
                0x00002860       0x1c ./Sources/packet.o
                0x00002860                Packet_Init
 .text.Packet_Get
                0x0000287c      0x11c ./Sources/packet.o
                0x0000287c                Packet_Get
 .text.Packet_Put
                0x00002998       0x54 ./Sources/packet.o
                0x00002998                Packet_Put
 .text.Checksum_Calculation
                0x000029ec       0x30 ./Sources/packet.o
                0x000029ec                Checksum_Calculation
 .text.__copy_rom_section
                0x00002a1c       0xe4 ./Project_Settings/Startup_Code/startup.o
                0x00002a1c                __copy_rom_section
 .text.__copy_rom_sections_to_ram
                0x00002b00       0x9c ./Project_Settings/Startup_Code/startup.o
                0x00002b00                __copy_rom_sections_to_ram
 .text.__init_registers
                0x00002b9c       0x20 ./Project_Settings/Startup_Code/startup.o
                0x00002b9c                __init_registers
 .text.__init_user
                0x00002bbc        0xc ./Project_Settings/Startup_Code/startup.o
                0x00002bbc                __init_user
 .text.__thumb_startup
                0x00002bc8       0x34 ./Project_Settings/Startup_Code/startup.o
                0x00002bc8                __thumb_startup
 .text.Cpu_Interrupt
                0x00002bfc       0x18 ./Generated_Code/Cpu.o
                0x00002bfc                Cpu_Interrupt
 .text.__init_hardware
                0x00002c14      0x1cc ./Generated_Code/Cpu.o
                0x00002c14                __init_hardware
 .text.Cpu_SetBASEPRI
                0x00002de0       0x18 ./Generated_Code/Cpu.o
                0x00002de0                Cpu_SetBASEPRI
 .text.PE_low_level_init
                0x00002df8       0xe4 ./Generated_Code/Cpu.o
                0x00002df8                PE_low_level_init
 .text.OS_Init  0x00002edc      0x110 D:\Autumn 2019\Embedded Software\autumn-embedded-project\Library\libOS.a(OS.o)
                0x00002edc                OS_Init
 .text.OS_ISREnter
                0x00002fec       0x20 D:\Autumn 2019\Embedded Software\autumn-embedded-project\Library\libOS.a(OS.o)
                0x00002fec                OS_ISREnter
 .text.OS_ISRExit
                0x0000300c       0x1c D:\Autumn 2019\Embedded Software\autumn-embedded-project\Library\libOS.a(OS.o)
                0x0000300c                OS_ISRExit
 .text.OS_SemaphoreCreate
                0x00003028       0x90 D:\Autumn 2019\Embedded Software\autumn-embedded-project\Library\libOS.a(OS.o)
                0x00003028                OS_SemaphoreCreate
 .text.OS_SemaphoreSignal
                0x000030b8       0x44 D:\Autumn 2019\Embedded Software\autumn-embedded-project\Library\libOS.a(OS.o)
                0x000030b8                OS_SemaphoreSignal
 .text.OS_SemaphoreWait
                0x000030fc       0x58 D:\Autumn 2019\Embedded Software\autumn-embedded-project\Library\libOS.a(OS.o)
                0x000030fc                OS_SemaphoreWait
 .text.OS_Start
                0x00003154       0x10 D:\Autumn 2019\Embedded Software\autumn-embedded-project\Library\libOS.a(OS.o)
                0x00003154                OS_Start
 .text.OS_ThreadCreate
                0x00003164      0x160 D:\Autumn 2019\Embedded Software\autumn-embedded-project\Library\libOS.a(OS.o)
                0x00003164                OS_ThreadCreate
 .text.OS_ThreadDelete
                0x000032c4      0x18c D:\Autumn 2019\Embedded Software\autumn-embedded-project\Library\libOS.a(OS.o)
                0x000032c4                OS_ThreadDelete
 .text.EventThreadReady
                0x00003450       0x68 D:\Autumn 2019\Embedded Software\autumn-embedded-project\Library\libOS.a(OS.o)
 .text.EventThreadWait
                0x000034b8       0x64 D:\Autumn 2019\Embedded Software\autumn-embedded-project\Library\libOS.a(OS.o)
 .text.EventTimeout
                0x0000351c       0x40 D:\Autumn 2019\Embedded Software\autumn-embedded-project\Library\libOS.a(OS.o)
 .text.Idle     0x0000355c       0x18 D:\Autumn 2019\Embedded Software\autumn-embedded-project\Library\libOS.a(OS.o)
 .text.FindFirstSet
                0x00003574       0x44 D:\Autumn 2019\Embedded Software\autumn-embedded-project\Library\libOS.a(OS.o)
 .text.Schedule
                0x000035b8       0x64 D:\Autumn 2019\Embedded Software\autumn-embedded-project\Library\libOS.a(OS.o)
 .text.TCBInit  0x0000361c       0xcc D:\Autumn 2019\Embedded Software\autumn-embedded-project\Library\libOS.a(OS.o)
 .text.TimeTick
                0x000036e8       0x74 D:\Autumn 2019\Embedded Software\autumn-embedded-project\Library\libOS.a(OS.o)
 *fill*         0x0000375c        0x4 
 .text.OS_ContextSwitchISR
                0x00003760       0x70 D:\Autumn 2019\Embedded Software\autumn-embedded-project\Library\libOS.a(OS.o)
                0x00003760                OS_ContextSwitchISR
 .text.OS_SysTickISR
                0x000037d0       0x5c D:\Autumn 2019\Embedded Software\autumn-embedded-project\Library\libOS.a(OS.o)
                0x000037d0                OS_SysTickISR
 .text.DACWrite
                0x0000382c       0x6c D:\Autumn 2019\Embedded Software\autumn-embedded-project\Library\libAnalog.a(analog.o)
 .text.Analog_Init
                0x00003898      0x100 D:\Autumn 2019\Embedded Software\autumn-embedded-project\Library\libAnalog.a(analog.o)
                0x00003898                Analog_Init
 .text.Analog_Get
                0x00003998       0x78 D:\Autumn 2019\Embedded Software\autumn-embedded-project\Library\libAnalog.a(analog.o)
                0x00003998                Analog_Get
 .text.InitChipSelectPins
                0x00003a10       0x6c D:\Autumn 2019\Embedded Software\autumn-embedded-project\Library\libAnalog.a(SPI.o)
 .text.SetupModuleConfigurationRegister
                0x00003a7c      0x104 D:\Autumn 2019\Embedded Software\autumn-embedded-project\Library\libAnalog.a(SPI.o)
 .text.SetBaudRate
                0x00003b80      0x15c D:\Autumn 2019\Embedded Software\autumn-embedded-project\Library\libAnalog.a(SPI.o)
 .text.SetDelayAfterTransfer
                0x00003cdc      0x168 D:\Autumn 2019\Embedded Software\autumn-embedded-project\Library\libAnalog.a(SPI.o)
 .text.SetupClockAndTransferAttributesRegister
                0x00003e44      0x16c D:\Autumn 2019\Embedded Software\autumn-embedded-project\Library\libAnalog.a(SPI.o)
 .text.SPI_Init
                0x00003fb0       0x90 D:\Autumn 2019\Embedded Software\autumn-embedded-project\Library\libAnalog.a(SPI.o)
                0x00003fb0                SPI_Init
 .text.SPI_SelectSlaveDevice
                0x00004040       0x6c D:\Autumn 2019\Embedded Software\autumn-embedded-project\Library\libAnalog.a(SPI.o)
                0x00004040                SPI_SelectSlaveDevice
 .text.SPI_Exchange
                0x000040ac       0x94 D:\Autumn 2019\Embedded Software\autumn-embedded-project\Library\libAnalog.a(SPI.o)
                0x000040ac                SPI_Exchange
 .text.pow      0x00004140      0x340 d:/freescale/kds_v3/toolchain/bin/../lib/gcc/arm-none-eabi/4.8.4/../../../../arm-none-eabi/lib/armv7e-m/fpu\libm.a(lib_a-w_pow.o)
                0x00004140                pow
 .text.sqrt     0x00004480       0xbc d:/freescale/kds_v3/toolchain/bin/../lib/gcc/arm-none-eabi/4.8.4/../../../../arm-none-eabi/lib/armv7e-m/fpu\libm.a(lib_a-w_sqrt.o)
                0x00004480                sqrt
 *fill*         0x0000453c        0x4 
 .text.__ieee754_pow
                0x00004540      0xae8 d:/freescale/kds_v3/toolchain/bin/../lib/gcc/arm-none-eabi/4.8.4/../../../../arm-none-eabi/lib/armv7e-m/fpu\libm.a(lib_a-e_pow.o)
                0x00004540                __ieee754_pow
 .text.__ieee754_sqrt
                0x00005028      0x198 d:/freescale/kds_v3/toolchain/bin/../lib/gcc/arm-none-eabi/4.8.4/../../../../arm-none-eabi/lib/armv7e-m/fpu\libm.a(lib_a-e_sqrt.o)
                0x00005028                __ieee754_sqrt
 .text.fabs     0x000051c0       0x14 d:/freescale/kds_v3/toolchain/bin/../lib/gcc/arm-none-eabi/4.8.4/../../../../arm-none-eabi/lib/armv7e-m/fpu\libm.a(lib_a-s_fabs.o)
                0x000051c0                fabs
 .text.finite   0x000051d4       0x10 d:/freescale/kds_v3/toolchain/bin/../lib/gcc/arm-none-eabi/4.8.4/../../../../arm-none-eabi/lib/armv7e-m/fpu\libm.a(lib_a-s_finite.o)
                0x000051d4                finite
 .text.__fpclassifyd
                0x000051e4       0x54 d:/freescale/kds_v3/toolchain/bin/../lib/gcc/arm-none-eabi/4.8.4/../../../../arm-none-eabi/lib/armv7e-m/fpu\libm.a(lib_a-s_fpclassify.o)
                0x000051e4                __fpclassifyd
 .text.matherr  0x00005238        0x4 d:/freescale/kds_v3/toolchain/bin/../lib/gcc/arm-none-eabi/4.8.4/../../../../arm-none-eabi/lib/armv7e-m/fpu\libm.a(lib_a-s_matherr.o)
                0x00005238                matherr
 *fill*         0x0000523c        0x4 
 .text.nan      0x00005240       0x10 d:/freescale/kds_v3/toolchain/bin/../lib/gcc/arm-none-eabi/4.8.4/../../../../arm-none-eabi/lib/armv7e-m/fpu\libm.a(lib_a-s_nan.o)
                0x00005240                nan
 .text.rint     0x00005250      0x120 d:/freescale/kds_v3/toolchain/bin/../lib/gcc/arm-none-eabi/4.8.4/../../../../arm-none-eabi/lib/armv7e-m/fpu\libm.a(lib_a-s_rint.o)
                0x00005250                rint
 .text.scalbn   0x00005370      0x120 d:/freescale/kds_v3/toolchain/bin/../lib/gcc/arm-none-eabi/4.8.4/../../../../arm-none-eabi/lib/armv7e-m/fpu\libm.a(lib_a-s_scalbn.o)
                0x00005370                scalbn
 .text.copysign
                0x00005490       0x24 d:/freescale/kds_v3/toolchain/bin/../lib/gcc/arm-none-eabi/4.8.4/../../../../arm-none-eabi/lib/armv7e-m/fpu\libm.a(lib_a-s_copysign.o)
                0x00005490                copysign
 .text.__errno  0x000054b4        0xc d:/freescale/kds_v3/toolchain/bin/../lib/gcc/arm-none-eabi/4.8.4/../../../../arm-none-eabi/lib/armv7e-m/fpu\libg_s.a(lib_a-errno.o)
                0x000054b4                __errno
 .text.exit     0x000054c0       0x28 d:/freescale/kds_v3/toolchain/bin/../lib/gcc/arm-none-eabi/4.8.4/../../../../arm-none-eabi/lib/armv7e-m/fpu\libg_s.a(lib_a-exit.o)
                0x000054c0                exit
 .text.__libc_init_array
                0x000054e8       0x4c d:/freescale/kds_v3/toolchain/bin/../lib/gcc/arm-none-eabi/4.8.4/../../../../arm-none-eabi/lib/armv7e-m/fpu\libg_s.a(lib_a-init.o)
                0x000054e8                __libc_init_array
 .text.memset   0x00005534       0x10 d:/freescale/kds_v3/toolchain/bin/../lib/gcc/arm-none-eabi/4.8.4/../../../../arm-none-eabi/lib/armv7e-m/fpu\libg_s.a(lib_a-memset.o)
                0x00005534                memset
 .text._exit    0x00005544        0x4 d:/freescale/kds_v3/toolchain/bin/../lib/gcc/arm-none-eabi/4.8.4/../../../../arm-none-eabi/lib/armv7e-m/fpu\libnosys.a(_exit.o)
                0x00005544                _exit
 *(.rodata)
 .rodata        0x00005548       0xa0 D:\Autumn 2019\Embedded Software\autumn-embedded-project\Library\libAnalog.a(SPI.o)
 *(.rodata*)
 .rodata.ANALOG_THREAD_PRIORITIES
                0x000055e8        0x4 ./Sources/main.o
                0x000055e8                ANALOG_THREAD_PRIORITIES
 .rodata.SPI_SETUP
                0x000055ec       0x1c D:\Autumn 2019\Embedded Software\autumn-embedded-project\Library\libAnalog.a(analog.o)
 .rodata.str1.4
                0x00005608        0x4 d:/freescale/kds_v3/toolchain/bin/../lib/gcc/arm-none-eabi/4.8.4/../../../../arm-none-eabi/lib/armv7e-m/fpu\libm.a(lib_a-w_pow.o)
 .rodata.str1.4
                0x0000560c        0x5 d:/freescale/kds_v3/toolchain/bin/../lib/gcc/arm-none-eabi/4.8.4/../../../../arm-none-eabi/lib/armv7e-m/fpu\libm.a(lib_a-w_sqrt.o)
                                  0x8 (size before relaxing)
 *fill*         0x00005611        0x7 
 .rodata.dp_h   0x00005618       0x10 d:/freescale/kds_v3/toolchain/bin/../lib/gcc/arm-none-eabi/4.8.4/../../../../arm-none-eabi/lib/armv7e-m/fpu\libm.a(lib_a-e_pow.o)
 .rodata.dp_l   0x00005628       0x10 d:/freescale/kds_v3/toolchain/bin/../lib/gcc/arm-none-eabi/4.8.4/../../../../arm-none-eabi/lib/armv7e-m/fpu\libm.a(lib_a-e_pow.o)
 .rodata.bp     0x00005638       0x10 d:/freescale/kds_v3/toolchain/bin/../lib/gcc/arm-none-eabi/4.8.4/../../../../arm-none-eabi/lib/armv7e-m/fpu\libm.a(lib_a-e_pow.o)
 .rodata.str1.4
                0x00000000        0x8 d:/freescale/kds_v3/toolchain/bin/../lib/gcc/arm-none-eabi/4.8.4/../../../../arm-none-eabi/lib/armv7e-m/fpu\libm.a(lib_a-e_pow.o)
                                  0x4 (size before relaxing)
 .rodata.TWO52  0x00005648       0x10 d:/freescale/kds_v3/toolchain/bin/../lib/gcc/arm-none-eabi/4.8.4/../../../../arm-none-eabi/lib/armv7e-m/fpu\libm.a(lib_a-s_rint.o)
 .rodata.str1.1
                0x00005658        0x2 d:/freescale/kds_v3/toolchain/bin/../lib/gcc/arm-none-eabi/4.8.4/../../../../arm-none-eabi/lib/armv7e-m/fpu\libg_s.a(lib_a-impure.o)
 *fill*         0x0000565a        0x2 
 .rodata._global_impure_ptr
                0x0000565c        0x4 d:/freescale/kds_v3/toolchain/bin/../lib/gcc/arm-none-eabi/4.8.4/../../../../arm-none-eabi/lib/armv7e-m/fpu\libg_s.a(lib_a-impure.o)
                0x0000565c                _global_impure_ptr
 *(.glue_7)
 .glue_7        0x00000000        0x0 linker stubs
 *(.glue_7t)
 .glue_7t       0x00000000        0x0 linker stubs
 *(.eh_frame)
 .eh_frame      0x00005660        0x0 d:/freescale/kds_v3/toolchain/bin/../lib/gcc/arm-none-eabi/4.8.4/armv7e-m/fpu/crtbegin.o
 *(.init)
 .init          0x00005660        0x4 d:/freescale/kds_v3/toolchain/bin/../lib/gcc/arm-none-eabi/4.8.4/armv7e-m/fpu/crti.o
                0x00005660                _init
 .init          0x00005664        0x8 d:/freescale/kds_v3/toolchain/bin/../lib/gcc/arm-none-eabi/4.8.4/armv7e-m/fpu/crtn.o
 *(.fini)
 .fini          0x0000566c        0x4 d:/freescale/kds_v3/toolchain/bin/../lib/gcc/arm-none-eabi/4.8.4/armv7e-m/fpu/crti.o
                0x0000566c                _fini
 .fini          0x00005670        0x8 d:/freescale/kds_v3/toolchain/bin/../lib/gcc/arm-none-eabi/4.8.4/armv7e-m/fpu/crtn.o
                0x00005678                . = ALIGN (0x4)
                0x00005678                _etext = .

.vfp11_veneer   0x00005678        0x0
 .vfp11_veneer  0x00000000        0x0 linker stubs

.v4_bx          0x00005678        0x0
 .v4_bx         0x00000000        0x0 linker stubs

.iplt           0x00005678        0x0
 .iplt          0x00000000        0x0 d:/freescale/kds_v3/toolchain/bin/../lib/gcc/arm-none-eabi/4.8.4/armv7e-m/fpu/crtbegin.o

.ARM.extab
 *(.ARM.extab* .gnu.linkonce.armextab.*)

.ARM            0x00005678        0x8
                0x00005678                __exidx_start = .
 *(.ARM.exidx*)
 .ARM.exidx     0x00005678        0x8 d:/freescale/kds_v3/toolchain/bin/../lib/gcc/arm-none-eabi/4.8.4/../../../../arm-none-eabi/lib/armv7e-m/fpu/crt0.o
                0x00005680                __exidx_end = .

.rel.dyn        0x00005680        0x0
 .rel.iplt      0x00000000        0x0 d:/freescale/kds_v3/toolchain/bin/../lib/gcc/arm-none-eabi/4.8.4/armv7e-m/fpu/crtbegin.o

.ctors          0x00005680        0x0
                0x00005680                __CTOR_LIST__ = .
 *crtbegin.o(.ctors)
 *(EXCLUDE_FILE(*crtend.o) .ctors)
 *(SORT(.ctors.*))
 *(.ctors)
                0x00005680                __CTOR_END__ = .

.dtors          0x00005680        0x0
                0x00005680                __DTOR_LIST__ = .
 *crtbegin.o(.dtors)
 *(EXCLUDE_FILE(*crtend.o) .dtors)
 *(SORT(.dtors.*))
 *(.dtors)
                0x00005680                __DTOR_END__ = .

.preinit_array  0x00005680        0x0
                0x00005680                PROVIDE (__preinit_array_start, .)
 *(.preinit_array*)
                0x00005680                PROVIDE (__preinit_array_end, .)

.init_array     0x00005680        0x4
                0x00005680                PROVIDE (__init_array_start, .)
 *(SORT(.init_array.*))
 *(.init_array*)
 .init_array    0x00005680        0x4 d:/freescale/kds_v3/toolchain/bin/../lib/gcc/arm-none-eabi/4.8.4/armv7e-m/fpu/crtbegin.o
                0x00005684                PROVIDE (__init_array_end, .)

.fini_array     0x00005684        0x4
                0x00005684                PROVIDE (__fini_array_start, .)
 *(SORT(.fini_array.*))
 *(.fini_array*)
 .fini_array    0x00005684        0x4 d:/freescale/kds_v3/toolchain/bin/../lib/gcc/arm-none-eabi/4.8.4/armv7e-m/fpu/crtbegin.o
                0x00005688                PROVIDE (__fini_array_end, .)
                0x00005688                ___ROM_AT = .

.data           0x1fff0000       0x8c load address 0x00005688
                0x1fff0000                . = ALIGN (0x4)
                0x1fff0000                _sdata = .
 *(.data)
 *(.data*)
 .data.byteAlloc.5674
                0x1fff0000        0x1 ./Sources/Flash.o
 *fill*         0x1fff0001        0x3 
 .data.FTMPacket
                0x1fff0004       0x10 ./Sources/main.o
                0x1fff0004                FTMPacket
 .data.AnalogThreadData
                0x1fff0014       0x10 ./Sources/main.o
 .data.__fdlib_version
                0x1fff0024        0x1 d:/freescale/kds_v3/toolchain/bin/../lib/gcc/arm-none-eabi/4.8.4/../../../../arm-none-eabi/lib/armv7e-m/fpu\libm.a(lib_a-s_lib_ver.o)
                0x1fff0024                __fdlib_version
 *fill*         0x1fff0025        0x3 
 .data.impure_data
                0x1fff0028       0x60 d:/freescale/kds_v3/toolchain/bin/../lib/gcc/arm-none-eabi/4.8.4/../../../../arm-none-eabi/lib/armv7e-m/fpu\libg_s.a(lib_a-impure.o)
 .data._impure_ptr
                0x1fff0088        0x4 d:/freescale/kds_v3/toolchain/bin/../lib/gcc/arm-none-eabi/4.8.4/../../../../arm-none-eabi/lib/armv7e-m/fpu\libg_s.a(lib_a-impure.o)
                0x1fff0088                _impure_ptr
                0x1fff008c                . = ALIGN (0x4)
                0x1fff008c                _edata = .
                0x0000008c                ___data_size = (_edata - _sdata)
                0x00005714                ___m_data_20000000_ROMStart = (___ROM_AT + SIZEOF (.data))

.jcr            0x1fff008c        0x0 load address 0x00005714
 .jcr           0x1fff008c        0x0 d:/freescale/kds_v3/toolchain/bin/../lib/gcc/arm-none-eabi/4.8.4/armv7e-m/fpu/crtbegin.o

.igot.plt       0x1fff008c        0x0 load address 0x00005714
 .igot.plt      0x00000000        0x0 d:/freescale/kds_v3/toolchain/bin/../lib/gcc/arm-none-eabi/4.8.4/armv7e-m/fpu/crtbegin.o

.m_data_20000000
                0x20000000        0x0 load address 0x00005714
                0x20000000                . = ALIGN (0x4)
                0x20000000                ___m_data_20000000_RAMStart = .
 *(.m_data_20000000)
                0x20000000                ___m_data_20000000_RAMEnd = .
                0x20000000                . = ALIGN (0x4)
                0x00000000                ___m_data_20000000_ROMSize = (___m_data_20000000_RAMEnd - ___m_data_20000000_RAMStart)
                0x20000000                . = ALIGN (0x4)

.bss            0x1fff0090     0x1ac4 load address 0x00005718
                0x1fff0090                __START_BSS = .
                0x1fff0090                PROVIDE (__bss_start__, __START_BSS)
 *(.bss)
 .bss           0x1fff0090       0x1c d:/freescale/kds_v3/toolchain/bin/../lib/gcc/arm-none-eabi/4.8.4/armv7e-m/fpu/crtbegin.o
 *(.bss*)
 .bss.PIT_ModuleClk
                0x1fff00ac        0x4 ./Sources/PIT.o
 .bss.PITArguments
                0x1fff00b0        0x4 ./Sources/PIT.o
 .bss.PITCallback
                0x1fff00b4        0x4 ./Sources/PIT.o
 .bss.RTCArguments
                0x1fff00b8        0x4 ./Sources/RTC.o
 .bss.RTCCallback
                0x1fff00bc        0x4 ./Sources/RTC.o
 .bss.TxFIFO    0x1fff00c0      0x110 ./Sources/UART.o
 .bss.RxFIFO    0x1fff01d0      0x110 ./Sources/UART.o
 .bss.RxData    0x1fff02e0        0x1 ./Sources/UART.o
 *fill*         0x1fff02e1        0x3 
 .bss.TowerNumber
                0x1fff02e4        0x4 ./Sources/main.o
 .bss.TowerMode
                0x1fff02e8        0x4 ./Sources/main.o
 *fill*         0x1fff02ec        0x4 
 .bss.InitModulesThreadStack
                0x1fff02f0      0x190 ./Sources/main.o
 .bss.AnalogThreadStacks
                0x1fff0480      0x320 ./Sources/main.o
 .bss.UARTRXStack
                0x1fff07a0      0x190 ./Sources/main.o
 .bss.UARTTXStack
                0x1fff0930      0x190 ./Sources/main.o
 .bss.PacketHandlerStack
                0x1fff0ac0      0x190 ./Sources/main.o
 .bss.PITStack  0x1fff0c50      0x190 ./Sources/main.o
 .bss.RTCStack  0x1fff0de0      0x190 ./Sources/main.o
 .bss.FTMStack  0x1fff0f70      0x190 ./Sources/main.o
 .bss.packetComplete.6635
                0x1fff1100        0x1 ./Sources/packet.o
 .bss.SR_lock   0x1fff1101        0x1 ./Generated_Code/Cpu.o
                0x1fff1101                SR_lock
 *fill*         0x1fff1102        0x2 
 .bss.TCBUnusedMain
                0x1fff1104       0x18 D:\Autumn 2019\Embedded Software\autumn-embedded-project\Library\libOS.a(OS.o)
 .bss.TCBTable  0x1fff111c      0x300 D:\Autumn 2019\Embedded Software\autumn-embedded-project\Library\libOS.a(OS.o)
 .bss.pTCBFreeList
                0x1fff141c        0x4 D:\Autumn 2019\Embedded Software\autumn-embedded-project\Library\libOS.a(OS.o)
 .bss.pTCBAllocatedList
                0x1fff1420        0x4 D:\Autumn 2019\Embedded Software\autumn-embedded-project\Library\libOS.a(OS.o)
 .bss.pTCBPriorityTable
                0x1fff1424       0x80 D:\Autumn 2019\Embedded Software\autumn-embedded-project\Library\libOS.a(OS.o)
 .bss.pTCBRunning
                0x1fff14a4        0x4 D:\Autumn 2019\Embedded Software\autumn-embedded-project\Library\libOS.a(OS.o)
 .bss.pTCBHighestReady
                0x1fff14a8        0x4 D:\Autumn 2019\Embedded Software\autumn-embedded-project\Library\libOS.a(OS.o)
 .bss.ReadyList
                0x1fff14ac        0x4 D:\Autumn 2019\Embedded Software\autumn-embedded-project\Library\libOS.a(OS.o)
 .bss.ECBTable  0x1fff14b0      0x100 D:\Autumn 2019\Embedded Software\autumn-embedded-project\Library\libOS.a(OS.o)
 .bss.NextECBFree
                0x1fff15b0        0x1 D:\Autumn 2019\Embedded Software\autumn-embedded-project\Library\libOS.a(OS.o)
 *fill*         0x1fff15b1        0x3 
 .bss.IdleCounter
                0x1fff15b4        0x4 D:\Autumn 2019\Embedded Software\autumn-embedded-project\Library\libOS.a(OS.o)
 .bss.IdleStack
                0x1fff15b8      0x400 D:\Autumn 2019\Embedded Software\autumn-embedded-project\Library\libOS.a(OS.o)
 .bss.Ticks     0x1fff19b8        0x4 D:\Autumn 2019\Embedded Software\autumn-embedded-project\Library\libOS.a(OS.o)
 .bss.ToggleCntr
                0x1fff19bc        0x4 D:\Autumn 2019\Embedded Software\autumn-embedded-project\Library\libOS.a(OS.o)
 .bss.ToggleLED
                0x1fff19c0        0x1 D:\Autumn 2019\Embedded Software\autumn-embedded-project\Library\libOS.a(OS.o)
 .bss.ISRNestLevel
                0x1fff19c1        0x1 D:\Autumn 2019\Embedded Software\autumn-embedded-project\Library\libOS.a(OS.o)
 *fill*         0x1fff19c2        0x2 
 .bss.ADCCommandUnion
                0x1fff19c4        0x4 D:\Autumn 2019\Embedded Software\autumn-embedded-project\Library\libAnalog.a(analog.o)
 *(COMMON)
 COMMON         0x1fff19c8       0x3c ./Sources/FTM.o
                0x1fff19c8                FTM0_Callback
                0x1fff19e4                FTM0_Arguments
                0x1fff1a00                FTMSemaphore
 COMMON         0x1fff1a04        0x4 ./Sources/PIT.o
                0x1fff1a04                PITSemaphore
 COMMON         0x1fff1a08        0x4 ./Sources/RTC.o
                0x1fff1a08                RTCSemaphore
 COMMON         0x1fff1a0c        0x8 ./Sources/UART.o
                0x1fff1a0c                UARTTXSemaphore
                0x1fff1a10                UARTRXSemaphore
 COMMON         0x1fff1a14       0x8c ./Sources/calculation.o
                0x1fff1a14                VoltageSqr
                0x1fff1a54                Voltage
                0x1fff1a94                Current_Charac
                0x1fff1a98                TotalVoltageSqr
                0x1fff1a9c                VoltageRMS
 COMMON         0x1fff1aa0        0x4 ./Sources/main.o
                0x1fff1aa0                PacketHandlerSemaphore
 COMMON         0x1fff1aa4        0x8 ./Sources/packet.o
                0x1fff1aa4                Packet
 COMMON         0x1fff1aac        0x1 ./Generated_Code/Cpu.o
                0x1fff1aac                SR_reg
 *fill*         0x1fff1aad        0x3 
 COMMON         0x1fff1ab0       0xa4 D:\Autumn 2019\Embedded Software\autumn-embedded-project\Library\libAnalog.a(analog.o)
                0x1fff1ab0                Analog_Inputs
                0x1fff1b50                DACInput
                0x1fff1b54                . = ALIGN (0x4)
                0x1fff1b54                __END_BSS = .
                0x1fff1b54                PROVIDE (__bss_end__, __END_BSS)
                0x00005714                _romp_at = ((___ROM_AT + SIZEOF (.data)) + SIZEOF (.m_data_20000000))

.romp           0x1fff1b54       0x24 load address 0x00005714
                0x00005714                __S_romp = _romp_at
                0x1fff1b54        0x4 LONG 0x5688 ___ROM_AT
                0x1fff1b58        0x4 LONG 0x1fff0000 _sdata
                0x1fff1b5c        0x4 LONG 0x8c ___data_size
                0x1fff1b60        0x4 LONG 0x5714 ___m_data_20000000_ROMStart
                0x1fff1b64        0x4 LONG 0x20000000 ___m_data_20000000_RAMStart
                0x1fff1b68        0x4 LONG 0x0 ___m_data_20000000_ROMSize
                0x1fff1b6c        0x4 LONG 0x0
                0x1fff1b70        0x4 LONG 0x0
                0x1fff1b74        0x4 LONG 0x0

._user_heap_stack
                0x1fff1b78      0x400 load address 0x00005738
                0x1fff1b78                . = ALIGN (0x4)
                0x1fff1b78                PROVIDE (end, .)
                0x1fff1b78                PROVIDE (_end, .)
                0x1fff1b78                __heap_addr = .
                0x1fff1b78                __HeapBase = .
                0x1fff1b78                . = (. + __heap_size)
                0x1fff1b78                __HeapLimit = .
                0x1fff1f78                . = (. + __stack_size)
 *fill*         0x1fff1b78      0x400 
                0x1fff1f78                . = ALIGN (0x4)

.ARM.attributes
                0x00000000       0x30
 *(.ARM.attributes)
 .ARM.attributes
                0x00000000       0x22 d:/freescale/kds_v3/toolchain/bin/../lib/gcc/arm-none-eabi/4.8.4/armv7e-m/fpu/crti.o
 .ARM.attributes
                0x00000022       0x34 d:/freescale/kds_v3/toolchain/bin/../lib/gcc/arm-none-eabi/4.8.4/armv7e-m/fpu/crtbegin.o
 .ARM.attributes
                0x00000056       0x20 d:/freescale/kds_v3/toolchain/bin/../lib/gcc/arm-none-eabi/4.8.4/../../../../arm-none-eabi/lib/armv7e-m/fpu/crt0.o
 .ARM.attributes
                0x00000076       0x39 ./Sources/FIFO.o
 .ARM.attributes
                0x000000af       0x39 ./Sources/FTM.o
 .ARM.attributes
                0x000000e8       0x39 ./Sources/Flash.o
 .ARM.attributes
                0x00000121       0x39 ./Sources/LEDs.o
 .ARM.attributes
                0x0000015a       0x39 ./Sources/PIT.o
 .ARM.attributes
                0x00000193       0x39 ./Sources/RTC.o
 .ARM.attributes
                0x000001cc       0x39 ./Sources/UART.o
 .ARM.attributes
                0x00000205       0x39 ./Sources/calculation.o
 .ARM.attributes
                0x0000023e       0x39 ./Sources/main.o
 .ARM.attributes
                0x00000277       0x39 ./Sources/packet.o
 .ARM.attributes
                0x000002b0       0x39 ./Project_Settings/Startup_Code/startup.o
 .ARM.attributes
                0x000002e9       0x39 ./Generated_Code/Cpu.o
 .ARM.attributes
                0x00000322       0x39 ./Generated_Code/Vectors.o
 .ARM.attributes
                0x0000035b       0x39 D:\Autumn 2019\Embedded Software\autumn-embedded-project\Library\libOS.a(OS.o)
 .ARM.attributes
                0x00000394       0x39 D:\Autumn 2019\Embedded Software\autumn-embedded-project\Library\libAnalog.a(analog.o)
 .ARM.attributes
                0x000003cd       0x39 D:\Autumn 2019\Embedded Software\autumn-embedded-project\Library\libAnalog.a(SPI.o)
 .ARM.attributes
                0x00000406       0x34 d:/freescale/kds_v3/toolchain/bin/../lib/gcc/arm-none-eabi/4.8.4/../../../../arm-none-eabi/lib/armv7e-m/fpu\libm.a(lib_a-w_pow.o)
 .ARM.attributes
                0x0000043a       0x34 d:/freescale/kds_v3/toolchain/bin/../lib/gcc/arm-none-eabi/4.8.4/../../../../arm-none-eabi/lib/armv7e-m/fpu\libm.a(lib_a-w_sqrt.o)
 .ARM.attributes
                0x0000046e       0x34 d:/freescale/kds_v3/toolchain/bin/../lib/gcc/arm-none-eabi/4.8.4/../../../../arm-none-eabi/lib/armv7e-m/fpu\libm.a(lib_a-e_pow.o)
 .ARM.attributes
                0x000004a2       0x34 d:/freescale/kds_v3/toolchain/bin/../lib/gcc/arm-none-eabi/4.8.4/../../../../arm-none-eabi/lib/armv7e-m/fpu\libm.a(lib_a-e_sqrt.o)
 .ARM.attributes
                0x000004d6       0x34 d:/freescale/kds_v3/toolchain/bin/../lib/gcc/arm-none-eabi/4.8.4/../../../../arm-none-eabi/lib/armv7e-m/fpu\libm.a(lib_a-s_fabs.o)
 .ARM.attributes
                0x0000050a       0x34 d:/freescale/kds_v3/toolchain/bin/../lib/gcc/arm-none-eabi/4.8.4/../../../../arm-none-eabi/lib/armv7e-m/fpu\libm.a(lib_a-s_finite.o)
 .ARM.attributes
                0x0000053e       0x34 d:/freescale/kds_v3/toolchain/bin/../lib/gcc/arm-none-eabi/4.8.4/../../../../arm-none-eabi/lib/armv7e-m/fpu\libm.a(lib_a-s_fpclassify.o)
 .ARM.attributes
                0x00000572       0x34 d:/freescale/kds_v3/toolchain/bin/../lib/gcc/arm-none-eabi/4.8.4/../../../../arm-none-eabi/lib/armv7e-m/fpu\libm.a(lib_a-s_lib_ver.o)
 .ARM.attributes
                0x000005a6       0x34 d:/freescale/kds_v3/toolchain/bin/../lib/gcc/arm-none-eabi/4.8.4/../../../../arm-none-eabi/lib/armv7e-m/fpu\libm.a(lib_a-s_matherr.o)
 .ARM.attributes
                0x000005da       0x34 d:/freescale/kds_v3/toolchain/bin/../lib/gcc/arm-none-eabi/4.8.4/../../../../arm-none-eabi/lib/armv7e-m/fpu\libm.a(lib_a-s_nan.o)
 .ARM.attributes
                0x0000060e       0x34 d:/freescale/kds_v3/toolchain/bin/../lib/gcc/arm-none-eabi/4.8.4/../../../../arm-none-eabi/lib/armv7e-m/fpu\libm.a(lib_a-s_rint.o)
 .ARM.attributes
                0x00000642       0x34 d:/freescale/kds_v3/toolchain/bin/../lib/gcc/arm-none-eabi/4.8.4/../../../../arm-none-eabi/lib/armv7e-m/fpu\libm.a(lib_a-s_scalbn.o)
 .ARM.attributes
                0x00000676       0x34 d:/freescale/kds_v3/toolchain/bin/../lib/gcc/arm-none-eabi/4.8.4/../../../../arm-none-eabi/lib/armv7e-m/fpu\libm.a(lib_a-s_copysign.o)
 .ARM.attributes
                0x000006aa       0x22 d:/freescale/kds_v3/toolchain/bin/../lib/gcc/arm-none-eabi/4.8.4/armv7e-m/fpu\libgcc.a(_arm_addsubdf3.o)
 .ARM.attributes
                0x000006cc       0x22 d:/freescale/kds_v3/toolchain/bin/../lib/gcc/arm-none-eabi/4.8.4/armv7e-m/fpu\libgcc.a(_arm_muldivdf3.o)
 .ARM.attributes
                0x000006ee       0x22 d:/freescale/kds_v3/toolchain/bin/../lib/gcc/arm-none-eabi/4.8.4/armv7e-m/fpu\libgcc.a(_arm_cmpdf2.o)
 .ARM.attributes
                0x00000710       0x22 d:/freescale/kds_v3/toolchain/bin/../lib/gcc/arm-none-eabi/4.8.4/armv7e-m/fpu\libgcc.a(_arm_truncdfsf2.o)
 .ARM.attributes
                0x00000732       0x34 d:/freescale/kds_v3/toolchain/bin/../lib/gcc/arm-none-eabi/4.8.4/../../../../arm-none-eabi/lib/armv7e-m/fpu\libg_s.a(lib_a-errno.o)
 .ARM.attributes
                0x00000766       0x34 d:/freescale/kds_v3/toolchain/bin/../lib/gcc/arm-none-eabi/4.8.4/../../../../arm-none-eabi/lib/armv7e-m/fpu\libg_s.a(lib_a-exit.o)
 .ARM.attributes
                0x0000079a       0x34 d:/freescale/kds_v3/toolchain/bin/../lib/gcc/arm-none-eabi/4.8.4/../../../../arm-none-eabi/lib/armv7e-m/fpu\libg_s.a(lib_a-impure.o)
 .ARM.attributes
                0x000007ce       0x34 d:/freescale/kds_v3/toolchain/bin/../lib/gcc/arm-none-eabi/4.8.4/../../../../arm-none-eabi/lib/armv7e-m/fpu\libg_s.a(lib_a-init.o)
 .ARM.attributes
                0x00000802       0x34 d:/freescale/kds_v3/toolchain/bin/../lib/gcc/arm-none-eabi/4.8.4/../../../../arm-none-eabi/lib/armv7e-m/fpu\libg_s.a(lib_a-memset.o)
 .ARM.attributes
                0x00000836       0x34 d:/freescale/kds_v3/toolchain/bin/../lib/gcc/arm-none-eabi/4.8.4/../../../../arm-none-eabi/lib/armv7e-m/fpu\libnosys.a(_exit.o)
 .ARM.attributes
                0x0000086a       0x22 d:/freescale/kds_v3/toolchain/bin/../lib/gcc/arm-none-eabi/4.8.4/armv7e-m/fpu/crtn.o
OUTPUT(Project.elf elf32-littlearm)

.debug_info     0x00000000     0x6d8b
 .debug_info    0x00000000      0x227 ./Sources/FIFO.o
 .debug_info    0x00000227      0x849 ./Sources/FTM.o
 .debug_info    0x00000a70      0x6c8 ./Sources/Flash.o
 .debug_info    0x00001138      0x490 ./Sources/LEDs.o
 .debug_info    0x000015c8      0x66b ./Sources/PIT.o
 .debug_info    0x00001c33      0x721 ./Sources/RTC.o
 .debug_info    0x00002354      0xa49 ./Sources/UART.o
 .debug_info    0x00002d9d      0x1b6 ./Sources/calculation.o
 .debug_info    0x00002f53      0xd13 ./Sources/main.o
 .debug_info    0x00003c66      0x318 ./Sources/packet.o
 .debug_info    0x00003f7e      0x3b0 ./Project_Settings/Startup_Code/startup.o
 .debug_info    0x0000432e      0xc82 ./Generated_Code/Cpu.o
 .debug_info    0x00004fb0      0x10f ./Generated_Code/Vectors.o
 .debug_info    0x000050bf      0xd02 D:\Autumn 2019\Embedded Software\autumn-embedded-project\Library\libOS.a(OS.o)
 .debug_info    0x00005dc1      0x56a D:\Autumn 2019\Embedded Software\autumn-embedded-project\Library\libAnalog.a(analog.o)
 .debug_info    0x0000632b      0xa60 D:\Autumn 2019\Embedded Software\autumn-embedded-project\Library\libAnalog.a(SPI.o)

.debug_abbrev   0x00000000     0x1979
 .debug_abbrev  0x00000000       0xd7 ./Sources/FIFO.o
 .debug_abbrev  0x000000d7      0x1e0 ./Sources/FTM.o
 .debug_abbrev  0x000002b7      0x1fa ./Sources/Flash.o
 .debug_abbrev  0x000004b1      0x144 ./Sources/LEDs.o
 .debug_abbrev  0x000005f5      0x1b3 ./Sources/PIT.o
 .debug_abbrev  0x000007a8      0x1be ./Sources/RTC.o
 .debug_abbrev  0x00000966      0x200 ./Sources/UART.o
 .debug_abbrev  0x00000b66       0xf9 ./Sources/calculation.o
 .debug_abbrev  0x00000c5f      0x251 ./Sources/main.o
 .debug_abbrev  0x00000eb0       0xf0 ./Sources/packet.o
 .debug_abbrev  0x00000fa0      0x189 ./Project_Settings/Startup_Code/startup.o
 .debug_abbrev  0x00001129      0x185 ./Generated_Code/Cpu.o
 .debug_abbrev  0x000012ae       0xa4 ./Generated_Code/Vectors.o
 .debug_abbrev  0x00001352      0x2f8 D:\Autumn 2019\Embedded Software\autumn-embedded-project\Library\libOS.a(OS.o)
 .debug_abbrev  0x0000164a      0x15a D:\Autumn 2019\Embedded Software\autumn-embedded-project\Library\libAnalog.a(analog.o)
 .debug_abbrev  0x000017a4      0x1d5 D:\Autumn 2019\Embedded Software\autumn-embedded-project\Library\libAnalog.a(SPI.o)

.debug_aranges  0x00000000      0x4d0
 .debug_aranges
                0x00000000       0x30 ./Sources/FIFO.o
 .debug_aranges
                0x00000030       0x40 ./Sources/FTM.o
 .debug_aranges
                0x00000070       0x68 ./Sources/Flash.o
 .debug_aranges
                0x000000d8       0x38 ./Sources/LEDs.o
 .debug_aranges
                0x00000110       0x40 ./Sources/PIT.o
 .debug_aranges
                0x00000150       0x40 ./Sources/RTC.o
 .debug_aranges
                0x00000190       0x50 ./Sources/UART.o
 .debug_aranges
                0x000001e0       0x30 ./Sources/calculation.o
 .debug_aranges
                0x00000210       0x90 ./Sources/main.o
 .debug_aranges
                0x000002a0       0x38 ./Sources/packet.o
 .debug_aranges
                0x000002d8       0x50 ./Project_Settings/Startup_Code/startup.o
 .debug_aranges
                0x00000328       0x38 ./Generated_Code/Cpu.o
 .debug_aranges
                0x00000360       0x18 ./Generated_Code/Vectors.o
 .debug_aranges
                0x00000378       0xc8 D:\Autumn 2019\Embedded Software\autumn-embedded-project\Library\libOS.a(OS.o)
 .debug_aranges
                0x00000440       0x38 D:\Autumn 2019\Embedded Software\autumn-embedded-project\Library\libAnalog.a(analog.o)
 .debug_aranges
                0x00000478       0x58 D:\Autumn 2019\Embedded Software\autumn-embedded-project\Library\libAnalog.a(SPI.o)

.debug_ranges   0x00000000      0x3e0
 .debug_ranges  0x00000000       0x20 ./Sources/FIFO.o
 .debug_ranges  0x00000020       0x30 ./Sources/FTM.o
 .debug_ranges  0x00000050       0x58 ./Sources/Flash.o
 .debug_ranges  0x000000a8       0x28 ./Sources/LEDs.o
 .debug_ranges  0x000000d0       0x30 ./Sources/PIT.o
 .debug_ranges  0x00000100       0x30 ./Sources/RTC.o
 .debug_ranges  0x00000130       0x40 ./Sources/UART.o
 .debug_ranges  0x00000170       0x20 ./Sources/calculation.o
 .debug_ranges  0x00000190       0x98 ./Sources/main.o
 .debug_ranges  0x00000228       0x28 ./Sources/packet.o
 .debug_ranges  0x00000250       0x40 ./Project_Settings/Startup_Code/startup.o
 .debug_ranges  0x00000290       0x28 ./Generated_Code/Cpu.o
 .debug_ranges  0x000002b8       0xb8 D:\Autumn 2019\Embedded Software\autumn-embedded-project\Library\libOS.a(OS.o)
 .debug_ranges  0x00000370       0x28 D:\Autumn 2019\Embedded Software\autumn-embedded-project\Library\libAnalog.a(analog.o)
 .debug_ranges  0x00000398       0x48 D:\Autumn 2019\Embedded Software\autumn-embedded-project\Library\libAnalog.a(SPI.o)

.debug_macro    0x00000000    0x358aa
 .debug_macro   0x00000000       0xb1 ./Sources/FIFO.o
 .debug_macro   0x000000b1      0x850 ./Sources/FIFO.o
 .debug_macro   0x00000901       0x16 ./Sources/FIFO.o
 .debug_macro   0x00000917       0x44 ./Sources/FIFO.o
 .debug_macro   0x0000095b      0x209 ./Sources/FIFO.o
 .debug_macro   0x00000b64       0x22 ./Sources/FIFO.o
 .debug_macro   0x00000b86       0x36 ./Sources/FIFO.o
 .debug_macro   0x00000bbc     0x181c ./Sources/FIFO.o
 .debug_macro   0x000023d8      0x14e ./Sources/FIFO.o
 .debug_macro   0x00002526       0x64 ./Sources/FIFO.o
 .debug_macro   0x0000258a    0x174c1 ./Sources/FIFO.o
 .debug_macro   0x00019a4b       0x9a ./Sources/FIFO.o
 .debug_macro   0x00019ae5       0x90 ./Sources/FTM.o
 .debug_macro   0x00019b75       0x82 ./Sources/Flash.o
 .debug_macro   0x00019bf7       0x28 ./Sources/Flash.o
 .debug_macro   0x00019c1f      0x11e ./Sources/Flash.o
 .debug_macro   0x00019d3d       0x64 ./Sources/LEDs.o
 .debug_macro   0x00019da1       0x84 ./Sources/PIT.o
 .debug_macro   0x00019e25       0x84 ./Sources/RTC.o
 .debug_macro   0x00019ea9       0xbf ./Sources/UART.o
 .debug_macro   0x00019f68     0x1816 ./Sources/UART.o
 .debug_macro   0x0001b77e       0xd8 ./Sources/calculation.o
 .debug_macro   0x0001b856       0x58 ./Sources/calculation.o
 .debug_macro   0x0001b8ae       0x35 ./Sources/calculation.o
 .debug_macro   0x0001b8e3       0xa3 ./Sources/calculation.o
 .debug_macro   0x0001b986      0x166 ./Sources/calculation.o
 .debug_macro   0x0001baec       0x4a ./Sources/calculation.o
 .debug_macro   0x0001bb36       0x52 ./Sources/calculation.o
 .debug_macro   0x0001bb88       0x16 ./Sources/calculation.o
 .debug_macro   0x0001bb9e       0x43 ./Sources/calculation.o
 .debug_macro   0x0001bbe1      0x180 ./Sources/calculation.o
 .debug_macro   0x0001bd61       0xde ./Sources/calculation.o
 .debug_macro   0x0001be3f      0x20f ./Sources/calculation.o
 .debug_macro   0x0001c04e      0x1a0 ./Sources/main.o
 .debug_macro   0x0001c1ee       0x30 ./Sources/main.o
 .debug_macro   0x0001c21e       0x10 ./Sources/main.o
 .debug_macro   0x0001c22e       0x2e ./Sources/main.o
 .debug_macro   0x0001c25c       0xae ./Sources/packet.o
 .debug_macro   0x0001c30a      0x121 ./Project_Settings/Startup_Code/startup.o
 .debug_macro   0x0001c42b      0x2a6 ./Project_Settings/Startup_Code/startup.o
 .debug_macro   0x0001c6d1       0x10 ./Project_Settings/Startup_Code/startup.o
 .debug_macro   0x0001c6e1       0x35 ./Project_Settings/Startup_Code/startup.o
 .debug_macro   0x0001c716       0x16 ./Project_Settings/Startup_Code/startup.o
 .debug_macro   0x0001c72c       0x22 ./Project_Settings/Startup_Code/startup.o
 .debug_macro   0x0001c74e       0x16 ./Project_Settings/Startup_Code/startup.o
 .debug_macro   0x0001c764    0x174af ./Project_Settings/Startup_Code/startup.o
 .debug_macro   0x00033c13       0x84 ./Generated_Code/Cpu.o
 .debug_macro   0x00033c97       0xa0 ./Generated_Code/Cpu.o
 .debug_macro   0x00033d37       0xcf ./Generated_Code/Vectors.o
 .debug_macro   0x00033e06       0xa3 D:\Autumn 2019\Embedded Software\autumn-embedded-project\Library\libOS.a(OS.o)
 .debug_macro   0x00033ea9     0x17fa D:\Autumn 2019\Embedded Software\autumn-embedded-project\Library\libOS.a(OS.o)
 .debug_macro   0x000356a3       0x94 D:\Autumn 2019\Embedded Software\autumn-embedded-project\Library\libOS.a(OS.o)
 .debug_macro   0x00035737       0xf5 D:\Autumn 2019\Embedded Software\autumn-embedded-project\Library\libAnalog.a(analog.o)
 .debug_macro   0x0003582c       0x16 D:\Autumn 2019\Embedded Software\autumn-embedded-project\Library\libAnalog.a(analog.o)
 .debug_macro   0x00035842       0x68 D:\Autumn 2019\Embedded Software\autumn-embedded-project\Library\libAnalog.a(SPI.o)

.debug_line     0x00000000     0x3202
 .debug_line    0x00000000      0x2ee ./Sources/FIFO.o
 .debug_line    0x000002ee      0x33f ./Sources/FTM.o
 .debug_line    0x0000062d      0x322 ./Sources/Flash.o
 .debug_line    0x0000094f      0x211 ./Sources/LEDs.o
 .debug_line    0x00000b60      0x2af ./Sources/PIT.o
 .debug_line    0x00000e0f      0x2d1 ./Sources/RTC.o
 .debug_line    0x000010e0      0x36e ./Sources/UART.o
 .debug_line    0x0000144e      0x249 ./Sources/calculation.o
 .debug_line    0x00001697      0x5aa ./Sources/main.o
 .debug_line    0x00001c41      0x320 ./Sources/packet.o
 .debug_line    0x00001f61      0x3e3 ./Project_Settings/Startup_Code/startup.o
 .debug_line    0x00002344      0x27e ./Generated_Code/Cpu.o
 .debug_line    0x000025c2      0x2bf ./Generated_Code/Vectors.o
 .debug_line    0x00002881      0x496 D:\Autumn 2019\Embedded Software\autumn-embedded-project\Library\libOS.a(OS.o)
 .debug_line    0x00002d17      0x218 D:\Autumn 2019\Embedded Software\autumn-embedded-project\Library\libAnalog.a(analog.o)
 .debug_line    0x00002f2f      0x2d3 D:\Autumn 2019\Embedded Software\autumn-embedded-project\Library\libAnalog.a(SPI.o)

.debug_str      0x00000000    0x8f908
 .debug_str     0x00000000    0x8a717 ./Sources/FIFO.o
                              0x8a890 (size before relaxing)
 .debug_str     0x0008a717      0x4e6 ./Sources/FTM.o
                              0x8a45e (size before relaxing)
 .debug_str     0x0008abfd      0x8b4 ./Sources/Flash.o
                              0x83627 (size before relaxing)
 .debug_str     0x0008b4b1       0xb8 ./Sources/LEDs.o
                              0x82efb (size before relaxing)
 .debug_str     0x0008b569       0xf9 ./Sources/PIT.o
                              0x83663 (size before relaxing)
 .debug_str     0x0008b662       0xc5 ./Sources/RTC.o
                              0x8363e (size before relaxing)
 .debug_str     0x0008b727      0x177 ./Sources/UART.o
                              0x8ac0b (size before relaxing)
 .debug_str     0x0008b89e     0x1c1d ./Sources/calculation.o
                               0x4c38 (size before relaxing)
 .debug_str     0x0008d4bb      0x3d1 ./Sources/main.o
                              0x8d2d5 (size before relaxing)
 .debug_str     0x0008d88c       0x62 ./Sources/packet.o
                              0x8ae0e (size before relaxing)
 .debug_str     0x0008d8ee     0x1141 ./Project_Settings/Startup_Code/startup.o
                              0x853ff (size before relaxing)
 .debug_str     0x0008ea2f      0x1f2 ./Generated_Code/Cpu.o
                              0x8aaab (size before relaxing)
 .debug_str     0x0008ec21       0x1c ./Generated_Code/Vectors.o
                              0x8a82a (size before relaxing)
 .debug_str     0x0008ec3d      0x3b2 D:\Autumn 2019\Embedded Software\autumn-embedded-project\Library\libOS.a(OS.o)
                              0x8ad2a (size before relaxing)
 .debug_str     0x0008efef      0x5c4 D:\Autumn 2019\Embedded Software\autumn-embedded-project\Library\libAnalog.a(analog.o)
                               0x38d5 (size before relaxing)
 .debug_str     0x0008f5b3      0x355 D:\Autumn 2019\Embedded Software\autumn-embedded-project\Library\libAnalog.a(SPI.o)
                              0x83389 (size before relaxing)

.comment        0x00000000       0x70
 .comment       0x00000000       0x70 ./Sources/FIFO.o
                                 0x71 (size before relaxing)
 .comment       0x00000000       0x71 ./Sources/FTM.o
 .comment       0x00000000       0x71 ./Sources/Flash.o
 .comment       0x00000000       0x71 ./Sources/LEDs.o
 .comment       0x00000000       0x71 ./Sources/PIT.o
 .comment       0x00000000       0x71 ./Sources/RTC.o
 .comment       0x00000000       0x71 ./Sources/UART.o
 .comment       0x00000000       0x71 ./Sources/calculation.o
 .comment       0x00000000       0x71 ./Sources/main.o
 .comment       0x00000000       0x71 ./Sources/packet.o
 .comment       0x00000000       0x71 ./Project_Settings/Startup_Code/startup.o
 .comment       0x00000000       0x71 ./Generated_Code/Cpu.o
 .comment       0x00000000       0x71 ./Generated_Code/Vectors.o
 .comment       0x00000000       0x71 D:\Autumn 2019\Embedded Software\autumn-embedded-project\Library\libOS.a(OS.o)
 .comment       0x00000000       0x71 D:\Autumn 2019\Embedded Software\autumn-embedded-project\Library\libAnalog.a(analog.o)
 .comment       0x00000000       0x71 D:\Autumn 2019\Embedded Software\autumn-embedded-project\Library\libAnalog.a(SPI.o)

.debug_frame    0x00000000     0x104c
 .debug_frame   0x00000000       0x70 ./Sources/FIFO.o
 .debug_frame   0x00000070       0xac ./Sources/FTM.o
 .debug_frame   0x0000011c      0x13c ./Sources/Flash.o
 .debug_frame   0x00000258       0x7c ./Sources/LEDs.o
 .debug_frame   0x000002d4       0xb0 ./Sources/PIT.o
 .debug_frame   0x00000384       0xac ./Sources/RTC.o
 .debug_frame   0x00000430       0xf0 ./Sources/UART.o
 .debug_frame   0x00000520       0x6c ./Sources/calculation.o
 .debug_frame   0x0000058c      0x1ec ./Sources/main.o
 .debug_frame   0x00000778       0x8c ./Sources/packet.o
 .debug_frame   0x00000804       0xc0 ./Project_Settings/Startup_Code/startup.o
 .debug_frame   0x000008c4       0x80 ./Generated_Code/Cpu.o
 .debug_frame   0x00000944      0x2a0 D:\Autumn 2019\Embedded Software\autumn-embedded-project\Library\libOS.a(OS.o)
 .debug_frame   0x00000be4       0x90 D:\Autumn 2019\Embedded Software\autumn-embedded-project\Library\libAnalog.a(analog.o)
 .debug_frame   0x00000c74      0x100 D:\Autumn 2019\Embedded Software\autumn-embedded-project\Library\libAnalog.a(SPI.o)
 .debug_frame   0x00000d74       0x40 d:/freescale/kds_v3/toolchain/bin/../lib/gcc/arm-none-eabi/4.8.4/../../../../arm-none-eabi/lib/armv7e-m/fpu\libm.a(lib_a-w_pow.o)
 .debug_frame   0x00000db4       0x38 d:/freescale/kds_v3/toolchain/bin/../lib/gcc/arm-none-eabi/4.8.4/../../../../arm-none-eabi/lib/armv7e-m/fpu\libm.a(lib_a-w_sqrt.o)
 .debug_frame   0x00000dec       0x44 d:/freescale/kds_v3/toolchain/bin/../lib/gcc/arm-none-eabi/4.8.4/../../../../arm-none-eabi/lib/armv7e-m/fpu\libm.a(lib_a-e_pow.o)
 .debug_frame   0x00000e30       0x3c d:/freescale/kds_v3/toolchain/bin/../lib/gcc/arm-none-eabi/4.8.4/../../../../arm-none-eabi/lib/armv7e-m/fpu\libm.a(lib_a-e_sqrt.o)
 .debug_frame   0x00000e6c       0x20 d:/freescale/kds_v3/toolchain/bin/../lib/gcc/arm-none-eabi/4.8.4/../../../../arm-none-eabi/lib/armv7e-m/fpu\libm.a(lib_a-s_fabs.o)
 .debug_frame   0x00000e8c       0x20 d:/freescale/kds_v3/toolchain/bin/../lib/gcc/arm-none-eabi/4.8.4/../../../../arm-none-eabi/lib/armv7e-m/fpu\libm.a(lib_a-s_finite.o)
 .debug_frame   0x00000eac       0x28 d:/freescale/kds_v3/toolchain/bin/../lib/gcc/arm-none-eabi/4.8.4/../../../../arm-none-eabi/lib/armv7e-m/fpu\libm.a(lib_a-s_fpclassify.o)
 .debug_frame   0x00000ed4       0x20 d:/freescale/kds_v3/toolchain/bin/../lib/gcc/arm-none-eabi/4.8.4/../../../../arm-none-eabi/lib/armv7e-m/fpu\libm.a(lib_a-s_matherr.o)
 .debug_frame   0x00000ef4       0x20 d:/freescale/kds_v3/toolchain/bin/../lib/gcc/arm-none-eabi/4.8.4/../../../../arm-none-eabi/lib/armv7e-m/fpu\libm.a(lib_a-s_nan.o)
 .debug_frame   0x00000f14       0x30 d:/freescale/kds_v3/toolchain/bin/../lib/gcc/arm-none-eabi/4.8.4/../../../../arm-none-eabi/lib/armv7e-m/fpu\libm.a(lib_a-s_rint.o)
 .debug_frame   0x00000f44       0x2c d:/freescale/kds_v3/toolchain/bin/../lib/gcc/arm-none-eabi/4.8.4/../../../../arm-none-eabi/lib/armv7e-m/fpu\libm.a(lib_a-s_scalbn.o)
 .debug_frame   0x00000f70       0x28 d:/freescale/kds_v3/toolchain/bin/../lib/gcc/arm-none-eabi/4.8.4/../../../../arm-none-eabi/lib/armv7e-m/fpu\libm.a(lib_a-s_copysign.o)
 .debug_frame   0x00000f98       0x20 d:/freescale/kds_v3/toolchain/bin/../lib/gcc/arm-none-eabi/4.8.4/../../../../arm-none-eabi/lib/armv7e-m/fpu\libg_s.a(lib_a-errno.o)
 .debug_frame   0x00000fb8       0x28 d:/freescale/kds_v3/toolchain/bin/../lib/gcc/arm-none-eabi/4.8.4/../../../../arm-none-eabi/lib/armv7e-m/fpu\libg_s.a(lib_a-exit.o)
 .debug_frame   0x00000fe0       0x2c d:/freescale/kds_v3/toolchain/bin/../lib/gcc/arm-none-eabi/4.8.4/../../../../arm-none-eabi/lib/armv7e-m/fpu\libg_s.a(lib_a-init.o)
 .debug_frame   0x0000100c       0x20 d:/freescale/kds_v3/toolchain/bin/../lib/gcc/arm-none-eabi/4.8.4/../../../../arm-none-eabi/lib/armv7e-m/fpu\libg_s.a(lib_a-memset.o)
 .debug_frame   0x0000102c       0x20 d:/freescale/kds_v3/toolchain/bin/../lib/gcc/arm-none-eabi/4.8.4/../../../../arm-none-eabi/lib/armv7e-m/fpu\libnosys.a(_exit.o)
