Archive member included because of file (symbol)

C:\Users\12878930\Documents\autumn-embedded-project\Library\libOS.a(OS.o)
                              ./Sources/main.o (OS_Init)
C:\Users\12878930\Documents\autumn-embedded-project\Library\libAnalog.a(analog.o)
                              ./Sources/main.o (Analog_Init)
C:\Users\12878930\Documents\autumn-embedded-project\Library\libAnalog.a(SPI.o)
                              C:\Users\12878930\Documents\autumn-embedded-project\Library\libAnalog.a(analog.o) (SPI_Init)
c:/software/freescale/kds_3.0.0/toolchain/bin/../lib/gcc/arm-none-eabi/4.8.4/../../../../arm-none-eabi/lib/armv7e-m/fpu\libg_s.a(lib_a-exit.o)
                              c:/software/freescale/kds_3.0.0/toolchain/bin/../lib/gcc/arm-none-eabi/4.8.4/../../../../arm-none-eabi/lib/armv7e-m/fpu/crt0.o (exit)
c:/software/freescale/kds_3.0.0/toolchain/bin/../lib/gcc/arm-none-eabi/4.8.4/../../../../arm-none-eabi/lib/armv7e-m/fpu\libg_s.a(lib_a-impure.o)
                              c:/software/freescale/kds_3.0.0/toolchain/bin/../lib/gcc/arm-none-eabi/4.8.4/../../../../arm-none-eabi/lib/armv7e-m/fpu\libg_s.a(lib_a-exit.o) (_global_impure_ptr)
c:/software/freescale/kds_3.0.0/toolchain/bin/../lib/gcc/arm-none-eabi/4.8.4/../../../../arm-none-eabi/lib/armv7e-m/fpu\libg_s.a(lib_a-init.o)
                              c:/software/freescale/kds_3.0.0/toolchain/bin/../lib/gcc/arm-none-eabi/4.8.4/../../../../arm-none-eabi/lib/armv7e-m/fpu/crt0.o (__libc_init_array)
c:/software/freescale/kds_3.0.0/toolchain/bin/../lib/gcc/arm-none-eabi/4.8.4/../../../../arm-none-eabi/lib/armv7e-m/fpu\libg_s.a(lib_a-memset.o)
                              c:/software/freescale/kds_3.0.0/toolchain/bin/../lib/gcc/arm-none-eabi/4.8.4/../../../../arm-none-eabi/lib/armv7e-m/fpu/crt0.o (memset)
c:/software/freescale/kds_3.0.0/toolchain/bin/../lib/gcc/arm-none-eabi/4.8.4/../../../../arm-none-eabi/lib/armv7e-m/fpu\libnosys.a(_exit.o)
                              c:/software/freescale/kds_3.0.0/toolchain/bin/../lib/gcc/arm-none-eabi/4.8.4/../../../../arm-none-eabi/lib/armv7e-m/fpu\libg_s.a(lib_a-exit.o) (_exit)

Allocating common symbols
Common symbol       size              file

PacketHandlerSemaphore
                    0x4               ./Sources/main.o
Packet              0x8               ./Sources/packet.o
UARTTXSemaphore     0x4               ./Sources/UART.o
Analog_Inputs       0xa0              C:\Users\12878930\Documents\autumn-embedded-project\Library\libAnalog.a(analog.o)
UARTRXSemaphore     0x4               ./Sources/UART.o
SR_reg              0x1               ./Generated_Code/Cpu.o
DACInput            0x4               C:\Users\12878930\Documents\autumn-embedded-project\Library\libAnalog.a(analog.o)

Discarded input sections

 .text          0x00000000        0x0 c:/software/freescale/kds_3.0.0/toolchain/bin/../lib/gcc/arm-none-eabi/4.8.4/armv7e-m/fpu/crti.o
 .data          0x00000000        0x0 c:/software/freescale/kds_3.0.0/toolchain/bin/../lib/gcc/arm-none-eabi/4.8.4/armv7e-m/fpu/crti.o
 .bss           0x00000000        0x0 c:/software/freescale/kds_3.0.0/toolchain/bin/../lib/gcc/arm-none-eabi/4.8.4/armv7e-m/fpu/crti.o
 .data          0x00000000        0x4 c:/software/freescale/kds_3.0.0/toolchain/bin/../lib/gcc/arm-none-eabi/4.8.4/armv7e-m/fpu/crtbegin.o
 .data          0x00000000        0x0 c:/software/freescale/kds_3.0.0/toolchain/bin/../lib/gcc/arm-none-eabi/4.8.4/../../../../arm-none-eabi/lib/armv7e-m/fpu/crt0.o
 .bss           0x00000000        0x0 c:/software/freescale/kds_3.0.0/toolchain/bin/../lib/gcc/arm-none-eabi/4.8.4/../../../../arm-none-eabi/lib/armv7e-m/fpu/crt0.o
 .ARM.extab     0x00000000        0x0 c:/software/freescale/kds_3.0.0/toolchain/bin/../lib/gcc/arm-none-eabi/4.8.4/../../../../arm-none-eabi/lib/armv7e-m/fpu/crt0.o
 .group         0x00000000        0x8 ./Sources/FIFO.o
 .group         0x00000000        0x8 ./Sources/FIFO.o
 .group         0x00000000        0x8 ./Sources/FIFO.o
 .group         0x00000000        0x8 ./Sources/FIFO.o
 .group         0x00000000        0x8 ./Sources/FIFO.o
 .group         0x00000000        0x8 ./Sources/FIFO.o
 .group         0x00000000        0x8 ./Sources/FIFO.o
 .group         0x00000000        0x8 ./Sources/FIFO.o
 .group         0x00000000        0x8 ./Sources/FIFO.o
 .group         0x00000000        0x8 ./Sources/FIFO.o
 .group         0x00000000        0x8 ./Sources/FIFO.o
 .text          0x00000000        0x0 ./Sources/FIFO.o
 .data          0x00000000        0x0 ./Sources/FIFO.o
 .bss           0x00000000        0x0 ./Sources/FIFO.o
 .group         0x00000000        0x8 ./Sources/UART.o
 .group         0x00000000        0x8 ./Sources/UART.o
 .group         0x00000000        0x8 ./Sources/UART.o
 .group         0x00000000        0x8 ./Sources/UART.o
 .group         0x00000000        0x8 ./Sources/UART.o
 .group         0x00000000        0x8 ./Sources/UART.o
 .group         0x00000000        0x8 ./Sources/UART.o
 .group         0x00000000        0x8 ./Sources/UART.o
 .group         0x00000000        0x8 ./Sources/UART.o
 .group         0x00000000        0x8 ./Sources/UART.o
 .group         0x00000000        0x8 ./Sources/UART.o
 .text          0x00000000        0x0 ./Sources/UART.o
 .data          0x00000000        0x0 ./Sources/UART.o
 .bss           0x00000000        0x0 ./Sources/UART.o
 .bss.TxData    0x00000000        0x1 ./Sources/UART.o
 .text.UART_Poll
                0x00000000       0x48 ./Sources/UART.o
 .debug_macro   0x00000000      0x850 ./Sources/UART.o
 .debug_macro   0x00000000       0x16 ./Sources/UART.o
 .debug_macro   0x00000000       0x44 ./Sources/UART.o
 .debug_macro   0x00000000      0x209 ./Sources/UART.o
 .debug_macro   0x00000000      0x14e ./Sources/UART.o
 .debug_macro   0x00000000       0x64 ./Sources/UART.o
 .debug_macro   0x00000000    0x174c1 ./Sources/UART.o
 .debug_macro   0x00000000       0x9a ./Sources/UART.o
 .debug_macro   0x00000000       0x22 ./Sources/UART.o
 .debug_macro   0x00000000       0x36 ./Sources/UART.o
 .group         0x00000000        0x8 ./Sources/main.o
 .group         0x00000000        0x8 ./Sources/main.o
 .group         0x00000000        0x8 ./Sources/main.o
 .group         0x00000000        0x8 ./Sources/main.o
 .group         0x00000000        0x8 ./Sources/main.o
 .group         0x00000000        0x8 ./Sources/main.o
 .group         0x00000000        0x8 ./Sources/main.o
 .group         0x00000000        0x8 ./Sources/main.o
 .group         0x00000000        0x8 ./Sources/main.o
 .group         0x00000000        0x8 ./Sources/main.o
 .group         0x00000000        0x8 ./Sources/main.o
 .group         0x00000000        0x8 ./Sources/main.o
 .group         0x00000000        0x8 ./Sources/main.o
 .text          0x00000000        0x0 ./Sources/main.o
 .data          0x00000000        0x0 ./Sources/main.o
 .bss           0x00000000        0x0 ./Sources/main.o
 .rodata.BAUDRATE
                0x00000000        0x4 ./Sources/main.o
 .rodata.MODULECLK
                0x00000000        0x4 ./Sources/main.o
 .rodata.STUDENT_ID
                0x00000000        0x2 ./Sources/main.o
 .rodata.PIT_Period
                0x00000000        0x4 ./Sources/main.o
 .rodata.PACKET_ACK_MASK
                0x00000000        0x1 ./Sources/main.o
 .text.TowerInit
                0x00000000       0x1c ./Sources/main.o
 .debug_macro   0x00000000      0x850 ./Sources/main.o
 .debug_macro   0x00000000       0x16 ./Sources/main.o
 .debug_macro   0x00000000       0x44 ./Sources/main.o
 .debug_macro   0x00000000      0x209 ./Sources/main.o
 .debug_macro   0x00000000     0x1816 ./Sources/main.o
 .debug_macro   0x00000000      0x14e ./Sources/main.o
 .debug_macro   0x00000000       0x64 ./Sources/main.o
 .debug_macro   0x00000000    0x174c1 ./Sources/main.o
 .debug_macro   0x00000000       0x9a ./Sources/main.o
 .debug_macro   0x00000000       0x22 ./Sources/main.o
 .group         0x00000000        0x8 ./Sources/packet.o
 .group         0x00000000        0x8 ./Sources/packet.o
 .group         0x00000000        0x8 ./Sources/packet.o
 .group         0x00000000        0x8 ./Sources/packet.o
 .group         0x00000000        0x8 ./Sources/packet.o
 .group         0x00000000        0x8 ./Sources/packet.o
 .group         0x00000000        0x8 ./Sources/packet.o
 .group         0x00000000        0x8 ./Sources/packet.o
 .group         0x00000000        0x8 ./Sources/packet.o
 .group         0x00000000        0x8 ./Sources/packet.o
 .group         0x00000000        0x8 ./Sources/packet.o
 .group         0x00000000        0x8 ./Sources/packet.o
 .text          0x00000000        0x0 ./Sources/packet.o
 .data          0x00000000        0x0 ./Sources/packet.o
 .bss           0x00000000        0x0 ./Sources/packet.o
 .debug_macro   0x00000000      0x850 ./Sources/packet.o
 .debug_macro   0x00000000       0x16 ./Sources/packet.o
 .debug_macro   0x00000000       0x44 ./Sources/packet.o
 .debug_macro   0x00000000      0x209 ./Sources/packet.o
 .debug_macro   0x00000000       0x22 ./Sources/packet.o
 .debug_macro   0x00000000      0x11e ./Sources/packet.o
 .debug_macro   0x00000000     0x181c ./Sources/packet.o
 .debug_macro   0x00000000      0x14e ./Sources/packet.o
 .debug_macro   0x00000000       0x64 ./Sources/packet.o
 .debug_macro   0x00000000    0x174c1 ./Sources/packet.o
 .debug_macro   0x00000000       0x9a ./Sources/packet.o
 .debug_macro   0x00000000       0x36 ./Sources/packet.o
 .group         0x00000000        0x8 ./Project_Settings/Startup_Code/startup.o
 .group         0x00000000        0x8 ./Project_Settings/Startup_Code/startup.o
 .group         0x00000000        0x8 ./Project_Settings/Startup_Code/startup.o
 .group         0x00000000        0x8 ./Project_Settings/Startup_Code/startup.o
 .group         0x00000000        0x8 ./Project_Settings/Startup_Code/startup.o
 .group         0x00000000        0x8 ./Project_Settings/Startup_Code/startup.o
 .group         0x00000000        0x8 ./Project_Settings/Startup_Code/startup.o
 .group         0x00000000        0x8 ./Project_Settings/Startup_Code/startup.o
 .group         0x00000000        0x8 ./Project_Settings/Startup_Code/startup.o
 .group         0x00000000        0x8 ./Project_Settings/Startup_Code/startup.o
 .group         0x00000000        0x8 ./Project_Settings/Startup_Code/startup.o
 .group         0x00000000        0x8 ./Project_Settings/Startup_Code/startup.o
 .group         0x00000000        0x8 ./Project_Settings/Startup_Code/startup.o
 .group         0x00000000        0x8 ./Project_Settings/Startup_Code/startup.o
 .group         0x00000000        0x8 ./Project_Settings/Startup_Code/startup.o
 .group         0x00000000        0x8 ./Project_Settings/Startup_Code/startup.o
 .group         0x00000000        0x8 ./Project_Settings/Startup_Code/startup.o
 .group         0x00000000        0x8 ./Project_Settings/Startup_Code/startup.o
 .group         0x00000000        0x8 ./Project_Settings/Startup_Code/startup.o
 .text          0x00000000        0x0 ./Project_Settings/Startup_Code/startup.o
 .data          0x00000000        0x0 ./Project_Settings/Startup_Code/startup.o
 .bss           0x00000000        0x0 ./Project_Settings/Startup_Code/startup.o
 .text.__init_hardware
                0x00000000        0xc ./Project_Settings/Startup_Code/startup.o
 .text.__iar_program_start
                0x00000000        0xc ./Project_Settings/Startup_Code/startup.o
 .debug_macro   0x00000000      0x850 ./Project_Settings/Startup_Code/startup.o
 .debug_macro   0x00000000       0x16 ./Project_Settings/Startup_Code/startup.o
 .group         0x00000000        0x8 ./Generated_Code/Cpu.o
 .group         0x00000000        0x8 ./Generated_Code/Cpu.o
 .group         0x00000000        0x8 ./Generated_Code/Cpu.o
 .group         0x00000000        0x8 ./Generated_Code/Cpu.o
 .group         0x00000000        0x8 ./Generated_Code/Cpu.o
 .group         0x00000000        0x8 ./Generated_Code/Cpu.o
 .group         0x00000000        0x8 ./Generated_Code/Cpu.o
 .group         0x00000000        0x8 ./Generated_Code/Cpu.o
 .group         0x00000000        0x8 ./Generated_Code/Cpu.o
 .text          0x00000000        0x0 ./Generated_Code/Cpu.o
 .data          0x00000000        0x0 ./Generated_Code/Cpu.o
 .bss           0x00000000        0x0 ./Generated_Code/Cpu.o
 .debug_macro   0x00000000      0x850 ./Generated_Code/Cpu.o
 .debug_macro   0x00000000       0x16 ./Generated_Code/Cpu.o
 .debug_macro   0x00000000       0x44 ./Generated_Code/Cpu.o
 .debug_macro   0x00000000      0x209 ./Generated_Code/Cpu.o
 .debug_macro   0x00000000     0x1816 ./Generated_Code/Cpu.o
 .debug_macro   0x00000000      0x14e ./Generated_Code/Cpu.o
 .debug_macro   0x00000000       0x64 ./Generated_Code/Cpu.o
 .debug_macro   0x00000000    0x174c1 ./Generated_Code/Cpu.o
 .group         0x00000000        0x8 ./Generated_Code/Vectors.o
 .group         0x00000000        0x8 ./Generated_Code/Vectors.o
 .group         0x00000000        0x8 ./Generated_Code/Vectors.o
 .group         0x00000000        0x8 ./Generated_Code/Vectors.o
 .group         0x00000000        0x8 ./Generated_Code/Vectors.o
 .group         0x00000000        0x8 ./Generated_Code/Vectors.o
 .group         0x00000000        0x8 ./Generated_Code/Vectors.o
 .group         0x00000000        0x8 ./Generated_Code/Vectors.o
 .group         0x00000000        0x8 ./Generated_Code/Vectors.o
 .group         0x00000000        0x8 ./Generated_Code/Vectors.o
 .group         0x00000000        0x8 ./Generated_Code/Vectors.o
 .text          0x00000000        0x0 ./Generated_Code/Vectors.o
 .data          0x00000000        0x0 ./Generated_Code/Vectors.o
 .bss           0x00000000        0x0 ./Generated_Code/Vectors.o
 .debug_macro   0x00000000      0x850 ./Generated_Code/Vectors.o
 .debug_macro   0x00000000       0x16 ./Generated_Code/Vectors.o
 .debug_macro   0x00000000       0x44 ./Generated_Code/Vectors.o
 .debug_macro   0x00000000      0x209 ./Generated_Code/Vectors.o
 .debug_macro   0x00000000     0x1816 ./Generated_Code/Vectors.o
 .debug_macro   0x00000000      0x14e ./Generated_Code/Vectors.o
 .debug_macro   0x00000000       0x64 ./Generated_Code/Vectors.o
 .debug_macro   0x00000000    0x174c1 ./Generated_Code/Vectors.o
 .debug_macro   0x00000000       0x9a ./Generated_Code/Vectors.o
 .debug_macro   0x00000000       0x22 ./Generated_Code/Vectors.o
 .debug_macro   0x00000000       0x30 ./Generated_Code/Vectors.o
 .group         0x00000000        0x8 C:\Users\12878930\Documents\autumn-embedded-project\Library\libOS.a(OS.o)
 .group         0x00000000        0x8 C:\Users\12878930\Documents\autumn-embedded-project\Library\libOS.a(OS.o)
 .group         0x00000000        0x8 C:\Users\12878930\Documents\autumn-embedded-project\Library\libOS.a(OS.o)
 .group         0x00000000        0x8 C:\Users\12878930\Documents\autumn-embedded-project\Library\libOS.a(OS.o)
 .group         0x00000000        0x8 C:\Users\12878930\Documents\autumn-embedded-project\Library\libOS.a(OS.o)
 .group         0x00000000        0x8 C:\Users\12878930\Documents\autumn-embedded-project\Library\libOS.a(OS.o)
 .group         0x00000000        0x8 C:\Users\12878930\Documents\autumn-embedded-project\Library\libOS.a(OS.o)
 .group         0x00000000        0x8 C:\Users\12878930\Documents\autumn-embedded-project\Library\libOS.a(OS.o)
 .group         0x00000000        0x8 C:\Users\12878930\Documents\autumn-embedded-project\Library\libOS.a(OS.o)
 .group         0x00000000        0x8 C:\Users\12878930\Documents\autumn-embedded-project\Library\libOS.a(OS.o)
 .group         0x00000000        0x8 C:\Users\12878930\Documents\autumn-embedded-project\Library\libOS.a(OS.o)
 .text          0x00000000        0x0 C:\Users\12878930\Documents\autumn-embedded-project\Library\libOS.a(OS.o)
 .data          0x00000000        0x0 C:\Users\12878930\Documents\autumn-embedded-project\Library\libOS.a(OS.o)
 .bss           0x00000000        0x0 C:\Users\12878930\Documents\autumn-embedded-project\Library\libOS.a(OS.o)
 .rodata.OS_TICK_FREQUENCY
                0x00000000        0x4 C:\Users\12878930\Documents\autumn-embedded-project\Library\libOS.a(OS.o)
 .text.OS_TimeDelay
                0x00000000       0x48 C:\Users\12878930\Documents\autumn-embedded-project\Library\libOS.a(OS.o)
 .text.OS_TimeGet
                0x00000000       0x24 C:\Users\12878930\Documents\autumn-embedded-project\Library\libOS.a(OS.o)
 .text.OS_TimeSet
                0x00000000       0x20 C:\Users\12878930\Documents\autumn-embedded-project\Library\libOS.a(OS.o)
 .debug_macro   0x00000000      0x850 C:\Users\12878930\Documents\autumn-embedded-project\Library\libOS.a(OS.o)
 .debug_macro   0x00000000       0x16 C:\Users\12878930\Documents\autumn-embedded-project\Library\libOS.a(OS.o)
 .debug_macro   0x00000000       0x44 C:\Users\12878930\Documents\autumn-embedded-project\Library\libOS.a(OS.o)
 .debug_macro   0x00000000      0x209 C:\Users\12878930\Documents\autumn-embedded-project\Library\libOS.a(OS.o)
 .debug_macro   0x00000000      0x14e C:\Users\12878930\Documents\autumn-embedded-project\Library\libOS.a(OS.o)
 .debug_macro   0x00000000       0x64 C:\Users\12878930\Documents\autumn-embedded-project\Library\libOS.a(OS.o)
 .debug_macro   0x00000000    0x174c1 C:\Users\12878930\Documents\autumn-embedded-project\Library\libOS.a(OS.o)
 .debug_macro   0x00000000       0x22 C:\Users\12878930\Documents\autumn-embedded-project\Library\libOS.a(OS.o)
 .debug_macro   0x00000000       0x30 C:\Users\12878930\Documents\autumn-embedded-project\Library\libOS.a(OS.o)
 .group         0x00000000        0x8 C:\Users\12878930\Documents\autumn-embedded-project\Library\libAnalog.a(analog.o)
 .group         0x00000000        0x8 C:\Users\12878930\Documents\autumn-embedded-project\Library\libAnalog.a(analog.o)
 .group         0x00000000        0x8 C:\Users\12878930\Documents\autumn-embedded-project\Library\libAnalog.a(analog.o)
 .group         0x00000000        0x8 C:\Users\12878930\Documents\autumn-embedded-project\Library\libAnalog.a(analog.o)
 .group         0x00000000        0x8 C:\Users\12878930\Documents\autumn-embedded-project\Library\libAnalog.a(analog.o)
 .group         0x00000000        0x8 C:\Users\12878930\Documents\autumn-embedded-project\Library\libAnalog.a(analog.o)
 .group         0x00000000        0x8 C:\Users\12878930\Documents\autumn-embedded-project\Library\libAnalog.a(analog.o)
 .text          0x00000000        0x0 C:\Users\12878930\Documents\autumn-embedded-project\Library\libAnalog.a(analog.o)
 .data          0x00000000        0x0 C:\Users\12878930\Documents\autumn-embedded-project\Library\libAnalog.a(analog.o)
 .bss           0x00000000        0x0 C:\Users\12878930\Documents\autumn-embedded-project\Library\libAnalog.a(analog.o)
 .debug_macro   0x00000000      0x850 C:\Users\12878930\Documents\autumn-embedded-project\Library\libAnalog.a(analog.o)
 .debug_macro   0x00000000      0x166 C:\Users\12878930\Documents\autumn-embedded-project\Library\libAnalog.a(analog.o)
 .debug_macro   0x00000000       0x16 C:\Users\12878930\Documents\autumn-embedded-project\Library\libAnalog.a(analog.o)
 .debug_macro   0x00000000       0x44 C:\Users\12878930\Documents\autumn-embedded-project\Library\libAnalog.a(analog.o)
 .debug_macro   0x00000000      0x209 C:\Users\12878930\Documents\autumn-embedded-project\Library\libAnalog.a(analog.o)
 .debug_macro   0x00000000       0x22 C:\Users\12878930\Documents\autumn-embedded-project\Library\libAnalog.a(analog.o)
 .group         0x00000000        0x8 C:\Users\12878930\Documents\autumn-embedded-project\Library\libAnalog.a(SPI.o)
 .group         0x00000000        0x8 C:\Users\12878930\Documents\autumn-embedded-project\Library\libAnalog.a(SPI.o)
 .group         0x00000000        0x8 C:\Users\12878930\Documents\autumn-embedded-project\Library\libAnalog.a(SPI.o)
 .group         0x00000000        0x8 C:\Users\12878930\Documents\autumn-embedded-project\Library\libAnalog.a(SPI.o)
 .group         0x00000000        0x8 C:\Users\12878930\Documents\autumn-embedded-project\Library\libAnalog.a(SPI.o)
 .group         0x00000000        0x8 C:\Users\12878930\Documents\autumn-embedded-project\Library\libAnalog.a(SPI.o)
 .text          0x00000000        0x0 C:\Users\12878930\Documents\autumn-embedded-project\Library\libAnalog.a(SPI.o)
 .data          0x00000000        0x0 C:\Users\12878930\Documents\autumn-embedded-project\Library\libAnalog.a(SPI.o)
 .bss           0x00000000        0x0 C:\Users\12878930\Documents\autumn-embedded-project\Library\libAnalog.a(SPI.o)
 .rodata.MAX_SPI_WAIT_COUNT
                0x00000000        0x2 C:\Users\12878930\Documents\autumn-embedded-project\Library\libAnalog.a(SPI.o)
 .debug_macro   0x00000000      0x850 C:\Users\12878930\Documents\autumn-embedded-project\Library\libAnalog.a(SPI.o)
 .debug_macro   0x00000000       0x16 C:\Users\12878930\Documents\autumn-embedded-project\Library\libAnalog.a(SPI.o)
 .debug_macro   0x00000000       0x44 C:\Users\12878930\Documents\autumn-embedded-project\Library\libAnalog.a(SPI.o)
 .debug_macro   0x00000000      0x209 C:\Users\12878930\Documents\autumn-embedded-project\Library\libAnalog.a(SPI.o)
 .debug_macro   0x00000000       0x22 C:\Users\12878930\Documents\autumn-embedded-project\Library\libAnalog.a(SPI.o)
 .debug_macro   0x00000000    0x174c1 C:\Users\12878930\Documents\autumn-embedded-project\Library\libAnalog.a(SPI.o)
 .text          0x00000000        0x0 c:/software/freescale/kds_3.0.0/toolchain/bin/../lib/gcc/arm-none-eabi/4.8.4/../../../../arm-none-eabi/lib/armv7e-m/fpu\libg_s.a(lib_a-exit.o)
 .data          0x00000000        0x0 c:/software/freescale/kds_3.0.0/toolchain/bin/../lib/gcc/arm-none-eabi/4.8.4/../../../../arm-none-eabi/lib/armv7e-m/fpu\libg_s.a(lib_a-exit.o)
 .bss           0x00000000        0x0 c:/software/freescale/kds_3.0.0/toolchain/bin/../lib/gcc/arm-none-eabi/4.8.4/../../../../arm-none-eabi/lib/armv7e-m/fpu\libg_s.a(lib_a-exit.o)
 .text          0x00000000        0x0 c:/software/freescale/kds_3.0.0/toolchain/bin/../lib/gcc/arm-none-eabi/4.8.4/../../../../arm-none-eabi/lib/armv7e-m/fpu\libg_s.a(lib_a-impure.o)
 .data          0x00000000        0x0 c:/software/freescale/kds_3.0.0/toolchain/bin/../lib/gcc/arm-none-eabi/4.8.4/../../../../arm-none-eabi/lib/armv7e-m/fpu\libg_s.a(lib_a-impure.o)
 .bss           0x00000000        0x0 c:/software/freescale/kds_3.0.0/toolchain/bin/../lib/gcc/arm-none-eabi/4.8.4/../../../../arm-none-eabi/lib/armv7e-m/fpu\libg_s.a(lib_a-impure.o)
 .data._impure_ptr
                0x00000000        0x4 c:/software/freescale/kds_3.0.0/toolchain/bin/../lib/gcc/arm-none-eabi/4.8.4/../../../../arm-none-eabi/lib/armv7e-m/fpu\libg_s.a(lib_a-impure.o)
 .text          0x00000000        0x0 c:/software/freescale/kds_3.0.0/toolchain/bin/../lib/gcc/arm-none-eabi/4.8.4/../../../../arm-none-eabi/lib/armv7e-m/fpu\libg_s.a(lib_a-init.o)
 .data          0x00000000        0x0 c:/software/freescale/kds_3.0.0/toolchain/bin/../lib/gcc/arm-none-eabi/4.8.4/../../../../arm-none-eabi/lib/armv7e-m/fpu\libg_s.a(lib_a-init.o)
 .bss           0x00000000        0x0 c:/software/freescale/kds_3.0.0/toolchain/bin/../lib/gcc/arm-none-eabi/4.8.4/../../../../arm-none-eabi/lib/armv7e-m/fpu\libg_s.a(lib_a-init.o)
 .text          0x00000000        0x0 c:/software/freescale/kds_3.0.0/toolchain/bin/../lib/gcc/arm-none-eabi/4.8.4/../../../../arm-none-eabi/lib/armv7e-m/fpu\libg_s.a(lib_a-memset.o)
 .data          0x00000000        0x0 c:/software/freescale/kds_3.0.0/toolchain/bin/../lib/gcc/arm-none-eabi/4.8.4/../../../../arm-none-eabi/lib/armv7e-m/fpu\libg_s.a(lib_a-memset.o)
 .bss           0x00000000        0x0 c:/software/freescale/kds_3.0.0/toolchain/bin/../lib/gcc/arm-none-eabi/4.8.4/../../../../arm-none-eabi/lib/armv7e-m/fpu\libg_s.a(lib_a-memset.o)
 .text          0x00000000        0x0 c:/software/freescale/kds_3.0.0/toolchain/bin/../lib/gcc/arm-none-eabi/4.8.4/../../../../arm-none-eabi/lib/armv7e-m/fpu\libnosys.a(_exit.o)
 .data          0x00000000        0x0 c:/software/freescale/kds_3.0.0/toolchain/bin/../lib/gcc/arm-none-eabi/4.8.4/../../../../arm-none-eabi/lib/armv7e-m/fpu\libnosys.a(_exit.o)
 .bss           0x00000000        0x0 c:/software/freescale/kds_3.0.0/toolchain/bin/../lib/gcc/arm-none-eabi/4.8.4/../../../../arm-none-eabi/lib/armv7e-m/fpu\libnosys.a(_exit.o)
 .text          0x00000000        0x0 c:/software/freescale/kds_3.0.0/toolchain/bin/../lib/gcc/arm-none-eabi/4.8.4/armv7e-m/fpu/crtend.o
 .data          0x00000000        0x0 c:/software/freescale/kds_3.0.0/toolchain/bin/../lib/gcc/arm-none-eabi/4.8.4/armv7e-m/fpu/crtend.o
 .bss           0x00000000        0x0 c:/software/freescale/kds_3.0.0/toolchain/bin/../lib/gcc/arm-none-eabi/4.8.4/armv7e-m/fpu/crtend.o
 .eh_frame      0x00000000        0x4 c:/software/freescale/kds_3.0.0/toolchain/bin/../lib/gcc/arm-none-eabi/4.8.4/armv7e-m/fpu/crtend.o
 .jcr           0x00000000        0x4 c:/software/freescale/kds_3.0.0/toolchain/bin/../lib/gcc/arm-none-eabi/4.8.4/armv7e-m/fpu/crtend.o
 .ARM.attributes
                0x00000000       0x34 c:/software/freescale/kds_3.0.0/toolchain/bin/../lib/gcc/arm-none-eabi/4.8.4/armv7e-m/fpu/crtend.o
 .text          0x00000000        0x0 c:/software/freescale/kds_3.0.0/toolchain/bin/../lib/gcc/arm-none-eabi/4.8.4/armv7e-m/fpu/crtn.o
 .data          0x00000000        0x0 c:/software/freescale/kds_3.0.0/toolchain/bin/../lib/gcc/arm-none-eabi/4.8.4/armv7e-m/fpu/crtn.o
 .bss           0x00000000        0x0 c:/software/freescale/kds_3.0.0/toolchain/bin/../lib/gcc/arm-none-eabi/4.8.4/armv7e-m/fpu/crtn.o

Memory Configuration

Name             Origin             Length             Attributes
m_interrupts     0x00000000         0x000001e8         xr
m_text           0x00000410         0x0007fbf0         xr
m_data           0x1fff0000         0x00010000         rw
m_data_20000000  0x20000000         0x00010000         rw
m_cfmprotrom     0x00000400         0x00000010         xr
*default*        0x00000000         0xffffffff

Linker script and memory map

LOAD c:/software/freescale/kds_3.0.0/toolchain/bin/../lib/gcc/arm-none-eabi/4.8.4/armv7e-m/fpu/crti.o
LOAD c:/software/freescale/kds_3.0.0/toolchain/bin/../lib/gcc/arm-none-eabi/4.8.4/armv7e-m/fpu/crtbegin.o
LOAD c:/software/freescale/kds_3.0.0/toolchain/bin/../lib/gcc/arm-none-eabi/4.8.4/../../../../arm-none-eabi/lib/armv7e-m/fpu/crt0.o
LOAD ./Sources/FIFO.o
LOAD ./Sources/UART.o
LOAD ./Sources/main.o
LOAD ./Sources/packet.o
LOAD ./Project_Settings/Startup_Code/startup.o
LOAD ./Generated_Code/Cpu.o
LOAD ./Generated_Code/Vectors.o
LOAD C:\Users\12878930\Documents\autumn-embedded-project\Library\libOS.a
LOAD C:\Users\12878930\Documents\autumn-embedded-project\Library\libAnalog.a
LOAD c:/software/freescale/kds_3.0.0/toolchain/bin/../lib/gcc/arm-none-eabi/4.8.4/../../../../arm-none-eabi/lib/armv7e-m/fpu\libstdc++_s.a
LOAD c:/software/freescale/kds_3.0.0/toolchain/bin/../lib/gcc/arm-none-eabi/4.8.4/../../../../arm-none-eabi/lib/armv7e-m/fpu\libm.a
START GROUP
LOAD c:/software/freescale/kds_3.0.0/toolchain/bin/../lib/gcc/arm-none-eabi/4.8.4/armv7e-m/fpu\libgcc.a
LOAD c:/software/freescale/kds_3.0.0/toolchain/bin/../lib/gcc/arm-none-eabi/4.8.4/../../../../arm-none-eabi/lib/armv7e-m/fpu\libg_s.a
LOAD c:/software/freescale/kds_3.0.0/toolchain/bin/../lib/gcc/arm-none-eabi/4.8.4/../../../../arm-none-eabi/lib/armv7e-m/fpu\libc_s.a
END GROUP
START GROUP
LOAD c:/software/freescale/kds_3.0.0/toolchain/bin/../lib/gcc/arm-none-eabi/4.8.4/armv7e-m/fpu\libgcc.a
LOAD c:/software/freescale/kds_3.0.0/toolchain/bin/../lib/gcc/arm-none-eabi/4.8.4/../../../../arm-none-eabi/lib/armv7e-m/fpu\libc_s.a
LOAD c:/software/freescale/kds_3.0.0/toolchain/bin/../lib/gcc/arm-none-eabi/4.8.4/../../../../arm-none-eabi/lib/armv7e-m/fpu\libnosys.a
END GROUP
START GROUP
LOAD c:/software/freescale/kds_3.0.0/toolchain/bin/../lib/gcc/arm-none-eabi/4.8.4/armv7e-m/fpu\libgcc.a
LOAD c:/software/freescale/kds_3.0.0/toolchain/bin/../lib/gcc/arm-none-eabi/4.8.4/../../../../arm-none-eabi/lib/armv7e-m/fpu\libc_s.a
LOAD c:/software/freescale/kds_3.0.0/toolchain/bin/../lib/gcc/arm-none-eabi/4.8.4/../../../../arm-none-eabi/lib/armv7e-m/fpu\libnosys.a
END GROUP
LOAD c:/software/freescale/kds_3.0.0/toolchain/bin/../lib/gcc/arm-none-eabi/4.8.4/armv7e-m/fpu/crtend.o
LOAD c:/software/freescale/kds_3.0.0/toolchain/bin/../lib/gcc/arm-none-eabi/4.8.4/armv7e-m/fpu/crtn.o
                0x20000000                _estack = 0x20000000
                0x20000000                __SP_INIT = _estack
                0x20000000                __stack = _estack
                0x00000000                __heap_size = 0x0
                0x00000400                __stack_size = 0x400

.interrupts     0x00000000      0x1e8
                0x00000000                __vector_table = .
                0x00000000                . = ALIGN (0x4)
 *(.vectortable)
 .vectortable   0x00000000      0x1e8 ./Generated_Code/Vectors.o
                0x00000000                __vect_table
                0x000001e8                . = ALIGN (0x4)

.cfmprotect     0x00000400       0x10
                0x00000400                . = ALIGN (0x4)
 *(.cfmconfig)
 .cfmconfig     0x00000400       0x10 ./Generated_Code/Cpu.o
                0x00000400                _cfm
                0x00000410                . = ALIGN (0x4)

.text           0x00000410     0x244c
                0x00000410                . = ALIGN (0x4)
 *(.text)
 .text          0x00000410       0x54 c:/software/freescale/kds_3.0.0/toolchain/bin/../lib/gcc/arm-none-eabi/4.8.4/armv7e-m/fpu/crtbegin.o
 .text          0x00000464       0x74 c:/software/freescale/kds_3.0.0/toolchain/bin/../lib/gcc/arm-none-eabi/4.8.4/../../../../arm-none-eabi/lib/armv7e-m/fpu/crt0.o
                0x00000464                _start
                0x00000464                _mainCRTStartup
 *(.text*)
 .text.FIFO_Init
                0x000004d8       0x48 ./Sources/FIFO.o
                0x000004d8                FIFO_Init
 .text.FIFO_Put
                0x00000520       0x78 ./Sources/FIFO.o
                0x00000520                FIFO_Put
 .text.FIFO_Get
                0x00000598       0x78 ./Sources/FIFO.o
                0x00000598                FIFO_Get
 .text.UART_Init
                0x00000610      0x150 ./Sources/UART.o
                0x00000610                UART_Init
 .text.UART_InChar
                0x00000760       0x20 ./Sources/UART.o
                0x00000760                UART_InChar
 .text.UART_OutChar
                0x00000780       0x3c ./Sources/UART.o
                0x00000780                UART_OutChar
 .text.UART_ISR
                0x000007bc       0xa8 ./Sources/UART.o
                0x000007bc                UART_ISR
 .text.UARTRXThread
                0x00000864       0x44 ./Sources/UART.o
                0x00000864                UARTRXThread
 .text.UARTTXThread
                0x000008a8       0x50 ./Sources/UART.o
                0x000008a8                UARTTXThread
 .text.PacketHandlerThread
                0x000008f8       0x2c ./Sources/main.o
                0x000008f8                PacketHandlerThread
 .text.LPTMRInit
                0x00000924       0xa8 ./Sources/main.o
                0x00000924                LPTMRInit
 .text.LPTimer_ISR
                0x000009cc       0x50 ./Sources/main.o
                0x000009cc                LPTimer_ISR
 .text.InitModulesThread
                0x00000a1c       0x70 ./Sources/main.o
 .text.AnalogLoopbackThread
                0x00000a8c       0x38 ./Sources/main.o
                0x00000a8c                AnalogLoopbackThread
 .text.main     0x00000ac4       0xec ./Sources/main.o
                0x00000ac4                main
 .text.PacketHandler
                0x00000bb0       0xc8 ./Sources/main.o
                0x00000bb0                PacketHandler
 .text.StartupPackets
                0x00000c78       0x50 ./Sources/main.o
                0x00000c78                StartupPackets
 .text.TowerNumberPackets
                0x00000cc8       0x6c ./Sources/main.o
                0x00000cc8                TowerNumberPackets
 .text.TowerModePackets
                0x00000d34       0x6c ./Sources/main.o
                0x00000d34                TowerModePackets
 .text.VersionPackets
                0x00000da0       0x18 ./Sources/main.o
                0x00000da0                VersionPackets
 .text.Packet_Init
                0x00000db8       0x1c ./Sources/packet.o
                0x00000db8                Packet_Init
 .text.Packet_Get
                0x00000dd4      0x11c ./Sources/packet.o
                0x00000dd4                Packet_Get
 .text.Packet_Put
                0x00000ef0       0x54 ./Sources/packet.o
                0x00000ef0                Packet_Put
 .text.Checksum_Calculation
                0x00000f44       0x30 ./Sources/packet.o
                0x00000f44                Checksum_Calculation
 .text.__copy_rom_section
                0x00000f74       0xe4 ./Project_Settings/Startup_Code/startup.o
                0x00000f74                __copy_rom_section
 .text.__copy_rom_sections_to_ram
                0x00001058       0x9c ./Project_Settings/Startup_Code/startup.o
                0x00001058                __copy_rom_sections_to_ram
 .text.__init_registers
                0x000010f4       0x20 ./Project_Settings/Startup_Code/startup.o
                0x000010f4                __init_registers
 .text.__init_user
                0x00001114        0xc ./Project_Settings/Startup_Code/startup.o
                0x00001114                __init_user
 .text.__thumb_startup
                0x00001120       0x34 ./Project_Settings/Startup_Code/startup.o
                0x00001120                __thumb_startup
 .text.Cpu_Interrupt
                0x00001154       0x18 ./Generated_Code/Cpu.o
                0x00001154                Cpu_Interrupt
 .text.__init_hardware
                0x0000116c      0x1cc ./Generated_Code/Cpu.o
                0x0000116c                __init_hardware
 .text.Cpu_SetBASEPRI
                0x00001338       0x18 ./Generated_Code/Cpu.o
                0x00001338                Cpu_SetBASEPRI
 .text.PE_low_level_init
                0x00001350       0xe4 ./Generated_Code/Cpu.o
                0x00001350                PE_low_level_init
 .text.OS_Init  0x00001434      0x110 C:\Users\12878930\Documents\autumn-embedded-project\Library\libOS.a(OS.o)
                0x00001434                OS_Init
 .text.OS_ISREnter
                0x00001544       0x20 C:\Users\12878930\Documents\autumn-embedded-project\Library\libOS.a(OS.o)
                0x00001544                OS_ISREnter
 .text.OS_ISRExit
                0x00001564       0x1c C:\Users\12878930\Documents\autumn-embedded-project\Library\libOS.a(OS.o)
                0x00001564                OS_ISRExit
 .text.OS_SemaphoreCreate
                0x00001580       0x90 C:\Users\12878930\Documents\autumn-embedded-project\Library\libOS.a(OS.o)
                0x00001580                OS_SemaphoreCreate
 .text.OS_SemaphoreSignal
                0x00001610       0x44 C:\Users\12878930\Documents\autumn-embedded-project\Library\libOS.a(OS.o)
                0x00001610                OS_SemaphoreSignal
 .text.OS_SemaphoreWait
                0x00001654       0x58 C:\Users\12878930\Documents\autumn-embedded-project\Library\libOS.a(OS.o)
                0x00001654                OS_SemaphoreWait
 .text.OS_Start
                0x000016ac       0x10 C:\Users\12878930\Documents\autumn-embedded-project\Library\libOS.a(OS.o)
                0x000016ac                OS_Start
 .text.OS_ThreadCreate
                0x000016bc      0x160 C:\Users\12878930\Documents\autumn-embedded-project\Library\libOS.a(OS.o)
                0x000016bc                OS_ThreadCreate
 .text.OS_ThreadDelete
                0x0000181c      0x18c C:\Users\12878930\Documents\autumn-embedded-project\Library\libOS.a(OS.o)
                0x0000181c                OS_ThreadDelete
 .text.EventThreadReady
                0x000019a8       0x68 C:\Users\12878930\Documents\autumn-embedded-project\Library\libOS.a(OS.o)
 .text.EventThreadWait
                0x00001a10       0x64 C:\Users\12878930\Documents\autumn-embedded-project\Library\libOS.a(OS.o)
 .text.EventTimeout
                0x00001a74       0x40 C:\Users\12878930\Documents\autumn-embedded-project\Library\libOS.a(OS.o)
 .text.Idle     0x00001ab4       0x18 C:\Users\12878930\Documents\autumn-embedded-project\Library\libOS.a(OS.o)
 .text.FindFirstSet
                0x00001acc       0x44 C:\Users\12878930\Documents\autumn-embedded-project\Library\libOS.a(OS.o)
 .text.Schedule
                0x00001b10       0x64 C:\Users\12878930\Documents\autumn-embedded-project\Library\libOS.a(OS.o)
 .text.TCBInit  0x00001b74       0xcc C:\Users\12878930\Documents\autumn-embedded-project\Library\libOS.a(OS.o)
 .text.TimeTick
                0x00001c40       0x74 C:\Users\12878930\Documents\autumn-embedded-project\Library\libOS.a(OS.o)
 *fill*         0x00001cb4        0xc 
 .text.OS_ContextSwitchISR
                0x00001cc0       0x70 C:\Users\12878930\Documents\autumn-embedded-project\Library\libOS.a(OS.o)
                0x00001cc0                OS_ContextSwitchISR
 .text.OS_SysTickISR
                0x00001d30       0x5c C:\Users\12878930\Documents\autumn-embedded-project\Library\libOS.a(OS.o)
                0x00001d30                OS_SysTickISR
 .text.DACWrite
                0x00001d8c       0x6c C:\Users\12878930\Documents\autumn-embedded-project\Library\libAnalog.a(analog.o)
 .text.Analog_Init
                0x00001df8      0x100 C:\Users\12878930\Documents\autumn-embedded-project\Library\libAnalog.a(analog.o)
                0x00001df8                Analog_Init
 .text.Analog_Get
                0x00001ef8       0x78 C:\Users\12878930\Documents\autumn-embedded-project\Library\libAnalog.a(analog.o)
                0x00001ef8                Analog_Get
 .text.Analog_Put
                0x00001f70       0x50 C:\Users\12878930\Documents\autumn-embedded-project\Library\libAnalog.a(analog.o)
                0x00001f70                Analog_Put
 .text.InitChipSelectPins
                0x00001fc0       0x6c C:\Users\12878930\Documents\autumn-embedded-project\Library\libAnalog.a(SPI.o)
 .text.SetupModuleConfigurationRegister
                0x0000202c      0x104 C:\Users\12878930\Documents\autumn-embedded-project\Library\libAnalog.a(SPI.o)
 .text.SetBaudRate
                0x00002130      0x15c C:\Users\12878930\Documents\autumn-embedded-project\Library\libAnalog.a(SPI.o)
 .text.SetDelayAfterTransfer
                0x0000228c      0x168 C:\Users\12878930\Documents\autumn-embedded-project\Library\libAnalog.a(SPI.o)
 .text.SetupClockAndTransferAttributesRegister
                0x000023f4      0x16c C:\Users\12878930\Documents\autumn-embedded-project\Library\libAnalog.a(SPI.o)
 .text.SPI_Init
                0x00002560       0x90 C:\Users\12878930\Documents\autumn-embedded-project\Library\libAnalog.a(SPI.o)
                0x00002560                SPI_Init
 .text.SPI_SelectSlaveDevice
                0x000025f0       0x6c C:\Users\12878930\Documents\autumn-embedded-project\Library\libAnalog.a(SPI.o)
                0x000025f0                SPI_SelectSlaveDevice
 .text.SPI_Exchange
                0x0000265c       0x94 C:\Users\12878930\Documents\autumn-embedded-project\Library\libAnalog.a(SPI.o)
                0x0000265c                SPI_Exchange
 .text.exit     0x000026f0       0x28 c:/software/freescale/kds_3.0.0/toolchain/bin/../lib/gcc/arm-none-eabi/4.8.4/../../../../arm-none-eabi/lib/armv7e-m/fpu\libg_s.a(lib_a-exit.o)
                0x000026f0                exit
 .text.__libc_init_array
                0x00002718       0x4c c:/software/freescale/kds_3.0.0/toolchain/bin/../lib/gcc/arm-none-eabi/4.8.4/../../../../arm-none-eabi/lib/armv7e-m/fpu\libg_s.a(lib_a-init.o)
                0x00002718                __libc_init_array
 .text.memset   0x00002764       0x10 c:/software/freescale/kds_3.0.0/toolchain/bin/../lib/gcc/arm-none-eabi/4.8.4/../../../../arm-none-eabi/lib/armv7e-m/fpu\libg_s.a(lib_a-memset.o)
                0x00002764                memset
 .text._exit    0x00002774        0x4 c:/software/freescale/kds_3.0.0/toolchain/bin/../lib/gcc/arm-none-eabi/4.8.4/../../../../arm-none-eabi/lib/armv7e-m/fpu\libnosys.a(_exit.o)
                0x00002774                _exit
 *(.rodata)
 .rodata        0x00002778        0x4 C:\Users\12878930\Documents\autumn-embedded-project\Library\libAnalog.a(analog.o)
 .rodata        0x0000277c       0xa0 C:\Users\12878930\Documents\autumn-embedded-project\Library\libAnalog.a(SPI.o)
 *(.rodata*)
 .rodata.ANALOG_THREAD_PRIORITIES
                0x0000281c        0x4 ./Sources/main.o
                0x0000281c                ANALOG_THREAD_PRIORITIES
 .rodata.SPI_SETUP
                0x00002820       0x1c C:\Users\12878930\Documents\autumn-embedded-project\Library\libAnalog.a(analog.o)
 .rodata.str1.1
                0x0000283c        0x2 c:/software/freescale/kds_3.0.0/toolchain/bin/../lib/gcc/arm-none-eabi/4.8.4/../../../../arm-none-eabi/lib/armv7e-m/fpu\libg_s.a(lib_a-impure.o)
 *fill*         0x0000283e        0x2 
 .rodata._global_impure_ptr
                0x00002840        0x4 c:/software/freescale/kds_3.0.0/toolchain/bin/../lib/gcc/arm-none-eabi/4.8.4/../../../../arm-none-eabi/lib/armv7e-m/fpu\libg_s.a(lib_a-impure.o)
                0x00002840                _global_impure_ptr
 *(.glue_7)
 .glue_7        0x00000000        0x0 linker stubs
 *(.glue_7t)
 .glue_7t       0x00000000        0x0 linker stubs
 *(.eh_frame)
 .eh_frame      0x00002844        0x0 c:/software/freescale/kds_3.0.0/toolchain/bin/../lib/gcc/arm-none-eabi/4.8.4/armv7e-m/fpu/crtbegin.o
 *(.init)
 .init          0x00002844        0x4 c:/software/freescale/kds_3.0.0/toolchain/bin/../lib/gcc/arm-none-eabi/4.8.4/armv7e-m/fpu/crti.o
                0x00002844                _init
 .init          0x00002848        0x8 c:/software/freescale/kds_3.0.0/toolchain/bin/../lib/gcc/arm-none-eabi/4.8.4/armv7e-m/fpu/crtn.o
 *(.fini)
 .fini          0x00002850        0x4 c:/software/freescale/kds_3.0.0/toolchain/bin/../lib/gcc/arm-none-eabi/4.8.4/armv7e-m/fpu/crti.o
                0x00002850                _fini
 .fini          0x00002854        0x8 c:/software/freescale/kds_3.0.0/toolchain/bin/../lib/gcc/arm-none-eabi/4.8.4/armv7e-m/fpu/crtn.o
                0x0000285c                . = ALIGN (0x4)
                0x0000285c                _etext = .

.vfp11_veneer   0x0000285c        0x0
 .vfp11_veneer  0x00000000        0x0 linker stubs

.v4_bx          0x0000285c        0x0
 .v4_bx         0x00000000        0x0 linker stubs

.iplt           0x0000285c        0x0
 .iplt          0x00000000        0x0 c:/software/freescale/kds_3.0.0/toolchain/bin/../lib/gcc/arm-none-eabi/4.8.4/armv7e-m/fpu/crtbegin.o

.ARM.extab
 *(.ARM.extab* .gnu.linkonce.armextab.*)

.ARM            0x0000285c        0x8
                0x0000285c                __exidx_start = .
 *(.ARM.exidx*)
 .ARM.exidx     0x0000285c        0x8 c:/software/freescale/kds_3.0.0/toolchain/bin/../lib/gcc/arm-none-eabi/4.8.4/../../../../arm-none-eabi/lib/armv7e-m/fpu/crt0.o
                0x00002864                __exidx_end = .

.rel.dyn        0x00002864        0x0
 .rel.iplt      0x00000000        0x0 c:/software/freescale/kds_3.0.0/toolchain/bin/../lib/gcc/arm-none-eabi/4.8.4/armv7e-m/fpu/crtbegin.o

.ctors          0x00002864        0x0
                0x00002864                __CTOR_LIST__ = .
 *crtbegin.o(.ctors)
 *(EXCLUDE_FILE(*crtend.o) .ctors)
 *(SORT(.ctors.*))
 *(.ctors)
                0x00002864                __CTOR_END__ = .

.dtors          0x00002864        0x0
                0x00002864                __DTOR_LIST__ = .
 *crtbegin.o(.dtors)
 *(EXCLUDE_FILE(*crtend.o) .dtors)
 *(SORT(.dtors.*))
 *(.dtors)
                0x00002864                __DTOR_END__ = .

.preinit_array  0x00002864        0x0
                0x00002864                PROVIDE (__preinit_array_start, .)
 *(.preinit_array*)
                0x00002864                PROVIDE (__preinit_array_end, .)

.init_array     0x00002864        0x4
                0x00002864                PROVIDE (__init_array_start, .)
 *(SORT(.init_array.*))
 *(.init_array*)
 .init_array    0x00002864        0x4 c:/software/freescale/kds_3.0.0/toolchain/bin/../lib/gcc/arm-none-eabi/4.8.4/armv7e-m/fpu/crtbegin.o
                0x00002868                PROVIDE (__init_array_end, .)

.fini_array     0x00002868        0x4
                0x00002868                PROVIDE (__fini_array_start, .)
 *(SORT(.fini_array.*))
 *(.fini_array*)
 .fini_array    0x00002868        0x4 c:/software/freescale/kds_3.0.0/toolchain/bin/../lib/gcc/arm-none-eabi/4.8.4/armv7e-m/fpu/crtbegin.o
                0x0000286c                PROVIDE (__fini_array_end, .)
                0x0000286c                ___ROM_AT = .

.data           0x1fff0000       0x70 load address 0x0000286c
                0x1fff0000                . = ALIGN (0x4)
                0x1fff0000                _sdata = .
 *(.data)
 *(.data*)
 .data.AnalogThreadData
                0x1fff0000       0x10 ./Sources/main.o
 .data.impure_data
                0x1fff0010       0x60 c:/software/freescale/kds_3.0.0/toolchain/bin/../lib/gcc/arm-none-eabi/4.8.4/../../../../arm-none-eabi/lib/armv7e-m/fpu\libg_s.a(lib_a-impure.o)
                0x1fff0070                . = ALIGN (0x4)
                0x1fff0070                _edata = .
                0x00000070                ___data_size = (_edata - _sdata)
                0x000028dc                ___m_data_20000000_ROMStart = (___ROM_AT + SIZEOF (.data))

.jcr            0x1fff0070        0x0 load address 0x000028dc
 .jcr           0x1fff0070        0x0 c:/software/freescale/kds_3.0.0/toolchain/bin/../lib/gcc/arm-none-eabi/4.8.4/armv7e-m/fpu/crtbegin.o

.igot.plt       0x1fff0070        0x0 load address 0x000028dc
 .igot.plt      0x00000000        0x0 c:/software/freescale/kds_3.0.0/toolchain/bin/../lib/gcc/arm-none-eabi/4.8.4/armv7e-m/fpu/crtbegin.o

.m_data_20000000
                0x20000000        0x0 load address 0x000028dc
                0x20000000                . = ALIGN (0x4)
                0x20000000                ___m_data_20000000_RAMStart = .
 *(.m_data_20000000)
                0x20000000                ___m_data_20000000_RAMEnd = .
                0x20000000                . = ALIGN (0x4)
                0x00000000                ___m_data_20000000_ROMSize = (___m_data_20000000_RAMEnd - ___m_data_20000000_RAMStart)
                0x20000000                . = ALIGN (0x4)

.bss            0x1fff0070     0x152c load address 0x000028e0
                0x1fff0070                __START_BSS = .
                0x1fff0070                PROVIDE (__bss_start__, __START_BSS)
 *(.bss)
 .bss           0x1fff0070       0x1c c:/software/freescale/kds_3.0.0/toolchain/bin/../lib/gcc/arm-none-eabi/4.8.4/armv7e-m/fpu/crtbegin.o
 *(.bss*)
 .bss.TxFIFO    0x1fff008c      0x110 ./Sources/UART.o
 .bss.RxFIFO    0x1fff019c      0x110 ./Sources/UART.o
 .bss.RxData    0x1fff02ac        0x1 ./Sources/UART.o
 *fill*         0x1fff02ad        0x3 
 .bss.TowerNumber
                0x1fff02b0        0x4 ./Sources/main.o
 .bss.TowerMode
                0x1fff02b4        0x4 ./Sources/main.o
 .bss.InitModulesThreadStack
                0x1fff02b8      0x190 ./Sources/main.o
 .bss.AnalogThreadStacks
                0x1fff0448      0x320 ./Sources/main.o
 .bss.UARTRXStack
                0x1fff0768      0x190 ./Sources/main.o
 .bss.UARTTXStack
                0x1fff08f8      0x190 ./Sources/main.o
 .bss.PacketHandlerStack
                0x1fff0a88      0x190 ./Sources/main.o
 .bss.packetComplete.6635
                0x1fff0c18        0x1 ./Sources/packet.o
 .bss.SR_lock   0x1fff0c19        0x1 ./Generated_Code/Cpu.o
                0x1fff0c19                SR_lock
 *fill*         0x1fff0c1a        0x2 
 .bss.TCBUnusedMain
                0x1fff0c1c       0x18 C:\Users\12878930\Documents\autumn-embedded-project\Library\libOS.a(OS.o)
 .bss.TCBTable  0x1fff0c34      0x300 C:\Users\12878930\Documents\autumn-embedded-project\Library\libOS.a(OS.o)
 .bss.pTCBFreeList
                0x1fff0f34        0x4 C:\Users\12878930\Documents\autumn-embedded-project\Library\libOS.a(OS.o)
 .bss.pTCBAllocatedList
                0x1fff0f38        0x4 C:\Users\12878930\Documents\autumn-embedded-project\Library\libOS.a(OS.o)
 .bss.pTCBPriorityTable
                0x1fff0f3c       0x80 C:\Users\12878930\Documents\autumn-embedded-project\Library\libOS.a(OS.o)
 .bss.pTCBRunning
                0x1fff0fbc        0x4 C:\Users\12878930\Documents\autumn-embedded-project\Library\libOS.a(OS.o)
 .bss.pTCBHighestReady
                0x1fff0fc0        0x4 C:\Users\12878930\Documents\autumn-embedded-project\Library\libOS.a(OS.o)
 .bss.ReadyList
                0x1fff0fc4        0x4 C:\Users\12878930\Documents\autumn-embedded-project\Library\libOS.a(OS.o)
 .bss.ECBTable  0x1fff0fc8      0x100 C:\Users\12878930\Documents\autumn-embedded-project\Library\libOS.a(OS.o)
 .bss.NextECBFree
                0x1fff10c8        0x1 C:\Users\12878930\Documents\autumn-embedded-project\Library\libOS.a(OS.o)
 *fill*         0x1fff10c9        0x3 
 .bss.IdleCounter
                0x1fff10cc        0x4 C:\Users\12878930\Documents\autumn-embedded-project\Library\libOS.a(OS.o)
 .bss.IdleStack
                0x1fff10d0      0x400 C:\Users\12878930\Documents\autumn-embedded-project\Library\libOS.a(OS.o)
 .bss.Ticks     0x1fff14d0        0x4 C:\Users\12878930\Documents\autumn-embedded-project\Library\libOS.a(OS.o)
 .bss.ToggleCntr
                0x1fff14d4        0x4 C:\Users\12878930\Documents\autumn-embedded-project\Library\libOS.a(OS.o)
 .bss.ToggleLED
                0x1fff14d8        0x1 C:\Users\12878930\Documents\autumn-embedded-project\Library\libOS.a(OS.o)
 .bss.ISRNestLevel
                0x1fff14d9        0x1 C:\Users\12878930\Documents\autumn-embedded-project\Library\libOS.a(OS.o)
 *fill*         0x1fff14da        0x2 
 .bss.ADCCommandUnion
                0x1fff14dc        0x4 C:\Users\12878930\Documents\autumn-embedded-project\Library\libAnalog.a(analog.o)
 *(COMMON)
 COMMON         0x1fff14e0        0x8 ./Sources/UART.o
                0x1fff14e0                UARTTXSemaphore
                0x1fff14e4                UARTRXSemaphore
 COMMON         0x1fff14e8        0x4 ./Sources/main.o
                0x1fff14e8                PacketHandlerSemaphore
 COMMON         0x1fff14ec        0x8 ./Sources/packet.o
                0x1fff14ec                Packet
 COMMON         0x1fff14f4        0x1 ./Generated_Code/Cpu.o
                0x1fff14f4                SR_reg
 *fill*         0x1fff14f5        0x3 
 COMMON         0x1fff14f8       0xa4 C:\Users\12878930\Documents\autumn-embedded-project\Library\libAnalog.a(analog.o)
                0x1fff14f8                Analog_Inputs
                0x1fff1598                DACInput
                0x1fff159c                . = ALIGN (0x4)
                0x1fff159c                __END_BSS = .
                0x1fff159c                PROVIDE (__bss_end__, __END_BSS)
                0x000028dc                _romp_at = ((___ROM_AT + SIZEOF (.data)) + SIZEOF (.m_data_20000000))

.romp           0x1fff159c       0x24 load address 0x000028dc
                0x000028dc                __S_romp = _romp_at
                0x1fff159c        0x4 LONG 0x286c ___ROM_AT
                0x1fff15a0        0x4 LONG 0x1fff0000 _sdata
                0x1fff15a4        0x4 LONG 0x70 ___data_size
                0x1fff15a8        0x4 LONG 0x28dc ___m_data_20000000_ROMStart
                0x1fff15ac        0x4 LONG 0x20000000 ___m_data_20000000_RAMStart
                0x1fff15b0        0x4 LONG 0x0 ___m_data_20000000_ROMSize
                0x1fff15b4        0x4 LONG 0x0
                0x1fff15b8        0x4 LONG 0x0
                0x1fff15bc        0x4 LONG 0x0

._user_heap_stack
                0x1fff15c0      0x400 load address 0x00002900
                0x1fff15c0                . = ALIGN (0x4)
                0x1fff15c0                PROVIDE (end, .)
                0x1fff15c0                PROVIDE (_end, .)
                0x1fff15c0                __heap_addr = .
                0x1fff15c0                __HeapBase = .
                0x1fff15c0                . = (. + __heap_size)
                0x1fff15c0                __HeapLimit = .
                0x1fff19c0                . = (. + __stack_size)
 *fill*         0x1fff15c0      0x400 
                0x1fff19c0                . = ALIGN (0x4)

.ARM.attributes
                0x00000000       0x30
 *(.ARM.attributes)
 .ARM.attributes
                0x00000000       0x22 c:/software/freescale/kds_3.0.0/toolchain/bin/../lib/gcc/arm-none-eabi/4.8.4/armv7e-m/fpu/crti.o
 .ARM.attributes
                0x00000022       0x34 c:/software/freescale/kds_3.0.0/toolchain/bin/../lib/gcc/arm-none-eabi/4.8.4/armv7e-m/fpu/crtbegin.o
 .ARM.attributes
                0x00000056       0x20 c:/software/freescale/kds_3.0.0/toolchain/bin/../lib/gcc/arm-none-eabi/4.8.4/../../../../arm-none-eabi/lib/armv7e-m/fpu/crt0.o
 .ARM.attributes
                0x00000076       0x39 ./Sources/FIFO.o
 .ARM.attributes
                0x000000af       0x39 ./Sources/UART.o
 .ARM.attributes
                0x000000e8       0x39 ./Sources/main.o
 .ARM.attributes
                0x00000121       0x39 ./Sources/packet.o
 .ARM.attributes
                0x0000015a       0x39 ./Project_Settings/Startup_Code/startup.o
 .ARM.attributes
                0x00000193       0x39 ./Generated_Code/Cpu.o
 .ARM.attributes
                0x000001cc       0x39 ./Generated_Code/Vectors.o
 .ARM.attributes
                0x00000205       0x39 C:\Users\12878930\Documents\autumn-embedded-project\Library\libOS.a(OS.o)
 .ARM.attributes
                0x0000023e       0x39 C:\Users\12878930\Documents\autumn-embedded-project\Library\libAnalog.a(analog.o)
 .ARM.attributes
                0x00000277       0x39 C:\Users\12878930\Documents\autumn-embedded-project\Library\libAnalog.a(SPI.o)
 .ARM.attributes
                0x000002b0       0x34 c:/software/freescale/kds_3.0.0/toolchain/bin/../lib/gcc/arm-none-eabi/4.8.4/../../../../arm-none-eabi/lib/armv7e-m/fpu\libg_s.a(lib_a-exit.o)
 .ARM.attributes
                0x000002e4       0x34 c:/software/freescale/kds_3.0.0/toolchain/bin/../lib/gcc/arm-none-eabi/4.8.4/../../../../arm-none-eabi/lib/armv7e-m/fpu\libg_s.a(lib_a-impure.o)
 .ARM.attributes
                0x00000318       0x34 c:/software/freescale/kds_3.0.0/toolchain/bin/../lib/gcc/arm-none-eabi/4.8.4/../../../../arm-none-eabi/lib/armv7e-m/fpu\libg_s.a(lib_a-init.o)
 .ARM.attributes
                0x0000034c       0x34 c:/software/freescale/kds_3.0.0/toolchain/bin/../lib/gcc/arm-none-eabi/4.8.4/../../../../arm-none-eabi/lib/armv7e-m/fpu\libg_s.a(lib_a-memset.o)
 .ARM.attributes
                0x00000380       0x34 c:/software/freescale/kds_3.0.0/toolchain/bin/../lib/gcc/arm-none-eabi/4.8.4/../../../../arm-none-eabi/lib/armv7e-m/fpu\libnosys.a(_exit.o)
 .ARM.attributes
                0x000003b4       0x22 c:/software/freescale/kds_3.0.0/toolchain/bin/../lib/gcc/arm-none-eabi/4.8.4/armv7e-m/fpu/crtn.o
OUTPUT(Project.elf elf32-littlearm)

.debug_info     0x00000000     0x475c
 .debug_info    0x00000000      0x227 ./Sources/FIFO.o
 .debug_info    0x00000227      0xa49 ./Sources/UART.o
 .debug_info    0x00000c70      0x9c7 ./Sources/main.o
 .debug_info    0x00001637      0x318 ./Sources/packet.o
 .debug_info    0x0000194f      0x3b0 ./Project_Settings/Startup_Code/startup.o
 .debug_info    0x00001cff      0xc82 ./Generated_Code/Cpu.o
 .debug_info    0x00002981      0x10f ./Generated_Code/Vectors.o
 .debug_info    0x00002a90      0xd02 C:\Users\12878930\Documents\autumn-embedded-project\Library\libOS.a(OS.o)
 .debug_info    0x00003792      0x56a C:\Users\12878930\Documents\autumn-embedded-project\Library\libAnalog.a(analog.o)
 .debug_info    0x00003cfc      0xa60 C:\Users\12878930\Documents\autumn-embedded-project\Library\libAnalog.a(SPI.o)

.debug_abbrev   0x00000000      0xff6
 .debug_abbrev  0x00000000       0xd7 ./Sources/FIFO.o
 .debug_abbrev  0x000000d7      0x200 ./Sources/UART.o
 .debug_abbrev  0x000002d7      0x256 ./Sources/main.o
 .debug_abbrev  0x0000052d       0xf0 ./Sources/packet.o
 .debug_abbrev  0x0000061d      0x189 ./Project_Settings/Startup_Code/startup.o
 .debug_abbrev  0x000007a6      0x185 ./Generated_Code/Cpu.o
 .debug_abbrev  0x0000092b       0xa4 ./Generated_Code/Vectors.o
 .debug_abbrev  0x000009cf      0x2f8 C:\Users\12878930\Documents\autumn-embedded-project\Library\libOS.a(OS.o)
 .debug_abbrev  0x00000cc7      0x15a C:\Users\12878930\Documents\autumn-embedded-project\Library\libAnalog.a(analog.o)
 .debug_abbrev  0x00000e21      0x1d5 C:\Users\12878930\Documents\autumn-embedded-project\Library\libAnalog.a(SPI.o)

.debug_aranges  0x00000000      0x328
 .debug_aranges
                0x00000000       0x30 ./Sources/FIFO.o
 .debug_aranges
                0x00000030       0x50 ./Sources/UART.o
 .debug_aranges
                0x00000080       0x78 ./Sources/main.o
 .debug_aranges
                0x000000f8       0x38 ./Sources/packet.o
 .debug_aranges
                0x00000130       0x50 ./Project_Settings/Startup_Code/startup.o
 .debug_aranges
                0x00000180       0x38 ./Generated_Code/Cpu.o
 .debug_aranges
                0x000001b8       0x18 ./Generated_Code/Vectors.o
 .debug_aranges
                0x000001d0       0xc8 C:\Users\12878930\Documents\autumn-embedded-project\Library\libOS.a(OS.o)
 .debug_aranges
                0x00000298       0x38 C:\Users\12878930\Documents\autumn-embedded-project\Library\libAnalog.a(analog.o)
 .debug_aranges
                0x000002d0       0x58 C:\Users\12878930\Documents\autumn-embedded-project\Library\libAnalog.a(SPI.o)

.debug_ranges   0x00000000      0x280
 .debug_ranges  0x00000000       0x20 ./Sources/FIFO.o
 .debug_ranges  0x00000020       0x40 ./Sources/UART.o
 .debug_ranges  0x00000060       0x68 ./Sources/main.o
 .debug_ranges  0x000000c8       0x28 ./Sources/packet.o
 .debug_ranges  0x000000f0       0x40 ./Project_Settings/Startup_Code/startup.o
 .debug_ranges  0x00000130       0x28 ./Generated_Code/Cpu.o
 .debug_ranges  0x00000158       0xb8 C:\Users\12878930\Documents\autumn-embedded-project\Library\libOS.a(OS.o)
 .debug_ranges  0x00000210       0x28 C:\Users\12878930\Documents\autumn-embedded-project\Library\libAnalog.a(analog.o)
 .debug_ranges  0x00000238       0x48 C:\Users\12878930\Documents\autumn-embedded-project\Library\libAnalog.a(SPI.o)

.debug_macro    0x00000000    0x35342
 .debug_macro   0x00000000       0xb1 ./Sources/FIFO.o
 .debug_macro   0x000000b1      0x850 ./Sources/FIFO.o
 .debug_macro   0x00000901       0x16 ./Sources/FIFO.o
 .debug_macro   0x00000917       0x44 ./Sources/FIFO.o
 .debug_macro   0x0000095b      0x209 ./Sources/FIFO.o
 .debug_macro   0x00000b64       0x22 ./Sources/FIFO.o
 .debug_macro   0x00000b86       0x36 ./Sources/FIFO.o
 .debug_macro   0x00000bbc     0x181c ./Sources/FIFO.o
 .debug_macro   0x000023d8      0x14e ./Sources/FIFO.o
 .debug_macro   0x00002526       0x64 ./Sources/FIFO.o
 .debug_macro   0x0000258a    0x174c1 ./Sources/FIFO.o
 .debug_macro   0x00019a4b       0x9a ./Sources/FIFO.o
 .debug_macro   0x00019ae5       0xbf ./Sources/UART.o
 .debug_macro   0x00019ba4     0x1816 ./Sources/UART.o
 .debug_macro   0x0001b3ba       0xe0 ./Sources/main.o
 .debug_macro   0x0001b49a       0x30 ./Sources/main.o
 .debug_macro   0x0001b4ca       0x10 ./Sources/main.o
 .debug_macro   0x0001b4da      0x11e ./Sources/main.o
 .debug_macro   0x0001b5f8       0xae ./Sources/packet.o
 .debug_macro   0x0001b6a6      0x121 ./Project_Settings/Startup_Code/startup.o
 .debug_macro   0x0001b7c7       0x58 ./Project_Settings/Startup_Code/startup.o
 .debug_macro   0x0001b81f       0x35 ./Project_Settings/Startup_Code/startup.o
 .debug_macro   0x0001b854       0xa3 ./Project_Settings/Startup_Code/startup.o
 .debug_macro   0x0001b8f7      0x166 ./Project_Settings/Startup_Code/startup.o
 .debug_macro   0x0001ba5d       0x4a ./Project_Settings/Startup_Code/startup.o
 .debug_macro   0x0001baa7       0x52 ./Project_Settings/Startup_Code/startup.o
 .debug_macro   0x0001baf9       0x16 ./Project_Settings/Startup_Code/startup.o
 .debug_macro   0x0001bb0f       0x43 ./Project_Settings/Startup_Code/startup.o
 .debug_macro   0x0001bb52      0x180 ./Project_Settings/Startup_Code/startup.o
 .debug_macro   0x0001bcd2      0x2a6 ./Project_Settings/Startup_Code/startup.o
 .debug_macro   0x0001bf78       0x10 ./Project_Settings/Startup_Code/startup.o
 .debug_macro   0x0001bf88       0x35 ./Project_Settings/Startup_Code/startup.o
 .debug_macro   0x0001bfbd       0x16 ./Project_Settings/Startup_Code/startup.o
 .debug_macro   0x0001bfd3       0x22 ./Project_Settings/Startup_Code/startup.o
 .debug_macro   0x0001bff5       0x16 ./Project_Settings/Startup_Code/startup.o
 .debug_macro   0x0001c00b      0x20f ./Project_Settings/Startup_Code/startup.o
 .debug_macro   0x0001c21a    0x174af ./Project_Settings/Startup_Code/startup.o
 .debug_macro   0x000336c9       0x84 ./Generated_Code/Cpu.o
 .debug_macro   0x0003374d       0xa0 ./Generated_Code/Cpu.o
 .debug_macro   0x000337ed       0xb1 ./Generated_Code/Vectors.o
 .debug_macro   0x0003389e       0xa3 C:\Users\12878930\Documents\autumn-embedded-project\Library\libOS.a(OS.o)
 .debug_macro   0x00033941     0x17fa C:\Users\12878930\Documents\autumn-embedded-project\Library\libOS.a(OS.o)
 .debug_macro   0x0003513b       0x94 C:\Users\12878930\Documents\autumn-embedded-project\Library\libOS.a(OS.o)
 .debug_macro   0x000351cf       0xf5 C:\Users\12878930\Documents\autumn-embedded-project\Library\libAnalog.a(analog.o)
 .debug_macro   0x000352c4       0x16 C:\Users\12878930\Documents\autumn-embedded-project\Library\libAnalog.a(analog.o)
 .debug_macro   0x000352da       0x68 C:\Users\12878930\Documents\autumn-embedded-project\Library\libAnalog.a(SPI.o)

.debug_line     0x00000000     0x2122
 .debug_line    0x00000000      0x30f ./Sources/FIFO.o
 .debug_line    0x0000030f      0x38f ./Sources/UART.o
 .debug_line    0x0000069e      0x49c ./Sources/main.o
 .debug_line    0x00000b3a      0x341 ./Sources/packet.o
 .debug_line    0x00000e7b      0x3e3 ./Project_Settings/Startup_Code/startup.o
 .debug_line    0x0000125e      0x27e ./Generated_Code/Cpu.o
 .debug_line    0x000014dc      0x2c5 ./Generated_Code/Vectors.o
 .debug_line    0x000017a1      0x496 C:\Users\12878930\Documents\autumn-embedded-project\Library\libOS.a(OS.o)
 .debug_line    0x00001c37      0x218 C:\Users\12878930\Documents\autumn-embedded-project\Library\libAnalog.a(analog.o)
 .debug_line    0x00001e4f      0x2d3 C:\Users\12878930\Documents\autumn-embedded-project\Library\libAnalog.a(SPI.o)

.debug_str      0x00000000    0x8e90e
 .debug_str     0x00000000    0x8a712 ./Sources/FIFO.o
                              0x8a88b (size before relaxing)
 .debug_str     0x0008a712      0x3a8 ./Sources/UART.o
                              0x8ac06 (size before relaxing)
 .debug_str     0x0008aaba      0x808 ./Sources/main.o
                              0x8b271 (size before relaxing)
 .debug_str     0x0008b2c2       0x62 ./Sources/packet.o
                              0x8ae09 (size before relaxing)
 .debug_str     0x0008b324     0x26a2 ./Project_Settings/Startup_Code/startup.o
                              0x853ff (size before relaxing)
 .debug_str     0x0008d9c6      0x21a ./Generated_Code/Cpu.o
                              0x8aaab (size before relaxing)
 .debug_str     0x0008dbe0       0x1c ./Generated_Code/Vectors.o
                              0x8a810 (size before relaxing)
 .debug_str     0x0008dbfc      0x3f1 C:\Users\12878930\Documents\autumn-embedded-project\Library\libOS.a(OS.o)
                              0x8ad2a (size before relaxing)
 .debug_str     0x0008dfed      0x5cc C:\Users\12878930\Documents\autumn-embedded-project\Library\libAnalog.a(analog.o)
                               0x38d5 (size before relaxing)
 .debug_str     0x0008e5b9      0x355 C:\Users\12878930\Documents\autumn-embedded-project\Library\libAnalog.a(SPI.o)
                              0x83389 (size before relaxing)

.comment        0x00000000       0x70
 .comment       0x00000000       0x70 ./Sources/FIFO.o
                                 0x71 (size before relaxing)
 .comment       0x00000000       0x71 ./Sources/UART.o
 .comment       0x00000000       0x71 ./Sources/main.o
 .comment       0x00000000       0x71 ./Sources/packet.o
 .comment       0x00000000       0x71 ./Project_Settings/Startup_Code/startup.o
 .comment       0x00000000       0x71 ./Generated_Code/Cpu.o
 .comment       0x00000000       0x71 ./Generated_Code/Vectors.o
 .comment       0x00000000       0x71 C:\Users\12878930\Documents\autumn-embedded-project\Library\libOS.a(OS.o)
 .comment       0x00000000       0x71 C:\Users\12878930\Documents\autumn-embedded-project\Library\libAnalog.a(analog.o)
 .comment       0x00000000       0x71 C:\Users\12878930\Documents\autumn-embedded-project\Library\libAnalog.a(SPI.o)

.debug_frame    0x00000000      0x974
 .debug_frame   0x00000000       0x70 ./Sources/FIFO.o
 .debug_frame   0x00000070       0xf0 ./Sources/UART.o
 .debug_frame   0x00000160      0x184 ./Sources/main.o
 .debug_frame   0x000002e4       0x8c ./Sources/packet.o
 .debug_frame   0x00000370       0xc0 ./Project_Settings/Startup_Code/startup.o
 .debug_frame   0x00000430       0x80 ./Generated_Code/Cpu.o
 .debug_frame   0x000004b0      0x2a0 C:\Users\12878930\Documents\autumn-embedded-project\Library\libOS.a(OS.o)
 .debug_frame   0x00000750       0x90 C:\Users\12878930\Documents\autumn-embedded-project\Library\libAnalog.a(analog.o)
 .debug_frame   0x000007e0      0x100 C:\Users\12878930\Documents\autumn-embedded-project\Library\libAnalog.a(SPI.o)
 .debug_frame   0x000008e0       0x28 c:/software/freescale/kds_3.0.0/toolchain/bin/../lib/gcc/arm-none-eabi/4.8.4/../../../../arm-none-eabi/lib/armv7e-m/fpu\libg_s.a(lib_a-exit.o)
 .debug_frame   0x00000908       0x2c c:/software/freescale/kds_3.0.0/toolchain/bin/../lib/gcc/arm-none-eabi/4.8.4/../../../../arm-none-eabi/lib/armv7e-m/fpu\libg_s.a(lib_a-init.o)
 .debug_frame   0x00000934       0x20 c:/software/freescale/kds_3.0.0/toolchain/bin/../lib/gcc/arm-none-eabi/4.8.4/../../../../arm-none-eabi/lib/armv7e-m/fpu\libg_s.a(lib_a-memset.o)
 .debug_frame   0x00000954       0x20 c:/software/freescale/kds_3.0.0/toolchain/bin/../lib/gcc/arm-none-eabi/4.8.4/../../../../arm-none-eabi/lib/armv7e-m/fpu\libnosys.a(_exit.o)
