Archive member included because of file (symbol)

C:\Users\12878930\Documents\autumn-embedded-project\Library\libOS.a(OS.o)
                              ./Sources/main.o (OS_Init)
C:\Users\12878930\Documents\autumn-embedded-project\Library\libAnalog.a(analog.o)
                              ./Sources/main.o (Analog_Init)
C:\Users\12878930\Documents\autumn-embedded-project\Library\libAnalog.a(SPI.o)
                              C:\Users\12878930\Documents\autumn-embedded-project\Library\libAnalog.a(analog.o) (SPI_Init)
c:/software/freescale/kds_3.0.0/toolchain/bin/../lib/gcc/arm-none-eabi/4.8.4/armv7e-m/fpu\libgcc.a(_arm_addsubdf3.o)
                              ./Sources/calculation.o (__aeabi_dadd)
c:/software/freescale/kds_3.0.0/toolchain/bin/../lib/gcc/arm-none-eabi/4.8.4/armv7e-m/fpu\libgcc.a(_arm_muldivdf3.o)
                              ./Sources/calculation.o (__aeabi_dmul)
c:/software/freescale/kds_3.0.0/toolchain/bin/../lib/gcc/arm-none-eabi/4.8.4/armv7e-m/fpu\libgcc.a(_arm_truncdfsf2.o)
                              ./Sources/calculation.o (__aeabi_d2f)
c:/software/freescale/kds_3.0.0/toolchain/bin/../lib/gcc/arm-none-eabi/4.8.4/../../../../arm-none-eabi/lib/armv7e-m/fpu\libg_s.a(lib_a-exit.o)
                              c:/software/freescale/kds_3.0.0/toolchain/bin/../lib/gcc/arm-none-eabi/4.8.4/../../../../arm-none-eabi/lib/armv7e-m/fpu/crt0.o (exit)
c:/software/freescale/kds_3.0.0/toolchain/bin/../lib/gcc/arm-none-eabi/4.8.4/../../../../arm-none-eabi/lib/armv7e-m/fpu\libg_s.a(lib_a-impure.o)
                              c:/software/freescale/kds_3.0.0/toolchain/bin/../lib/gcc/arm-none-eabi/4.8.4/../../../../arm-none-eabi/lib/armv7e-m/fpu\libg_s.a(lib_a-exit.o) (_global_impure_ptr)
c:/software/freescale/kds_3.0.0/toolchain/bin/../lib/gcc/arm-none-eabi/4.8.4/../../../../arm-none-eabi/lib/armv7e-m/fpu\libg_s.a(lib_a-init.o)
                              c:/software/freescale/kds_3.0.0/toolchain/bin/../lib/gcc/arm-none-eabi/4.8.4/../../../../arm-none-eabi/lib/armv7e-m/fpu/crt0.o (__libc_init_array)
c:/software/freescale/kds_3.0.0/toolchain/bin/../lib/gcc/arm-none-eabi/4.8.4/../../../../arm-none-eabi/lib/armv7e-m/fpu\libg_s.a(lib_a-memset.o)
                              c:/software/freescale/kds_3.0.0/toolchain/bin/../lib/gcc/arm-none-eabi/4.8.4/../../../../arm-none-eabi/lib/armv7e-m/fpu/crt0.o (memset)
c:/software/freescale/kds_3.0.0/toolchain/bin/../lib/gcc/arm-none-eabi/4.8.4/../../../../arm-none-eabi/lib/armv7e-m/fpu\libnosys.a(_exit.o)
                              c:/software/freescale/kds_3.0.0/toolchain/bin/../lib/gcc/arm-none-eabi/4.8.4/../../../../arm-none-eabi/lib/armv7e-m/fpu\libg_s.a(lib_a-exit.o) (_exit)

Allocating common symbols
Common symbol       size              file

PacketHandlerSemaphore
                    0x4               ./Sources/main.o
VoltageSqr          0x40              ./Sources/calculation.o
Packet              0x8               ./Sources/packet.o
FTM0_Callback       0x1c              ./Sources/FTM.o
FTM0_Arguments      0x1c              ./Sources/FTM.o
Voltage             0x40              ./Sources/calculation.o
PITSemaphore        0x4               ./Sources/PIT.o
UARTTXSemaphore     0x4               ./Sources/UART.o
Current_Charac      0x1               ./Sources/calculation.o
RTCSemaphore        0x4               ./Sources/RTC.o
Analog_Inputs       0xa0              C:\Users\12878930\Documents\autumn-embedded-project\Library\libAnalog.a(analog.o)
UARTRXSemaphore     0x4               ./Sources/UART.o
SR_reg              0x1               ./Generated_Code/Cpu.o
TotalVoltageSqr     0x4               ./Sources/calculation.o
DACInput            0x4               C:\Users\12878930\Documents\autumn-embedded-project\Library\libAnalog.a(analog.o)
FTMSemaphore        0x4               ./Sources/FTM.o
VoltageRMS          0x4               ./Sources/calculation.o

Discarded input sections

 .text          0x00000000        0x0 c:/software/freescale/kds_3.0.0/toolchain/bin/../lib/gcc/arm-none-eabi/4.8.4/armv7e-m/fpu/crti.o
 .data          0x00000000        0x0 c:/software/freescale/kds_3.0.0/toolchain/bin/../lib/gcc/arm-none-eabi/4.8.4/armv7e-m/fpu/crti.o
 .bss           0x00000000        0x0 c:/software/freescale/kds_3.0.0/toolchain/bin/../lib/gcc/arm-none-eabi/4.8.4/armv7e-m/fpu/crti.o
 .data          0x00000000        0x4 c:/software/freescale/kds_3.0.0/toolchain/bin/../lib/gcc/arm-none-eabi/4.8.4/armv7e-m/fpu/crtbegin.o
 .data          0x00000000        0x0 c:/software/freescale/kds_3.0.0/toolchain/bin/../lib/gcc/arm-none-eabi/4.8.4/../../../../arm-none-eabi/lib/armv7e-m/fpu/crt0.o
 .bss           0x00000000        0x0 c:/software/freescale/kds_3.0.0/toolchain/bin/../lib/gcc/arm-none-eabi/4.8.4/../../../../arm-none-eabi/lib/armv7e-m/fpu/crt0.o
 .ARM.extab     0x00000000        0x0 c:/software/freescale/kds_3.0.0/toolchain/bin/../lib/gcc/arm-none-eabi/4.8.4/../../../../arm-none-eabi/lib/armv7e-m/fpu/crt0.o
 .group         0x00000000        0x8 ./Sources/FIFO.o
 .group         0x00000000        0x8 ./Sources/FIFO.o
 .group         0x00000000        0x8 ./Sources/FIFO.o
 .group         0x00000000        0x8 ./Sources/FIFO.o
 .group         0x00000000        0x8 ./Sources/FIFO.o
 .group         0x00000000        0x8 ./Sources/FIFO.o
 .group         0x00000000        0x8 ./Sources/FIFO.o
 .group         0x00000000        0x8 ./Sources/FIFO.o
 .group         0x00000000        0x8 ./Sources/FIFO.o
 .group         0x00000000        0x8 ./Sources/FIFO.o
 .group         0x00000000        0x8 ./Sources/FIFO.o
 .text          0x00000000        0x0 ./Sources/FIFO.o
 .data          0x00000000        0x0 ./Sources/FIFO.o
 .bss           0x00000000        0x0 ./Sources/FIFO.o
 .group         0x00000000        0x8 ./Sources/FTM.o
 .group         0x00000000        0x8 ./Sources/FTM.o
 .group         0x00000000        0x8 ./Sources/FTM.o
 .group         0x00000000        0x8 ./Sources/FTM.o
 .group         0x00000000        0x8 ./Sources/FTM.o
 .group         0x00000000        0x8 ./Sources/FTM.o
 .group         0x00000000        0x8 ./Sources/FTM.o
 .group         0x00000000        0x8 ./Sources/FTM.o
 .text          0x00000000        0x0 ./Sources/FTM.o
 .data          0x00000000        0x0 ./Sources/FTM.o
 .bss           0x00000000        0x0 ./Sources/FTM.o
 .debug_macro   0x00000000      0x850 ./Sources/FTM.o
 .debug_macro   0x00000000       0x16 ./Sources/FTM.o
 .debug_macro   0x00000000       0x44 ./Sources/FTM.o
 .debug_macro   0x00000000      0x209 ./Sources/FTM.o
 .debug_macro   0x00000000       0x22 ./Sources/FTM.o
 .debug_macro   0x00000000    0x174c1 ./Sources/FTM.o
 .debug_macro   0x00000000     0x181c ./Sources/FTM.o
 .debug_macro   0x00000000       0x36 ./Sources/FTM.o
 .group         0x00000000        0x8 ./Sources/Flash.o
 .group         0x00000000        0x8 ./Sources/Flash.o
 .group         0x00000000        0x8 ./Sources/Flash.o
 .group         0x00000000        0x8 ./Sources/Flash.o
 .group         0x00000000        0x8 ./Sources/Flash.o
 .group         0x00000000        0x8 ./Sources/Flash.o
 .group         0x00000000        0x8 ./Sources/Flash.o
 .group         0x00000000        0x8 ./Sources/Flash.o
 .text          0x00000000        0x0 ./Sources/Flash.o
 .data          0x00000000        0x0 ./Sources/Flash.o
 .bss           0x00000000        0x0 ./Sources/Flash.o
 .debug_macro   0x00000000      0x850 ./Sources/Flash.o
 .debug_macro   0x00000000       0x16 ./Sources/Flash.o
 .debug_macro   0x00000000       0x44 ./Sources/Flash.o
 .debug_macro   0x00000000      0x209 ./Sources/Flash.o
 .debug_macro   0x00000000       0x22 ./Sources/Flash.o
 .debug_macro   0x00000000    0x174c1 ./Sources/Flash.o
 .group         0x00000000        0x8 ./Sources/LEDs.o
 .group         0x00000000        0x8 ./Sources/LEDs.o
 .group         0x00000000        0x8 ./Sources/LEDs.o
 .group         0x00000000        0x8 ./Sources/LEDs.o
 .group         0x00000000        0x8 ./Sources/LEDs.o
 .group         0x00000000        0x8 ./Sources/LEDs.o
 .text          0x00000000        0x0 ./Sources/LEDs.o
 .data          0x00000000        0x0 ./Sources/LEDs.o
 .bss           0x00000000        0x0 ./Sources/LEDs.o
 .debug_macro   0x00000000      0x850 ./Sources/LEDs.o
 .debug_macro   0x00000000       0x16 ./Sources/LEDs.o
 .debug_macro   0x00000000       0x44 ./Sources/LEDs.o
 .debug_macro   0x00000000      0x209 ./Sources/LEDs.o
 .debug_macro   0x00000000       0x22 ./Sources/LEDs.o
 .debug_macro   0x00000000    0x174c1 ./Sources/LEDs.o
 .group         0x00000000        0x8 ./Sources/PIT.o
 .group         0x00000000        0x8 ./Sources/PIT.o
 .group         0x00000000        0x8 ./Sources/PIT.o
 .group         0x00000000        0x8 ./Sources/PIT.o
 .group         0x00000000        0x8 ./Sources/PIT.o
 .group         0x00000000        0x8 ./Sources/PIT.o
 .group         0x00000000        0x8 ./Sources/PIT.o
 .group         0x00000000        0x8 ./Sources/PIT.o
 .text          0x00000000        0x0 ./Sources/PIT.o
 .data          0x00000000        0x0 ./Sources/PIT.o
 .bss           0x00000000        0x0 ./Sources/PIT.o
 .debug_macro   0x00000000      0x850 ./Sources/PIT.o
 .debug_macro   0x00000000       0x16 ./Sources/PIT.o
 .debug_macro   0x00000000       0x44 ./Sources/PIT.o
 .debug_macro   0x00000000      0x209 ./Sources/PIT.o
 .debug_macro   0x00000000       0x22 ./Sources/PIT.o
 .debug_macro   0x00000000    0x174c1 ./Sources/PIT.o
 .debug_macro   0x00000000       0x36 ./Sources/PIT.o
 .debug_macro   0x00000000      0x11e ./Sources/PIT.o
 .group         0x00000000        0x8 ./Sources/RTC.o
 .group         0x00000000        0x8 ./Sources/RTC.o
 .group         0x00000000        0x8 ./Sources/RTC.o
 .group         0x00000000        0x8 ./Sources/RTC.o
 .group         0x00000000        0x8 ./Sources/RTC.o
 .group         0x00000000        0x8 ./Sources/RTC.o
 .group         0x00000000        0x8 ./Sources/RTC.o
 .group         0x00000000        0x8 ./Sources/RTC.o
 .text          0x00000000        0x0 ./Sources/RTC.o
 .data          0x00000000        0x0 ./Sources/RTC.o
 .bss           0x00000000        0x0 ./Sources/RTC.o
 .debug_macro   0x00000000      0x850 ./Sources/RTC.o
 .debug_macro   0x00000000       0x16 ./Sources/RTC.o
 .debug_macro   0x00000000       0x44 ./Sources/RTC.o
 .debug_macro   0x00000000      0x209 ./Sources/RTC.o
 .debug_macro   0x00000000       0x22 ./Sources/RTC.o
 .debug_macro   0x00000000    0x174c1 ./Sources/RTC.o
 .debug_macro   0x00000000       0x36 ./Sources/RTC.o
 .debug_macro   0x00000000      0x11e ./Sources/RTC.o
 .group         0x00000000        0x8 ./Sources/UART.o
 .group         0x00000000        0x8 ./Sources/UART.o
 .group         0x00000000        0x8 ./Sources/UART.o
 .group         0x00000000        0x8 ./Sources/UART.o
 .group         0x00000000        0x8 ./Sources/UART.o
 .group         0x00000000        0x8 ./Sources/UART.o
 .group         0x00000000        0x8 ./Sources/UART.o
 .group         0x00000000        0x8 ./Sources/UART.o
 .group         0x00000000        0x8 ./Sources/UART.o
 .group         0x00000000        0x8 ./Sources/UART.o
 .group         0x00000000        0x8 ./Sources/UART.o
 .text          0x00000000        0x0 ./Sources/UART.o
 .data          0x00000000        0x0 ./Sources/UART.o
 .bss           0x00000000        0x0 ./Sources/UART.o
 .bss.TxData    0x00000000        0x1 ./Sources/UART.o
 .text.UART_Poll
                0x00000000       0x48 ./Sources/UART.o
 .debug_macro   0x00000000      0x850 ./Sources/UART.o
 .debug_macro   0x00000000       0x16 ./Sources/UART.o
 .debug_macro   0x00000000       0x44 ./Sources/UART.o
 .debug_macro   0x00000000      0x209 ./Sources/UART.o
 .debug_macro   0x00000000      0x14e ./Sources/UART.o
 .debug_macro   0x00000000       0x64 ./Sources/UART.o
 .debug_macro   0x00000000    0x174c1 ./Sources/UART.o
 .debug_macro   0x00000000       0x9a ./Sources/UART.o
 .debug_macro   0x00000000       0x22 ./Sources/UART.o
 .debug_macro   0x00000000       0x36 ./Sources/UART.o
 .group         0x00000000        0x8 ./Sources/calculation.o
 .group         0x00000000        0x8 ./Sources/calculation.o
 .group         0x00000000        0x8 ./Sources/calculation.o
 .group         0x00000000        0x8 ./Sources/calculation.o
 .group         0x00000000        0x8 ./Sources/calculation.o
 .text          0x00000000        0x0 ./Sources/calculation.o
 .data          0x00000000        0x0 ./Sources/calculation.o
 .bss           0x00000000        0x0 ./Sources/calculation.o
 .debug_macro   0x00000000      0x850 ./Sources/calculation.o
 .debug_macro   0x00000000       0x16 ./Sources/calculation.o
 .debug_macro   0x00000000       0x44 ./Sources/calculation.o
 .debug_macro   0x00000000      0x209 ./Sources/calculation.o
 .debug_macro   0x00000000       0x22 ./Sources/calculation.o
 .group         0x00000000        0x8 ./Sources/main.o
 .group         0x00000000        0x8 ./Sources/main.o
 .group         0x00000000        0x8 ./Sources/main.o
 .group         0x00000000        0x8 ./Sources/main.o
 .group         0x00000000        0x8 ./Sources/main.o
 .group         0x00000000        0x8 ./Sources/main.o
 .group         0x00000000        0x8 ./Sources/main.o
 .group         0x00000000        0x8 ./Sources/main.o
 .group         0x00000000        0x8 ./Sources/main.o
 .group         0x00000000        0x8 ./Sources/main.o
 .group         0x00000000        0x8 ./Sources/main.o
 .group         0x00000000        0x8 ./Sources/main.o
 .group         0x00000000        0x8 ./Sources/main.o
 .group         0x00000000        0x8 ./Sources/main.o
 .text          0x00000000        0x0 ./Sources/main.o
 .data          0x00000000        0x0 ./Sources/main.o
 .bss           0x00000000        0x0 ./Sources/main.o
 .rodata.BAUDRATE
                0x00000000        0x4 ./Sources/main.o
 .rodata.MODULECLK
                0x00000000        0x4 ./Sources/main.o
 .rodata.STUDENT_ID
                0x00000000        0x2 ./Sources/main.o
 .rodata.PIT_Period
                0x00000000        0x4 ./Sources/main.o
 .rodata.PACKET_ACK_MASK
                0x00000000        0x1 ./Sources/main.o
 .debug_macro   0x00000000      0x850 ./Sources/main.o
 .debug_macro   0x00000000       0x16 ./Sources/main.o
 .debug_macro   0x00000000       0x44 ./Sources/main.o
 .debug_macro   0x00000000      0x209 ./Sources/main.o
 .debug_macro   0x00000000     0x1816 ./Sources/main.o
 .debug_macro   0x00000000      0x14e ./Sources/main.o
 .debug_macro   0x00000000       0x64 ./Sources/main.o
 .debug_macro   0x00000000    0x174c1 ./Sources/main.o
 .debug_macro   0x00000000       0x9a ./Sources/main.o
 .debug_macro   0x00000000       0x22 ./Sources/main.o
 .debug_macro   0x00000000      0x11e ./Sources/main.o
 .group         0x00000000        0x8 ./Sources/packet.o
 .group         0x00000000        0x8 ./Sources/packet.o
 .group         0x00000000        0x8 ./Sources/packet.o
 .group         0x00000000        0x8 ./Sources/packet.o
 .group         0x00000000        0x8 ./Sources/packet.o
 .group         0x00000000        0x8 ./Sources/packet.o
 .group         0x00000000        0x8 ./Sources/packet.o
 .group         0x00000000        0x8 ./Sources/packet.o
 .group         0x00000000        0x8 ./Sources/packet.o
 .group         0x00000000        0x8 ./Sources/packet.o
 .group         0x00000000        0x8 ./Sources/packet.o
 .group         0x00000000        0x8 ./Sources/packet.o
 .text          0x00000000        0x0 ./Sources/packet.o
 .data          0x00000000        0x0 ./Sources/packet.o
 .bss           0x00000000        0x0 ./Sources/packet.o
 .debug_macro   0x00000000      0x850 ./Sources/packet.o
 .debug_macro   0x00000000       0x16 ./Sources/packet.o
 .debug_macro   0x00000000       0x44 ./Sources/packet.o
 .debug_macro   0x00000000      0x209 ./Sources/packet.o
 .debug_macro   0x00000000       0x22 ./Sources/packet.o
 .debug_macro   0x00000000      0x11e ./Sources/packet.o
 .debug_macro   0x00000000     0x181c ./Sources/packet.o
 .debug_macro   0x00000000      0x14e ./Sources/packet.o
 .debug_macro   0x00000000       0x64 ./Sources/packet.o
 .debug_macro   0x00000000    0x174c1 ./Sources/packet.o
 .debug_macro   0x00000000       0x9a ./Sources/packet.o
 .debug_macro   0x00000000       0x36 ./Sources/packet.o
 .group         0x00000000        0x8 ./Project_Settings/Startup_Code/startup.o
 .group         0x00000000        0x8 ./Project_Settings/Startup_Code/startup.o
 .group         0x00000000        0x8 ./Project_Settings/Startup_Code/startup.o
 .group         0x00000000        0x8 ./Project_Settings/Startup_Code/startup.o
 .group         0x00000000        0x8 ./Project_Settings/Startup_Code/startup.o
 .group         0x00000000        0x8 ./Project_Settings/Startup_Code/startup.o
 .group         0x00000000        0x8 ./Project_Settings/Startup_Code/startup.o
 .group         0x00000000        0x8 ./Project_Settings/Startup_Code/startup.o
 .group         0x00000000        0x8 ./Project_Settings/Startup_Code/startup.o
 .group         0x00000000        0x8 ./Project_Settings/Startup_Code/startup.o
 .group         0x00000000        0x8 ./Project_Settings/Startup_Code/startup.o
 .group         0x00000000        0x8 ./Project_Settings/Startup_Code/startup.o
 .group         0x00000000        0x8 ./Project_Settings/Startup_Code/startup.o
 .group         0x00000000        0x8 ./Project_Settings/Startup_Code/startup.o
 .group         0x00000000        0x8 ./Project_Settings/Startup_Code/startup.o
 .group         0x00000000        0x8 ./Project_Settings/Startup_Code/startup.o
 .group         0x00000000        0x8 ./Project_Settings/Startup_Code/startup.o
 .group         0x00000000        0x8 ./Project_Settings/Startup_Code/startup.o
 .group         0x00000000        0x8 ./Project_Settings/Startup_Code/startup.o
 .text          0x00000000        0x0 ./Project_Settings/Startup_Code/startup.o
 .data          0x00000000        0x0 ./Project_Settings/Startup_Code/startup.o
 .bss           0x00000000        0x0 ./Project_Settings/Startup_Code/startup.o
 .text.__init_hardware
                0x00000000        0xc ./Project_Settings/Startup_Code/startup.o
 .text.__iar_program_start
                0x00000000        0xc ./Project_Settings/Startup_Code/startup.o
 .debug_macro   0x00000000      0x850 ./Project_Settings/Startup_Code/startup.o
 .debug_macro   0x00000000       0x16 ./Project_Settings/Startup_Code/startup.o
 .group         0x00000000        0x8 ./Generated_Code/Cpu.o
 .group         0x00000000        0x8 ./Generated_Code/Cpu.o
 .group         0x00000000        0x8 ./Generated_Code/Cpu.o
 .group         0x00000000        0x8 ./Generated_Code/Cpu.o
 .group         0x00000000        0x8 ./Generated_Code/Cpu.o
 .group         0x00000000        0x8 ./Generated_Code/Cpu.o
 .group         0x00000000        0x8 ./Generated_Code/Cpu.o
 .group         0x00000000        0x8 ./Generated_Code/Cpu.o
 .group         0x00000000        0x8 ./Generated_Code/Cpu.o
 .text          0x00000000        0x0 ./Generated_Code/Cpu.o
 .data          0x00000000        0x0 ./Generated_Code/Cpu.o
 .bss           0x00000000        0x0 ./Generated_Code/Cpu.o
 .debug_macro   0x00000000      0x850 ./Generated_Code/Cpu.o
 .debug_macro   0x00000000       0x16 ./Generated_Code/Cpu.o
 .debug_macro   0x00000000       0x44 ./Generated_Code/Cpu.o
 .debug_macro   0x00000000      0x209 ./Generated_Code/Cpu.o
 .debug_macro   0x00000000     0x1816 ./Generated_Code/Cpu.o
 .debug_macro   0x00000000      0x14e ./Generated_Code/Cpu.o
 .debug_macro   0x00000000       0x64 ./Generated_Code/Cpu.o
 .debug_macro   0x00000000    0x174c1 ./Generated_Code/Cpu.o
 .group         0x00000000        0x8 ./Generated_Code/Vectors.o
 .group         0x00000000        0x8 ./Generated_Code/Vectors.o
 .group         0x00000000        0x8 ./Generated_Code/Vectors.o
 .group         0x00000000        0x8 ./Generated_Code/Vectors.o
 .group         0x00000000        0x8 ./Generated_Code/Vectors.o
 .group         0x00000000        0x8 ./Generated_Code/Vectors.o
 .group         0x00000000        0x8 ./Generated_Code/Vectors.o
 .group         0x00000000        0x8 ./Generated_Code/Vectors.o
 .group         0x00000000        0x8 ./Generated_Code/Vectors.o
 .group         0x00000000        0x8 ./Generated_Code/Vectors.o
 .group         0x00000000        0x8 ./Generated_Code/Vectors.o
 .text          0x00000000        0x0 ./Generated_Code/Vectors.o
 .data          0x00000000        0x0 ./Generated_Code/Vectors.o
 .bss           0x00000000        0x0 ./Generated_Code/Vectors.o
 .debug_macro   0x00000000      0x850 ./Generated_Code/Vectors.o
 .debug_macro   0x00000000       0x16 ./Generated_Code/Vectors.o
 .debug_macro   0x00000000       0x44 ./Generated_Code/Vectors.o
 .debug_macro   0x00000000      0x209 ./Generated_Code/Vectors.o
 .debug_macro   0x00000000     0x1816 ./Generated_Code/Vectors.o
 .debug_macro   0x00000000      0x14e ./Generated_Code/Vectors.o
 .debug_macro   0x00000000       0x64 ./Generated_Code/Vectors.o
 .debug_macro   0x00000000    0x174c1 ./Generated_Code/Vectors.o
 .debug_macro   0x00000000       0x9a ./Generated_Code/Vectors.o
 .debug_macro   0x00000000       0x22 ./Generated_Code/Vectors.o
 .debug_macro   0x00000000       0x30 ./Generated_Code/Vectors.o
 .group         0x00000000        0x8 C:\Users\12878930\Documents\autumn-embedded-project\Library\libOS.a(OS.o)
 .group         0x00000000        0x8 C:\Users\12878930\Documents\autumn-embedded-project\Library\libOS.a(OS.o)
 .group         0x00000000        0x8 C:\Users\12878930\Documents\autumn-embedded-project\Library\libOS.a(OS.o)
 .group         0x00000000        0x8 C:\Users\12878930\Documents\autumn-embedded-project\Library\libOS.a(OS.o)
 .group         0x00000000        0x8 C:\Users\12878930\Documents\autumn-embedded-project\Library\libOS.a(OS.o)
 .group         0x00000000        0x8 C:\Users\12878930\Documents\autumn-embedded-project\Library\libOS.a(OS.o)
 .group         0x00000000        0x8 C:\Users\12878930\Documents\autumn-embedded-project\Library\libOS.a(OS.o)
 .group         0x00000000        0x8 C:\Users\12878930\Documents\autumn-embedded-project\Library\libOS.a(OS.o)
 .group         0x00000000        0x8 C:\Users\12878930\Documents\autumn-embedded-project\Library\libOS.a(OS.o)
 .group         0x00000000        0x8 C:\Users\12878930\Documents\autumn-embedded-project\Library\libOS.a(OS.o)
 .group         0x00000000        0x8 C:\Users\12878930\Documents\autumn-embedded-project\Library\libOS.a(OS.o)
 .text          0x00000000        0x0 C:\Users\12878930\Documents\autumn-embedded-project\Library\libOS.a(OS.o)
 .data          0x00000000        0x0 C:\Users\12878930\Documents\autumn-embedded-project\Library\libOS.a(OS.o)
 .bss           0x00000000        0x0 C:\Users\12878930\Documents\autumn-embedded-project\Library\libOS.a(OS.o)
 .rodata.OS_TICK_FREQUENCY
                0x00000000        0x4 C:\Users\12878930\Documents\autumn-embedded-project\Library\libOS.a(OS.o)
 .text.OS_TimeDelay
                0x00000000       0x48 C:\Users\12878930\Documents\autumn-embedded-project\Library\libOS.a(OS.o)
 .text.OS_TimeGet
                0x00000000       0x24 C:\Users\12878930\Documents\autumn-embedded-project\Library\libOS.a(OS.o)
 .text.OS_TimeSet
                0x00000000       0x20 C:\Users\12878930\Documents\autumn-embedded-project\Library\libOS.a(OS.o)
 .debug_macro   0x00000000      0x850 C:\Users\12878930\Documents\autumn-embedded-project\Library\libOS.a(OS.o)
 .debug_macro   0x00000000       0x16 C:\Users\12878930\Documents\autumn-embedded-project\Library\libOS.a(OS.o)
 .debug_macro   0x00000000       0x44 C:\Users\12878930\Documents\autumn-embedded-project\Library\libOS.a(OS.o)
 .debug_macro   0x00000000      0x209 C:\Users\12878930\Documents\autumn-embedded-project\Library\libOS.a(OS.o)
 .debug_macro   0x00000000      0x14e C:\Users\12878930\Documents\autumn-embedded-project\Library\libOS.a(OS.o)
 .debug_macro   0x00000000       0x64 C:\Users\12878930\Documents\autumn-embedded-project\Library\libOS.a(OS.o)
 .debug_macro   0x00000000    0x174c1 C:\Users\12878930\Documents\autumn-embedded-project\Library\libOS.a(OS.o)
 .debug_macro   0x00000000       0x22 C:\Users\12878930\Documents\autumn-embedded-project\Library\libOS.a(OS.o)
 .debug_macro   0x00000000       0x30 C:\Users\12878930\Documents\autumn-embedded-project\Library\libOS.a(OS.o)
 .group         0x00000000        0x8 C:\Users\12878930\Documents\autumn-embedded-project\Library\libAnalog.a(analog.o)
 .group         0x00000000        0x8 C:\Users\12878930\Documents\autumn-embedded-project\Library\libAnalog.a(analog.o)
 .group         0x00000000        0x8 C:\Users\12878930\Documents\autumn-embedded-project\Library\libAnalog.a(analog.o)
 .group         0x00000000        0x8 C:\Users\12878930\Documents\autumn-embedded-project\Library\libAnalog.a(analog.o)
 .group         0x00000000        0x8 C:\Users\12878930\Documents\autumn-embedded-project\Library\libAnalog.a(analog.o)
 .group         0x00000000        0x8 C:\Users\12878930\Documents\autumn-embedded-project\Library\libAnalog.a(analog.o)
 .group         0x00000000        0x8 C:\Users\12878930\Documents\autumn-embedded-project\Library\libAnalog.a(analog.o)
 .text          0x00000000        0x0 C:\Users\12878930\Documents\autumn-embedded-project\Library\libAnalog.a(analog.o)
 .data          0x00000000        0x0 C:\Users\12878930\Documents\autumn-embedded-project\Library\libAnalog.a(analog.o)
 .bss           0x00000000        0x0 C:\Users\12878930\Documents\autumn-embedded-project\Library\libAnalog.a(analog.o)
 .debug_macro   0x00000000      0x850 C:\Users\12878930\Documents\autumn-embedded-project\Library\libAnalog.a(analog.o)
 .debug_macro   0x00000000      0x166 C:\Users\12878930\Documents\autumn-embedded-project\Library\libAnalog.a(analog.o)
 .debug_macro   0x00000000       0x16 C:\Users\12878930\Documents\autumn-embedded-project\Library\libAnalog.a(analog.o)
 .debug_macro   0x00000000       0x44 C:\Users\12878930\Documents\autumn-embedded-project\Library\libAnalog.a(analog.o)
 .debug_macro   0x00000000      0x209 C:\Users\12878930\Documents\autumn-embedded-project\Library\libAnalog.a(analog.o)
 .debug_macro   0x00000000       0x22 C:\Users\12878930\Documents\autumn-embedded-project\Library\libAnalog.a(analog.o)
 .group         0x00000000        0x8 C:\Users\12878930\Documents\autumn-embedded-project\Library\libAnalog.a(SPI.o)
 .group         0x00000000        0x8 C:\Users\12878930\Documents\autumn-embedded-project\Library\libAnalog.a(SPI.o)
 .group         0x00000000        0x8 C:\Users\12878930\Documents\autumn-embedded-project\Library\libAnalog.a(SPI.o)
 .group         0x00000000        0x8 C:\Users\12878930\Documents\autumn-embedded-project\Library\libAnalog.a(SPI.o)
 .group         0x00000000        0x8 C:\Users\12878930\Documents\autumn-embedded-project\Library\libAnalog.a(SPI.o)
 .group         0x00000000        0x8 C:\Users\12878930\Documents\autumn-embedded-project\Library\libAnalog.a(SPI.o)
 .text          0x00000000        0x0 C:\Users\12878930\Documents\autumn-embedded-project\Library\libAnalog.a(SPI.o)
 .data          0x00000000        0x0 C:\Users\12878930\Documents\autumn-embedded-project\Library\libAnalog.a(SPI.o)
 .bss           0x00000000        0x0 C:\Users\12878930\Documents\autumn-embedded-project\Library\libAnalog.a(SPI.o)
 .rodata.MAX_SPI_WAIT_COUNT
                0x00000000        0x2 C:\Users\12878930\Documents\autumn-embedded-project\Library\libAnalog.a(SPI.o)
 .debug_macro   0x00000000      0x850 C:\Users\12878930\Documents\autumn-embedded-project\Library\libAnalog.a(SPI.o)
 .debug_macro   0x00000000       0x16 C:\Users\12878930\Documents\autumn-embedded-project\Library\libAnalog.a(SPI.o)
 .debug_macro   0x00000000       0x44 C:\Users\12878930\Documents\autumn-embedded-project\Library\libAnalog.a(SPI.o)
 .debug_macro   0x00000000      0x209 C:\Users\12878930\Documents\autumn-embedded-project\Library\libAnalog.a(SPI.o)
 .debug_macro   0x00000000       0x22 C:\Users\12878930\Documents\autumn-embedded-project\Library\libAnalog.a(SPI.o)
 .debug_macro   0x00000000    0x174c1 C:\Users\12878930\Documents\autumn-embedded-project\Library\libAnalog.a(SPI.o)
 .data          0x00000000        0x0 c:/software/freescale/kds_3.0.0/toolchain/bin/../lib/gcc/arm-none-eabi/4.8.4/armv7e-m/fpu\libgcc.a(_arm_addsubdf3.o)
 .bss           0x00000000        0x0 c:/software/freescale/kds_3.0.0/toolchain/bin/../lib/gcc/arm-none-eabi/4.8.4/armv7e-m/fpu\libgcc.a(_arm_addsubdf3.o)
 .data          0x00000000        0x0 c:/software/freescale/kds_3.0.0/toolchain/bin/../lib/gcc/arm-none-eabi/4.8.4/armv7e-m/fpu\libgcc.a(_arm_muldivdf3.o)
 .bss           0x00000000        0x0 c:/software/freescale/kds_3.0.0/toolchain/bin/../lib/gcc/arm-none-eabi/4.8.4/armv7e-m/fpu\libgcc.a(_arm_muldivdf3.o)
 .data          0x00000000        0x0 c:/software/freescale/kds_3.0.0/toolchain/bin/../lib/gcc/arm-none-eabi/4.8.4/armv7e-m/fpu\libgcc.a(_arm_truncdfsf2.o)
 .bss           0x00000000        0x0 c:/software/freescale/kds_3.0.0/toolchain/bin/../lib/gcc/arm-none-eabi/4.8.4/armv7e-m/fpu\libgcc.a(_arm_truncdfsf2.o)
 .text          0x00000000        0x0 c:/software/freescale/kds_3.0.0/toolchain/bin/../lib/gcc/arm-none-eabi/4.8.4/../../../../arm-none-eabi/lib/armv7e-m/fpu\libg_s.a(lib_a-exit.o)
 .data          0x00000000        0x0 c:/software/freescale/kds_3.0.0/toolchain/bin/../lib/gcc/arm-none-eabi/4.8.4/../../../../arm-none-eabi/lib/armv7e-m/fpu\libg_s.a(lib_a-exit.o)
 .bss           0x00000000        0x0 c:/software/freescale/kds_3.0.0/toolchain/bin/../lib/gcc/arm-none-eabi/4.8.4/../../../../arm-none-eabi/lib/armv7e-m/fpu\libg_s.a(lib_a-exit.o)
 .text          0x00000000        0x0 c:/software/freescale/kds_3.0.0/toolchain/bin/../lib/gcc/arm-none-eabi/4.8.4/../../../../arm-none-eabi/lib/armv7e-m/fpu\libg_s.a(lib_a-impure.o)
 .data          0x00000000        0x0 c:/software/freescale/kds_3.0.0/toolchain/bin/../lib/gcc/arm-none-eabi/4.8.4/../../../../arm-none-eabi/lib/armv7e-m/fpu\libg_s.a(lib_a-impure.o)
 .bss           0x00000000        0x0 c:/software/freescale/kds_3.0.0/toolchain/bin/../lib/gcc/arm-none-eabi/4.8.4/../../../../arm-none-eabi/lib/armv7e-m/fpu\libg_s.a(lib_a-impure.o)
 .data._impure_ptr
                0x00000000        0x4 c:/software/freescale/kds_3.0.0/toolchain/bin/../lib/gcc/arm-none-eabi/4.8.4/../../../../arm-none-eabi/lib/armv7e-m/fpu\libg_s.a(lib_a-impure.o)
 .text          0x00000000        0x0 c:/software/freescale/kds_3.0.0/toolchain/bin/../lib/gcc/arm-none-eabi/4.8.4/../../../../arm-none-eabi/lib/armv7e-m/fpu\libg_s.a(lib_a-init.o)
 .data          0x00000000        0x0 c:/software/freescale/kds_3.0.0/toolchain/bin/../lib/gcc/arm-none-eabi/4.8.4/../../../../arm-none-eabi/lib/armv7e-m/fpu\libg_s.a(lib_a-init.o)
 .bss           0x00000000        0x0 c:/software/freescale/kds_3.0.0/toolchain/bin/../lib/gcc/arm-none-eabi/4.8.4/../../../../arm-none-eabi/lib/armv7e-m/fpu\libg_s.a(lib_a-init.o)
 .text          0x00000000        0x0 c:/software/freescale/kds_3.0.0/toolchain/bin/../lib/gcc/arm-none-eabi/4.8.4/../../../../arm-none-eabi/lib/armv7e-m/fpu\libg_s.a(lib_a-memset.o)
 .data          0x00000000        0x0 c:/software/freescale/kds_3.0.0/toolchain/bin/../lib/gcc/arm-none-eabi/4.8.4/../../../../arm-none-eabi/lib/armv7e-m/fpu\libg_s.a(lib_a-memset.o)
 .bss           0x00000000        0x0 c:/software/freescale/kds_3.0.0/toolchain/bin/../lib/gcc/arm-none-eabi/4.8.4/../../../../arm-none-eabi/lib/armv7e-m/fpu\libg_s.a(lib_a-memset.o)
 .text          0x00000000        0x0 c:/software/freescale/kds_3.0.0/toolchain/bin/../lib/gcc/arm-none-eabi/4.8.4/../../../../arm-none-eabi/lib/armv7e-m/fpu\libnosys.a(_exit.o)
 .data          0x00000000        0x0 c:/software/freescale/kds_3.0.0/toolchain/bin/../lib/gcc/arm-none-eabi/4.8.4/../../../../arm-none-eabi/lib/armv7e-m/fpu\libnosys.a(_exit.o)
 .bss           0x00000000        0x0 c:/software/freescale/kds_3.0.0/toolchain/bin/../lib/gcc/arm-none-eabi/4.8.4/../../../../arm-none-eabi/lib/armv7e-m/fpu\libnosys.a(_exit.o)
 .text          0x00000000        0x0 c:/software/freescale/kds_3.0.0/toolchain/bin/../lib/gcc/arm-none-eabi/4.8.4/armv7e-m/fpu/crtend.o
 .data          0x00000000        0x0 c:/software/freescale/kds_3.0.0/toolchain/bin/../lib/gcc/arm-none-eabi/4.8.4/armv7e-m/fpu/crtend.o
 .bss           0x00000000        0x0 c:/software/freescale/kds_3.0.0/toolchain/bin/../lib/gcc/arm-none-eabi/4.8.4/armv7e-m/fpu/crtend.o
 .eh_frame      0x00000000        0x4 c:/software/freescale/kds_3.0.0/toolchain/bin/../lib/gcc/arm-none-eabi/4.8.4/armv7e-m/fpu/crtend.o
 .jcr           0x00000000        0x4 c:/software/freescale/kds_3.0.0/toolchain/bin/../lib/gcc/arm-none-eabi/4.8.4/armv7e-m/fpu/crtend.o
 .ARM.attributes
                0x00000000       0x34 c:/software/freescale/kds_3.0.0/toolchain/bin/../lib/gcc/arm-none-eabi/4.8.4/armv7e-m/fpu/crtend.o
 .text          0x00000000        0x0 c:/software/freescale/kds_3.0.0/toolchain/bin/../lib/gcc/arm-none-eabi/4.8.4/armv7e-m/fpu/crtn.o
 .data          0x00000000        0x0 c:/software/freescale/kds_3.0.0/toolchain/bin/../lib/gcc/arm-none-eabi/4.8.4/armv7e-m/fpu/crtn.o
 .bss           0x00000000        0x0 c:/software/freescale/kds_3.0.0/toolchain/bin/../lib/gcc/arm-none-eabi/4.8.4/armv7e-m/fpu/crtn.o

Memory Configuration

Name             Origin             Length             Attributes
m_interrupts     0x00000000         0x000001e8         xr
m_text           0x00000410         0x0007fbf0         xr
m_data           0x1fff0000         0x00010000         rw
m_data_20000000  0x20000000         0x00010000         rw
m_cfmprotrom     0x00000400         0x00000010         xr
*default*        0x00000000         0xffffffff

Linker script and memory map

LOAD c:/software/freescale/kds_3.0.0/toolchain/bin/../lib/gcc/arm-none-eabi/4.8.4/armv7e-m/fpu/crti.o
LOAD c:/software/freescale/kds_3.0.0/toolchain/bin/../lib/gcc/arm-none-eabi/4.8.4/armv7e-m/fpu/crtbegin.o
LOAD c:/software/freescale/kds_3.0.0/toolchain/bin/../lib/gcc/arm-none-eabi/4.8.4/../../../../arm-none-eabi/lib/armv7e-m/fpu/crt0.o
LOAD ./Sources/FIFO.o
LOAD ./Sources/FTM.o
LOAD ./Sources/Flash.o
LOAD ./Sources/LEDs.o
LOAD ./Sources/PIT.o
LOAD ./Sources/RTC.o
LOAD ./Sources/UART.o
LOAD ./Sources/calculation.o
LOAD ./Sources/main.o
LOAD ./Sources/packet.o
LOAD ./Project_Settings/Startup_Code/startup.o
LOAD ./Generated_Code/Cpu.o
LOAD ./Generated_Code/Vectors.o
LOAD C:\Users\12878930\Documents\autumn-embedded-project\Library\libOS.a
LOAD C:\Users\12878930\Documents\autumn-embedded-project\Library\libAnalog.a
LOAD c:/software/freescale/kds_3.0.0/toolchain/bin/../lib/gcc/arm-none-eabi/4.8.4/../../../../arm-none-eabi/lib/armv7e-m/fpu\libstdc++_s.a
LOAD c:/software/freescale/kds_3.0.0/toolchain/bin/../lib/gcc/arm-none-eabi/4.8.4/../../../../arm-none-eabi/lib/armv7e-m/fpu\libm.a
START GROUP
LOAD c:/software/freescale/kds_3.0.0/toolchain/bin/../lib/gcc/arm-none-eabi/4.8.4/armv7e-m/fpu\libgcc.a
LOAD c:/software/freescale/kds_3.0.0/toolchain/bin/../lib/gcc/arm-none-eabi/4.8.4/../../../../arm-none-eabi/lib/armv7e-m/fpu\libg_s.a
LOAD c:/software/freescale/kds_3.0.0/toolchain/bin/../lib/gcc/arm-none-eabi/4.8.4/../../../../arm-none-eabi/lib/armv7e-m/fpu\libc_s.a
END GROUP
START GROUP
LOAD c:/software/freescale/kds_3.0.0/toolchain/bin/../lib/gcc/arm-none-eabi/4.8.4/armv7e-m/fpu\libgcc.a
LOAD c:/software/freescale/kds_3.0.0/toolchain/bin/../lib/gcc/arm-none-eabi/4.8.4/../../../../arm-none-eabi/lib/armv7e-m/fpu\libc_s.a
LOAD c:/software/freescale/kds_3.0.0/toolchain/bin/../lib/gcc/arm-none-eabi/4.8.4/../../../../arm-none-eabi/lib/armv7e-m/fpu\libnosys.a
END GROUP
START GROUP
LOAD c:/software/freescale/kds_3.0.0/toolchain/bin/../lib/gcc/arm-none-eabi/4.8.4/armv7e-m/fpu\libgcc.a
LOAD c:/software/freescale/kds_3.0.0/toolchain/bin/../lib/gcc/arm-none-eabi/4.8.4/../../../../arm-none-eabi/lib/armv7e-m/fpu\libc_s.a
LOAD c:/software/freescale/kds_3.0.0/toolchain/bin/../lib/gcc/arm-none-eabi/4.8.4/../../../../arm-none-eabi/lib/armv7e-m/fpu\libnosys.a
END GROUP
LOAD c:/software/freescale/kds_3.0.0/toolchain/bin/../lib/gcc/arm-none-eabi/4.8.4/armv7e-m/fpu/crtend.o
LOAD c:/software/freescale/kds_3.0.0/toolchain/bin/../lib/gcc/arm-none-eabi/4.8.4/armv7e-m/fpu/crtn.o
                0x20000000                _estack = 0x20000000
                0x20000000                __SP_INIT = _estack
                0x20000000                __stack = _estack
                0x00000000                __heap_size = 0x0
                0x00000400                __stack_size = 0x400

.interrupts     0x00000000      0x1e8
                0x00000000                __vector_table = .
                0x00000000                . = ALIGN (0x4)
 *(.vectortable)
 .vectortable   0x00000000      0x1e8 ./Generated_Code/Vectors.o
                0x00000000                __vect_table
                0x000001e8                . = ALIGN (0x4)

.cfmprotect     0x00000400       0x10
                0x00000400                . = ALIGN (0x4)
 *(.cfmconfig)
 .cfmconfig     0x00000400       0x10 ./Generated_Code/Cpu.o
                0x00000400                _cfm
                0x00000410                . = ALIGN (0x4)

.text           0x00000410     0x3d1c
                0x00000410                . = ALIGN (0x4)
 *(.text)
 .text          0x00000410       0x54 c:/software/freescale/kds_3.0.0/toolchain/bin/../lib/gcc/arm-none-eabi/4.8.4/armv7e-m/fpu/crtbegin.o
 .text          0x00000464       0x74 c:/software/freescale/kds_3.0.0/toolchain/bin/../lib/gcc/arm-none-eabi/4.8.4/../../../../arm-none-eabi/lib/armv7e-m/fpu/crt0.o
                0x00000464                _start
                0x00000464                _mainCRTStartup
 .text          0x000004d8      0x370 c:/software/freescale/kds_3.0.0/toolchain/bin/../lib/gcc/arm-none-eabi/4.8.4/armv7e-m/fpu\libgcc.a(_arm_addsubdf3.o)
                0x000004d8                __aeabi_drsub
                0x000004e0                __aeabi_dsub
                0x000004e0                __subdf3
                0x000004e4                __aeabi_dadd
                0x000004e4                __adddf3
                0x0000075c                __floatunsidf
                0x0000075c                __aeabi_ui2d
                0x0000077c                __floatsidf
                0x0000077c                __aeabi_i2d
                0x000007a0                __aeabi_f2d
                0x000007a0                __extendsfdf2
                0x000007dc                __floatundidf
                0x000007dc                __aeabi_ul2d
                0x000007ec                __floatdidf
                0x000007ec                __aeabi_l2d
 .text          0x00000848      0x424 c:/software/freescale/kds_3.0.0/toolchain/bin/../lib/gcc/arm-none-eabi/4.8.4/armv7e-m/fpu\libgcc.a(_arm_muldivdf3.o)
                0x00000848                __aeabi_dmul
                0x00000848                __muldf3
                0x00000a9c                __divdf3
                0x00000a9c                __aeabi_ddiv
 .text          0x00000c6c       0xa0 c:/software/freescale/kds_3.0.0/toolchain/bin/../lib/gcc/arm-none-eabi/4.8.4/armv7e-m/fpu\libgcc.a(_arm_truncdfsf2.o)
                0x00000c6c                __truncdfsf2
                0x00000c6c                __aeabi_d2f
 *(.text*)
 .text.FIFO_Init
                0x00000d0c       0x48 ./Sources/FIFO.o
                0x00000d0c                FIFO_Init
 .text.FIFO_Put
                0x00000d54       0x78 ./Sources/FIFO.o
                0x00000d54                FIFO_Put
 .text.FIFO_Get
                0x00000dcc       0x78 ./Sources/FIFO.o
                0x00000dcc                FIFO_Get
 .text.FTM_Init
                0x00000e44       0x90 ./Sources/FTM.o
                0x00000e44                FTM_Init
 .text.FTM_Set  0x00000ed4      0x214 ./Sources/FTM.o
                0x00000ed4                FTM_Set
 .text.FTM_StartTimer
                0x000010e8       0x8c ./Sources/FTM.o
                0x000010e8                FTM_StartTimer
 .text.FTM0_ISR
                0x00001174       0x80 ./Sources/FTM.o
                0x00001174                FTM0_ISR
 .text.FTMThread
                0x000011f4       0x24 ./Sources/FTM.o
                0x000011f4                FTMThread
 .text.Flash_Init
                0x00001218       0x24 ./Sources/Flash.o
                0x00001218                Flash_Init
 .text.Flash_AllocateVar
                0x0000123c      0x13c ./Sources/Flash.o
                0x0000123c                Flash_AllocateVar
 .text.Flash_Write32
                0x00001378       0x58 ./Sources/Flash.o
                0x00001378                Flash_Write32
 .text.Flash_Write16
                0x000013d0       0x60 ./Sources/Flash.o
                0x000013d0                Flash_Write16
 .text.Flash_Write8
                0x00001430       0x74 ./Sources/Flash.o
                0x00001430                Flash_Write8
 .text.Flash_Erase
                0x000014a4       0x14 ./Sources/Flash.o
                0x000014a4                Flash_Erase
 .text.LaunchCommand
                0x000014b8       0xb4 ./Sources/Flash.o
 .text.WritePhrase
                0x0000156c       0x70 ./Sources/Flash.o
 .text.EraseSector
                0x000015dc       0x38 ./Sources/Flash.o
 .text.ModifyPhrase
                0x00001614       0x38 ./Sources/Flash.o
 .text.LEDs_Init
                0x0000164c       0x6c ./Sources/LEDs.o
                0x0000164c                LEDs_Init
 .text.LEDs_On  0x000016b8       0x24 ./Sources/LEDs.o
                0x000016b8                LEDs_On
 .text.LEDs_Off
                0x000016dc       0x24 ./Sources/LEDs.o
                0x000016dc                LEDs_Off
 .text.LEDs_Toggle
                0x00001700       0x24 ./Sources/LEDs.o
                0x00001700                LEDs_Toggle
 .text.PIT_Init
                0x00001724       0xa0 ./Sources/PIT.o
                0x00001724                PIT_Init
 .text.PIT_Set  0x000017c4       0x58 ./Sources/PIT.o
                0x000017c4                PIT_Set
 .text.PIT_Enable
                0x0000181c       0x40 ./Sources/PIT.o
                0x0000181c                PIT_Enable
 .text.PIT_ISR  0x0000185c       0x48 ./Sources/PIT.o
                0x0000185c                PIT_ISR
 .text.PITThread
                0x000018a4       0x24 ./Sources/PIT.o
                0x000018a4                PITThread
 .text.RTC_Init
                0x000018c8       0xcc ./Sources/RTC.o
                0x000018c8                RTC_Init
 .text.RTC_Set  0x00001994       0x5c ./Sources/RTC.o
                0x00001994                RTC_Set
 .text.RTC_Get  0x000019f0       0xb8 ./Sources/RTC.o
                0x000019f0                RTC_Get
 .text.RTC_ISR  0x00001aa8       0x34 ./Sources/RTC.o
                0x00001aa8                RTC_ISR
 .text.RTCThread
                0x00001adc       0x44 ./Sources/RTC.o
                0x00001adc                RTCThread
 .text.UART_Init
                0x00001b20      0x150 ./Sources/UART.o
                0x00001b20                UART_Init
 .text.UART_InChar
                0x00001c70       0x20 ./Sources/UART.o
                0x00001c70                UART_InChar
 .text.UART_OutChar
                0x00001c90       0x3c ./Sources/UART.o
                0x00001c90                UART_OutChar
 .text.UART_ISR
                0x00001ccc       0xa8 ./Sources/UART.o
                0x00001ccc                UART_ISR
 .text.UARTRXThread
                0x00001d74       0x44 ./Sources/UART.o
                0x00001d74                UARTRXThread
 .text.UARTTXThread
                0x00001db8       0x50 ./Sources/UART.o
                0x00001db8                UARTTXThread
 .text.Sliding_Voltage
                0x00001e08       0xa0 ./Sources/calculation.o
                0x00001e08                Sliding_Voltage
 .text.Real_RMS
                0x00001ea8       0x88 ./Sources/calculation.o
                0x00001ea8                Real_RMS
 .text.Current_RMS
                0x00001f30       0x48 ./Sources/calculation.o
                0x00001f30                Current_RMS
 .text.PacketHandlerThread
                0x00001f78       0x40 ./Sources/main.o
                0x00001f78                PacketHandlerThread
 .text.LPTMRInit
                0x00001fb8       0xa8 ./Sources/main.o
                0x00001fb8                LPTMRInit
 .text.LPTimer_ISR
                0x00002060       0x50 ./Sources/main.o
                0x00002060                LPTimer_ISR
 .text.InitModulesThread
                0x000020b0       0x64 ./Sources/main.o
 .text.AnalogLoopbackThread
                0x00002114       0x60 ./Sources/main.o
                0x00002114                AnalogLoopbackThread
 .text.main     0x00002174      0x140 ./Sources/main.o
                0x00002174                main
 .text.PacketHandler
                0x000022b4       0xe8 ./Sources/main.o
                0x000022b4                PacketHandler
 .text.TowerInit
                0x0000239c       0xc4 ./Sources/main.o
                0x0000239c                TowerInit
 .text.StartupPackets
                0x00002460       0x70 ./Sources/main.o
                0x00002460                StartupPackets
 .text.TowerNumberPackets
                0x000024d0       0x6c ./Sources/main.o
                0x000024d0                TowerNumberPackets
 .text.TowerModePackets
                0x0000253c       0x6c ./Sources/main.o
                0x0000253c                TowerModePackets
 .text.VersionPackets
                0x000025a8       0x18 ./Sources/main.o
                0x000025a8                VersionPackets
 .text.ProgramBytePackets
                0x000025c0       0x48 ./Sources/main.o
                0x000025c0                ProgramBytePackets
 .text.ReadBytePackets
                0x00002608       0x30 ./Sources/main.o
                0x00002608                ReadBytePackets
 .text.TowerTimePackets
                0x00002638       0x54 ./Sources/main.o
                0x00002638                TowerTimePackets
 .text.Packet_Init
                0x0000268c       0x1c ./Sources/packet.o
                0x0000268c                Packet_Init
 .text.Packet_Get
                0x000026a8      0x11c ./Sources/packet.o
                0x000026a8                Packet_Get
 .text.Packet_Put
                0x000027c4       0x54 ./Sources/packet.o
                0x000027c4                Packet_Put
 .text.Checksum_Calculation
                0x00002818       0x30 ./Sources/packet.o
                0x00002818                Checksum_Calculation
 .text.__copy_rom_section
                0x00002848       0xe4 ./Project_Settings/Startup_Code/startup.o
                0x00002848                __copy_rom_section
 .text.__copy_rom_sections_to_ram
                0x0000292c       0x9c ./Project_Settings/Startup_Code/startup.o
                0x0000292c                __copy_rom_sections_to_ram
 .text.__init_registers
                0x000029c8       0x20 ./Project_Settings/Startup_Code/startup.o
                0x000029c8                __init_registers
 .text.__init_user
                0x000029e8        0xc ./Project_Settings/Startup_Code/startup.o
                0x000029e8                __init_user
 .text.__thumb_startup
                0x000029f4       0x34 ./Project_Settings/Startup_Code/startup.o
                0x000029f4                __thumb_startup
 .text.Cpu_Interrupt
                0x00002a28       0x18 ./Generated_Code/Cpu.o
                0x00002a28                Cpu_Interrupt
 .text.__init_hardware
                0x00002a40      0x1cc ./Generated_Code/Cpu.o
                0x00002a40                __init_hardware
 .text.Cpu_SetBASEPRI
                0x00002c0c       0x18 ./Generated_Code/Cpu.o
                0x00002c0c                Cpu_SetBASEPRI
 .text.PE_low_level_init
                0x00002c24       0xe4 ./Generated_Code/Cpu.o
                0x00002c24                PE_low_level_init
 .text.OS_Init  0x00002d08      0x110 C:\Users\12878930\Documents\autumn-embedded-project\Library\libOS.a(OS.o)
                0x00002d08                OS_Init
 .text.OS_ISREnter
                0x00002e18       0x20 C:\Users\12878930\Documents\autumn-embedded-project\Library\libOS.a(OS.o)
                0x00002e18                OS_ISREnter
 .text.OS_ISRExit
                0x00002e38       0x1c C:\Users\12878930\Documents\autumn-embedded-project\Library\libOS.a(OS.o)
                0x00002e38                OS_ISRExit
 .text.OS_SemaphoreCreate
                0x00002e54       0x90 C:\Users\12878930\Documents\autumn-embedded-project\Library\libOS.a(OS.o)
                0x00002e54                OS_SemaphoreCreate
 .text.OS_SemaphoreSignal
                0x00002ee4       0x44 C:\Users\12878930\Documents\autumn-embedded-project\Library\libOS.a(OS.o)
                0x00002ee4                OS_SemaphoreSignal
 .text.OS_SemaphoreWait
                0x00002f28       0x58 C:\Users\12878930\Documents\autumn-embedded-project\Library\libOS.a(OS.o)
                0x00002f28                OS_SemaphoreWait
 .text.OS_Start
                0x00002f80       0x10 C:\Users\12878930\Documents\autumn-embedded-project\Library\libOS.a(OS.o)
                0x00002f80                OS_Start
 .text.OS_ThreadCreate
                0x00002f90      0x160 C:\Users\12878930\Documents\autumn-embedded-project\Library\libOS.a(OS.o)
                0x00002f90                OS_ThreadCreate
 .text.OS_ThreadDelete
                0x000030f0      0x18c C:\Users\12878930\Documents\autumn-embedded-project\Library\libOS.a(OS.o)
                0x000030f0                OS_ThreadDelete
 .text.EventThreadReady
                0x0000327c       0x68 C:\Users\12878930\Documents\autumn-embedded-project\Library\libOS.a(OS.o)
 .text.EventThreadWait
                0x000032e4       0x64 C:\Users\12878930\Documents\autumn-embedded-project\Library\libOS.a(OS.o)
 .text.EventTimeout
                0x00003348       0x40 C:\Users\12878930\Documents\autumn-embedded-project\Library\libOS.a(OS.o)
 .text.Idle     0x00003388       0x18 C:\Users\12878930\Documents\autumn-embedded-project\Library\libOS.a(OS.o)
 .text.FindFirstSet
                0x000033a0       0x44 C:\Users\12878930\Documents\autumn-embedded-project\Library\libOS.a(OS.o)
 .text.Schedule
                0x000033e4       0x64 C:\Users\12878930\Documents\autumn-embedded-project\Library\libOS.a(OS.o)
 .text.TCBInit  0x00003448       0xcc C:\Users\12878930\Documents\autumn-embedded-project\Library\libOS.a(OS.o)
 .text.TimeTick
                0x00003514       0x74 C:\Users\12878930\Documents\autumn-embedded-project\Library\libOS.a(OS.o)
 *fill*         0x00003588        0x8 
 .text.OS_ContextSwitchISR
                0x00003590       0x70 C:\Users\12878930\Documents\autumn-embedded-project\Library\libOS.a(OS.o)
                0x00003590                OS_ContextSwitchISR
 .text.OS_SysTickISR
                0x00003600       0x5c C:\Users\12878930\Documents\autumn-embedded-project\Library\libOS.a(OS.o)
                0x00003600                OS_SysTickISR
 .text.DACWrite
                0x0000365c       0x6c C:\Users\12878930\Documents\autumn-embedded-project\Library\libAnalog.a(analog.o)
 .text.Analog_Init
                0x000036c8      0x100 C:\Users\12878930\Documents\autumn-embedded-project\Library\libAnalog.a(analog.o)
                0x000036c8                Analog_Init
 .text.Analog_Get
                0x000037c8       0x78 C:\Users\12878930\Documents\autumn-embedded-project\Library\libAnalog.a(analog.o)
                0x000037c8                Analog_Get
 .text.Analog_Put
                0x00003840       0x50 C:\Users\12878930\Documents\autumn-embedded-project\Library\libAnalog.a(analog.o)
                0x00003840                Analog_Put
 .text.InitChipSelectPins
                0x00003890       0x6c C:\Users\12878930\Documents\autumn-embedded-project\Library\libAnalog.a(SPI.o)
 .text.SetupModuleConfigurationRegister
                0x000038fc      0x104 C:\Users\12878930\Documents\autumn-embedded-project\Library\libAnalog.a(SPI.o)
 .text.SetBaudRate
                0x00003a00      0x15c C:\Users\12878930\Documents\autumn-embedded-project\Library\libAnalog.a(SPI.o)
 .text.SetDelayAfterTransfer
                0x00003b5c      0x168 C:\Users\12878930\Documents\autumn-embedded-project\Library\libAnalog.a(SPI.o)
 .text.SetupClockAndTransferAttributesRegister
                0x00003cc4      0x16c C:\Users\12878930\Documents\autumn-embedded-project\Library\libAnalog.a(SPI.o)
 .text.SPI_Init
                0x00003e30       0x90 C:\Users\12878930\Documents\autumn-embedded-project\Library\libAnalog.a(SPI.o)
                0x00003e30                SPI_Init
 .text.SPI_SelectSlaveDevice
                0x00003ec0       0x6c C:\Users\12878930\Documents\autumn-embedded-project\Library\libAnalog.a(SPI.o)
                0x00003ec0                SPI_SelectSlaveDevice
 .text.SPI_Exchange
                0x00003f2c       0x94 C:\Users\12878930\Documents\autumn-embedded-project\Library\libAnalog.a(SPI.o)
                0x00003f2c                SPI_Exchange
 .text.exit     0x00003fc0       0x28 c:/software/freescale/kds_3.0.0/toolchain/bin/../lib/gcc/arm-none-eabi/4.8.4/../../../../arm-none-eabi/lib/armv7e-m/fpu\libg_s.a(lib_a-exit.o)
                0x00003fc0                exit
 .text.__libc_init_array
                0x00003fe8       0x4c c:/software/freescale/kds_3.0.0/toolchain/bin/../lib/gcc/arm-none-eabi/4.8.4/../../../../arm-none-eabi/lib/armv7e-m/fpu\libg_s.a(lib_a-init.o)
                0x00003fe8                __libc_init_array
 .text.memset   0x00004034       0x10 c:/software/freescale/kds_3.0.0/toolchain/bin/../lib/gcc/arm-none-eabi/4.8.4/../../../../arm-none-eabi/lib/armv7e-m/fpu\libg_s.a(lib_a-memset.o)
                0x00004034                memset
 .text._exit    0x00004044        0x4 c:/software/freescale/kds_3.0.0/toolchain/bin/../lib/gcc/arm-none-eabi/4.8.4/../../../../arm-none-eabi/lib/armv7e-m/fpu\libnosys.a(_exit.o)
                0x00004044                _exit
 *(.rodata)
 .rodata        0x00004048        0x4 C:\Users\12878930\Documents\autumn-embedded-project\Library\libAnalog.a(analog.o)
 .rodata        0x0000404c       0xa0 C:\Users\12878930\Documents\autumn-embedded-project\Library\libAnalog.a(SPI.o)
 *(.rodata*)
 .rodata.ANALOG_THREAD_PRIORITIES
                0x000040ec        0x4 ./Sources/main.o
                0x000040ec                ANALOG_THREAD_PRIORITIES
 .rodata.SPI_SETUP
                0x000040f0       0x1c C:\Users\12878930\Documents\autumn-embedded-project\Library\libAnalog.a(analog.o)
 .rodata.str1.1
                0x0000410c        0x2 c:/software/freescale/kds_3.0.0/toolchain/bin/../lib/gcc/arm-none-eabi/4.8.4/../../../../arm-none-eabi/lib/armv7e-m/fpu\libg_s.a(lib_a-impure.o)
 *fill*         0x0000410e        0x2 
 .rodata._global_impure_ptr
                0x00004110        0x4 c:/software/freescale/kds_3.0.0/toolchain/bin/../lib/gcc/arm-none-eabi/4.8.4/../../../../arm-none-eabi/lib/armv7e-m/fpu\libg_s.a(lib_a-impure.o)
                0x00004110                _global_impure_ptr
 *(.glue_7)
 .glue_7        0x00000000        0x0 linker stubs
 *(.glue_7t)
 .glue_7t       0x00000000        0x0 linker stubs
 *(.eh_frame)
 .eh_frame      0x00004114        0x0 c:/software/freescale/kds_3.0.0/toolchain/bin/../lib/gcc/arm-none-eabi/4.8.4/armv7e-m/fpu/crtbegin.o
 *(.init)
 .init          0x00004114        0x4 c:/software/freescale/kds_3.0.0/toolchain/bin/../lib/gcc/arm-none-eabi/4.8.4/armv7e-m/fpu/crti.o
                0x00004114                _init
 .init          0x00004118        0x8 c:/software/freescale/kds_3.0.0/toolchain/bin/../lib/gcc/arm-none-eabi/4.8.4/armv7e-m/fpu/crtn.o
 *(.fini)
 .fini          0x00004120        0x4 c:/software/freescale/kds_3.0.0/toolchain/bin/../lib/gcc/arm-none-eabi/4.8.4/armv7e-m/fpu/crti.o
                0x00004120                _fini
 .fini          0x00004124        0x8 c:/software/freescale/kds_3.0.0/toolchain/bin/../lib/gcc/arm-none-eabi/4.8.4/armv7e-m/fpu/crtn.o
                0x0000412c                . = ALIGN (0x4)
                0x0000412c                _etext = .

.vfp11_veneer   0x0000412c        0x0
 .vfp11_veneer  0x00000000        0x0 linker stubs

.v4_bx          0x0000412c        0x0
 .v4_bx         0x00000000        0x0 linker stubs

.iplt           0x0000412c        0x0
 .iplt          0x00000000        0x0 c:/software/freescale/kds_3.0.0/toolchain/bin/../lib/gcc/arm-none-eabi/4.8.4/armv7e-m/fpu/crtbegin.o

.ARM.extab
 *(.ARM.extab* .gnu.linkonce.armextab.*)

.ARM            0x0000412c        0x8
                0x0000412c                __exidx_start = .
 *(.ARM.exidx*)
 .ARM.exidx     0x0000412c        0x8 c:/software/freescale/kds_3.0.0/toolchain/bin/../lib/gcc/arm-none-eabi/4.8.4/../../../../arm-none-eabi/lib/armv7e-m/fpu/crt0.o
                0x00004134                __exidx_end = .

.rel.dyn        0x00004134        0x0
 .rel.iplt      0x00000000        0x0 c:/software/freescale/kds_3.0.0/toolchain/bin/../lib/gcc/arm-none-eabi/4.8.4/armv7e-m/fpu/crtbegin.o

.ctors          0x00004134        0x0
                0x00004134                __CTOR_LIST__ = .
 *crtbegin.o(.ctors)
 *(EXCLUDE_FILE(*crtend.o) .ctors)
 *(SORT(.ctors.*))
 *(.ctors)
                0x00004134                __CTOR_END__ = .

.dtors          0x00004134        0x0
                0x00004134                __DTOR_LIST__ = .
 *crtbegin.o(.dtors)
 *(EXCLUDE_FILE(*crtend.o) .dtors)
 *(SORT(.dtors.*))
 *(.dtors)
                0x00004134                __DTOR_END__ = .

.preinit_array  0x00004134        0x0
                0x00004134                PROVIDE (__preinit_array_start, .)
 *(.preinit_array*)
                0x00004134                PROVIDE (__preinit_array_end, .)

.init_array     0x00004134        0x4
                0x00004134                PROVIDE (__init_array_start, .)
 *(SORT(.init_array.*))
 *(.init_array*)
 .init_array    0x00004134        0x4 c:/software/freescale/kds_3.0.0/toolchain/bin/../lib/gcc/arm-none-eabi/4.8.4/armv7e-m/fpu/crtbegin.o
                0x00004138                PROVIDE (__init_array_end, .)

.fini_array     0x00004138        0x4
                0x00004138                PROVIDE (__fini_array_start, .)
 *(SORT(.fini_array.*))
 *(.fini_array*)
 .fini_array    0x00004138        0x4 c:/software/freescale/kds_3.0.0/toolchain/bin/../lib/gcc/arm-none-eabi/4.8.4/armv7e-m/fpu/crtbegin.o
                0x0000413c                PROVIDE (__fini_array_end, .)
                0x0000413c                ___ROM_AT = .

.data           0x1fff0000       0x84 load address 0x0000413c
                0x1fff0000                . = ALIGN (0x4)
                0x1fff0000                _sdata = .
 *(.data)
 *(.data*)
 .data.byteAlloc.5674
                0x1fff0000        0x1 ./Sources/Flash.o
 *fill*         0x1fff0001        0x3 
 .data.FTMPacket
                0x1fff0004       0x10 ./Sources/main.o
                0x1fff0004                FTMPacket
 .data.AnalogThreadData
                0x1fff0014       0x10 ./Sources/main.o
 .data.impure_data
                0x1fff0024       0x60 c:/software/freescale/kds_3.0.0/toolchain/bin/../lib/gcc/arm-none-eabi/4.8.4/../../../../arm-none-eabi/lib/armv7e-m/fpu\libg_s.a(lib_a-impure.o)
                0x1fff0084                . = ALIGN (0x4)
                0x1fff0084                _edata = .
                0x00000084                ___data_size = (_edata - _sdata)
                0x000041c0                ___m_data_20000000_ROMStart = (___ROM_AT + SIZEOF (.data))

.jcr            0x1fff0084        0x0 load address 0x000041c0
 .jcr           0x1fff0084        0x0 c:/software/freescale/kds_3.0.0/toolchain/bin/../lib/gcc/arm-none-eabi/4.8.4/armv7e-m/fpu/crtbegin.o

.igot.plt       0x1fff0084        0x0 load address 0x000041c0
 .igot.plt      0x00000000        0x0 c:/software/freescale/kds_3.0.0/toolchain/bin/../lib/gcc/arm-none-eabi/4.8.4/armv7e-m/fpu/crtbegin.o

.m_data_20000000
                0x20000000        0x0 load address 0x000041c0
                0x20000000                . = ALIGN (0x4)
                0x20000000                ___m_data_20000000_RAMStart = .
 *(.m_data_20000000)
                0x20000000                ___m_data_20000000_RAMEnd = .
                0x20000000                . = ALIGN (0x4)
                0x00000000                ___m_data_20000000_ROMSize = (___m_data_20000000_RAMEnd - ___m_data_20000000_RAMStart)
                0x20000000                . = ALIGN (0x4)

.bss            0x1fff0088     0x1ac4 load address 0x000041c8
                0x1fff0088                __START_BSS = .
                0x1fff0088                PROVIDE (__bss_start__, __START_BSS)
 *(.bss)
 .bss           0x1fff0088       0x1c c:/software/freescale/kds_3.0.0/toolchain/bin/../lib/gcc/arm-none-eabi/4.8.4/armv7e-m/fpu/crtbegin.o
 *(.bss*)
 .bss.PIT_ModuleClk
                0x1fff00a4        0x4 ./Sources/PIT.o
 .bss.PITArguments
                0x1fff00a8        0x4 ./Sources/PIT.o
 .bss.PITCallback
                0x1fff00ac        0x4 ./Sources/PIT.o
 .bss.RTCArguments
                0x1fff00b0        0x4 ./Sources/RTC.o
 .bss.RTCCallback
                0x1fff00b4        0x4 ./Sources/RTC.o
 .bss.TxFIFO    0x1fff00b8      0x110 ./Sources/UART.o
 .bss.RxFIFO    0x1fff01c8      0x110 ./Sources/UART.o
 .bss.RxData    0x1fff02d8        0x1 ./Sources/UART.o
 *fill*         0x1fff02d9        0x3 
 .bss.TowerNumber
                0x1fff02dc        0x4 ./Sources/main.o
 .bss.TowerMode
                0x1fff02e0        0x4 ./Sources/main.o
 *fill*         0x1fff02e4        0x4 
 .bss.InitModulesThreadStack
                0x1fff02e8      0x190 ./Sources/main.o
 .bss.AnalogThreadStacks
                0x1fff0478      0x320 ./Sources/main.o
 .bss.UARTRXStack
                0x1fff0798      0x190 ./Sources/main.o
 .bss.UARTTXStack
                0x1fff0928      0x190 ./Sources/main.o
 .bss.PacketHandlerStack
                0x1fff0ab8      0x190 ./Sources/main.o
 .bss.PITStack  0x1fff0c48      0x190 ./Sources/main.o
 .bss.RTCStack  0x1fff0dd8      0x190 ./Sources/main.o
 .bss.FTMStack  0x1fff0f68      0x190 ./Sources/main.o
 .bss.packetComplete.6635
                0x1fff10f8        0x1 ./Sources/packet.o
 .bss.SR_lock   0x1fff10f9        0x1 ./Generated_Code/Cpu.o
                0x1fff10f9                SR_lock
 *fill*         0x1fff10fa        0x2 
 .bss.TCBUnusedMain
                0x1fff10fc       0x18 C:\Users\12878930\Documents\autumn-embedded-project\Library\libOS.a(OS.o)
 .bss.TCBTable  0x1fff1114      0x300 C:\Users\12878930\Documents\autumn-embedded-project\Library\libOS.a(OS.o)
 .bss.pTCBFreeList
                0x1fff1414        0x4 C:\Users\12878930\Documents\autumn-embedded-project\Library\libOS.a(OS.o)
 .bss.pTCBAllocatedList
                0x1fff1418        0x4 C:\Users\12878930\Documents\autumn-embedded-project\Library\libOS.a(OS.o)
 .bss.pTCBPriorityTable
                0x1fff141c       0x80 C:\Users\12878930\Documents\autumn-embedded-project\Library\libOS.a(OS.o)
 .bss.pTCBRunning
                0x1fff149c        0x4 C:\Users\12878930\Documents\autumn-embedded-project\Library\libOS.a(OS.o)
 .bss.pTCBHighestReady
                0x1fff14a0        0x4 C:\Users\12878930\Documents\autumn-embedded-project\Library\libOS.a(OS.o)
 .bss.ReadyList
                0x1fff14a4        0x4 C:\Users\12878930\Documents\autumn-embedded-project\Library\libOS.a(OS.o)
 .bss.ECBTable  0x1fff14a8      0x100 C:\Users\12878930\Documents\autumn-embedded-project\Library\libOS.a(OS.o)
 .bss.NextECBFree
                0x1fff15a8        0x1 C:\Users\12878930\Documents\autumn-embedded-project\Library\libOS.a(OS.o)
 *fill*         0x1fff15a9        0x3 
 .bss.IdleCounter
                0x1fff15ac        0x4 C:\Users\12878930\Documents\autumn-embedded-project\Library\libOS.a(OS.o)
 .bss.IdleStack
                0x1fff15b0      0x400 C:\Users\12878930\Documents\autumn-embedded-project\Library\libOS.a(OS.o)
 .bss.Ticks     0x1fff19b0        0x4 C:\Users\12878930\Documents\autumn-embedded-project\Library\libOS.a(OS.o)
 .bss.ToggleCntr
                0x1fff19b4        0x4 C:\Users\12878930\Documents\autumn-embedded-project\Library\libOS.a(OS.o)
 .bss.ToggleLED
                0x1fff19b8        0x1 C:\Users\12878930\Documents\autumn-embedded-project\Library\libOS.a(OS.o)
 .bss.ISRNestLevel
                0x1fff19b9        0x1 C:\Users\12878930\Documents\autumn-embedded-project\Library\libOS.a(OS.o)
 *fill*         0x1fff19ba        0x2 
 .bss.ADCCommandUnion
                0x1fff19bc        0x4 C:\Users\12878930\Documents\autumn-embedded-project\Library\libAnalog.a(analog.o)
 *(COMMON)
 COMMON         0x1fff19c0       0x3c ./Sources/FTM.o
                0x1fff19c0                FTM0_Callback
                0x1fff19dc                FTM0_Arguments
                0x1fff19f8                FTMSemaphore
 COMMON         0x1fff19fc        0x4 ./Sources/PIT.o
                0x1fff19fc                PITSemaphore
 COMMON         0x1fff1a00        0x4 ./Sources/RTC.o
                0x1fff1a00                RTCSemaphore
 COMMON         0x1fff1a04        0x8 ./Sources/UART.o
                0x1fff1a04                UARTTXSemaphore
                0x1fff1a08                UARTRXSemaphore
 COMMON         0x1fff1a0c       0x8c ./Sources/calculation.o
                0x1fff1a0c                VoltageSqr
                0x1fff1a4c                Voltage
                0x1fff1a8c                Current_Charac
                0x1fff1a90                TotalVoltageSqr
                0x1fff1a94                VoltageRMS
 COMMON         0x1fff1a98        0x4 ./Sources/main.o
                0x1fff1a98                PacketHandlerSemaphore
 COMMON         0x1fff1a9c        0x8 ./Sources/packet.o
                0x1fff1a9c                Packet
 COMMON         0x1fff1aa4        0x1 ./Generated_Code/Cpu.o
                0x1fff1aa4                SR_reg
 *fill*         0x1fff1aa5        0x3 
 COMMON         0x1fff1aa8       0xa4 C:\Users\12878930\Documents\autumn-embedded-project\Library\libAnalog.a(analog.o)
                0x1fff1aa8                Analog_Inputs
                0x1fff1b48                DACInput
                0x1fff1b4c                . = ALIGN (0x4)
                0x1fff1b4c                __END_BSS = .
                0x1fff1b4c                PROVIDE (__bss_end__, __END_BSS)
                0x000041c0                _romp_at = ((___ROM_AT + SIZEOF (.data)) + SIZEOF (.m_data_20000000))

.romp           0x1fff1b4c       0x24 load address 0x000041c0
                0x000041c0                __S_romp = _romp_at
                0x1fff1b4c        0x4 LONG 0x413c ___ROM_AT
                0x1fff1b50        0x4 LONG 0x1fff0000 _sdata
                0x1fff1b54        0x4 LONG 0x84 ___data_size
                0x1fff1b58        0x4 LONG 0x41c0 ___m_data_20000000_ROMStart
                0x1fff1b5c        0x4 LONG 0x20000000 ___m_data_20000000_RAMStart
                0x1fff1b60        0x4 LONG 0x0 ___m_data_20000000_ROMSize
                0x1fff1b64        0x4 LONG 0x0
                0x1fff1b68        0x4 LONG 0x0
                0x1fff1b6c        0x4 LONG 0x0

._user_heap_stack
                0x1fff1b70      0x400 load address 0x000041e4
                0x1fff1b70                . = ALIGN (0x4)
                0x1fff1b70                PROVIDE (end, .)
                0x1fff1b70                PROVIDE (_end, .)
                0x1fff1b70                __heap_addr = .
                0x1fff1b70                __HeapBase = .
                0x1fff1b70                . = (. + __heap_size)
                0x1fff1b70                __HeapLimit = .
                0x1fff1f70                . = (. + __stack_size)
 *fill*         0x1fff1b70      0x400 
                0x1fff1f70                . = ALIGN (0x4)

.ARM.attributes
                0x00000000       0x30
 *(.ARM.attributes)
 .ARM.attributes
                0x00000000       0x22 c:/software/freescale/kds_3.0.0/toolchain/bin/../lib/gcc/arm-none-eabi/4.8.4/armv7e-m/fpu/crti.o
 .ARM.attributes
                0x00000022       0x34 c:/software/freescale/kds_3.0.0/toolchain/bin/../lib/gcc/arm-none-eabi/4.8.4/armv7e-m/fpu/crtbegin.o
 .ARM.attributes
                0x00000056       0x20 c:/software/freescale/kds_3.0.0/toolchain/bin/../lib/gcc/arm-none-eabi/4.8.4/../../../../arm-none-eabi/lib/armv7e-m/fpu/crt0.o
 .ARM.attributes
                0x00000076       0x39 ./Sources/FIFO.o
 .ARM.attributes
                0x000000af       0x39 ./Sources/FTM.o
 .ARM.attributes
                0x000000e8       0x39 ./Sources/Flash.o
 .ARM.attributes
                0x00000121       0x39 ./Sources/LEDs.o
 .ARM.attributes
                0x0000015a       0x39 ./Sources/PIT.o
 .ARM.attributes
                0x00000193       0x39 ./Sources/RTC.o
 .ARM.attributes
                0x000001cc       0x39 ./Sources/UART.o
 .ARM.attributes
                0x00000205       0x39 ./Sources/calculation.o
 .ARM.attributes
                0x0000023e       0x39 ./Sources/main.o
 .ARM.attributes
                0x00000277       0x39 ./Sources/packet.o
 .ARM.attributes
                0x000002b0       0x39 ./Project_Settings/Startup_Code/startup.o
 .ARM.attributes
                0x000002e9       0x39 ./Generated_Code/Cpu.o
 .ARM.attributes
                0x00000322       0x39 ./Generated_Code/Vectors.o
 .ARM.attributes
                0x0000035b       0x39 C:\Users\12878930\Documents\autumn-embedded-project\Library\libOS.a(OS.o)
 .ARM.attributes
                0x00000394       0x39 C:\Users\12878930\Documents\autumn-embedded-project\Library\libAnalog.a(analog.o)
 .ARM.attributes
                0x000003cd       0x39 C:\Users\12878930\Documents\autumn-embedded-project\Library\libAnalog.a(SPI.o)
 .ARM.attributes
                0x00000406       0x22 c:/software/freescale/kds_3.0.0/toolchain/bin/../lib/gcc/arm-none-eabi/4.8.4/armv7e-m/fpu\libgcc.a(_arm_addsubdf3.o)
 .ARM.attributes
                0x00000428       0x22 c:/software/freescale/kds_3.0.0/toolchain/bin/../lib/gcc/arm-none-eabi/4.8.4/armv7e-m/fpu\libgcc.a(_arm_muldivdf3.o)
 .ARM.attributes
                0x0000044a       0x22 c:/software/freescale/kds_3.0.0/toolchain/bin/../lib/gcc/arm-none-eabi/4.8.4/armv7e-m/fpu\libgcc.a(_arm_truncdfsf2.o)
 .ARM.attributes
                0x0000046c       0x34 c:/software/freescale/kds_3.0.0/toolchain/bin/../lib/gcc/arm-none-eabi/4.8.4/../../../../arm-none-eabi/lib/armv7e-m/fpu\libg_s.a(lib_a-exit.o)
 .ARM.attributes
                0x000004a0       0x34 c:/software/freescale/kds_3.0.0/toolchain/bin/../lib/gcc/arm-none-eabi/4.8.4/../../../../arm-none-eabi/lib/armv7e-m/fpu\libg_s.a(lib_a-impure.o)
 .ARM.attributes
                0x000004d4       0x34 c:/software/freescale/kds_3.0.0/toolchain/bin/../lib/gcc/arm-none-eabi/4.8.4/../../../../arm-none-eabi/lib/armv7e-m/fpu\libg_s.a(lib_a-init.o)
 .ARM.attributes
                0x00000508       0x34 c:/software/freescale/kds_3.0.0/toolchain/bin/../lib/gcc/arm-none-eabi/4.8.4/../../../../arm-none-eabi/lib/armv7e-m/fpu\libg_s.a(lib_a-memset.o)
 .ARM.attributes
                0x0000053c       0x34 c:/software/freescale/kds_3.0.0/toolchain/bin/../lib/gcc/arm-none-eabi/4.8.4/../../../../arm-none-eabi/lib/armv7e-m/fpu\libnosys.a(_exit.o)
 .ARM.attributes
                0x00000570       0x22 c:/software/freescale/kds_3.0.0/toolchain/bin/../lib/gcc/arm-none-eabi/4.8.4/armv7e-m/fpu/crtn.o
OUTPUT(Project.elf elf32-littlearm)

.debug_info     0x00000000     0x6ce7
 .debug_info    0x00000000      0x227 ./Sources/FIFO.o
 .debug_info    0x00000227      0x849 ./Sources/FTM.o
 .debug_info    0x00000a70      0x6c8 ./Sources/Flash.o
 .debug_info    0x00001138      0x490 ./Sources/LEDs.o
 .debug_info    0x000015c8      0x66b ./Sources/PIT.o
 .debug_info    0x00001c33      0x721 ./Sources/RTC.o
 .debug_info    0x00002354      0xa49 ./Sources/UART.o
 .debug_info    0x00002d9d      0x1a1 ./Sources/calculation.o
 .debug_info    0x00002f3e      0xc84 ./Sources/main.o
 .debug_info    0x00003bc2      0x318 ./Sources/packet.o
 .debug_info    0x00003eda      0x3b0 ./Project_Settings/Startup_Code/startup.o
 .debug_info    0x0000428a      0xc82 ./Generated_Code/Cpu.o
 .debug_info    0x00004f0c      0x10f ./Generated_Code/Vectors.o
 .debug_info    0x0000501b      0xd02 C:\Users\12878930\Documents\autumn-embedded-project\Library\libOS.a(OS.o)
 .debug_info    0x00005d1d      0x56a C:\Users\12878930\Documents\autumn-embedded-project\Library\libAnalog.a(analog.o)
 .debug_info    0x00006287      0xa60 C:\Users\12878930\Documents\autumn-embedded-project\Library\libAnalog.a(SPI.o)

.debug_abbrev   0x00000000     0x198e
 .debug_abbrev  0x00000000       0xd7 ./Sources/FIFO.o
 .debug_abbrev  0x000000d7      0x1e0 ./Sources/FTM.o
 .debug_abbrev  0x000002b7      0x1fa ./Sources/Flash.o
 .debug_abbrev  0x000004b1      0x144 ./Sources/LEDs.o
 .debug_abbrev  0x000005f5      0x1b3 ./Sources/PIT.o
 .debug_abbrev  0x000007a8      0x1be ./Sources/RTC.o
 .debug_abbrev  0x00000966      0x200 ./Sources/UART.o
 .debug_abbrev  0x00000b66       0xf9 ./Sources/calculation.o
 .debug_abbrev  0x00000c5f      0x266 ./Sources/main.o
 .debug_abbrev  0x00000ec5       0xf0 ./Sources/packet.o
 .debug_abbrev  0x00000fb5      0x189 ./Project_Settings/Startup_Code/startup.o
 .debug_abbrev  0x0000113e      0x185 ./Generated_Code/Cpu.o
 .debug_abbrev  0x000012c3       0xa4 ./Generated_Code/Vectors.o
 .debug_abbrev  0x00001367      0x2f8 C:\Users\12878930\Documents\autumn-embedded-project\Library\libOS.a(OS.o)
 .debug_abbrev  0x0000165f      0x15a C:\Users\12878930\Documents\autumn-embedded-project\Library\libAnalog.a(analog.o)
 .debug_abbrev  0x000017b9      0x1d5 C:\Users\12878930\Documents\autumn-embedded-project\Library\libAnalog.a(SPI.o)

.debug_aranges  0x00000000      0x4d0
 .debug_aranges
                0x00000000       0x30 ./Sources/FIFO.o
 .debug_aranges
                0x00000030       0x40 ./Sources/FTM.o
 .debug_aranges
                0x00000070       0x68 ./Sources/Flash.o
 .debug_aranges
                0x000000d8       0x38 ./Sources/LEDs.o
 .debug_aranges
                0x00000110       0x40 ./Sources/PIT.o
 .debug_aranges
                0x00000150       0x40 ./Sources/RTC.o
 .debug_aranges
                0x00000190       0x50 ./Sources/UART.o
 .debug_aranges
                0x000001e0       0x30 ./Sources/calculation.o
 .debug_aranges
                0x00000210       0x90 ./Sources/main.o
 .debug_aranges
                0x000002a0       0x38 ./Sources/packet.o
 .debug_aranges
                0x000002d8       0x50 ./Project_Settings/Startup_Code/startup.o
 .debug_aranges
                0x00000328       0x38 ./Generated_Code/Cpu.o
 .debug_aranges
                0x00000360       0x18 ./Generated_Code/Vectors.o
 .debug_aranges
                0x00000378       0xc8 C:\Users\12878930\Documents\autumn-embedded-project\Library\libOS.a(OS.o)
 .debug_aranges
                0x00000440       0x38 C:\Users\12878930\Documents\autumn-embedded-project\Library\libAnalog.a(analog.o)
 .debug_aranges
                0x00000478       0x58 C:\Users\12878930\Documents\autumn-embedded-project\Library\libAnalog.a(SPI.o)

.debug_ranges   0x00000000      0x3c8
 .debug_ranges  0x00000000       0x20 ./Sources/FIFO.o
 .debug_ranges  0x00000020       0x30 ./Sources/FTM.o
 .debug_ranges  0x00000050       0x58 ./Sources/Flash.o
 .debug_ranges  0x000000a8       0x28 ./Sources/LEDs.o
 .debug_ranges  0x000000d0       0x30 ./Sources/PIT.o
 .debug_ranges  0x00000100       0x30 ./Sources/RTC.o
 .debug_ranges  0x00000130       0x40 ./Sources/UART.o
 .debug_ranges  0x00000170       0x20 ./Sources/calculation.o
 .debug_ranges  0x00000190       0x80 ./Sources/main.o
 .debug_ranges  0x00000210       0x28 ./Sources/packet.o
 .debug_ranges  0x00000238       0x40 ./Project_Settings/Startup_Code/startup.o
 .debug_ranges  0x00000278       0x28 ./Generated_Code/Cpu.o
 .debug_ranges  0x000002a0       0xb8 C:\Users\12878930\Documents\autumn-embedded-project\Library\libOS.a(OS.o)
 .debug_ranges  0x00000358       0x28 C:\Users\12878930\Documents\autumn-embedded-project\Library\libAnalog.a(analog.o)
 .debug_ranges  0x00000380       0x48 C:\Users\12878930\Documents\autumn-embedded-project\Library\libAnalog.a(SPI.o)

.debug_macro    0x00000000    0x356c2
 .debug_macro   0x00000000       0xb1 ./Sources/FIFO.o
 .debug_macro   0x000000b1      0x850 ./Sources/FIFO.o
 .debug_macro   0x00000901       0x16 ./Sources/FIFO.o
 .debug_macro   0x00000917       0x44 ./Sources/FIFO.o
 .debug_macro   0x0000095b      0x209 ./Sources/FIFO.o
 .debug_macro   0x00000b64       0x22 ./Sources/FIFO.o
 .debug_macro   0x00000b86       0x36 ./Sources/FIFO.o
 .debug_macro   0x00000bbc     0x181c ./Sources/FIFO.o
 .debug_macro   0x000023d8      0x14e ./Sources/FIFO.o
 .debug_macro   0x00002526       0x64 ./Sources/FIFO.o
 .debug_macro   0x0000258a    0x174c1 ./Sources/FIFO.o
 .debug_macro   0x00019a4b       0x9a ./Sources/FIFO.o
 .debug_macro   0x00019ae5       0x90 ./Sources/FTM.o
 .debug_macro   0x00019b75       0x82 ./Sources/Flash.o
 .debug_macro   0x00019bf7       0x28 ./Sources/Flash.o
 .debug_macro   0x00019c1f      0x11e ./Sources/Flash.o
 .debug_macro   0x00019d3d       0x64 ./Sources/LEDs.o
 .debug_macro   0x00019da1       0x84 ./Sources/PIT.o
 .debug_macro   0x00019e25       0x84 ./Sources/RTC.o
 .debug_macro   0x00019ea9       0xbf ./Sources/UART.o
 .debug_macro   0x00019f68     0x1816 ./Sources/UART.o
 .debug_macro   0x0001b77e       0x59 ./Sources/calculation.o
 .debug_macro   0x0001b7d7      0x115 ./Sources/main.o
 .debug_macro   0x0001b8ec       0x30 ./Sources/main.o
 .debug_macro   0x0001b91c       0x10 ./Sources/main.o
 .debug_macro   0x0001b92c       0x2e ./Sources/main.o
 .debug_macro   0x0001b95a       0xae ./Sources/packet.o
 .debug_macro   0x0001ba08      0x121 ./Project_Settings/Startup_Code/startup.o
 .debug_macro   0x0001bb29       0x58 ./Project_Settings/Startup_Code/startup.o
 .debug_macro   0x0001bb81       0x35 ./Project_Settings/Startup_Code/startup.o
 .debug_macro   0x0001bbb6       0xa3 ./Project_Settings/Startup_Code/startup.o
 .debug_macro   0x0001bc59      0x166 ./Project_Settings/Startup_Code/startup.o
 .debug_macro   0x0001bdbf       0x4a ./Project_Settings/Startup_Code/startup.o
 .debug_macro   0x0001be09       0x52 ./Project_Settings/Startup_Code/startup.o
 .debug_macro   0x0001be5b       0x16 ./Project_Settings/Startup_Code/startup.o
 .debug_macro   0x0001be71       0x43 ./Project_Settings/Startup_Code/startup.o
 .debug_macro   0x0001beb4      0x180 ./Project_Settings/Startup_Code/startup.o
 .debug_macro   0x0001c034      0x2a6 ./Project_Settings/Startup_Code/startup.o
 .debug_macro   0x0001c2da       0x10 ./Project_Settings/Startup_Code/startup.o
 .debug_macro   0x0001c2ea       0x35 ./Project_Settings/Startup_Code/startup.o
 .debug_macro   0x0001c31f       0x16 ./Project_Settings/Startup_Code/startup.o
 .debug_macro   0x0001c335       0x22 ./Project_Settings/Startup_Code/startup.o
 .debug_macro   0x0001c357       0x16 ./Project_Settings/Startup_Code/startup.o
 .debug_macro   0x0001c36d      0x20f ./Project_Settings/Startup_Code/startup.o
 .debug_macro   0x0001c57c    0x174af ./Project_Settings/Startup_Code/startup.o
 .debug_macro   0x00033a2b       0x84 ./Generated_Code/Cpu.o
 .debug_macro   0x00033aaf       0xa0 ./Generated_Code/Cpu.o
 .debug_macro   0x00033b4f       0xcf ./Generated_Code/Vectors.o
 .debug_macro   0x00033c1e       0xa3 C:\Users\12878930\Documents\autumn-embedded-project\Library\libOS.a(OS.o)
 .debug_macro   0x00033cc1     0x17fa C:\Users\12878930\Documents\autumn-embedded-project\Library\libOS.a(OS.o)
 .debug_macro   0x000354bb       0x94 C:\Users\12878930\Documents\autumn-embedded-project\Library\libOS.a(OS.o)
 .debug_macro   0x0003554f       0xf5 C:\Users\12878930\Documents\autumn-embedded-project\Library\libAnalog.a(analog.o)
 .debug_macro   0x00035644       0x16 C:\Users\12878930\Documents\autumn-embedded-project\Library\libAnalog.a(analog.o)
 .debug_macro   0x0003565a       0x68 C:\Users\12878930\Documents\autumn-embedded-project\Library\libAnalog.a(SPI.o)

.debug_line     0x00000000     0x331c
 .debug_line    0x00000000      0x30f ./Sources/FIFO.o
 .debug_line    0x0000030f      0x360 ./Sources/FTM.o
 .debug_line    0x0000066f      0x34d ./Sources/Flash.o
 .debug_line    0x000009bc      0x23c ./Sources/LEDs.o
 .debug_line    0x00000bf8      0x2d5 ./Sources/PIT.o
 .debug_line    0x00000ecd      0x2f7 ./Sources/RTC.o
 .debug_line    0x000011c4      0x38f ./Sources/UART.o
 .debug_line    0x00001553      0x208 ./Sources/calculation.o
 .debug_line    0x0000175b      0x561 ./Sources/main.o
 .debug_line    0x00001cbc      0x341 ./Sources/packet.o
 .debug_line    0x00001ffd      0x415 ./Project_Settings/Startup_Code/startup.o
 .debug_line    0x00002412      0x2a9 ./Generated_Code/Cpu.o
 .debug_line    0x000026bb      0x2e0 ./Generated_Code/Vectors.o
 .debug_line    0x0000299b      0x496 C:\Users\12878930\Documents\autumn-embedded-project\Library\libOS.a(OS.o)
 .debug_line    0x00002e31      0x218 C:\Users\12878930\Documents\autumn-embedded-project\Library\libAnalog.a(analog.o)
 .debug_line    0x00003049      0x2d3 C:\Users\12878930\Documents\autumn-embedded-project\Library\libAnalog.a(SPI.o)

.debug_str      0x00000000    0x8f25b
 .debug_str     0x00000000    0x8a712 ./Sources/FIFO.o
                              0x8a88b (size before relaxing)
 .debug_str     0x0008a712      0x4e6 ./Sources/FTM.o
                              0x8a459 (size before relaxing)
 .debug_str     0x0008abf8      0x8b4 ./Sources/Flash.o
                              0x83622 (size before relaxing)
 .debug_str     0x0008b4ac       0xb8 ./Sources/LEDs.o
                              0x82ef6 (size before relaxing)
 .debug_str     0x0008b564       0xf9 ./Sources/PIT.o
                              0x8365e (size before relaxing)
 .debug_str     0x0008b65d       0xc5 ./Sources/RTC.o
                              0x83639 (size before relaxing)
 .debug_str     0x0008b722      0x177 ./Sources/UART.o
                              0x8ac06 (size before relaxing)
 .debug_str     0x0008b899       0xac ./Sources/calculation.o
                               0x3024 (size before relaxing)
 .debug_str     0x0008b945      0x37d ./Sources/main.o
                              0x8b65a (size before relaxing)
 .debug_str     0x0008bcc2       0x62 ./Sources/packet.o
                              0x8ae09 (size before relaxing)
 .debug_str     0x0008bd24     0x2658 ./Project_Settings/Startup_Code/startup.o
                              0x853fa (size before relaxing)
 .debug_str     0x0008e37c      0x1f2 ./Generated_Code/Cpu.o
                              0x8aaa6 (size before relaxing)
 .debug_str     0x0008e56e       0x1c ./Generated_Code/Vectors.o
                              0x8a825 (size before relaxing)
 .debug_str     0x0008e58a      0x3b8 C:\Users\12878930\Documents\autumn-embedded-project\Library\libOS.a(OS.o)
                              0x8ad2a (size before relaxing)
 .debug_str     0x0008e942      0x5c4 C:\Users\12878930\Documents\autumn-embedded-project\Library\libAnalog.a(analog.o)
                               0x38d5 (size before relaxing)
 .debug_str     0x0008ef06      0x355 C:\Users\12878930\Documents\autumn-embedded-project\Library\libAnalog.a(SPI.o)
                              0x83389 (size before relaxing)

.comment        0x00000000       0x70
 .comment       0x00000000       0x70 ./Sources/FIFO.o
                                 0x71 (size before relaxing)
 .comment       0x00000000       0x71 ./Sources/FTM.o
 .comment       0x00000000       0x71 ./Sources/Flash.o
 .comment       0x00000000       0x71 ./Sources/LEDs.o
 .comment       0x00000000       0x71 ./Sources/PIT.o
 .comment       0x00000000       0x71 ./Sources/RTC.o
 .comment       0x00000000       0x71 ./Sources/UART.o
 .comment       0x00000000       0x71 ./Sources/calculation.o
 .comment       0x00000000       0x71 ./Sources/main.o
 .comment       0x00000000       0x71 ./Sources/packet.o
 .comment       0x00000000       0x71 ./Project_Settings/Startup_Code/startup.o
 .comment       0x00000000       0x71 ./Generated_Code/Cpu.o
 .comment       0x00000000       0x71 ./Generated_Code/Vectors.o
 .comment       0x00000000       0x71 C:\Users\12878930\Documents\autumn-embedded-project\Library\libOS.a(OS.o)
 .comment       0x00000000       0x71 C:\Users\12878930\Documents\autumn-embedded-project\Library\libAnalog.a(analog.o)
 .comment       0x00000000       0x71 C:\Users\12878930\Documents\autumn-embedded-project\Library\libAnalog.a(SPI.o)

.debug_frame    0x00000000      0xe00
 .debug_frame   0x00000000       0x70 ./Sources/FIFO.o
 .debug_frame   0x00000070       0xac ./Sources/FTM.o
 .debug_frame   0x0000011c      0x13c ./Sources/Flash.o
 .debug_frame   0x00000258       0x7c ./Sources/LEDs.o
 .debug_frame   0x000002d4       0xb0 ./Sources/PIT.o
 .debug_frame   0x00000384       0xac ./Sources/RTC.o
 .debug_frame   0x00000430       0xf0 ./Sources/UART.o
 .debug_frame   0x00000520       0x6c ./Sources/calculation.o
 .debug_frame   0x0000058c      0x1e4 ./Sources/main.o
 .debug_frame   0x00000770       0x8c ./Sources/packet.o
 .debug_frame   0x000007fc       0xc0 ./Project_Settings/Startup_Code/startup.o
 .debug_frame   0x000008bc       0x80 ./Generated_Code/Cpu.o
 .debug_frame   0x0000093c      0x2a0 C:\Users\12878930\Documents\autumn-embedded-project\Library\libOS.a(OS.o)
 .debug_frame   0x00000bdc       0x90 C:\Users\12878930\Documents\autumn-embedded-project\Library\libAnalog.a(analog.o)
 .debug_frame   0x00000c6c      0x100 C:\Users\12878930\Documents\autumn-embedded-project\Library\libAnalog.a(SPI.o)
 .debug_frame   0x00000d6c       0x28 c:/software/freescale/kds_3.0.0/toolchain/bin/../lib/gcc/arm-none-eabi/4.8.4/../../../../arm-none-eabi/lib/armv7e-m/fpu\libg_s.a(lib_a-exit.o)
 .debug_frame   0x00000d94       0x2c c:/software/freescale/kds_3.0.0/toolchain/bin/../lib/gcc/arm-none-eabi/4.8.4/../../../../arm-none-eabi/lib/armv7e-m/fpu\libg_s.a(lib_a-init.o)
 .debug_frame   0x00000dc0       0x20 c:/software/freescale/kds_3.0.0/toolchain/bin/../lib/gcc/arm-none-eabi/4.8.4/../../../../arm-none-eabi/lib/armv7e-m/fpu\libg_s.a(lib_a-memset.o)
 .debug_frame   0x00000de0       0x20 c:/software/freescale/kds_3.0.0/toolchain/bin/../lib/gcc/arm-none-eabi/4.8.4/../../../../arm-none-eabi/lib/armv7e-m/fpu\libnosys.a(_exit.o)
